== 1m
[23:47:08.753] OI 归档缺 16 天，并发 8 下载
[23:47:15.316] 原始点 13150 条，用时 6.56s
[23:47:15.316] 降采样到 1m：13150 条，1786233600000 … 1790178300000
[23:47:15.319] 重复 0 处；缓存占用 203008 字节
== 3m
[23:47:21.382] 原始点 13150 条，用时 6.05s
[23:47:21.382] 降采样到 3m：13150 条，1786233600000 … 1790178300000
[23:47:21.384] 重复 0 处；缓存占用 203008 字节
== 1w
[23:47:21.460] OI 归档缺 2168 天，并发 8 下载
[23:48:54.781] 原始点 628388 条，用时 93.38s
[23:48:54.857] 降采样到 1w：317 条，1598832000000 … 1789948800000
[23:48:54.862] 重复 0 处；缓存占用 20963340 字节
== 1M
[23:48:57.668] OI 归档缺 791 天，并发 8 下载
[23:49:31.467] 原始点 628388 条，用时 36.58s
[23:49:31.585] 降采样到 1M：73 条，1598918400000 … 1788220800000
[23:49:31.591] 重复 0 处；缓存占用 20967412 字节
== 1y
[00:47:54.511] OI 归档缺 2171 天，并发 8 下载
[00:49:14.648] 原始点 624644 条，用时 80.18s
[00:49:14.658] 降采样到 1y：7 条，1577836800000 … 1767225600000
[00:49:14.663] 重复 0 处；缓存占用 20963548 字节
