cd Kanpan/Settings && KANPAN_WRITE_SYNC_CONTRACT=1 /Users/mdd/zhk/kanpan-wt-xchain-venue/scripts/machine-guard.sh run swift test  \
	  --filter theContractFileIsTheOneListBothSidesRead
[0/1] Planning build
Building for debugging...
[0/2] Write swift-version--58304C5D6DBC2206.txt
Build complete! (1.00s)
Test Suite 'Selected tests' started at 2026-09-23 16:59:13.914.
Test Suite 'KanpanSettingsPackageTests.xctest' started at 2026-09-23 16:59:13.915.
Test Suite 'KanpanSettingsPackageTests.xctest' passed at 2026-09-23 16:59:13.915.
	 Executed 0 tests, with 0 failures (0 unexpected) in 0.000 (0.000) seconds
Test Suite 'Selected tests' passed at 2026-09-23 16:59:13.915.
	 Executed 0 tests, with 0 failures (0 unexpected) in 0.000 (0.001) seconds
◇ Test run started.
↳ Testing Library Version: 1902
↳ Target Platform: arm64e-apple-macos14.0
◇ Suite "体验类状态的归类表" started.
◇ Test "客户端会发的字段和契约文件一个不差" started.
sync-contract: 已从 PrefsFieldPlan.table 重新生成 Backend/kanpan-api/contract/settings-fields.json
✔ Test "客户端会发的字段和契约文件一个不差" passed after 0.001 seconds.
✔ Suite "体验类状态的归类表" passed after 0.001 seconds.
✔ Test run with 1 test in 1 suite passed after 0.001 seconds.
→ Backend/kanpan-api/contract/settings-fields.json 已按 PrefsFieldPlan.table 重新生成；跑 make app-logic-test 与 (cd Backend/kanpan-api && cargo test --lib) 对账
