Command line invocation:
    /Applications/Xcode.app/Contents/Developer/usr/bin/xcodebuild build-for-testing -workspace Kanpan.xcworkspace -scheme Kanpan -destination generic/platform=iOS -derivedDataPath DerivedData-chart-foundation-device

Resolve Package Graph


Resolved source packages:
  KanpanCore: /Users/mdd/zhk/kanpan/KanpanCore @ local
  KanpanChart: /Users/mdd/zhk/kanpan/KanpanChart @ local
  KanpanData: /Users/mdd/zhk/kanpan/KanpanData @ local

ComputePackagePrebuildTargetDependencyGraph

Prepare packages

CreateBuildRequest

SendProjectDescription

CreateBuildOperation

ComputeTargetDependencyGraph
note: Building targets in dependency order
note: Target dependency graph (8 targets)
    Target 'KanpanUITests' in project 'Kanpan'
        ➜ Explicit dependency on target 'Kanpan' in project 'Kanpan'
    Target 'Kanpan' in project 'Kanpan'
        ➜ Explicit dependency on target 'KanpanCore' in project 'KanpanCore'
        ➜ Explicit dependency on target 'KanpanChart' in project 'KanpanChart'
        ➜ Explicit dependency on target 'KanpanData' in project 'KanpanData'
    Target 'KanpanData' in project 'KanpanData'
        ➜ Explicit dependency on target 'KanpanData' in project 'KanpanData'
        ➜ Explicit dependency on target 'KanpanCore' in project 'KanpanCore'
    Target 'KanpanData' in project 'KanpanData'
        ➜ Explicit dependency on target 'KanpanCore' in project 'KanpanCore'
    Target 'KanpanChart' in project 'KanpanChart'
        ➜ Explicit dependency on target 'KanpanChart' in project 'KanpanChart'
        ➜ Explicit dependency on target 'KanpanCore' in project 'KanpanCore'
    Target 'KanpanChart' in project 'KanpanChart'
        ➜ Explicit dependency on target 'KanpanCore' in project 'KanpanCore'
    Target 'KanpanCore' in project 'KanpanCore'
        ➜ Explicit dependency on target 'KanpanCore' in project 'KanpanCore'
    Target 'KanpanCore' in project 'KanpanCore' (no dependencies)

GatherProvisioningInputs

CreateBuildDescription

ExecuteExternalTool /Applications/Xcode.app/Contents/Developer/Toolchains/XcodeDefault.xctoolchain/usr/bin/swiftc --version

ExecuteExternalTool /Applications/Xcode.app/Contents/Developer/usr/bin/actool --print-asset-tag-combinations --output-format xml1 /Users/mdd/zhk/kanpan/Kanpan/Kanpan/Assets.xcassets

ExecuteExternalTool /Applications/Xcode.app/Contents/Developer/Toolchains/XcodeDefault.xctoolchain/usr/bin/clang -v -E -dM -isysroot /Applications/Xcode.app/Contents/Developer/Platforms/iPhoneOS.platform/Developer/SDKs/iPhoneOS26.5.sdk -x c -c /dev/null

ExecuteExternalTool /Applications/Xcode.app/Contents/Developer/Toolchains/XcodeDefault.xctoolchain/usr/bin/ld -version_details

ExecuteExternalTool /Applications/Xcode.app/Contents/Developer/usr/bin/actool --version --output-format xml1

Build description signature: 809119ab282250192ccd2d3b381daa4f
Build description path: /Users/mdd/zhk/kanpan/DerivedData-chart-foundation-device/Build/Intermediates.noindex/XCBuildData/809119ab282250192ccd2d3b381daa4f.xcbuilddata
ClangStatCache /Applications/Xcode.app/Contents/Developer/Toolchains/XcodeDefault.xctoolchain/usr/bin/clang-stat-cache /Applications/Xcode.app/Contents/Developer/Platforms/iPhoneOS.platform/Developer/SDKs/iPhoneOS26.5.sdk /Users/mdd/zhk/kanpan/DerivedData-chart-foundation-device/SDKStatCaches.noindex/iphoneos26.5-23F81a-32daed1954a7d5dd0789fcaf2a9bb78b.sdkstatcache
    cd /Users/mdd/zhk/kanpan
    /Applications/Xcode.app/Contents/Developer/Toolchains/XcodeDefault.xctoolchain/usr/bin/clang-stat-cache /Applications/Xcode.app/Contents/Developer/Platforms/iPhoneOS.platform/Developer/SDKs/iPhoneOS26.5.sdk -o /Users/mdd/zhk/kanpan/DerivedData-chart-foundation-device/SDKStatCaches.noindex/iphoneos26.5-23F81a-32daed1954a7d5dd0789fcaf2a9bb78b.sdkstatcache

SwiftDriver Kanpan normal arm64 com.apple.xcode.tools.swift.compiler (in target 'Kanpan' from project 'Kanpan')
    cd /Users/mdd/zhk/kanpan/Kanpan
    builtin-SwiftDriver -- /Applications/Xcode.app/Contents/Developer/Toolchains/XcodeDefault.xctoolchain/usr/bin/swiftc -module-name Kanpan -Onone @/Users/mdd/zhk/kanpan/DerivedData-chart-foundation-device/Build/Intermediates.noindex/Kanpan.build/Debug-iphoneos/Kanpan.build/Objects-normal/arm64/Kanpan.SwiftFileList -DDEBUG -enable-experimental-feature DebugDescriptionMacro -sdk /Applications/Xcode.app/Contents/Developer/Platforms/iPhoneOS.platform/Developer/SDKs/iPhoneOS26.5.sdk -target arm64-apple-ios17.0 -g -module-cache-path /Users/mdd/zhk/kanpan/DerivedData-chart-foundation-device/ModuleCache.noindex -Xfrontend -serialize-debugging-options -enable-testing -index-store-path /Users/mdd/zhk/kanpan/DerivedData-chart-foundation-device/Index.noindex/DataStore -Xcc -D_LIBCPP_HARDENING_MODE\=_LIBCPP_HARDENING_MODE_DEBUG -swift-version 6 -I /Users/mdd/zhk/kanpan/DerivedData-chart-foundation-device/Build/Products/Debug-iphoneos -F /Users/mdd/zhk/kanpan/DerivedData-chart-foundation-device/Build/Products/Debug-iphoneos/PackageFrameworks -F /Users/mdd/zhk/kanpan/DerivedData-chart-foundation-device/Build/Products/Debug-iphoneos/PackageFrameworks -F /Users/mdd/zhk/kanpan/DerivedData-chart-foundation-device/Build/Products/Debug-iphoneos/PackageFrameworks -F /Users/mdd/zhk/kanpan/DerivedData-chart-foundation-device/Build/Products/Debug-iphoneos -emit-localized-strings -emit-localized-strings-path /Users/mdd/zhk/kanpan/DerivedData-chart-foundation-device/Build/Intermediates.noindex/Kanpan.build/Debug-iphoneos/Kanpan.build/Objects-normal/arm64 -c -j10 -enable-batch-mode -incremental -Xcc -ivfsstatcache -Xcc /Users/mdd/zhk/kanpan/DerivedData-chart-foundation-device/SDKStatCaches.noindex/iphoneos26.5-23F81a-32daed1954a7d5dd0789fcaf2a9bb78b.sdkstatcache -output-file-map /Users/mdd/zhk/kanpan/DerivedData-chart-foundation-device/Build/Intermediates.noindex/Kanpan.build/Debug-iphoneos/Kanpan.build/Objects-normal/arm64/Kanpan-OutputFileMap.json -use-frontend-parseable-output -save-temps -no-color-diagnostics -explicit-module-build -module-cache-path /Users/mdd/zhk/kanpan/DerivedData-chart-foundation-device/Build/Intermediates.noindex/SwiftExplicitPrecompiledModules -clang-scanner-module-cache-path /Users/mdd/zhk/kanpan/DerivedData-chart-foundation-device/ModuleCache.noindex -sdk-module-cache-path /Users/mdd/zhk/kanpan/DerivedData-chart-foundation-device/ModuleCache.noindex -serialize-diagnostics -emit-dependencies -emit-module -emit-module-path /Users/mdd/zhk/kanpan/DerivedData-chart-foundation-device/Build/Intermediates.noindex/Kanpan.build/Debug-iphoneos/Kanpan.build/Objects-normal/arm64/Kanpan.swiftmodule -validate-clang-modules-once -clang-build-session-file /Users/mdd/zhk/kanpan/DerivedData-chart-foundation-device/ModuleCache.noindex/Session.modulevalidation -Xcc -I/Users/mdd/zhk/kanpan/DerivedData-chart-foundation-device/Build/Intermediates.noindex/Kanpan.build/Debug-iphoneos/Kanpan.build/swift-overrides.hmap -emit-const-values -Xfrontend -const-gather-protocols-file -Xfrontend /Users/mdd/zhk/kanpan/DerivedData-chart-foundation-device/Build/Intermediates.noindex/Kanpan.build/Debug-iphoneos/Kanpan.build/Objects-normal/arm64/Kanpan_const_extract_protocols.json -Xcc -iquote -Xcc /Users/mdd/zhk/kanpan/DerivedData-chart-foundation-device/Build/Intermediates.noindex/Kanpan.build/Debug-iphoneos/Kanpan.build/Kanpan-generated-files.hmap -Xcc -I/Users/mdd/zhk/kanpan/DerivedData-chart-foundation-device/Build/Intermediates.noindex/Kanpan.build/Debug-iphoneos/Kanpan.build/Kanpan-own-target-headers.hmap -Xcc -I/Users/mdd/zhk/kanpan/DerivedData-chart-foundation-device/Build/Intermediates.noindex/Kanpan.build/Debug-iphoneos/Kanpan.build/Kanpan-all-non-framework-target-headers.hmap -Xcc -ivfsoverlay -Xcc /Users/mdd/zhk/kanpan/DerivedData-chart-foundation-device/Build/Intermediates.noindex/Kanpan.build/Debug-iphoneos/Kanpan-88f8e4f6458ff7f878983357411ed85c-VFS-iphoneos/all-product-headers.yaml -Xcc -iquote -Xcc /Users/mdd/zhk/kanpan/DerivedData-chart-foundation-device/Build/Intermediates.noindex/Kanpan.build/Debug-iphoneos/Kanpan.build/Kanpan-project-headers.hmap -Xcc -I/Users/mdd/zhk/kanpan/DerivedData-chart-foundation-device/Build/Products/Debug-iphoneos/include -Xcc -I/Users/mdd/zhk/kanpan/DerivedData-chart-foundation-device/Build/Intermediates.noindex/Kanpan.build/Debug-iphoneos/Kanpan.build/DerivedSources-normal/arm64 -Xcc -I/Users/mdd/zhk/kanpan/DerivedData-chart-foundation-device/Build/Intermediates.noindex/Kanpan.build/Debug-iphoneos/Kanpan.build/DerivedSources/arm64 -Xcc -I/Users/mdd/zhk/kanpan/DerivedData-chart-foundation-device/Build/Intermediates.noindex/Kanpan.build/Debug-iphoneos/Kanpan.build/DerivedSources -emit-objc-header -emit-objc-header-path /Users/mdd/zhk/kanpan/DerivedData-chart-foundation-device/Build/Intermediates.noindex/Kanpan.build/Debug-iphoneos/Kanpan.build/Objects-normal/arm64/Kanpan-Swift.h -working-directory /Users/mdd/zhk/kanpan/Kanpan -experimental-emit-module-separately -disable-cmo

SwiftCompile normal arm64 Compiling\ SymbolPickerModel.swift /Users/mdd/zhk/kanpan/Kanpan/Kanpan/Symbols/SymbolPickerModel.swift (in target 'Kanpan' from project 'Kanpan')

SwiftCompile normal arm64 /Users/mdd/zhk/kanpan/Kanpan/Kanpan/Symbols/SymbolPickerModel.swift (in target 'Kanpan' from project 'Kanpan')
    cd /Users/mdd/zhk/kanpan/Kanpan
    

SwiftCompile normal arm64 Compiling\ MainScreen.swift /Users/mdd/zhk/kanpan/Kanpan/Kanpan/Main/MainScreen.swift (in target 'Kanpan' from project 'Kanpan')
SwiftCompile normal arm64 /Users/mdd/zhk/kanpan/Kanpan/Kanpan/Main/MainScreen.swift (in target 'Kanpan' from project 'Kanpan')
    cd /Users/mdd/zhk/kanpan/Kanpan
    

SwiftCompile normal arm64 Compiling\ QuoteBook.swift /Users/mdd/zhk/kanpan/Kanpan/Kanpan/Main/QuoteBook.swift (in target 'Kanpan' from project 'Kanpan')

SwiftCompile normal arm64 /Users/mdd/zhk/kanpan/Kanpan/Kanpan/Main/QuoteBook.swift (in target 'Kanpan' from project 'Kanpan')
    cd /Users/mdd/zhk/kanpan/Kanpan
    

SwiftEmitModule normal arm64 Emitting\ module\ for\ Kanpan (in target 'Kanpan' from project 'Kanpan')

EmitSwiftModule normal arm64 (in target 'Kanpan' from project 'Kanpan')
    cd /Users/mdd/zhk/kanpan/Kanpan
    

SwiftDriverJobDiscovery normal arm64 Compiling SymbolPickerModel.swift (in target 'Kanpan' from project 'Kanpan')

SwiftCompile normal arm64 Compiling\ PeriodPanel.swift /Users/mdd/zhk/kanpan/Kanpan/Kanpan/Panels/PeriodPanel.swift (in target 'Kanpan' from project 'Kanpan')

SwiftCompile normal arm64 /Users/mdd/zhk/kanpan/Kanpan/Kanpan/Panels/PeriodPanel.swift (in target 'Kanpan' from project 'Kanpan')
    cd /Users/mdd/zhk/kanpan/Kanpan
    

SwiftCompile normal arm64 Compiling\ PanelPresentation.swift /Users/mdd/zhk/kanpan/Kanpan/Kanpan/Panels/PanelPresentation.swift (in target 'Kanpan' from project 'Kanpan')

SwiftCompile normal arm64 /Users/mdd/zhk/kanpan/Kanpan/Kanpan/Panels/PanelPresentation.swift (in target 'Kanpan' from project 'Kanpan')
    cd /Users/mdd/zhk/kanpan/Kanpan
    

SwiftCompile normal arm64 Compiling\ SettingsPanel.swift /Users/mdd/zhk/kanpan/Kanpan/Kanpan/Panels/SettingsPanel.swift (in target 'Kanpan' from project 'Kanpan')

SwiftCompile normal arm64 /Users/mdd/zhk/kanpan/Kanpan/Kanpan/Panels/SettingsPanel.swift (in target 'Kanpan' from project 'Kanpan')
    cd /Users/mdd/zhk/kanpan/Kanpan
    

SwiftCompile normal arm64 Compiling\ ChartPanel.swift,\ IndicatorPanel.swift /Users/mdd/zhk/kanpan/Kanpan/Kanpan/Panels/ChartPanel.swift /Users/mdd/zhk/kanpan/Kanpan/Kanpan/Panels/IndicatorPanel.swift (in target 'Kanpan' from project 'Kanpan')

SwiftCompile normal arm64 /Users/mdd/zhk/kanpan/Kanpan/Kanpan/Panels/ChartPanel.swift (in target 'Kanpan' from project 'Kanpan')
    cd /Users/mdd/zhk/kanpan/Kanpan
    

SwiftCompile normal arm64 /Users/mdd/zhk/kanpan/Kanpan/Kanpan/Panels/IndicatorPanel.swift (in target 'Kanpan' from project 'Kanpan')
    cd /Users/mdd/zhk/kanpan/Kanpan
    

SwiftCompile normal arm64 Compiling\ FavoritesView.swift /Users/mdd/zhk/kanpan/Kanpan/Kanpan/Symbols/FavoritesView.swift (in target 'Kanpan' from project 'Kanpan')

SwiftCompile normal arm64 /Users/mdd/zhk/kanpan/Kanpan/Kanpan/Symbols/FavoritesView.swift (in target 'Kanpan' from project 'Kanpan')
    cd /Users/mdd/zhk/kanpan/Kanpan
    

SwiftCompile normal arm64 Compiling\ StyleThumbnail.swift /Users/mdd/zhk/kanpan/Kanpan/Kanpan/Panels/StyleThumbnail.swift (in target 'Kanpan' from project 'Kanpan')

SwiftCompile normal arm64 /Users/mdd/zhk/kanpan/Kanpan/Kanpan/Panels/StyleThumbnail.swift (in target 'Kanpan' from project 'Kanpan')
    cd /Users/mdd/zhk/kanpan/Kanpan
    

SwiftCompile normal arm64 Compiling\ KanpanApp.swift /Users/mdd/zhk/kanpan/Kanpan/Kanpan/KanpanApp.swift (in target 'Kanpan' from project 'Kanpan')

SwiftCompile normal arm64 /Users/mdd/zhk/kanpan/Kanpan/Kanpan/KanpanApp.swift (in target 'Kanpan' from project 'Kanpan')
    cd /Users/mdd/zhk/kanpan/Kanpan
    

SwiftCompile normal arm64 Compiling\ LaunchScreen.swift /Users/mdd/zhk/kanpan/Kanpan/Kanpan/LaunchScreen.swift (in target 'Kanpan' from project 'Kanpan')

SwiftCompile normal arm64 /Users/mdd/zhk/kanpan/Kanpan/Kanpan/LaunchScreen.swift (in target 'Kanpan' from project 'Kanpan')
    cd /Users/mdd/zhk/kanpan/Kanpan
    

SwiftDriverJobDiscovery normal arm64 Compiling QuoteBook.swift (in target 'Kanpan' from project 'Kanpan')

SwiftCompile normal arm64 Compiling\ SymbolPickerView.swift /Users/mdd/zhk/kanpan/Kanpan/Kanpan/Symbols/SymbolPickerView.swift (in target 'Kanpan' from project 'Kanpan')

SwiftCompile normal arm64 /Users/mdd/zhk/kanpan/Kanpan/Kanpan/Symbols/SymbolPickerView.swift (in target 'Kanpan' from project 'Kanpan')
    cd /Users/mdd/zhk/kanpan/Kanpan
    

SwiftDriverJobDiscovery normal arm64 Compiling KanpanApp.swift (in target 'Kanpan' from project 'Kanpan')

SwiftCompile normal arm64 Compiling\ StylePanel.swift /Users/mdd/zhk/kanpan/Kanpan/Kanpan/Panels/StylePanel.swift (in target 'Kanpan' from project 'Kanpan')

SwiftCompile normal arm64 /Users/mdd/zhk/kanpan/Kanpan/Kanpan/Panels/StylePanel.swift (in target 'Kanpan' from project 'Kanpan')
    cd /Users/mdd/zhk/kanpan/Kanpan
    

SwiftDriverJobDiscovery normal arm64 Compiling PeriodPanel.swift (in target 'Kanpan' from project 'Kanpan')

SwiftDriverJobDiscovery normal arm64 Compiling StyleThumbnail.swift (in target 'Kanpan' from project 'Kanpan')

SwiftDriverJobDiscovery normal arm64 Compiling SettingsPanel.swift (in target 'Kanpan' from project 'Kanpan')

SwiftDriverJobDiscovery normal arm64 Compiling PanelPresentation.swift (in target 'Kanpan' from project 'Kanpan')

SwiftDriverJobDiscovery normal arm64 Compiling LaunchScreen.swift (in target 'Kanpan' from project 'Kanpan')

SwiftDriverJobDiscovery normal arm64 Compiling ChartPanel.swift, IndicatorPanel.swift (in target 'Kanpan' from project 'Kanpan')

SwiftDriverJobDiscovery normal arm64 Compiling StylePanel.swift (in target 'Kanpan' from project 'Kanpan')

SwiftDriverJobDiscovery normal arm64 Compiling SymbolPickerView.swift (in target 'Kanpan' from project 'Kanpan')

SwiftDriverJobDiscovery normal arm64 Compiling FavoritesView.swift (in target 'Kanpan' from project 'Kanpan')

SwiftDriverJobDiscovery normal arm64 Compiling MainScreen.swift (in target 'Kanpan' from project 'Kanpan')

SwiftDriver\ Compilation Kanpan normal arm64 com.apple.xcode.tools.swift.compiler (in target 'Kanpan' from project 'Kanpan')
    cd /Users/mdd/zhk/kanpan/Kanpan
    builtin-Swift-Compilation -- /Applications/Xcode.app/Contents/Developer/Toolchains/XcodeDefault.xctoolchain/usr/bin/swiftc -module-name Kanpan -Onone @/Users/mdd/zhk/kanpan/DerivedData-chart-foundation-device/Build/Intermediates.noindex/Kanpan.build/Debug-iphoneos/Kanpan.build/Objects-normal/arm64/Kanpan.SwiftFileList -DDEBUG -enable-experimental-feature DebugDescriptionMacro -sdk /Applications/Xcode.app/Contents/Developer/Platforms/iPhoneOS.platform/Developer/SDKs/iPhoneOS26.5.sdk -target arm64-apple-ios17.0 -g -module-cache-path /Users/mdd/zhk/kanpan/DerivedData-chart-foundation-device/ModuleCache.noindex -Xfrontend -serialize-debugging-options -enable-testing -index-store-path /Users/mdd/zhk/kanpan/DerivedData-chart-foundation-device/Index.noindex/DataStore -Xcc -D_LIBCPP_HARDENING_MODE\=_LIBCPP_HARDENING_MODE_DEBUG -swift-version 6 -I /Users/mdd/zhk/kanpan/DerivedData-chart-foundation-device/Build/Products/Debug-iphoneos -F /Users/mdd/zhk/kanpan/DerivedData-chart-foundation-device/Build/Products/Debug-iphoneos/PackageFrameworks -F /Users/mdd/zhk/kanpan/DerivedData-chart-foundation-device/Build/Products/Debug-iphoneos/PackageFrameworks -F /Users/mdd/zhk/kanpan/DerivedData-chart-foundation-device/Build/Products/Debug-iphoneos/PackageFrameworks -F /Users/mdd/zhk/kanpan/DerivedData-chart-foundation-device/Build/Products/Debug-iphoneos -emit-localized-strings -emit-localized-strings-path /Users/mdd/zhk/kanpan/DerivedData-chart-foundation-device/Build/Intermediates.noindex/Kanpan.build/Debug-iphoneos/Kanpan.build/Objects-normal/arm64 -c -j10 -enable-batch-mode -incremental -Xcc -ivfsstatcache -Xcc /Users/mdd/zhk/kanpan/DerivedData-chart-foundation-device/SDKStatCaches.noindex/iphoneos26.5-23F81a-32daed1954a7d5dd0789fcaf2a9bb78b.sdkstatcache -output-file-map /Users/mdd/zhk/kanpan/DerivedData-chart-foundation-device/Build/Intermediates.noindex/Kanpan.build/Debug-iphoneos/Kanpan.build/Objects-normal/arm64/Kanpan-OutputFileMap.json -use-frontend-parseable-output -save-temps -no-color-diagnostics -explicit-module-build -module-cache-path /Users/mdd/zhk/kanpan/DerivedData-chart-foundation-device/Build/Intermediates.noindex/SwiftExplicitPrecompiledModules -clang-scanner-module-cache-path /Users/mdd/zhk/kanpan/DerivedData-chart-foundation-device/ModuleCache.noindex -sdk-module-cache-path /Users/mdd/zhk/kanpan/DerivedData-chart-foundation-device/ModuleCache.noindex -serialize-diagnostics -emit-dependencies -emit-module -emit-module-path /Users/mdd/zhk/kanpan/DerivedData-chart-foundation-device/Build/Intermediates.noindex/Kanpan.build/Debug-iphoneos/Kanpan.build/Objects-normal/arm64/Kanpan.swiftmodule -validate-clang-modules-once -clang-build-session-file /Users/mdd/zhk/kanpan/DerivedData-chart-foundation-device/ModuleCache.noindex/Session.modulevalidation -Xcc -I/Users/mdd/zhk/kanpan/DerivedData-chart-foundation-device/Build/Intermediates.noindex/Kanpan.build/Debug-iphoneos/Kanpan.build/swift-overrides.hmap -emit-const-values -Xfrontend -const-gather-protocols-file -Xfrontend /Users/mdd/zhk/kanpan/DerivedData-chart-foundation-device/Build/Intermediates.noindex/Kanpan.build/Debug-iphoneos/Kanpan.build/Objects-normal/arm64/Kanpan_const_extract_protocols.json -Xcc -iquote -Xcc /Users/mdd/zhk/kanpan/DerivedData-chart-foundation-device/Build/Intermediates.noindex/Kanpan.build/Debug-iphoneos/Kanpan.build/Kanpan-generated-files.hmap -Xcc -I/Users/mdd/zhk/kanpan/DerivedData-chart-foundation-device/Build/Intermediates.noindex/Kanpan.build/Debug-iphoneos/Kanpan.build/Kanpan-own-target-headers.hmap -Xcc -I/Users/mdd/zhk/kanpan/DerivedData-chart-foundation-device/Build/Intermediates.noindex/Kanpan.build/Debug-iphoneos/Kanpan.build/Kanpan-all-non-framework-target-headers.hmap -Xcc -ivfsoverlay -Xcc /Users/mdd/zhk/kanpan/DerivedData-chart-foundation-device/Build/Intermediates.noindex/Kanpan.build/Debug-iphoneos/Kanpan-88f8e4f6458ff7f878983357411ed85c-VFS-iphoneos/all-product-headers.yaml -Xcc -iquote -Xcc /Users/mdd/zhk/kanpan/DerivedData-chart-foundation-device/Build/Intermediates.noindex/Kanpan.build/Debug-iphoneos/Kanpan.build/Kanpan-project-headers.hmap -Xcc -I/Users/mdd/zhk/kanpan/DerivedData-chart-foundation-device/Build/Products/Debug-iphoneos/include -Xcc -I/Users/mdd/zhk/kanpan/DerivedData-chart-foundation-device/Build/Intermediates.noindex/Kanpan.build/Debug-iphoneos/Kanpan.build/DerivedSources-normal/arm64 -Xcc -I/Users/mdd/zhk/kanpan/DerivedData-chart-foundation-device/Build/Intermediates.noindex/Kanpan.build/Debug-iphoneos/Kanpan.build/DerivedSources/arm64 -Xcc -I/Users/mdd/zhk/kanpan/DerivedData-chart-foundation-device/Build/Intermediates.noindex/Kanpan.build/Debug-iphoneos/Kanpan.build/DerivedSources -emit-objc-header -emit-objc-header-path /Users/mdd/zhk/kanpan/DerivedData-chart-foundation-device/Build/Intermediates.noindex/Kanpan.build/Debug-iphoneos/Kanpan.build/Objects-normal/arm64/Kanpan-Swift.h -working-directory /Users/mdd/zhk/kanpan/Kanpan -experimental-emit-module-separately -disable-cmo

SwiftDriverJobDiscovery normal arm64 Emitting module for Kanpan (in target 'Kanpan' from project 'Kanpan')

SwiftDriver\ Compilation\ Requirements Kanpan normal arm64 com.apple.xcode.tools.swift.compiler (in target 'Kanpan' from project 'Kanpan')
    cd /Users/mdd/zhk/kanpan/Kanpan
    builtin-Swift-Compilation-Requirements -- /Applications/Xcode.app/Contents/Developer/Toolchains/XcodeDefault.xctoolchain/usr/bin/swiftc -module-name Kanpan -Onone @/Users/mdd/zhk/kanpan/DerivedData-chart-foundation-device/Build/Intermediates.noindex/Kanpan.build/Debug-iphoneos/Kanpan.build/Objects-normal/arm64/Kanpan.SwiftFileList -DDEBUG -enable-experimental-feature DebugDescriptionMacro -sdk /Applications/Xcode.app/Contents/Developer/Platforms/iPhoneOS.platform/Developer/SDKs/iPhoneOS26.5.sdk -target arm64-apple-ios17.0 -g -module-cache-path /Users/mdd/zhk/kanpan/DerivedData-chart-foundation-device/ModuleCache.noindex -Xfrontend -serialize-debugging-options -enable-testing -index-store-path /Users/mdd/zhk/kanpan/DerivedData-chart-foundation-device/Index.noindex/DataStore -Xcc -D_LIBCPP_HARDENING_MODE\=_LIBCPP_HARDENING_MODE_DEBUG -swift-version 6 -I /Users/mdd/zhk/kanpan/DerivedData-chart-foundation-device/Build/Products/Debug-iphoneos -F /Users/mdd/zhk/kanpan/DerivedData-chart-foundation-device/Build/Products/Debug-iphoneos/PackageFrameworks -F /Users/mdd/zhk/kanpan/DerivedData-chart-foundation-device/Build/Products/Debug-iphoneos/PackageFrameworks -F /Users/mdd/zhk/kanpan/DerivedData-chart-foundation-device/Build/Products/Debug-iphoneos/PackageFrameworks -F /Users/mdd/zhk/kanpan/DerivedData-chart-foundation-device/Build/Products/Debug-iphoneos -emit-localized-strings -emit-localized-strings-path /Users/mdd/zhk/kanpan/DerivedData-chart-foundation-device/Build/Intermediates.noindex/Kanpan.build/Debug-iphoneos/Kanpan.build/Objects-normal/arm64 -c -j10 -enable-batch-mode -incremental -Xcc -ivfsstatcache -Xcc /Users/mdd/zhk/kanpan/DerivedData-chart-foundation-device/SDKStatCaches.noindex/iphoneos26.5-23F81a-32daed1954a7d5dd0789fcaf2a9bb78b.sdkstatcache -output-file-map /Users/mdd/zhk/kanpan/DerivedData-chart-foundation-device/Build/Intermediates.noindex/Kanpan.build/Debug-iphoneos/Kanpan.build/Objects-normal/arm64/Kanpan-OutputFileMap.json -use-frontend-parseable-output -save-temps -no-color-diagnostics -explicit-module-build -module-cache-path /Users/mdd/zhk/kanpan/DerivedData-chart-foundation-device/Build/Intermediates.noindex/SwiftExplicitPrecompiledModules -clang-scanner-module-cache-path /Users/mdd/zhk/kanpan/DerivedData-chart-foundation-device/ModuleCache.noindex -sdk-module-cache-path /Users/mdd/zhk/kanpan/DerivedData-chart-foundation-device/ModuleCache.noindex -serialize-diagnostics -emit-dependencies -emit-module -emit-module-path /Users/mdd/zhk/kanpan/DerivedData-chart-foundation-device/Build/Intermediates.noindex/Kanpan.build/Debug-iphoneos/Kanpan.build/Objects-normal/arm64/Kanpan.swiftmodule -validate-clang-modules-once -clang-build-session-file /Users/mdd/zhk/kanpan/DerivedData-chart-foundation-device/ModuleCache.noindex/Session.modulevalidation -Xcc -I/Users/mdd/zhk/kanpan/DerivedData-chart-foundation-device/Build/Intermediates.noindex/Kanpan.build/Debug-iphoneos/Kanpan.build/swift-overrides.hmap -emit-const-values -Xfrontend -const-gather-protocols-file -Xfrontend /Users/mdd/zhk/kanpan/DerivedData-chart-foundation-device/Build/Intermediates.noindex/Kanpan.build/Debug-iphoneos/Kanpan.build/Objects-normal/arm64/Kanpan_const_extract_protocols.json -Xcc -iquote -Xcc /Users/mdd/zhk/kanpan/DerivedData-chart-foundation-device/Build/Intermediates.noindex/Kanpan.build/Debug-iphoneos/Kanpan.build/Kanpan-generated-files.hmap -Xcc -I/Users/mdd/zhk/kanpan/DerivedData-chart-foundation-device/Build/Intermediates.noindex/Kanpan.build/Debug-iphoneos/Kanpan.build/Kanpan-own-target-headers.hmap -Xcc -I/Users/mdd/zhk/kanpan/DerivedData-chart-foundation-device/Build/Intermediates.noindex/Kanpan.build/Debug-iphoneos/Kanpan.build/Kanpan-all-non-framework-target-headers.hmap -Xcc -ivfsoverlay -Xcc /Users/mdd/zhk/kanpan/DerivedData-chart-foundation-device/Build/Intermediates.noindex/Kanpan.build/Debug-iphoneos/Kanpan-88f8e4f6458ff7f878983357411ed85c-VFS-iphoneos/all-product-headers.yaml -Xcc -iquote -Xcc /Users/mdd/zhk/kanpan/DerivedData-chart-foundation-device/Build/Intermediates.noindex/Kanpan.build/Debug-iphoneos/Kanpan.build/Kanpan-project-headers.hmap -Xcc -I/Users/mdd/zhk/kanpan/DerivedData-chart-foundation-device/Build/Products/Debug-iphoneos/include -Xcc -I/Users/mdd/zhk/kanpan/DerivedData-chart-foundation-device/Build/Intermediates.noindex/Kanpan.build/Debug-iphoneos/Kanpan.build/DerivedSources-normal/arm64 -Xcc -I/Users/mdd/zhk/kanpan/DerivedData-chart-foundation-device/Build/Intermediates.noindex/Kanpan.build/Debug-iphoneos/Kanpan.build/DerivedSources/arm64 -Xcc -I/Users/mdd/zhk/kanpan/DerivedData-chart-foundation-device/Build/Intermediates.noindex/Kanpan.build/Debug-iphoneos/Kanpan.build/DerivedSources -emit-objc-header -emit-objc-header-path /Users/mdd/zhk/kanpan/DerivedData-chart-foundation-device/Build/Intermediates.noindex/Kanpan.build/Debug-iphoneos/Kanpan.build/Objects-normal/arm64/Kanpan-Swift.h -working-directory /Users/mdd/zhk/kanpan/Kanpan -experimental-emit-module-separately -disable-cmo

Copy /Users/mdd/zhk/kanpan/DerivedData-chart-foundation-device/Build/Products/Debug-iphoneos/Kanpan.swiftmodule/arm64-apple-ios.abi.json /Users/mdd/zhk/kanpan/DerivedData-chart-foundation-device/Build/Intermediates.noindex/Kanpan.build/Debug-iphoneos/Kanpan.build/Objects-normal/arm64/Kanpan.abi.json (in target 'Kanpan' from project 'Kanpan')
    cd /Users/mdd/zhk/kanpan/Kanpan
    builtin-copy -exclude .DS_Store -exclude CVS -exclude .svn -exclude .git -exclude .hg -strip-unsigned-binaries -strip-deterministic -strip-tool /Applications/Xcode.app/Contents/Developer/Toolchains/XcodeDefault.xctoolchain/usr/bin/strip -resolve-src-symlinks -rename /Users/mdd/zhk/kanpan/DerivedData-chart-foundation-device/Build/Intermediates.noindex/Kanpan.build/Debug-iphoneos/Kanpan.build/Objects-normal/arm64/Kanpan.abi.json /Users/mdd/zhk/kanpan/DerivedData-chart-foundation-device/Build/Products/Debug-iphoneos/Kanpan.swiftmodule/arm64-apple-ios.abi.json

Copy /Users/mdd/zhk/kanpan/DerivedData-chart-foundation-device/Build/Products/Debug-iphoneos/Kanpan.swiftmodule/Project/arm64-apple-ios.swiftsourceinfo /Users/mdd/zhk/kanpan/DerivedData-chart-foundation-device/Build/Intermediates.noindex/Kanpan.build/Debug-iphoneos/Kanpan.build/Objects-normal/arm64/Kanpan.swiftsourceinfo (in target 'Kanpan' from project 'Kanpan')
    cd /Users/mdd/zhk/kanpan/Kanpan
    builtin-copy -exclude .DS_Store -exclude CVS -exclude .svn -exclude .git -exclude .hg -strip-unsigned-binaries -strip-deterministic -strip-tool /Applications/Xcode.app/Contents/Developer/Toolchains/XcodeDefault.xctoolchain/usr/bin/strip -resolve-src-symlinks -rename /Users/mdd/zhk/kanpan/DerivedData-chart-foundation-device/Build/Intermediates.noindex/Kanpan.build/Debug-iphoneos/Kanpan.build/Objects-normal/arm64/Kanpan.swiftsourceinfo /Users/mdd/zhk/kanpan/DerivedData-chart-foundation-device/Build/Products/Debug-iphoneos/Kanpan.swiftmodule/Project/arm64-apple-ios.swiftsourceinfo

Copy /Users/mdd/zhk/kanpan/DerivedData-chart-foundation-device/Build/Products/Debug-iphoneos/Kanpan.swiftmodule/arm64-apple-ios.swiftdoc /Users/mdd/zhk/kanpan/DerivedData-chart-foundation-device/Build/Intermediates.noindex/Kanpan.build/Debug-iphoneos/Kanpan.build/Objects-normal/arm64/Kanpan.swiftdoc (in target 'Kanpan' from project 'Kanpan')
    cd /Users/mdd/zhk/kanpan/Kanpan
    builtin-copy -exclude .DS_Store -exclude CVS -exclude .svn -exclude .git -exclude .hg -strip-unsigned-binaries -strip-deterministic -strip-tool /Applications/Xcode.app/Contents/Developer/Toolchains/XcodeDefault.xctoolchain/usr/bin/strip -resolve-src-symlinks -rename /Users/mdd/zhk/kanpan/DerivedData-chart-foundation-device/Build/Intermediates.noindex/Kanpan.build/Debug-iphoneos/Kanpan.build/Objects-normal/arm64/Kanpan.swiftdoc /Users/mdd/zhk/kanpan/DerivedData-chart-foundation-device/Build/Products/Debug-iphoneos/Kanpan.swiftmodule/arm64-apple-ios.swiftdoc

Copy /Users/mdd/zhk/kanpan/DerivedData-chart-foundation-device/Build/Products/Debug-iphoneos/Kanpan.swiftmodule/arm64-apple-ios.swiftmodule /Users/mdd/zhk/kanpan/DerivedData-chart-foundation-device/Build/Intermediates.noindex/Kanpan.build/Debug-iphoneos/Kanpan.build/Objects-normal/arm64/Kanpan.swiftmodule (in target 'Kanpan' from project 'Kanpan')
    cd /Users/mdd/zhk/kanpan/Kanpan
    builtin-copy -exclude .DS_Store -exclude CVS -exclude .svn -exclude .git -exclude .hg -strip-unsigned-binaries -strip-deterministic -strip-tool /Applications/Xcode.app/Contents/Developer/Toolchains/XcodeDefault.xctoolchain/usr/bin/strip -resolve-src-symlinks -rename /Users/mdd/zhk/kanpan/DerivedData-chart-foundation-device/Build/Intermediates.noindex/Kanpan.build/Debug-iphoneos/Kanpan.build/Objects-normal/arm64/Kanpan.swiftmodule /Users/mdd/zhk/kanpan/DerivedData-chart-foundation-device/Build/Products/Debug-iphoneos/Kanpan.swiftmodule/arm64-apple-ios.swiftmodule

Ld /Users/mdd/zhk/kanpan/DerivedData-chart-foundation-device/Build/Products/Debug-iphoneos/Kanpan.app/Kanpan.debug.dylib normal (in target 'Kanpan' from project 'Kanpan')
    cd /Users/mdd/zhk/kanpan/Kanpan
    /Applications/Xcode.app/Contents/Developer/Toolchains/XcodeDefault.xctoolchain/usr/bin/clang -Xlinker -reproducible -target arm64-apple-ios17.0 -dynamiclib -isysroot /Applications/Xcode.app/Contents/Developer/Platforms/iPhoneOS.platform/Developer/SDKs/iPhoneOS26.5.sdk -O0 -L/Users/mdd/zhk/kanpan/DerivedData-chart-foundation-device/Build/Intermediates.noindex/EagerLinkingTBDs/Debug-iphoneos -L/Users/mdd/zhk/kanpan/DerivedData-chart-foundation-device/Build/Products/Debug-iphoneos -F/Users/mdd/zhk/kanpan/DerivedData-chart-foundation-device/Build/Intermediates.noindex/EagerLinkingTBDs/Debug-iphoneos -F/Users/mdd/zhk/kanpan/DerivedData-chart-foundation-device/Build/Products/Debug-iphoneos/PackageFrameworks -F/Users/mdd/zhk/kanpan/DerivedData-chart-foundation-device/Build/Products/Debug-iphoneos/PackageFrameworks -F/Users/mdd/zhk/kanpan/DerivedData-chart-foundation-device/Build/Products/Debug-iphoneos/PackageFrameworks -F/Users/mdd/zhk/kanpan/DerivedData-chart-foundation-device/Build/Products/Debug-iphoneos -filelist /Users/mdd/zhk/kanpan/DerivedData-chart-foundation-device/Build/Intermediates.noindex/Kanpan.build/Debug-iphoneos/Kanpan.build/Objects-normal/arm64/Kanpan.LinkFileList -install_name @rpath/Kanpan.debug.dylib -Xlinker -rpath -Xlinker /usr/lib/swift -Xlinker -rpath -Xlinker /Users/mdd/zhk/kanpan/DerivedData-chart-foundation-device/Build/Products/Debug-iphoneos/PackageFrameworks -Xlinker -rpath -Xlinker @executable_path/Frameworks -Xlinker -dead_strip -Xlinker -object_path_lto -Xlinker /Users/mdd/zhk/kanpan/DerivedData-chart-foundation-device/Build/Intermediates.noindex/Kanpan.build/Debug-iphoneos/Kanpan.build/Objects-normal/arm64/Kanpan_lto.o -rdynamic -Xlinker -no_deduplicate -Xlinker -dependency_info -Xlinker /Users/mdd/zhk/kanpan/DerivedData-chart-foundation-device/Build/Intermediates.noindex/Kanpan.build/Debug-iphoneos/Kanpan.build/Objects-normal/arm64/Kanpan_dependency_info.dat -fobjc-link-runtime -L/Applications/Xcode.app/Contents/Developer/Toolchains/XcodeDefault.xctoolchain/usr/lib/swift/iphoneos -L/usr/lib/swift -Xlinker -add_ast_path -Xlinker /Users/mdd/zhk/kanpan/DerivedData-chart-foundation-device/Build/Intermediates.noindex/Kanpan.build/Debug-iphoneos/Kanpan.build/Objects-normal/arm64/Kanpan.swiftmodule @/Users/mdd/zhk/kanpan/DerivedData-chart-foundation-device/Build/Intermediates.noindex/Kanpan.build/Debug-iphoneos/Kanpan.build/Objects-normal/arm64/Kanpan-linker-args.resp -Wl,-no_warn_duplicate_libraries -Wl,-no_warn_duplicate_libraries -Wl,-no_warn_duplicate_libraries -Xlinker -alias -Xlinker _main -Xlinker ___debug_main_executable_dylib_entry_point -Xlinker -no_adhoc_codesign -o /Users/mdd/zhk/kanpan/DerivedData-chart-foundation-device/Build/Products/Debug-iphoneos/Kanpan.app/Kanpan.debug.dylib -Xlinker -add_ast_path -Xlinker /Users/mdd/zhk/kanpan/DerivedData-chart-foundation-device/Build/Intermediates.noindex/KanpanCore.build/Debug-iphoneos/KanpanCore.build/Objects-normal/arm64/KanpanCore.swiftmodule @/Users/mdd/zhk/kanpan/DerivedData-chart-foundation-device/Build/Intermediates.noindex/KanpanCore.build/Debug-iphoneos/KanpanCore.build/Objects-normal/arm64/KanpanCore-linker-args.resp -Xlinker -add_ast_path -Xlinker /Users/mdd/zhk/kanpan/DerivedData-chart-foundation-device/Build/Intermediates.noindex/KanpanChart.build/Debug-iphoneos/KanpanChart.build/Objects-normal/arm64/KanpanChart.swiftmodule @/Users/mdd/zhk/kanpan/DerivedData-chart-foundation-device/Build/Intermediates.noindex/KanpanChart.build/Debug-iphoneos/KanpanChart.build/Objects-normal/arm64/KanpanChart-linker-args.resp -Xlinker -add_ast_path -Xlinker /Users/mdd/zhk/kanpan/DerivedData-chart-foundation-device/Build/Intermediates.noindex/KanpanData.build/Debug-iphoneos/KanpanData.build/Objects-normal/arm64/KanpanData.swiftmodule @/Users/mdd/zhk/kanpan/DerivedData-chart-foundation-device/Build/Intermediates.noindex/KanpanData.build/Debug-iphoneos/KanpanData.build/Objects-normal/arm64/KanpanData-linker-args.resp

ConstructStubExecutorLinkFileList /Users/mdd/zhk/kanpan/DerivedData-chart-foundation-device/Build/Intermediates.noindex/Kanpan.build/Debug-iphoneos/Kanpan.build/Kanpan-ExecutorLinkFileList-normal-arm64.txt (in target 'Kanpan' from project 'Kanpan')
    cd /Users/mdd/zhk/kanpan/Kanpan
    construct-stub-executor-link-file-list /Users/mdd/zhk/kanpan/DerivedData-chart-foundation-device/Build/Products/Debug-iphoneos/Kanpan.app/Kanpan.debug.dylib /Applications/Xcode.app/Contents/Developer/Platforms/iPhoneOS.platform/Developer/usr/lib/libPreviewsJITStubExecutor_no_swift_entry_point.a /Applications/Xcode.app/Contents/Developer/Platforms/iPhoneOS.platform/Developer/usr/lib/libPreviewsJITStubExecutor.a --output /Users/mdd/zhk/kanpan/DerivedData-chart-foundation-device/Build/Intermediates.noindex/Kanpan.build/Debug-iphoneos/Kanpan.build/Kanpan-ExecutorLinkFileList-normal-arm64.txt
note: Using stub executor library with Swift entry point. (in target 'Kanpan' from project 'Kanpan')

Ld /Users/mdd/zhk/kanpan/DerivedData-chart-foundation-device/Build/Products/Debug-iphoneos/Kanpan.app/Kanpan normal (in target 'Kanpan' from project 'Kanpan')
    cd /Users/mdd/zhk/kanpan/Kanpan
    /Applications/Xcode.app/Contents/Developer/Toolchains/XcodeDefault.xctoolchain/usr/bin/clang -Xlinker -reproducible -target arm64-apple-ios17.0 -isysroot /Applications/Xcode.app/Contents/Developer/Platforms/iPhoneOS.platform/Developer/SDKs/iPhoneOS26.5.sdk -O0 -L/Users/mdd/zhk/kanpan/DerivedData-chart-foundation-device/Build/Products/Debug-iphoneos -F/Users/mdd/zhk/kanpan/DerivedData-chart-foundation-device/Build/Products/Debug-iphoneos/PackageFrameworks -F/Users/mdd/zhk/kanpan/DerivedData-chart-foundation-device/Build/Products/Debug-iphoneos/PackageFrameworks -F/Users/mdd/zhk/kanpan/DerivedData-chart-foundation-device/Build/Products/Debug-iphoneos/PackageFrameworks -F/Users/mdd/zhk/kanpan/DerivedData-chart-foundation-device/Build/Products/Debug-iphoneos -Xlinker -rpath -Xlinker @executable_path -Xlinker -rpath -Xlinker /Users/mdd/zhk/kanpan/DerivedData-chart-foundation-device/Build/Products/Debug-iphoneos/PackageFrameworks -Xlinker -rpath -Xlinker @executable_path/Frameworks -rdynamic -Xlinker -no_deduplicate -e ___debug_blank_executor_main -Xlinker -sectcreate -Xlinker __TEXT -Xlinker __debug_dylib -Xlinker /Users/mdd/zhk/kanpan/DerivedData-chart-foundation-device/Build/Intermediates.noindex/Kanpan.build/Debug-iphoneos/Kanpan.build/Kanpan-DebugDylibPath-normal-arm64.txt -Xlinker -sectcreate -Xlinker __TEXT -Xlinker __debug_instlnm -Xlinker /Users/mdd/zhk/kanpan/DerivedData-chart-foundation-device/Build/Intermediates.noindex/Kanpan.build/Debug-iphoneos/Kanpan.build/Kanpan-DebugDylibInstallName-normal-arm64.txt -Xlinker -filelist -Xlinker /Users/mdd/zhk/kanpan/DerivedData-chart-foundation-device/Build/Intermediates.noindex/Kanpan.build/Debug-iphoneos/Kanpan.build/Kanpan-ExecutorLinkFileList-normal-arm64.txt /Users/mdd/zhk/kanpan/DerivedData-chart-foundation-device/Build/Products/Debug-iphoneos/Kanpan.app/Kanpan.debug.dylib -Xlinker -no_adhoc_codesign -o /Users/mdd/zhk/kanpan/DerivedData-chart-foundation-device/Build/Products/Debug-iphoneos/Kanpan.app/Kanpan

ExtractAppIntentsMetadata (in target 'Kanpan' from project 'Kanpan')
    cd /Users/mdd/zhk/kanpan/Kanpan
    /Applications/Xcode.app/Contents/Developer/Toolchains/XcodeDefault.xctoolchain/usr/bin/appintentsmetadataprocessor --toolchain-dir /Applications/Xcode.app/Contents/Developer/Toolchains/XcodeDefault.xctoolchain --module-name Kanpan --sdk-root /Applications/Xcode.app/Contents/Developer/Platforms/iPhoneOS.platform/Developer/SDKs/iPhoneOS26.5.sdk --xcode-version 17F113 --platform-family iOS --deployment-target 17.0 --bundle-identifier com.mdd.kanpan --output /Users/mdd/zhk/kanpan/DerivedData-chart-foundation-device/Build/Products/Debug-iphoneos/Kanpan.app --target-triple arm64-apple-ios17.0 --binary-file /Users/mdd/zhk/kanpan/DerivedData-chart-foundation-device/Build/Products/Debug-iphoneos/Kanpan.app/Kanpan --dependency-file /Users/mdd/zhk/kanpan/DerivedData-chart-foundation-device/Build/Intermediates.noindex/Kanpan.build/Debug-iphoneos/Kanpan.build/Objects-normal/arm64/Kanpan_dependency_info.dat --stringsdata-file /Users/mdd/zhk/kanpan/DerivedData-chart-foundation-device/Build/Intermediates.noindex/Kanpan.build/Debug-iphoneos/Kanpan.build/Objects-normal/arm64/ExtractedAppShortcutsMetadata.stringsdata --source-file-list /Users/mdd/zhk/kanpan/DerivedData-chart-foundation-device/Build/Intermediates.noindex/Kanpan.build/Debug-iphoneos/Kanpan.build/Objects-normal/arm64/Kanpan.SwiftFileList --metadata-file-list /Users/mdd/zhk/kanpan/DerivedData-chart-foundation-device/Build/Intermediates.noindex/Kanpan.build/Debug-iphoneos/Kanpan.build/Kanpan.DependencyMetadataFileList --static-metadata-file-list /Users/mdd/zhk/kanpan/DerivedData-chart-foundation-device/Build/Intermediates.noindex/Kanpan.build/Debug-iphoneos/Kanpan.build/Kanpan.DependencyStaticMetadataFileList --swift-const-vals-list /Users/mdd/zhk/kanpan/DerivedData-chart-foundation-device/Build/Intermediates.noindex/Kanpan.build/Debug-iphoneos/Kanpan.build/Objects-normal/arm64/Kanpan.SwiftConstValuesFileList --compile-time-extraction --deployment-aware-processing --validate-assistant-intents --no-app-shortcuts-localization
2026-09-15 03:32:44.805 appintentsmetadataprocessor[37868:32381903] Starting appintentsmetadataprocessor export
2026-09-15 03:32:44.808 appintentsmetadataprocessor[37868:32381903] warning: Metadata extraction skipped. No AppIntents.framework dependency found.

ProcessInfoPlistFile /Users/mdd/zhk/kanpan/DerivedData-chart-foundation-device/Build/Products/Debug-iphoneos/Kanpan.app/Info.plist /Users/mdd/zhk/kanpan/DerivedData-chart-foundation-device/Build/Intermediates.noindex/Kanpan.build/Debug-iphoneos/Kanpan.build/empty-Kanpan.plist (in target 'Kanpan' from project 'Kanpan')
    cd /Users/mdd/zhk/kanpan/Kanpan
    builtin-infoPlistUtility /Users/mdd/zhk/kanpan/DerivedData-chart-foundation-device/Build/Intermediates.noindex/Kanpan.build/Debug-iphoneos/Kanpan.build/empty-Kanpan.plist -producttype com.apple.product-type.application -genpkginfo /Users/mdd/zhk/kanpan/DerivedData-chart-foundation-device/Build/Products/Debug-iphoneos/Kanpan.app/PkgInfo -expandbuildsettings -format binary -platform iphoneos -additionalcontentfile /Users/mdd/zhk/kanpan/DerivedData-chart-foundation-device/Build/Intermediates.noindex/Kanpan.build/Debug-iphoneos/Kanpan.build/assetcatalog_generated_info.plist -requiredArchitecture arm64 -o /Users/mdd/zhk/kanpan/DerivedData-chart-foundation-device/Build/Products/Debug-iphoneos/Kanpan.app/Info.plist

CopySwiftLibs /Users/mdd/zhk/kanpan/DerivedData-chart-foundation-device/Build/Products/Debug-iphoneos/Kanpan.app (in target 'Kanpan' from project 'Kanpan')
    cd /Users/mdd/zhk/kanpan/Kanpan
    builtin-swiftStdLibTool --copy --verbose --sign E0C31B074D83DD35DE7C0A5EC6895DE9617C460A --scan-executable /Users/mdd/zhk/kanpan/DerivedData-chart-foundation-device/Build/Products/Debug-iphoneos/Kanpan.app/Kanpan.debug.dylib --scan-folder /Users/mdd/zhk/kanpan/DerivedData-chart-foundation-device/Build/Products/Debug-iphoneos/Kanpan.app/Frameworks --scan-folder /Users/mdd/zhk/kanpan/DerivedData-chart-foundation-device/Build/Products/Debug-iphoneos/Kanpan.app/PlugIns --scan-folder /Users/mdd/zhk/kanpan/DerivedData-chart-foundation-device/Build/Products/Debug-iphoneos/Kanpan.app/SystemExtensions --scan-folder /Users/mdd/zhk/kanpan/DerivedData-chart-foundation-device/Build/Products/Debug-iphoneos/Kanpan.app/Extensions --platform iphoneos --toolchain /Applications/Xcode.app/Contents/Developer/Toolchains/XcodeDefault.xctoolchain --destination /Users/mdd/zhk/kanpan/DerivedData-chart-foundation-device/Build/Products/Debug-iphoneos/Kanpan.app/Frameworks --strip-bitcode --strip-bitcode-tool /Applications/Xcode.app/Contents/Developer/Toolchains/XcodeDefault.xctoolchain/usr/bin/bitcode_strip --emit-dependency-info /Users/mdd/zhk/kanpan/DerivedData-chart-foundation-device/Build/Intermediates.noindex/Kanpan.build/Debug-iphoneos/Kanpan.build/SwiftStdLibToolInputDependencies.dep --filter-for-swift-os --back-deploy-swift-span

CodeSign /Users/mdd/zhk/kanpan/DerivedData-chart-foundation-device/Build/Products/Debug-iphoneos/Kanpan.app/Kanpan.debug.dylib (in target 'Kanpan' from project 'Kanpan')
    cd /Users/mdd/zhk/kanpan/Kanpan
    
    Signing Identity:     "Apple Development: eth2022df@gmail.com (RZ92N4R9JW)"
    Provisioning Profile: "iOS Team Provisioning Profile: com.mdd.kanpan"
                          (5293a111-32ef-468a-935c-3371af81f9dd)
    
    /usr/bin/codesign --force --sign E0C31B074D83DD35DE7C0A5EC6895DE9617C460A --timestamp\=none --generate-entitlement-der /Users/mdd/zhk/kanpan/DerivedData-chart-foundation-device/Build/Products/Debug-iphoneos/Kanpan.app/Kanpan.debug.dylib

CodeSign /Users/mdd/zhk/kanpan/DerivedData-chart-foundation-device/Build/Products/Debug-iphoneos/Kanpan.app/__preview.dylib (in target 'Kanpan' from project 'Kanpan')
    cd /Users/mdd/zhk/kanpan/Kanpan
    
    Signing Identity:     "Apple Development: eth2022df@gmail.com (RZ92N4R9JW)"
    Provisioning Profile: "iOS Team Provisioning Profile: com.mdd.kanpan"
                          (5293a111-32ef-468a-935c-3371af81f9dd)
    
    /usr/bin/codesign --force --sign E0C31B074D83DD35DE7C0A5EC6895DE9617C460A --timestamp\=none --generate-entitlement-der /Users/mdd/zhk/kanpan/DerivedData-chart-foundation-device/Build/Products/Debug-iphoneos/Kanpan.app/__preview.dylib
/Users/mdd/zhk/kanpan/DerivedData-chart-foundation-device/Build/Products/Debug-iphoneos/Kanpan.app/__preview.dylib: replacing existing signature

CodeSign /Users/mdd/zhk/kanpan/DerivedData-chart-foundation-device/Build/Products/Debug-iphoneos/Kanpan.app (in target 'Kanpan' from project 'Kanpan')
    cd /Users/mdd/zhk/kanpan/Kanpan
    
    Signing Identity:     "Apple Development: eth2022df@gmail.com (RZ92N4R9JW)"
    Provisioning Profile: "iOS Team Provisioning Profile: com.mdd.kanpan"
                          (5293a111-32ef-468a-935c-3371af81f9dd)
    
    /usr/bin/codesign --force --sign E0C31B074D83DD35DE7C0A5EC6895DE9617C460A --entitlements /Users/mdd/zhk/kanpan/DerivedData-chart-foundation-device/Build/Intermediates.noindex/Kanpan.build/Debug-iphoneos/Kanpan.build/Kanpan.app.xcent --timestamp\=none --generate-entitlement-der /Users/mdd/zhk/kanpan/DerivedData-chart-foundation-device/Build/Products/Debug-iphoneos/Kanpan.app

Validate /Users/mdd/zhk/kanpan/DerivedData-chart-foundation-device/Build/Products/Debug-iphoneos/Kanpan.app (in target 'Kanpan' from project 'Kanpan')
    cd /Users/mdd/zhk/kanpan/Kanpan
    builtin-validationUtility /Users/mdd/zhk/kanpan/DerivedData-chart-foundation-device/Build/Products/Debug-iphoneos/Kanpan.app -shallow-bundle -infoplist-subpath Info.plist

ProcessInfoPlistFile /Users/mdd/zhk/kanpan/DerivedData-chart-foundation-device/Build/Products/Debug-iphoneos/KanpanUITests-Runner.app/PlugIns/KanpanUITests.xctest/Info.plist /Users/mdd/zhk/kanpan/DerivedData-chart-foundation-device/Build/Intermediates.noindex/Kanpan.build/Debug-iphoneos/KanpanUITests.build/empty-KanpanUITests.plist (in target 'KanpanUITests' from project 'Kanpan')
    cd /Users/mdd/zhk/kanpan/Kanpan
    builtin-infoPlistUtility /Users/mdd/zhk/kanpan/DerivedData-chart-foundation-device/Build/Intermediates.noindex/Kanpan.build/Debug-iphoneos/KanpanUITests.build/empty-KanpanUITests.plist -producttype com.apple.product-type.bundle.ui-testing -expandbuildsettings -format binary -platform iphoneos -additionalcontentfile /Users/mdd/zhk/kanpan/DerivedData-chart-foundation-device/Build/Intermediates.noindex/Kanpan.build/Debug-iphoneos/KanpanUITests.build/ProductTypeInfoPlistAdditions.plist -requiredArchitecture arm64 -o /Users/mdd/zhk/kanpan/DerivedData-chart-foundation-device/Build/Products/Debug-iphoneos/KanpanUITests-Runner.app/PlugIns/KanpanUITests.xctest/Info.plist

CopySwiftLibs /Users/mdd/zhk/kanpan/DerivedData-chart-foundation-device/Build/Products/Debug-iphoneos/KanpanUITests-Runner.app/PlugIns/KanpanUITests.xctest (in target 'KanpanUITests' from project 'Kanpan')
    cd /Users/mdd/zhk/kanpan/Kanpan
    builtin-swiftStdLibTool --copy --verbose --sign E0C31B074D83DD35DE7C0A5EC6895DE9617C460A --scan-executable /Users/mdd/zhk/kanpan/DerivedData-chart-foundation-device/Build/Products/Debug-iphoneos/KanpanUITests-Runner.app/PlugIns/KanpanUITests.xctest/KanpanUITests --scan-folder /Users/mdd/zhk/kanpan/DerivedData-chart-foundation-device/Build/Products/Debug-iphoneos/KanpanUITests-Runner.app/PlugIns/KanpanUITests.xctest/Frameworks --scan-folder /Users/mdd/zhk/kanpan/DerivedData-chart-foundation-device/Build/Products/Debug-iphoneos/KanpanUITests-Runner.app/PlugIns/KanpanUITests.xctest/PlugIns --scan-folder /Users/mdd/zhk/kanpan/DerivedData-chart-foundation-device/Build/Products/Debug-iphoneos/KanpanUITests-Runner.app/PlugIns/KanpanUITests.xctest/SystemExtensions --scan-folder /Users/mdd/zhk/kanpan/DerivedData-chart-foundation-device/Build/Products/Debug-iphoneos/KanpanUITests-Runner.app/PlugIns/KanpanUITests.xctest/Extensions --platform iphoneos --toolchain /Applications/Xcode.app/Contents/Developer/Toolchains/XcodeDefault.xctoolchain --destination /Users/mdd/zhk/kanpan/DerivedData-chart-foundation-device/Build/Products/Debug-iphoneos/KanpanUITests-Runner.app/PlugIns/KanpanUITests.xctest/Frameworks --strip-bitcode --scan-executable /Applications/Xcode.app/Contents/Developer/Platforms/iPhoneOS.platform/Developer/usr/lib/libXCTestSwiftSupport.dylib --strip-bitcode-tool /Applications/Xcode.app/Contents/Developer/Toolchains/XcodeDefault.xctoolchain/usr/bin/bitcode_strip --emit-dependency-info /Users/mdd/zhk/kanpan/DerivedData-chart-foundation-device/Build/Intermediates.noindex/Kanpan.build/Debug-iphoneos/KanpanUITests.build/SwiftStdLibToolInputDependencies.dep --filter-for-swift-os --back-deploy-swift-span

** TEST BUILD SUCCEEDED **

