cd KanpanCore && swift build -Xswiftc -warnings-as-errors -Xswiftc -strict-concurrency=complete
Building for debugging...
[0/1] Write swift-version--58304C5D6DBC2206.txt
Build complete! (0.15s)
cd KanpanData && swift build -Xswiftc -warnings-as-errors -Xswiftc -strict-concurrency=complete
[0/1] Planning build
Building for debugging...
[0/4] Write swift-version--58304C5D6DBC2206.txt
[2/32] Compiling KanpanCore CandleWidths.swift
[3/32] Compiling KanpanCore Clamp.swift
[4/32] Compiling KanpanCore Constants.swift
[5/32] Compiling KanpanCore Fling.swift
[6/32] Compiling KanpanCore Layout.swift
[7/32] Compiling KanpanCore PriceScale.swift
[8/32] Compiling KanpanCore Indicators.swift
[9/32] Compiling KanpanCore Math.swift
[10/32] Compiling KanpanCore Aggregator.swift
[11/35] Compiling KanpanCore HeikinAshi.swift
[12/35] Compiling KanpanCore Interval.swift
[13/35] Compiling KanpanCore SymbolClassification.swift
[14/35] Compiling KanpanCore Bar.swift
[15/35] Compiling KanpanCore BarSeries.swift
[16/35] Compiling KanpanCore ChangeBasis.swift
[17/35] Compiling KanpanCore IncrementalLines.swift
[18/35] Compiling KanpanCore IndicatorEngine.swift
[19/35] Compiling KanpanCore IndicatorID.swift
[20/35] Emitting module KanpanCore
[21/35] Compiling KanpanCore DrawStore.swift
[22/35] Compiling KanpanCore Drawing.swift
[23/35] Compiling KanpanCore Format.swift
[24/35] Compiling KanpanCore Ticks.swift
[25/35] Compiling KanpanCore ViewTransition.swift
[26/35] Compiling KanpanCore ViewWindow.swift
[27/35] Compiling KanpanCore AICoinBehavior.swift
[28/35] Compiling KanpanCore ChartOptions.swift
[29/35] Compiling KanpanCore DrawEdit.swift
[30/35] Compiling KanpanCore SymbolInfo.swift
[31/35] Compiling KanpanCore CandleStyle.swift
[32/35] Compiling KanpanCore Palette.swift
[33/55] Compiling KanpanData RESTClient.swift
[34/55] Compiling KanpanData RateLimiter.swift
[35/55] Emitting module KanpanData
[36/55] Compiling KanpanData Backoff.swift
[37/55] Compiling KanpanData DTO.swift
[38/55] Compiling KanpanData Endpoints.swift
[39/55] Compiling KanpanData OIArchive.swift
[40/55] Compiling KanpanData OIStore.swift
[41/55] Compiling KanpanData OISource.swift
[42/55] Compiling KanpanData BarCache.swift
[43/55] Compiling KanpanData Errors.swift
[44/55] Compiling KanpanData HTTPTransport.swift
[45/55] Compiling KanpanData Paths.swift
[46/55] Compiling KanpanData Snapshot.swift
[47/55] Compiling KanpanData MarketSocketRouter.swift
[48/55] Compiling KanpanData Pacer.swift
[49/55] Compiling KanpanData FeedComposer.swift
[50/55] Compiling KanpanData MarketFeed.swift
[51/55] Compiling KanpanData WSClient.swift
[52/55] Compiling KanpanData WSSocket.swift
[53/57] Compiling KanpanData SymbolCatalog.swift
[54/57] Compiling KanpanData Zip.swift
[55/59] Compiling kanpan_feed main.swift
[56/59] Emitting module kanpan_feed
[56/58] Linking kanpan-feed
[57/58] Applying kanpan-feed
Build complete! (3.89s)
cd KanpanChart && KANPAN_STRICT=1 xcodebuild -scheme KanpanChart \
		-destination 'generic/platform=iOS Simulator' -derivedDataPath .xcbuild-strict build
Command line invocation:
    /Applications/Xcode.app/Contents/Developer/usr/bin/xcodebuild -scheme KanpanChart -destination "generic/platform=iOS Simulator" -derivedDataPath .xcbuild-strict build

Resolve Package Graph
2026-09-15 03:27:59.888 xcodebuild[36941:32367618] [MT] IDERunDestination: Supported platforms for the buildables in the current scheme is empty.


Resolved source packages:
  KanpanCore: /Users/mdd/zhk/kanpan/KanpanCore @ local
  KanpanChart: /Users/mdd/zhk/kanpan/KanpanChart

ComputePackagePrebuildTargetDependencyGraph

Prepare packages

CreateBuildRequest

SendProjectDescription

CreateBuildOperation

ComputeTargetDependencyGraph
note: Building targets in dependency order
note: Target dependency graph (4 targets)
    Target 'KanpanChart' in project 'KanpanChart'
        ➜ Explicit dependency on target 'KanpanChart' in project 'KanpanChart'
        ➜ Explicit dependency on target 'KanpanCore' in project 'KanpanCore'
    Target 'KanpanChart' in project 'KanpanChart'
        ➜ Explicit dependency on target 'KanpanCore' in project 'KanpanCore'
    Target 'KanpanCore' in project 'KanpanCore'
        ➜ Explicit dependency on target 'KanpanCore' in project 'KanpanCore'
    Target 'KanpanCore' in project 'KanpanCore' (no dependencies)

GatherProvisioningInputs

CreateBuildDescription

ClangStatCache /Applications/Xcode.app/Contents/Developer/Toolchains/XcodeDefault.xctoolchain/usr/bin/clang-stat-cache /Applications/Xcode.app/Contents/Developer/Platforms/iPhoneSimulator.platform/Developer/SDKs/iPhoneSimulator26.5.sdk /Users/mdd/zhk/kanpan/KanpanChart/.xcbuild-strict/SDKStatCaches.noindex/iphonesimulator26.5-23F81a-6cfe768891a92b912361537c460fe42b.sdkstatcache
    cd /Users/mdd/zhk/kanpan/KanpanChart/.swiftpm/xcode
    /Applications/Xcode.app/Contents/Developer/Toolchains/XcodeDefault.xctoolchain/usr/bin/clang-stat-cache /Applications/Xcode.app/Contents/Developer/Platforms/iPhoneSimulator.platform/Developer/SDKs/iPhoneSimulator26.5.sdk -o /Users/mdd/zhk/kanpan/KanpanChart/.xcbuild-strict/SDKStatCaches.noindex/iphonesimulator26.5-23F81a-6cfe768891a92b912361537c460fe42b.sdkstatcache

** BUILD SUCCEEDED **

