Command line invocation:
    /Applications/Xcode.app/Contents/Developer/usr/bin/xcodebuild build -workspace Kanpan.xcworkspace -scheme Kanpan -destination id=00008140-00010C902690801C -derivedDataPath DerivedData-device -allowProvisioningUpdates

Resolve Package Graph


Resolved source packages:
  KanpanData: /Users/mdd/zhk/kanpan/KanpanData @ local
  KanpanCore: /Users/mdd/zhk/kanpan/KanpanCore @ local
  KanpanChart: /Users/mdd/zhk/kanpan/KanpanChart @ local

ComputePackagePrebuildTargetDependencyGraph

Prepare packages

CreateBuildRequest

SendProjectDescription

CreateBuildOperation

ComputeTargetDependencyGraph
note: Building targets in dependency order
note: Target dependency graph (7 targets)
    Target 'Kanpan' in project 'Kanpan'
        ➜ Explicit dependency on target 'KanpanCore' in project 'KanpanCore'
        ➜ Explicit dependency on target 'KanpanChart' in project 'KanpanChart'
        ➜ Explicit dependency on target 'KanpanData' in project 'KanpanData'
    Target 'KanpanData' in project 'KanpanData'
        ➜ Explicit dependency on target 'KanpanData' in project 'KanpanData'
        ➜ Explicit dependency on target 'KanpanCore' in project 'KanpanCore'
    Target 'KanpanData' in project 'KanpanData'
        ➜ Explicit dependency on target 'KanpanCore' in project 'KanpanCore'
    Target 'KanpanChart' in project 'KanpanChart'
        ➜ Explicit dependency on target 'KanpanChart' in project 'KanpanChart'
        ➜ Explicit dependency on target 'KanpanCore' in project 'KanpanCore'
    Target 'KanpanChart' in project 'KanpanChart'
        ➜ Explicit dependency on target 'KanpanCore' in project 'KanpanCore'
    Target 'KanpanCore' in project 'KanpanCore'
        ➜ Explicit dependency on target 'KanpanCore' in project 'KanpanCore'
    Target 'KanpanCore' in project 'KanpanCore' (no dependencies)

GatherProvisioningInputs

CreateBuildDescription

ExecuteExternalTool /Applications/Xcode.app/Contents/Developer/Toolchains/XcodeDefault.xctoolchain/usr/bin/swiftc --version

ExecuteExternalTool /Applications/Xcode.app/Contents/Developer/Toolchains/XcodeDefault.xctoolchain/usr/bin/clang -v -E -dM -isysroot /Applications/Xcode.app/Contents/Developer/Platforms/iPhoneOS.platform/Developer/SDKs/iPhoneOS26.5.sdk -x c -c /dev/null

ExecuteExternalTool /Applications/Xcode.app/Contents/Developer/usr/bin/actool --print-asset-tag-combinations --output-format xml1 /Users/mdd/zhk/kanpan/Kanpan/Kanpan/Assets.xcassets

ExecuteExternalTool /Applications/Xcode.app/Contents/Developer/usr/bin/actool --version --output-format xml1

ExecuteExternalTool /Applications/Xcode.app/Contents/Developer/Toolchains/XcodeDefault.xctoolchain/usr/bin/ld -version_details

Build description signature: a24c6c52c0c2846df67110abd969c09f
Build description path: /Users/mdd/zhk/kanpan/DerivedData-device/Build/Intermediates.noindex/XCBuildData/a24c6c52c0c2846df67110abd969c09f.xcbuilddata
ClangStatCache /Applications/Xcode.app/Contents/Developer/Toolchains/XcodeDefault.xctoolchain/usr/bin/clang-stat-cache /Applications/Xcode.app/Contents/Developer/Platforms/iPhoneOS.platform/Developer/SDKs/iPhoneOS26.5.sdk /Users/mdd/zhk/kanpan/DerivedData-device/SDKStatCaches.noindex/iphoneos26.5-23F81a-32daed1954a7d5dd0789fcaf2a9bb78b.sdkstatcache
    cd /Users/mdd/zhk/kanpan
    /Applications/Xcode.app/Contents/Developer/Toolchains/XcodeDefault.xctoolchain/usr/bin/clang-stat-cache /Applications/Xcode.app/Contents/Developer/Platforms/iPhoneOS.platform/Developer/SDKs/iPhoneOS26.5.sdk -o /Users/mdd/zhk/kanpan/DerivedData-device/SDKStatCaches.noindex/iphoneos26.5-23F81a-32daed1954a7d5dd0789fcaf2a9bb78b.sdkstatcache

ProcessInfoPlistFile /Users/mdd/zhk/kanpan/DerivedData-device/Build/Products/Debug-iphoneos/Kanpan.app/Info.plist /Users/mdd/zhk/kanpan/DerivedData-device/Build/Intermediates.noindex/Kanpan.build/Debug-iphoneos/Kanpan.build/empty-Kanpan.plist (in target 'Kanpan' from project 'Kanpan')
    cd /Users/mdd/zhk/kanpan/Kanpan
    builtin-infoPlistUtility /Users/mdd/zhk/kanpan/DerivedData-device/Build/Intermediates.noindex/Kanpan.build/Debug-iphoneos/Kanpan.build/empty-Kanpan.plist -producttype com.apple.product-type.application -genpkginfo /Users/mdd/zhk/kanpan/DerivedData-device/Build/Products/Debug-iphoneos/Kanpan.app/PkgInfo -expandbuildsettings -format binary -platform iphoneos -additionalcontentfile /Users/mdd/zhk/kanpan/DerivedData-device/Build/Intermediates.noindex/Kanpan.build/Debug-iphoneos/Kanpan.build/assetcatalog_generated_info.plist -requiredArchitecture arm64 -o /Users/mdd/zhk/kanpan/DerivedData-device/Build/Products/Debug-iphoneos/Kanpan.app/Info.plist

CopySwiftLibs /Users/mdd/zhk/kanpan/DerivedData-device/Build/Products/Debug-iphoneos/Kanpan.app (in target 'Kanpan' from project 'Kanpan')
    cd /Users/mdd/zhk/kanpan/Kanpan
    builtin-swiftStdLibTool --copy --verbose --sign E0C31B074D83DD35DE7C0A5EC6895DE9617C460A --scan-executable /Users/mdd/zhk/kanpan/DerivedData-device/Build/Products/Debug-iphoneos/Kanpan.app/Kanpan.debug.dylib --scan-folder /Users/mdd/zhk/kanpan/DerivedData-device/Build/Products/Debug-iphoneos/Kanpan.app/Frameworks --scan-folder /Users/mdd/zhk/kanpan/DerivedData-device/Build/Products/Debug-iphoneos/Kanpan.app/PlugIns --scan-folder /Users/mdd/zhk/kanpan/DerivedData-device/Build/Products/Debug-iphoneos/Kanpan.app/SystemExtensions --scan-folder /Users/mdd/zhk/kanpan/DerivedData-device/Build/Products/Debug-iphoneos/Kanpan.app/Extensions --platform iphoneos --toolchain /Applications/Xcode.app/Contents/Developer/Toolchains/XcodeDefault.xctoolchain --destination /Users/mdd/zhk/kanpan/DerivedData-device/Build/Products/Debug-iphoneos/Kanpan.app/Frameworks --strip-bitcode --strip-bitcode-tool /Applications/Xcode.app/Contents/Developer/Toolchains/XcodeDefault.xctoolchain/usr/bin/bitcode_strip --emit-dependency-info /Users/mdd/zhk/kanpan/DerivedData-device/Build/Intermediates.noindex/Kanpan.build/Debug-iphoneos/Kanpan.build/SwiftStdLibToolInputDependencies.dep --filter-for-swift-os

CodeSign /Users/mdd/zhk/kanpan/DerivedData-device/Build/Products/Debug-iphoneos/Kanpan.app (in target 'Kanpan' from project 'Kanpan')
    cd /Users/mdd/zhk/kanpan/Kanpan
    
    Signing Identity:     "Apple Development: eth2022df@gmail.com (RZ92N4R9JW)"
    Provisioning Profile: "iOS Team Provisioning Profile: com.mdd.kanpan"
                          (5293a111-32ef-468a-935c-3371af81f9dd)
    
    /usr/bin/codesign --force --sign E0C31B074D83DD35DE7C0A5EC6895DE9617C460A --entitlements /Users/mdd/zhk/kanpan/DerivedData-device/Build/Intermediates.noindex/Kanpan.build/Debug-iphoneos/Kanpan.build/Kanpan.app.xcent --timestamp\=none --generate-entitlement-der /Users/mdd/zhk/kanpan/DerivedData-device/Build/Products/Debug-iphoneos/Kanpan.app

RegisterExecutionPolicyException /Users/mdd/zhk/kanpan/DerivedData-device/Build/Products/Debug-iphoneos/Kanpan.app (in target 'Kanpan' from project 'Kanpan')
    cd /Users/mdd/zhk/kanpan/Kanpan
    builtin-RegisterExecutionPolicyException /Users/mdd/zhk/kanpan/DerivedData-device/Build/Products/Debug-iphoneos/Kanpan.app

Validate /Users/mdd/zhk/kanpan/DerivedData-device/Build/Products/Debug-iphoneos/Kanpan.app (in target 'Kanpan' from project 'Kanpan')
    cd /Users/mdd/zhk/kanpan/Kanpan
    builtin-validationUtility /Users/mdd/zhk/kanpan/DerivedData-device/Build/Products/Debug-iphoneos/Kanpan.app -shallow-bundle -infoplist-subpath Info.plist

Touch /Users/mdd/zhk/kanpan/DerivedData-device/Build/Products/Debug-iphoneos/Kanpan.app (in target 'Kanpan' from project 'Kanpan')
    cd /Users/mdd/zhk/kanpan/Kanpan
    /usr/bin/touch -c /Users/mdd/zhk/kanpan/DerivedData-device/Build/Products/Debug-iphoneos/Kanpan.app

** BUILD SUCCEEDED **

