[15:47:19.145] GET /fapi/v1/klines?interval=1h&limit=1500&symbol=BTCUSDT → 200 212806B 2939ms
[15:47:19.149] 最新一页 1500 根：1783972800000 … 1789369200000
[15:47:19.486] GET /fapi/v1/klines?endTime=1783972799999&interval=1h&limit=1500&symbol=BTCUSDT → 200 213749B 337ms
[15:47:19.490] 第 1 页 1500 根，1778572800000 … 1783969200000
[15:47:19.797] GET /fapi/v1/klines?endTime=1778572799999&interval=1h&limit=1500&symbol=BTCUSDT → 200 213810B 307ms
[15:47:19.801] 第 2 页 1500 根，1773172800000 … 1778569200000
[15:47:20.046] GET /fapi/v1/klines?endTime=1773172799999&interval=1h&limit=1500&symbol=BTCUSDT → 200 214290B 244ms
[15:47:20.051] 第 3 页 1500 根，1767772800000 … 1773169200000
[15:47:20.354] GET /fapi/v1/klines?endTime=1767772799999&interval=1h&limit=1500&symbol=BTCUSDT → 200 214461B 302ms
[15:47:20.357] 第 4 页 1500 根，1762372800000 … 1767769200000
[15:47:20.727] GET /fapi/v1/klines?endTime=1762372799999&interval=1h&limit=1500&symbol=BTCUSDT → 200 219724B 369ms
[15:47:20.731] 第 5 页 1500 根，1756972800000 … 1762369200000
[15:47:21.032] GET /fapi/v1/klines?endTime=1756972799999&interval=1h&limit=1500&symbol=BTCUSDT → 200 219618B 300ms
[15:47:21.036] 第 6 页 1500 根，1751572800000 … 1756969200000
[15:47:21.331] GET /fapi/v1/klines?endTime=1751572799999&interval=1h&limit=1500&symbol=BTCUSDT → 200 219438B 294ms
[15:47:21.334] 第 7 页 1500 根，1746172800000 … 1751569200000
[15:47:21.835] GET /fapi/v1/klines?endTime=1746172799999&interval=1h&limit=1500&symbol=BTCUSDT → 200 214663B 501ms
[15:47:21.839] 第 8 页 1500 根，1740772800000 … 1746169200000
[15:47:22.136] GET /fapi/v1/klines?endTime=1740772799999&interval=1h&limit=1500&symbol=BTCUSDT → 200 216083B 296ms
[15:47:22.140] 第 9 页 1500 根，1735372800000 … 1740769200000
[15:47:22.640] GET /fapi/v1/klines?endTime=1735372799999&interval=1h&limit=1500&symbol=BTCUSDT → 200 216213B 499ms
[15:47:22.644] 第 10 页 1500 根，1729972800000 … 1735369200000
[15:47:22.650] 翻 10 页共 15000 根，合并后 16500 根，总用时 6.44s
[15:47:22.650] 重复 0 处，步长异常 0 处；区间 1729972800000 … 1789369200000
