[15:49:32.451] 开始：BTCUSDT 1m，跑 1.2 分钟（Ctrl-C 停）
[15:49:32.451] WS 连上 #1 wss://fstream.binancefuture.com/stream?streams=btcusdt@kline_1m/btcusdt@ticker
[15:49:32.451] 状态 → live
[15:49:33.961] GET /fapi/v1/klines?interval=1m&limit=1500&symbol=BTCUSDT → 200 197793B 1509ms
[15:49:33.965] 序列 1500 根  1789282200000 … 1789372140000  末根 close=77810.0
[15:49:34.140] GET /fapi/v1/ticker/24hr?symbol=BTCUSDT → 200 371B 175ms
[15:49:34.141] 行情 last=77809.5 涨跌=0.912% 24h高=77864.7 低=76350.1
[15:49:34.319] 末根 1789372140000 O=77772.0 H=77772.0 L=77771.4 C=77772.0 V=1.619
[15:49:35.220] 末根 1789372140000 O=77772.0 H=77772.0 L=77771.4 C=77772.0 V=1.622
[15:49:35.531] 末根 1789372140000 O=77772.0 H=77772.0 L=77771.4 C=77772.0 V=1.626
[15:49:36.503] 末根 1789372140000 O=77772.0 H=77772.0 L=77771.4 C=77771.4 V=1.628
[15:49:36.767] 末根 1789372140000 O=77772.0 H=77772.0 L=77771.4 C=77772.0 V=1.629
[15:49:37.140] 末根 1789372140000 O=77772.0 H=77772.0 L=77771.4 C=77772.0 V=1.675
[15:49:39.064] 末根 1789372140000 O=77772.0 H=77772.0 L=77771.4 C=77772.0 V=1.675
[15:49:39.320] 末根 1789372140000 O=77772.0 H=77772.0 L=77771.4 C=77772.0 V=1.678
[15:49:41.028] 末根 1789372140000 O=77772.0 H=77772.0 L=77771.4 C=77772.0 V=1.680
[15:49:41.602] 末根 1789372140000 O=77772.0 H=77772.0 L=77771.4 C=77772.0 V=1.684
[15:49:42.703] 末根 1789372140000 O=77772.0 H=77772.0 L=77771.4 C=77772.0 V=1.784
[15:49:43.371] 末根 1789372140000 O=77772.0 H=77772.0 L=77771.4 C=77772.0 V=1.785
[15:49:44.011] 末根 1789372140000 O=77772.0 H=77772.0 L=77771.4 C=77772.0 V=1.843
[15:49:45.383] 末根 1789372140000 O=77772.0 H=77800.2 L=77771.4 C=77800.2 V=5.014
[15:49:45.803] 末根 1789372140000 O=77772.0 H=77800.2 L=77771.4 C=77800.2 V=5.016
[15:49:47.046] 末根 1789372140000 O=77772.0 H=77800.2 L=77771.4 C=77800.2 V=5.338
[15:49:48.348] 末根 1789372140000 O=77772.0 H=77800.2 L=77771.4 C=77800.2 V=5.339
[15:49:50.069] 末根 1789372140000 O=77772.0 H=77801.5 L=77771.4 C=77801.5 V=5.343
[15:49:50.364] 末根 1789372140000 O=77772.0 H=77801.5 L=77771.4 C=77801.5 V=5.344
[15:49:50.767] 末根 1789372140000 O=77772.0 H=77801.5 L=77771.4 C=77801.5 V=5.345
[15:49:52.157] 末根 1789372140000 O=77772.0 H=77802.4 L=77771.4 C=77802.4 V=5.348
[15:49:52.404] 行情 last=77803.0 涨跌=0.881% 24h高=77835.1 低=76538.0
[15:49:54.291] 快照 24040B → last.kbar
[15:49:54.398] 末根 1789372140000 O=77772.0 H=77803.0 L=77771.4 C=77800.3 V=5.352
[15:49:54.476] 末根 1789372140000 O=77772.0 H=77804.5 L=77771.4 C=77804.5 V=5.354
[15:49:56.591] 快照 24040B → last.kbar
[15:49:56.792] 末根 1789372140000 O=77772.0 H=77804.5 L=77771.4 C=77802.4 V=5.356
[15:49:58.545] 末根 1789372140000 O=77772.0 H=77804.5 L=77771.4 C=77802.4 V=5.362
[15:49:58.856] 末根 1789372140000 O=77772.0 H=77804.5 L=77771.4 C=77802.4 V=5.364
[15:49:59.174] 末根 1789372140000 O=77772.0 H=77804.5 L=77771.4 C=77802.4 V=5.366
[15:50:00.174] 末根 1789372140000 O=77772.0 H=77804.5 L=77771.4 C=77802.4 V=5.366
[15:50:00.990] 末根 1789372200000 O=77791.2 H=77802.4 L=77791.2 C=77802.4 V=0.004
[15:50:00.990] 末根 1789372200000 O=77791.2 H=77802.4 L=77791.2 C=77802.4 V=0.005
[15:50:01.396] 末根 1789372200000 O=77791.2 H=77802.4 L=77791.2 C=77802.4 V=0.008
[15:50:02.380] 末根 1789372200000 O=77791.2 H=77802.4 L=77791.2 C=77802.4 V=0.009
[15:50:02.682] 末根 1789372200000 O=77791.2 H=77802.4 L=77791.2 C=77802.4 V=0.011
[15:50:03.319] 末根 1789372200000 O=77791.2 H=77802.4 L=77791.2 C=77802.4 V=0.012
[15:50:04.640] 末根 1789372200000 O=77791.2 H=77802.4 L=77791.2 C=77802.4 V=0.013
[15:50:04.991] 末根 1789372200000 O=77791.2 H=77802.4 L=77791.2 C=77802.4 V=0.014
[15:50:05.355] 末根 1789372200000 O=77791.2 H=77802.4 L=77791.2 C=77802.4 V=0.015
[15:50:05.776] 末根 1789372200000 O=77791.2 H=77802.4 L=77791.2 C=77801.6 V=0.016
[15:50:06.290] 末根 1789372200000 O=77791.2 H=77802.4 L=77791.2 C=77802.4 V=0.017
[15:50:07.296] 末根 1789372200000 O=77791.2 H=77802.4 L=77791.2 C=77802.4 V=0.021
[15:50:09.104] 末根 1789372200000 O=77791.2 H=77802.4 L=77791.2 C=77791.2 V=0.041
[15:50:09.431] 末根 1789372200000 O=77791.2 H=77802.4 L=77771.4 C=77802.4 V=0.125
[15:50:09.848] 末根 1789372200000 O=77791.2 H=77802.4 L=77771.4 C=77787.9 V=0.146
[15:50:10.302] 末根 1789372200000 O=77791.2 H=77802.4 L=77771.4 C=77802.4 V=0.774
[15:50:11.363] 末根 1789372200000 O=77791.2 H=77802.4 L=77771.4 C=77802.4 V=0.779
[15:50:11.726] 末根 1789372200000 O=77791.2 H=77802.4 L=77771.4 C=77802.4 V=0.782
[15:50:12.406] 行情 last=77802.4 涨跌=0.879% 24h高=77835.1 低=76538.0
[15:50:13.071] 末根 1789372200000 O=77791.2 H=77802.4 L=77771.4 C=77802.4 V=0.808
[15:50:13.528] 末根 1789372200000 O=77791.2 H=77802.4 L=77771.4 C=77802.4 V=0.809
[15:50:14.101] 末根 1789372200000 O=77791.2 H=77802.4 L=77771.4 C=77771.4 V=4.067
[15:50:14.780] 末根 1789372200000 O=77791.2 H=77802.4 L=77771.4 C=77802.4 V=4.068
[15:50:15.595] 末根 1789372200000 O=77791.2 H=77802.4 L=77771.4 C=77802.4 V=7.182
[15:50:15.984] 末根 1789372200000 O=77791.2 H=77802.4 L=77771.4 C=77802.4 V=7.185
[15:50:17.879] 末根 1789372200000 O=77791.2 H=77802.4 L=77771.4 C=77802.4 V=7.188
[15:50:18.260] 末根 1789372200000 O=77791.2 H=77802.4 L=77771.4 C=77802.4 V=7.190
[15:50:19.110] 末根 1789372200000 O=77791.2 H=77802.4 L=77771.4 C=77802.4 V=7.192
[15:50:20.390] 末根 1789372200000 O=77791.2 H=77802.4 L=77771.4 C=77802.4 V=7.193
[15:50:20.669] 末根 1789372200000 O=77791.2 H=77802.4 L=77771.4 C=77802.4 V=7.196
[15:50:20.943] 末根 1789372200000 O=77791.2 H=77802.4 L=77771.4 C=77802.4 V=7.196
[15:50:22.717] 末根 1789372200000 O=77791.2 H=77802.4 L=77771.4 C=77798.5 V=7.199
[15:50:22.974] 末根 1789372200000 O=77791.2 H=77802.4 L=77771.4 C=77800.0 V=7.201
[15:50:23.364] 末根 1789372200000 O=77791.2 H=77802.4 L=77771.4 C=77800.0 V=7.202
[15:50:23.914] 末根 1789372200000 O=77791.2 H=77802.4 L=77771.4 C=77800.0 V=7.204
[15:50:25.110] 末根 1789372200000 O=77791.2 H=77802.4 L=77771.4 C=77800.1 V=7.205
[15:50:25.528] 末根 1789372200000 O=77791.2 H=77802.4 L=77771.4 C=77800.1 V=7.206
[15:50:27.631] 快照 24040B → last.kbar
[15:50:27.826] 末根 1789372200000 O=77791.2 H=77802.4 L=77771.4 C=77800.0 V=7.207
[15:50:28.490] 末根 1789372200000 O=77791.2 H=77802.4 L=77771.4 C=77800.0 V=7.210
[15:50:30.223] 末根 1789372200000 O=77791.2 H=77802.4 L=77771.4 C=77799.6 V=7.211
[15:50:32.075] 末根 1789372200000 O=77791.2 H=77802.4 L=77771.4 C=77800.0 V=7.214
[15:50:32.411] 行情 last=77800.0 涨跌=0.876% 24h高=77835.1 低=76538.0
[15:50:32.538] 末根 1789372200000 O=77791.2 H=77802.4 L=77771.4 C=77800.0 V=7.215
[15:50:33.340] 末根 1789372200000 O=77791.2 H=77802.4 L=77771.4 C=77800.1 V=7.215
[15:50:33.340] 末根 1789372200000 O=77791.2 H=77802.4 L=77771.4 C=77802.4 V=7.222
[15:50:33.694] 末根 1789372200000 O=77791.2 H=77802.4 L=77771.4 C=77802.1 V=7.223
[15:50:34.167] 末根 1789372200000 O=77791.2 H=77809.4 L=77771.4 C=77800.0 V=16.860
[15:50:34.486] 末根 1789372200000 O=77791.2 H=77809.4 L=77771.4 C=77804.4 V=16.863
[15:50:35.595] 末根 1789372200000 O=77791.2 H=77809.4 L=77771.4 C=77800.0 V=16.866
[15:50:36.269] 末根 1789372200000 O=77791.2 H=77809.4 L=77771.4 C=77800.0 V=16.869
[15:50:36.640] 末根 1789372200000 O=77791.2 H=77809.4 L=77771.4 C=77800.0 V=16.872
[15:50:38.082] 末根 1789372200000 O=77791.2 H=77809.4 L=77771.4 C=77800.0 V=16.873
[15:50:38.389] 末根 1789372200000 O=77791.2 H=77809.4 L=77771.4 C=77800.0 V=16.876
[15:50:40.160] 末根 1789372200000 O=77791.2 H=77809.4 L=77771.4 C=77771.4 V=16.877
[15:50:40.698] 末根 1789372200000 O=77791.2 H=77809.4 L=77771.4 C=77800.0 V=17.137
[15:50:41.008] 末根 1789372200000 O=77791.2 H=77809.4 L=77771.4 C=77808.4 V=17.139
[15:50:42.237] 末根 1789372200000 O=77791.2 H=77809.4 L=77771.4 C=77800.0 V=17.153
[15:50:44.286] 末根 1789372200000 O=77791.2 H=77809.4 L=77771.4 C=77800.0 V=17.155
[15:50:45.054] 收工：末根更新 84 次，行情 37 次，首帧 1515ms
[15:50:45.056] 快照 24040B → last.kbar
