◇ Test "TEMPREPRO BT-11 饿死首屏小页" started.
REPRO round 1 base=2 after=2 baseQ=["interval=1m&limit=1500&symbol=BTCUSDT", "interval=1m&limit=300&symbol=BTCUSDT"] allQ=["interval=1m&limit=1500&symbol=BTCUSDT", "interval=1m&limit=300&symbol=BTCUSDT"]
REPRO round 2 base=1 after=2 baseQ=["interval=1m&limit=1500&symbol=BTCUSDT"] allQ=["interval=1m&limit=1500&symbol=BTCUSDT", "interval=1m&limit=300&symbol=BTCUSDT"]
REPRO round 3 base=2 after=2 baseQ=["interval=1m&limit=1500&symbol=BTCUSDT", "interval=1m&limit=300&symbol=BTCUSDT"] allQ=["interval=1m&limit=1500&symbol=BTCUSDT", "interval=1m&limit=300&symbol=BTCUSDT"]
REPRO round 4 base=2 after=2 baseQ=["interval=1m&limit=1500&symbol=BTCUSDT", "interval=1m&limit=300&symbol=BTCUSDT"] allQ=["interval=1m&limit=1500&symbol=BTCUSDT", "interval=1m&limit=300&symbol=BTCUSDT"]
REPRO round 5 base=2 after=2 baseQ=["interval=1m&limit=1500&symbol=BTCUSDT", "interval=1m&limit=300&symbol=BTCUSDT"] allQ=["interval=1m&limit=1500&symbol=BTCUSDT", "interval=1m&limit=300&symbol=BTCUSDT"]
REPRO round 6 base=2 after=2 baseQ=["interval=1m&limit=1500&symbol=BTCUSDT", "interval=1m&limit=300&symbol=BTCUSDT"] allQ=["interval=1m&limit=1500&symbol=BTCUSDT", "interval=1m&limit=300&symbol=BTCUSDT"]
REPRO round 7 base=2 after=2 baseQ=["interval=1m&limit=1500&symbol=BTCUSDT", "interval=1m&limit=300&symbol=BTCUSDT"] allQ=["interval=1m&limit=1500&symbol=BTCUSDT", "interval=1m&limit=300&symbol=BTCUSDT"]
REPRO round 8 base=2 after=2 baseQ=["interval=1m&limit=1500&symbol=BTCUSDT", "interval=1m&limit=300&symbol=BTCUSDT"] allQ=["interval=1m&limit=1500&symbol=BTCUSDT", "interval=1m&limit=300&symbol=BTCUSDT"]
REPRO round 9 base=2 after=2 baseQ=["interval=1m&limit=300&symbol=BTCUSDT", "interval=1m&limit=1500&symbol=BTCUSDT"] allQ=["interval=1m&limit=300&symbol=BTCUSDT", "interval=1m&limit=1500&symbol=BTCUSDT"]
REPRO round 10 base=2 after=2 baseQ=["interval=1m&limit=1500&symbol=BTCUSDT", "interval=1m&limit=300&symbol=BTCUSDT"] allQ=["interval=1m&limit=1500&symbol=BTCUSDT", "interval=1m&limit=300&symbol=BTCUSDT"]
REPRO round 11 base=2 after=2 baseQ=["interval=1m&limit=1500&symbol=BTCUSDT", "interval=1m&limit=300&symbol=BTCUSDT"] allQ=["interval=1m&limit=1500&symbol=BTCUSDT", "interval=1m&limit=300&symbol=BTCUSDT"]
REPRO round 12 base=2 after=2 baseQ=["interval=1m&limit=1500&symbol=BTCUSDT", "interval=1m&limit=300&symbol=BTCUSDT"] allQ=["interval=1m&limit=1500&symbol=BTCUSDT", "interval=1m&limit=300&symbol=BTCUSDT"]
REPRO bad=1/12
✔ Test "TEMPREPRO BT-11 饿死首屏小页" passed after 22.148 seconds.
✔ Suite "行情流水线：生命周期与并发" passed after 22.149 seconds.
✔ Test run with 1 test in 1 suite passed after 22.150 seconds.
◇ Test "TEMPREPRO BT-11 饿死首屏小页" started.
REPRO round 1 base=2 after=2 baseQ=["interval=1m&limit=1500&symbol=BTCUSDT", "interval=1m&limit=300&symbol=BTCUSDT"] allQ=["interval=1m&limit=1500&symbol=BTCUSDT", "interval=1m&limit=300&symbol=BTCUSDT"]
REPRO round 2 base=2 after=2 baseQ=["interval=1m&limit=1500&symbol=BTCUSDT", "interval=1m&limit=300&symbol=BTCUSDT"] allQ=["interval=1m&limit=1500&symbol=BTCUSDT", "interval=1m&limit=300&symbol=BTCUSDT"]
REPRO round 3 base=2 after=2 baseQ=["interval=1m&limit=1500&symbol=BTCUSDT", "interval=1m&limit=300&symbol=BTCUSDT"] allQ=["interval=1m&limit=1500&symbol=BTCUSDT", "interval=1m&limit=300&symbol=BTCUSDT"]
REPRO round 4 base=2 after=2 baseQ=["interval=1m&limit=1500&symbol=BTCUSDT", "interval=1m&limit=300&symbol=BTCUSDT"] allQ=["interval=1m&limit=1500&symbol=BTCUSDT", "interval=1m&limit=300&symbol=BTCUSDT"]
REPRO round 5 base=1 after=2 baseQ=["interval=1m&limit=1500&symbol=BTCUSDT"] allQ=["interval=1m&limit=1500&symbol=BTCUSDT", "interval=1m&limit=300&symbol=BTCUSDT"]
REPRO round 6 base=2 after=2 baseQ=["interval=1m&limit=1500&symbol=BTCUSDT", "interval=1m&limit=300&symbol=BTCUSDT"] allQ=["interval=1m&limit=1500&symbol=BTCUSDT", "interval=1m&limit=300&symbol=BTCUSDT"]
REPRO round 7 base=2 after=2 baseQ=["interval=1m&limit=1500&symbol=BTCUSDT", "interval=1m&limit=300&symbol=BTCUSDT"] allQ=["interval=1m&limit=1500&symbol=BTCUSDT", "interval=1m&limit=300&symbol=BTCUSDT"]
REPRO round 8 base=2 after=2 baseQ=["interval=1m&limit=1500&symbol=BTCUSDT", "interval=1m&limit=300&symbol=BTCUSDT"] allQ=["interval=1m&limit=1500&symbol=BTCUSDT", "interval=1m&limit=300&symbol=BTCUSDT"]
REPRO round 9 base=2 after=2 baseQ=["interval=1m&limit=1500&symbol=BTCUSDT", "interval=1m&limit=300&symbol=BTCUSDT"] allQ=["interval=1m&limit=1500&symbol=BTCUSDT", "interval=1m&limit=300&symbol=BTCUSDT"]
REPRO round 10 base=2 after=2 baseQ=["interval=1m&limit=1500&symbol=BTCUSDT", "interval=1m&limit=300&symbol=BTCUSDT"] allQ=["interval=1m&limit=1500&symbol=BTCUSDT", "interval=1m&limit=300&symbol=BTCUSDT"]
REPRO round 11 base=2 after=2 baseQ=["interval=1m&limit=1500&symbol=BTCUSDT", "interval=1m&limit=300&symbol=BTCUSDT"] allQ=["interval=1m&limit=1500&symbol=BTCUSDT", "interval=1m&limit=300&symbol=BTCUSDT"]
REPRO round 12 base=2 after=2 baseQ=["interval=1m&limit=1500&symbol=BTCUSDT", "interval=1m&limit=300&symbol=BTCUSDT"] allQ=["interval=1m&limit=1500&symbol=BTCUSDT", "interval=1m&limit=300&symbol=BTCUSDT"]
REPRO bad=1/12
✔ Test "TEMPREPRO BT-11 饿死首屏小页" passed after 24.268 seconds.
✔ Suite "行情流水线：生命周期与并发" passed after 24.270 seconds.
✔ Test run with 1 test in 1 suite passed after 24.272 seconds.
◇ Test "TEMPREPRO BT-11 饿死首屏小页" started.
REPRO round 1 base=2 after=2 baseQ=["interval=1m&limit=1500&symbol=BTCUSDT", "interval=1m&limit=300&symbol=BTCUSDT"] allQ=["interval=1m&limit=1500&symbol=BTCUSDT", "interval=1m&limit=300&symbol=BTCUSDT"]
REPRO round 2 base=2 after=2 baseQ=["interval=1m&limit=1500&symbol=BTCUSDT", "interval=1m&limit=300&symbol=BTCUSDT"] allQ=["interval=1m&limit=1500&symbol=BTCUSDT", "interval=1m&limit=300&symbol=BTCUSDT"]
REPRO round 3 base=2 after=2 baseQ=["interval=1m&limit=1500&symbol=BTCUSDT", "interval=1m&limit=300&symbol=BTCUSDT"] allQ=["interval=1m&limit=1500&symbol=BTCUSDT", "interval=1m&limit=300&symbol=BTCUSDT"]
REPRO round 4 base=2 after=2 baseQ=["interval=1m&limit=1500&symbol=BTCUSDT", "interval=1m&limit=300&symbol=BTCUSDT"] allQ=["interval=1m&limit=1500&symbol=BTCUSDT", "interval=1m&limit=300&symbol=BTCUSDT"]
REPRO round 5 base=2 after=2 baseQ=["interval=1m&limit=1500&symbol=BTCUSDT", "interval=1m&limit=300&symbol=BTCUSDT"] allQ=["interval=1m&limit=1500&symbol=BTCUSDT", "interval=1m&limit=300&symbol=BTCUSDT"]
REPRO round 6 base=2 after=2 baseQ=["interval=1m&limit=1500&symbol=BTCUSDT", "interval=1m&limit=300&symbol=BTCUSDT"] allQ=["interval=1m&limit=1500&symbol=BTCUSDT", "interval=1m&limit=300&symbol=BTCUSDT"]
REPRO round 7 base=1 after=2 baseQ=["interval=1m&limit=1500&symbol=BTCUSDT"] allQ=["interval=1m&limit=1500&symbol=BTCUSDT", "interval=1m&limit=300&symbol=BTCUSDT"]
REPRO round 8 base=2 after=2 baseQ=["interval=1m&limit=1500&symbol=BTCUSDT", "interval=1m&limit=300&symbol=BTCUSDT"] allQ=["interval=1m&limit=1500&symbol=BTCUSDT", "interval=1m&limit=300&symbol=BTCUSDT"]
REPRO round 9 base=2 after=2 baseQ=["interval=1m&limit=1500&symbol=BTCUSDT", "interval=1m&limit=300&symbol=BTCUSDT"] allQ=["interval=1m&limit=1500&symbol=BTCUSDT", "interval=1m&limit=300&symbol=BTCUSDT"]
REPRO round 10 base=2 after=2 baseQ=["interval=1m&limit=1500&symbol=BTCUSDT", "interval=1m&limit=300&symbol=BTCUSDT"] allQ=["interval=1m&limit=1500&symbol=BTCUSDT", "interval=1m&limit=300&symbol=BTCUSDT"]
REPRO round 11 base=2 after=2 baseQ=["interval=1m&limit=1500&symbol=BTCUSDT", "interval=1m&limit=300&symbol=BTCUSDT"] allQ=["interval=1m&limit=1500&symbol=BTCUSDT", "interval=1m&limit=300&symbol=BTCUSDT"]
REPRO round 12 base=2 after=2 baseQ=["interval=1m&limit=1500&symbol=BTCUSDT", "interval=1m&limit=300&symbol=BTCUSDT"] allQ=["interval=1m&limit=1500&symbol=BTCUSDT", "interval=1m&limit=300&symbol=BTCUSDT"]
REPRO bad=1/12
✔ Test "TEMPREPRO BT-11 饿死首屏小页" passed after 23.483 seconds.
✔ Suite "行情流水线：生命周期与并发" passed after 23.490 seconds.
✔ Test run with 1 test in 1 suite passed after 23.497 seconds.
◇ Test "TEMPREPRO BT-11 饿死首屏小页" started.
REPRO round 1 base=2 after=2 baseQ=["interval=1m&limit=1500&symbol=BTCUSDT", "interval=1m&limit=300&symbol=BTCUSDT"] allQ=["interval=1m&limit=1500&symbol=BTCUSDT", "interval=1m&limit=300&symbol=BTCUSDT"]
REPRO round 2 base=2 after=2 baseQ=["interval=1m&limit=1500&symbol=BTCUSDT", "interval=1m&limit=300&symbol=BTCUSDT"] allQ=["interval=1m&limit=1500&symbol=BTCUSDT", "interval=1m&limit=300&symbol=BTCUSDT"]
REPRO round 3 base=2 after=2 baseQ=["interval=1m&limit=1500&symbol=BTCUSDT", "interval=1m&limit=300&symbol=BTCUSDT"] allQ=["interval=1m&limit=1500&symbol=BTCUSDT", "interval=1m&limit=300&symbol=BTCUSDT"]
REPRO round 4 base=2 after=2 baseQ=["interval=1m&limit=1500&symbol=BTCUSDT", "interval=1m&limit=300&symbol=BTCUSDT"] allQ=["interval=1m&limit=1500&symbol=BTCUSDT", "interval=1m&limit=300&symbol=BTCUSDT"]
REPRO round 5 base=2 after=2 baseQ=["interval=1m&limit=300&symbol=BTCUSDT", "interval=1m&limit=1500&symbol=BTCUSDT"] allQ=["interval=1m&limit=300&symbol=BTCUSDT", "interval=1m&limit=1500&symbol=BTCUSDT"]
REPRO round 6 base=2 after=2 baseQ=["interval=1m&limit=1500&symbol=BTCUSDT", "interval=1m&limit=300&symbol=BTCUSDT"] allQ=["interval=1m&limit=1500&symbol=BTCUSDT", "interval=1m&limit=300&symbol=BTCUSDT"]
REPRO round 7 base=2 after=2 baseQ=["interval=1m&limit=1500&symbol=BTCUSDT", "interval=1m&limit=300&symbol=BTCUSDT"] allQ=["interval=1m&limit=1500&symbol=BTCUSDT", "interval=1m&limit=300&symbol=BTCUSDT"]
REPRO round 8 base=2 after=2 baseQ=["interval=1m&limit=1500&symbol=BTCUSDT", "interval=1m&limit=300&symbol=BTCUSDT"] allQ=["interval=1m&limit=1500&symbol=BTCUSDT", "interval=1m&limit=300&symbol=BTCUSDT"]
REPRO round 9 base=1 after=2 baseQ=["interval=1m&limit=1500&symbol=BTCUSDT"] allQ=["interval=1m&limit=1500&symbol=BTCUSDT", "interval=1m&limit=300&symbol=BTCUSDT"]
REPRO round 10 base=2 after=2 baseQ=["interval=1m&limit=1500&symbol=BTCUSDT", "interval=1m&limit=300&symbol=BTCUSDT"] allQ=["interval=1m&limit=1500&symbol=BTCUSDT", "interval=1m&limit=300&symbol=BTCUSDT"]
REPRO round 11 base=2 after=2 baseQ=["interval=1m&limit=1500&symbol=BTCUSDT", "interval=1m&limit=300&symbol=BTCUSDT"] allQ=["interval=1m&limit=1500&symbol=BTCUSDT", "interval=1m&limit=300&symbol=BTCUSDT"]
REPRO round 12 base=2 after=2 baseQ=["interval=1m&limit=1500&symbol=BTCUSDT", "interval=1m&limit=300&symbol=BTCUSDT"] allQ=["interval=1m&limit=1500&symbol=BTCUSDT", "interval=1m&limit=300&symbol=BTCUSDT"]
REPRO bad=1/12
✔ Test "TEMPREPRO BT-11 饿死首屏小页" passed after 25.959 seconds.
✔ Suite "行情流水线：生命周期与并发" passed after 25.967 seconds.
✔ Test run with 1 test in 1 suite passed after 25.968 seconds.
