Command line invocation:
    /Applications/Xcode.app/Contents/Developer/usr/bin/xcodebuild test-without-building -workspace Kanpan.xcworkspace -scheme Kanpan -destination "platform=iOS Simulator,id=42498667-73A3-4E02-83C2-7B73E957C514" -derivedDataPath DerivedData-ringtone "-only-testing:KanpanUITests/AlertSoundUITests" -test-timeouts-enabled YES -default-test-execution-time-allowance 480 -maximum-test-execution-time-allowance 900 -resultBundlePath DerivedData-ringtone/ui-test/iPhone-16-Pro.xcresult

Resolve Package Graph


Resolved source packages:
  KanpanChart: /Users/mdd/zhk/kanpan-ringtone/KanpanChart @ local
  KanpanAccount: /Users/mdd/zhk/kanpan-ringtone/KanpanAccount @ local
  KanpanCore: /Users/mdd/zhk/kanpan-ringtone/KanpanCore @ local
  KanpanData: /Users/mdd/zhk/kanpan-ringtone/KanpanData @ local
  KanpanReview: /Users/mdd/zhk/kanpan-ringtone/KanpanReview @ local
  KanpanNetwork: /Users/mdd/zhk/kanpan-ringtone/KanpanNetwork @ local

Writing result bundle at path:
	/Users/mdd/zhk/kanpan-ringtone/DerivedData-ringtone/ui-test/iPhone-16-Pro.xcresult

2026-09-22 15:14:34.794660+0800 KanpanUITests-Runner[81937:4163171] [Default] Running tests...
objc[81937]: Class UIAccessibilityLoaderWebShared is implemented in both /Library/Developer/CoreSimulator/Volumes/iOS_23F77/Library/Developer/CoreSimulator/Profiles/Runtimes/iOS 26.5.simruntime/Contents/Resources/RuntimeRoot/System/Library/AccessibilityBundles/WebCore.axbundle/WebCore (0x109894310) and /Library/Developer/CoreSimulator/Volumes/iOS_23F77/Library/Developer/CoreSimulator/Profiles/Runtimes/iOS 26.5.simruntime/Contents/Resources/RuntimeRoot/System/Library/AccessibilityBundles/WebKit.axbundle/WebKit (0x108130398). This may cause spurious casting failures and mysterious crashes. One of the duplicates must be removed or renamed.
    t =      nans Interface orientation changed to Portrait
Test Suite 'Selected tests' started at 2026-09-22 15:14:38.194.
Test Suite 'KanpanUITests.xctest' started at 2026-09-22 15:14:38.195.
Test Suite 'AlertSoundUITests' started at 2026-09-22 15:14:38.195.
2026-09-22 15:14:39.512 xcodebuild[81615:4159099] [MT] IDELaunchParametersSnapshot: The operation couldn’t be completed. (DebuggerLLDB.DebuggerVersionStore.StoreError error 0.)
2026-09-22 15:14:39.513 xcodebuild[81615:4159099] [MT] IDELaunchParametersSnapshot: no debugger version
Test Case '-[KanpanUITests.AlertSoundUITests testFourSoundsAndRestart]' started.
    t =     0.00s Start Test at 2026-09-22 15:14:38.195
    t =     0.29s Set Up
    t =     0.29s     Setting device orientation to Portrait
    t =     0.30s         Device orientation changed to Portrait
    t =     0.35s         Wait for com.apple.springboard to idle
    t =     0.38s     Open com.mdd.kanpan
    t =     0.38s         Launch com.mdd.kanpan
    t =     5.34s             Setting up automation session
    t =     6.14s             Wait for com.mdd.kanpan to idle
    t =     7.56s     Waiting 30.0s for "bottom.settings" Button to exist
    t =     8.64s         Checking `Expect predicate `existsNoRetry == 1` for object "bottom.settings" Button`
    t =     8.64s             Checking existence of `"bottom.settings" Button`
    t =     8.73s     Tap "bottom.settings" Button
    t =     8.73s         Wait for com.mdd.kanpan to idle
    t =     8.74s         Find the "bottom.settings" Button
    t =     8.76s         Check for interrupting elements affecting "bottom.settings" Button
    t =     8.81s         Synthesize event
    t =     9.21s         Wait for com.mdd.kanpan to idle
    t =     9.48s Waiting 10.0s for "settings.alerts" Button to exist
    t =    10.49s     Checking `Expect predicate `existsNoRetry == 1` for object "settings.alerts" Button`
    t =    10.49s         Checking existence of `"settings.alerts" Button`
    t =    10.57s Find the "settings.alerts" Button
    t =    10.62s Tap "settings.alerts" Button
    t =    10.62s     Wait for com.mdd.kanpan to idle
    t =    10.63s     Find the "settings.alerts" Button
    t =    10.72s     Check for interrupting elements affecting "settings.alerts" Button
    t =    10.77s     Synthesize event
    t =    11.07s     Wait for com.mdd.kanpan to idle
    t =    11.56s Waiting 10.0s for "alerts.sound.open" Button to exist
    t =    12.64s     Checking `Expect predicate `existsNoRetry == 1` for object "alerts.sound.open" Button`
    t =    12.70s         Checking existence of `"alerts.sound.open" Button`
    t =    13.22s Tap "alerts.sound.open" Button
    t =    13.22s     Wait for com.mdd.kanpan to idle
    t =    13.23s     Find the "alerts.sound.open" Button
    t =    13.39s     Check for interrupting elements affecting "alerts.sound.open" Button
    t =    13.49s     Synthesize event
    t =    13.78s     Wait for com.mdd.kanpan to idle
    t =    14.13s Waiting 10.0s for "alerts.sound.default" Button to exist
    t =    15.20s     Checking `Expect predicate `existsNoRetry == 1` for object "alerts.sound.default" Button`
    t =    15.20s         Checking existence of `"alerts.sound.default" Button`
    t =    15.38s Tap "alerts.sound.default" Button
    t =    15.38s     Wait for com.mdd.kanpan to idle
    t =    15.39s     Find the "alerts.sound.default" Button
    t =    15.49s     Check for interrupting elements affecting "alerts.sound.default" Button
    t =    15.52s     Synthesize event
    t =    15.82s     Wait for com.mdd.kanpan to idle
    t =    15.82s Find the "alerts.sound.default" Button
    t =    15.86s Find the "alerts.sound.crisp" Button
    t =    15.89s Find the "alerts.sound.electronic" Button
    t =    15.93s Find the "alerts.sound.glass" Button
    t =    16.06s Added attachment named '铃声-default'
    t =    16.06s Tap "alerts.sound.crisp" Button
    t =    16.06s     Wait for com.mdd.kanpan to idle
    t =    16.06s     Find the "alerts.sound.crisp" Button
    t =    16.16s     Check for interrupting elements affecting "alerts.sound.crisp" Button
    t =    16.22s     Synthesize event
    t =    16.52s     Wait for com.mdd.kanpan to idle
    t =    16.52s Find the "alerts.sound.default" Button
    t =    16.67s Find the "alerts.sound.crisp" Button
    t =    16.70s Find the "alerts.sound.electronic" Button
    t =    16.78s Find the "alerts.sound.glass" Button
    t =    16.91s Added attachment named '铃声-crisp'
    t =    16.91s Tap "alerts.sound.electronic" Button
    t =    16.91s     Wait for com.mdd.kanpan to idle
    t =    16.91s     Find the "alerts.sound.electronic" Button
    t =    17.01s     Check for interrupting elements affecting "alerts.sound.electronic" Button
    t =    17.10s     Synthesize event
    t =    17.40s     Wait for com.mdd.kanpan to idle
    t =    17.41s Find the "alerts.sound.default" Button
    t =    17.45s Find the "alerts.sound.crisp" Button
    t =    17.48s Find the "alerts.sound.electronic" Button
    t =    17.52s Find the "alerts.sound.glass" Button
    t =    17.62s Added attachment named '铃声-electronic'
    t =    17.62s Tap "alerts.sound.glass" Button
    t =    17.62s     Wait for com.mdd.kanpan to idle
    t =    17.62s     Find the "alerts.sound.glass" Button
    t =    17.73s     Check for interrupting elements affecting "alerts.sound.glass" Button
    t =    17.77s     Synthesize event
    t =    18.07s     Wait for com.mdd.kanpan to idle
    t =    18.07s Find the "alerts.sound.default" Button
    t =    18.14s Find the "alerts.sound.crisp" Button
    t =    18.17s Find the "alerts.sound.electronic" Button
    t =    18.25s Find the "alerts.sound.glass" Button
    t =    18.37s Added attachment named '铃声-glass'
    t =    18.37s Tap "panel.done" Button
    t =    18.37s     Wait for com.mdd.kanpan to idle
    t =    18.38s     Find the "panel.done" Button
    t =    18.42s     Check for interrupting elements affecting "panel.done" Button
    t =    18.46s     Synthesize event
    t =    18.75s     Wait for com.mdd.kanpan to idle
    t =    19.05s Find the "alerts.sound.open" Button
    t =    19.18s Added attachment named '提醒总表-玻璃'
    t =    19.18s Terminate com.mdd.kanpan:81993
    t =    20.25s Open com.mdd.kanpan
    t =    20.25s     Launch com.mdd.kanpan
2026-09-22 15:14:58.475 xcodebuild[81615:4159099] [MT] IDELaunchParametersSnapshot: The operation couldn’t be completed. (DebuggerLLDB.DebuggerVersionStore.StoreError error 0.)
2026-09-22 15:14:58.475 xcodebuild[81615:4159099] [MT] IDELaunchParametersSnapshot: no debugger version
    t =    20.72s         Setting up automation session
    t =    21.35s         Wait for com.mdd.kanpan to idle
    t =    23.02s Waiting 30.0s for "bottom.settings" Button to exist
    t =    24.10s     Checking `Expect predicate `existsNoRetry == 1` for object "bottom.settings" Button`
    t =    24.10s         Checking existence of `"bottom.settings" Button`
    t =    24.16s Tap "bottom.settings" Button
    t =    24.16s     Wait for com.mdd.kanpan to idle
    t =    24.16s     Find the "bottom.settings" Button
    t =    24.19s     Check for interrupting elements affecting "bottom.settings" Button
    t =    24.21s     Synthesize event
    t =    24.51s     Wait for com.mdd.kanpan to idle
    t =    24.51s Waiting 10.0s for "settings.alerts" Button to exist
    t =    25.59s     Checking `Expect predicate `existsNoRetry == 1` for object "settings.alerts" Button`
    t =    25.59s         Checking existence of `"settings.alerts" Button`
    t =    25.70s Find the "settings.alerts" Button
    t =    25.79s Tap "settings.alerts" Button
    t =    25.79s     Wait for com.mdd.kanpan to idle
    t =    25.79s     Find the "settings.alerts" Button
    t =    25.91s     Check for interrupting elements affecting "settings.alerts" Button
    t =    26.02s     Synthesize event
    t =    26.34s     Wait for com.mdd.kanpan to idle
    t =    26.78s Waiting 10.0s for "alerts.sound.open" Button to exist
    t =    27.86s     Checking `Expect predicate `existsNoRetry == 1` for object "alerts.sound.open" Button`
    t =    27.86s         Checking existence of `"alerts.sound.open" Button`
    t =    27.91s Tap "alerts.sound.open" Button
    t =    27.91s     Wait for com.mdd.kanpan to idle
    t =    27.92s     Find the "alerts.sound.open" Button
    t =    27.95s     Check for interrupting elements affecting "alerts.sound.open" Button
    t =    27.98s     Synthesize event
    t =    28.27s     Wait for com.mdd.kanpan to idle
    t =    28.61s Waiting 10.0s for "alerts.sound.default" Button to exist
    t =    29.69s     Checking `Expect predicate `existsNoRetry == 1` for object "alerts.sound.default" Button`
    t =    29.70s         Checking existence of `"alerts.sound.default" Button`
    t =    29.76s Find the "alerts.sound.glass" Button
    t =    29.89s Added attachment named '重启-玻璃'
    t =    29.89s Tear Down
    t =    29.89s     Terminate com.mdd.kanpan:82118
Test Case '-[KanpanUITests.AlertSoundUITests testFourSoundsAndRestart]' passed (31.026 seconds).
Test Case '-[KanpanUITests.AlertSoundUITests testThreeSkins]' started.
    t =     0.00s Start Test at 2026-09-22 15:15:09.223
    t =     0.02s Set Up
    t =     0.02s     Setting device orientation to Portrait
    t =     0.03s         Wait for com.apple.springboard to idle
    t =     0.03s     Open com.mdd.kanpan
    t =     0.03s         Launch com.mdd.kanpan
2026-09-22 15:15:09.524 xcodebuild[81615:4159099] [MT] IDELaunchParametersSnapshot: The operation couldn’t be completed. (DebuggerLLDB.DebuggerVersionStore.StoreError error 0.)
2026-09-22 15:15:09.524 xcodebuild[81615:4159099] [MT] IDELaunchParametersSnapshot: no debugger version
    t =     0.74s             Setting up automation session
    t =     1.51s             Wait for com.mdd.kanpan to idle
    t =     2.90s     Waiting 30.0s for "bottom.settings" Button to exist
    t =     3.97s         Checking `Expect predicate `existsNoRetry == 1` for object "bottom.settings" Button`
    t =     3.97s             Checking existence of `"bottom.settings" Button`
    t =     4.02s     Tap "bottom.settings" Button
    t =     4.02s         Wait for com.mdd.kanpan to idle
    t =     4.02s         Find the "bottom.settings" Button
    t =     4.04s         Check for interrupting elements affecting "bottom.settings" Button
    t =     4.06s         Synthesize event
    t =     4.35s         Wait for com.mdd.kanpan to idle
    t =     4.35s Waiting 10.0s for "display.theme.sage" Button to exist
    t =     5.42s     Checking `Expect predicate `existsNoRetry == 1` for object "display.theme.sage" Button`
    t =     5.42s         Checking existence of `"display.theme.sage" Button`
    t =     5.50s Find the "display.theme.sage" Button
    t =     5.54s Tap "display.theme.sage" Button
    t =     5.54s     Wait for com.mdd.kanpan to idle
    t =     5.54s     Find the "display.theme.sage" Button
    t =     5.56s     Check for interrupting elements affecting "display.theme.sage" Button
    t =     5.58s     Synthesize event
    t =     5.87s     Wait for com.mdd.kanpan to idle
    t =     5.88s Find the "display.theme.sage" Button
    t =     5.96s Waiting 10.0s for "settings.alerts" Button to exist
    t =     7.02s     Checking `Expect predicate `existsNoRetry == 1` for object "settings.alerts" Button`
    t =     7.02s         Checking existence of `"settings.alerts" Button`
    t =     7.05s Find the "settings.alerts" Button
    t =     7.08s Tap "settings.alerts" Button
    t =     7.08s     Wait for com.mdd.kanpan to idle
    t =     7.08s     Find the "settings.alerts" Button
    t =     7.11s     Check for interrupting elements affecting "settings.alerts" Button
    t =     7.13s     Synthesize event
    t =     7.42s     Wait for com.mdd.kanpan to idle
    t =     7.84s Waiting 10.0s for "alerts.sound.open" Button to exist
    t =     8.87s     Checking `Expect predicate `existsNoRetry == 1` for object "alerts.sound.open" Button`
    t =     8.88s         Checking existence of `"alerts.sound.open" Button`
    t =     8.99s Tap "alerts.sound.open" Button
    t =     8.99s     Wait for com.mdd.kanpan to idle
    t =     8.99s     Find the "alerts.sound.open" Button
    t =     9.01s     Check for interrupting elements affecting "alerts.sound.open" Button
    t =     9.04s     Synthesize event
    t =     9.32s     Wait for com.mdd.kanpan to idle
    t =     9.64s Waiting 10.0s for "alerts.sound.default" Button to exist
    t =    10.67s     Checking `Expect predicate `existsNoRetry == 1` for object "alerts.sound.default" Button`
    t =    10.68s         Checking existence of `"alerts.sound.default" Button`
    t =    10.72s Tap "alerts.sound.glass" Button
    t =    10.72s     Wait for com.mdd.kanpan to idle
    t =    10.72s     Find the "alerts.sound.glass" Button
    t =    10.75s     Check for interrupting elements affecting "alerts.sound.glass" Button
    t =    10.77s     Synthesize event
    t =    11.06s     Wait for com.mdd.kanpan to idle
    t =    11.15s Added attachment named '铃声皮肤-sage'
    t =    11.15s Tap "panel.done" Button
    t =    11.15s     Wait for com.mdd.kanpan to idle
    t =    11.16s     Find the "panel.done" Button
    t =    11.18s     Check for interrupting elements affecting "panel.done" Button
    t =    11.21s     Synthesize event
    t =    11.61s     Wait for com.mdd.kanpan to idle
    t =    11.91s Waiting 10.0s for "alerts.sound.open" Button to exist
    t =    12.95s     Checking `Expect predicate `existsNoRetry == 1` for object "alerts.sound.open" Button`
    t =    12.95s         Checking existence of `"alerts.sound.open" Button`
    t =    12.99s Tap "panel.done" Button
    t =    12.99s     Wait for com.mdd.kanpan to idle
    t =    12.99s     Find the "panel.done" Button
    t =    13.02s     Check for interrupting elements affecting "panel.done" Button
    t =    13.04s     Synthesize event
    t =    13.33s     Wait for com.mdd.kanpan to idle
    t =    13.68s Waiting 10.0s for "display.theme.terra" Button to exist
    t =    14.74s     Checking `Expect predicate `existsNoRetry == 1` for object "display.theme.terra" Button`
    t =    14.74s         Checking existence of `"display.theme.terra" Button`
    t =    14.78s Find the "display.theme.terra" Button
    t =    14.84s Tap "display.theme.terra" Button
    t =    14.84s     Wait for com.mdd.kanpan to idle
    t =    14.84s     Find the "display.theme.terra" Button
    t =    14.88s     Check for interrupting elements affecting "display.theme.terra" Button
    t =    14.91s     Synthesize event
    t =    15.21s     Wait for com.mdd.kanpan to idle
    t =    15.21s Find the "display.theme.terra" Button
    t =    15.28s Waiting 10.0s for "settings.alerts" Button to exist
    t =    16.30s     Checking `Expect predicate `existsNoRetry == 1` for object "settings.alerts" Button`
    t =    16.31s         Checking existence of `"settings.alerts" Button`
    t =    16.39s Find the "settings.alerts" Button
    t =    16.71s Tap "settings.alerts" Button
    t =    16.71s     Wait for com.mdd.kanpan to idle
    t =    16.72s     Find the "settings.alerts" Button
    t =    16.90s     Check for interrupting elements affecting "settings.alerts" Button
    t =    16.97s     Synthesize event
    t =    17.32s     Wait for com.mdd.kanpan to idle
    t =    17.64s Waiting 10.0s for "alerts.sound.open" Button to exist
    t =    18.67s     Checking `Expect predicate `existsNoRetry == 1` for object "alerts.sound.open" Button`
    t =    18.68s         Checking existence of `"alerts.sound.open" Button`
    t =    18.75s Tap "alerts.sound.open" Button
    t =    18.75s     Wait for com.mdd.kanpan to idle
    t =    18.75s     Find the "alerts.sound.open" Button
    t =    18.81s     Check for interrupting elements affecting "alerts.sound.open" Button
    t =    18.85s     Synthesize event
    t =    19.17s     Wait for com.mdd.kanpan to idle
    t =    19.48s Waiting 10.0s for "alerts.sound.default" Button to exist
    t =    20.54s     Checking `Expect predicate `existsNoRetry == 1` for object "alerts.sound.default" Button`
    t =    20.54s         Checking existence of `"alerts.sound.default" Button`
    t =    20.62s Tap "alerts.sound.glass" Button
    t =    20.62s     Wait for com.mdd.kanpan to idle
    t =    20.62s     Find the "alerts.sound.glass" Button
    t =    20.74s     Check for interrupting elements affecting "alerts.sound.glass" Button
    t =    20.83s     Synthesize event
    t =    21.13s     Wait for com.mdd.kanpan to idle
    t =    21.21s Added attachment named '铃声皮肤-terra'
    t =    21.21s Tap "panel.done" Button
    t =    21.21s     Wait for com.mdd.kanpan to idle
    t =    21.21s     Find the "panel.done" Button
    t =    21.25s     Check for interrupting elements affecting "panel.done" Button
    t =    21.31s     Synthesize event
    t =    21.60s     Wait for com.mdd.kanpan to idle
    t =    21.90s Waiting 10.0s for "alerts.sound.open" Button to exist
    t =    22.96s     Checking `Expect predicate `existsNoRetry == 1` for object "alerts.sound.open" Button`
    t =    22.96s         Checking existence of `"alerts.sound.open" Button`
    t =    23.03s Tap "panel.done" Button
    t =    23.03s     Wait for com.mdd.kanpan to idle
    t =    23.03s     Find the "panel.done" Button
    t =    23.07s     Check for interrupting elements affecting "panel.done" Button
    t =    23.10s     Synthesize event
    t =    23.39s     Wait for com.mdd.kanpan to idle
    t =    23.74s Waiting 10.0s for "display.theme.classic" Button to exist
    t =    24.81s     Checking `Expect predicate `existsNoRetry == 1` for object "display.theme.classic" Button`
    t =    24.81s         Checking existence of `"display.theme.classic" Button`
    t =    24.88s Find the "display.theme.classic" Button
    t =    24.99s Tap "display.theme.classic" Button
    t =    24.99s     Wait for com.mdd.kanpan to idle
    t =    24.99s     Find the "display.theme.classic" Button
    t =    25.04s     Check for interrupting elements affecting "display.theme.classic" Button
    t =    25.06s     Synthesize event
    t =    25.36s     Wait for com.mdd.kanpan to idle
    t =    25.36s Find the "display.theme.classic" Button
    t =    25.41s Waiting 10.0s for "settings.alerts" Button to exist
    t =    26.47s     Checking `Expect predicate `existsNoRetry == 1` for object "settings.alerts" Button`
    t =    26.47s         Checking existence of `"settings.alerts" Button`
    t =    26.56s Find the "settings.alerts" Button
    t =    26.59s Tap "settings.alerts" Button
    t =    26.59s     Wait for com.mdd.kanpan to idle
    t =    26.59s     Find the "settings.alerts" Button
    t =    26.64s     Check for interrupting elements affecting "settings.alerts" Button
    t =    26.71s     Synthesize event
    t =    27.02s     Wait for com.mdd.kanpan to idle
    t =    27.37s Waiting 10.0s for "alerts.sound.open" Button to exist
    t =    28.43s     Checking `Expect predicate `existsNoRetry == 1` for object "alerts.sound.open" Button`
    t =    28.43s         Checking existence of `"alerts.sound.open" Button`
    t =    28.49s Tap "alerts.sound.open" Button
    t =    28.49s     Wait for com.mdd.kanpan to idle
    t =    28.50s     Find the "alerts.sound.open" Button
    t =    28.65s     Check for interrupting elements affecting "alerts.sound.open" Button
    t =    28.70s     Synthesize event
    t =    28.99s     Wait for com.mdd.kanpan to idle
    t =    29.29s Waiting 10.0s for "alerts.sound.default" Button to exist
    t =    30.32s     Checking `Expect predicate `existsNoRetry == 1` for object "alerts.sound.default" Button`
    t =    30.32s         Checking existence of `"alerts.sound.default" Button`
    t =    30.38s Tap "alerts.sound.glass" Button
    t =    30.38s     Wait for com.mdd.kanpan to idle
    t =    30.38s     Find the "alerts.sound.glass" Button
    t =    30.45s     Check for interrupting elements affecting "alerts.sound.glass" Button
    t =    30.49s     Synthesize event
    t =    30.78s     Wait for com.mdd.kanpan to idle
    t =    30.84s Added attachment named '铃声皮肤-classic'
    t =    30.84s Tap "panel.done" Button
    t =    30.84s     Wait for com.mdd.kanpan to idle
    t =    30.84s     Find the "panel.done" Button
    t =    30.87s     Check for interrupting elements affecting "panel.done" Button
    t =    30.90s     Synthesize event
    t =    31.19s     Wait for com.mdd.kanpan to idle
    t =    31.47s Waiting 10.0s for "alerts.sound.open" Button to exist
    t =    32.50s     Checking `Expect predicate `existsNoRetry == 1` for object "alerts.sound.open" Button`
    t =    32.50s         Checking existence of `"alerts.sound.open" Button`
    t =    32.53s Tap "panel.done" Button
    t =    32.53s     Wait for com.mdd.kanpan to idle
    t =    32.53s     Find the "panel.done" Button
    t =    32.56s     Check for interrupting elements affecting "panel.done" Button
    t =    32.59s     Synthesize event
    t =    32.89s     Wait for com.mdd.kanpan to idle
    t =    33.24s Tear Down
    t =    33.24s     Terminate com.mdd.kanpan:82375
Test Case '-[KanpanUITests.AlertSoundUITests testThreeSkins]' passed (34.410 seconds).
Test Suite 'AlertSoundUITests' passed at 2026-09-22 15:15:43.634.
	 Executed 2 tests, with 0 failures (0 unexpected) in 65.435 (65.439) seconds
Test Suite 'KanpanUITests.xctest' passed at 2026-09-22 15:15:43.635.
	 Executed 2 tests, with 0 failures (0 unexpected) in 65.435 (65.440) seconds
Test Suite 'Selected tests' passed at 2026-09-22 15:15:43.636.
	 Executed 2 tests, with 0 failures (0 unexpected) in 65.435 (65.442) seconds
2026-09-22 15:16:34.635 xcodebuild[81615:4159099] [MT] IDETestOperationsObserverDebug: 150.212 elapsed -- Testing started completed.
2026-09-22 15:16:34.641 xcodebuild[81615:4159099] [MT] IDETestOperationsObserverDebug: 0.000 sec, +0.000 sec -- start
2026-09-22 15:16:34.641 xcodebuild[81615:4159099] [MT] IDETestOperationsObserverDebug: 150.212 sec, +150.212 sec -- end

Test session results, code coverage, and logs:
	/Users/mdd/zhk/kanpan-ringtone/DerivedData-ringtone/ui-test/iPhone-16-Pro.xcresult

** TEST EXECUTE SUCCEEDED **

Testing started
