Exported 92 attachments for: AICoinBaseUITests/testColdLaunchStylesAndChartInteractions():
File: A7870FB5-6534-426F-BBEB-112D3AE65505.png, suggested name: "07-横屏共用底座_0_95299BFF-916B-42F7-B992-82BD4D6A5C39.png"
File: DA7C9DE3-E2E6-4EBE-BB0D-C1CFAC28DF50, suggested name: "UI Snapshot 2026-09-14 at 10.44.23 下午"
File: 59657072-FEE5-4839-8127-C3A039C6A8D4, suggested name: "Synthesized Event 2026-09-14 at 10.44.23 下午"
File: AC59080C-5230-44A5-9FA3-389E94B94089, suggested name: "UI Snapshot 2026-09-14 at 10.44.22 下午"
File: 171313A4-AFAA-4298-A23A-FA200AC5316B, suggested name: "Synthesized Event 2026-09-14 at 10.44.23 下午"
File: 3200792E-B464-44A2-952D-FFEDE70A0586.png, suggested name: "06-副图十字线_0_0233F825-56FB-4425-9B8F-1FE002B83B6E.png"
File: 043DD0F6-F6AF-48DF-90C1-A0B737639074, suggested name: "UI Snapshot 2026-09-14 at 10.44.21 下午"
File: E91ED01D-4B9F-4AD6-B7A0-6DC555F212D1, suggested name: "Synthesized Event 2026-09-14 at 10.44.21 下午"
File: 2E6CBF77-8DCF-4DDD-8800-9BAA56BD0749.png, suggested name: "05-持仓量与三副图_0_1871FBA3-0E61-47DF-862C-42F10A469696.png"
File: 04ADFEFB-2FD3-4B75-843F-2C43AE4D9B4E, suggested name: "UI Snapshot 2026-09-14 at 10.44.19 下午"
File: FD918FD2-07FC-4C09-8368-C4E7105F6CDA, suggested name: "Synthesized Event 2026-09-14 at 10.44.19 下午"
File: F0CFAD95-A9CB-462D-AA4D-30F2F763750C, suggested name: "UI Snapshot 2026-09-14 at 10.44.17 下午"
File: 94B1343F-80CC-47E7-894E-B47E1E6D2856, suggested name: "Synthesized Event 2026-09-14 at 10.44.18 下午"
File: ED4CC161-9EE5-46B8-A931-28F3EB7D0627.png, suggested name: "04-真机双指缩放_0_D018617F-6C0D-4235-9B6B-FCAA108BC9DB.png"
File: 6215518D-6571-4A63-A1B6-CE26C2E127AA, suggested name: "UI Snapshot 2026-09-14 at 10.43.55 下午"
File: 62F9237F-21F7-453B-8ED5-83D7F83B9893, suggested name: "Synthesized Event 2026-09-14 at 10.43.57 下午"
File: 16E38935-413A-422A-8163-6E68F9B6BCED, suggested name: "UI Snapshot 2026-09-14 at 10.43.53 下午"
File: B0D05EA9-6541-42ED-92D9-84CAA978B739, suggested name: "Synthesized Event 2026-09-14 at 10.43.53 下午"
File: 5E46B020-7209-4A9D-8AF4-17BF4D964FA9, suggested name: "UI Snapshot 2026-09-14 at 10.43.51 下午"
File: F221546C-1758-4832-847D-5A1425091F25, suggested name: "Synthesized Event 2026-09-14 at 10.43.52 下午"
File: 24DF9B0D-8606-4831-BB8C-7449AA0EC3CF, suggested name: "UI Snapshot 2026-09-14 at 10.43.49 下午"
File: 63361F56-CEFA-445F-A2B8-EEC1229C44E3, suggested name: "Synthesized Event 2026-09-14 at 10.43.50 下午"
File: EF9BDA0D-F53E-416B-8E01-48C391B3BDB1, suggested name: "UI Snapshot 2026-09-14 at 10.43.48 下午"
File: 6CCDD6DC-7975-4CEF-8F8C-B22B2DC88514, suggested name: "Synthesized Event 2026-09-14 at 10.43.48 下午"
File: 568AD60B-97C7-4D67-9A54-15B60270AB81, suggested name: "UI Snapshot 2026-09-14 at 10.43.46 下午"
File: 2A237236-4AD5-47CB-B91A-14E162C5F5EF, suggested name: "Synthesized Event 2026-09-14 at 10.43.47 下午"
File: D95E0CEF-2264-4C65-BB57-5A1DED15CED7.png, suggested name: "03-单击十字线_0_499A69A8-EBB0-4F03-84BE-94F6DE64875E.png"
File: 2C0A4772-DF4E-434D-97F5-AEE70422445E, suggested name: "UI Snapshot 2026-09-14 at 10.43.45 下午"
File: D36A6E6D-DA68-49D8-8C97-A39A83C8EE02, suggested name: "Synthesized Event 2026-09-14 at 10.43.45 下午"
File: 6D8DE6E8-C79D-4BA4-A173-2F4B9EE57311, suggested name: "UI Snapshot 2026-09-14 at 10.43.43 下午"
File: 91F1147B-704D-4950-85F7-4B91CCD45F81, suggested name: "Synthesized Event 2026-09-14 at 10.43.43 下午"
File: 759ADF5A-C445-460A-8B4F-D4CA939C0745, suggested name: "UI Snapshot 2026-09-14 at 10.43.42 下午"
File: 63707993-0491-464C-95A3-0324A9C801EB, suggested name: "Synthesized Event 2026-09-14 at 10.43.42 下午"
File: 7DFBBC18-2929-48AD-B79E-DAFC44331C41.png, suggested name: "02-原有风格-尺寸保持_0_63F9CF66-5DB2-450B-BBCC-07B8B557FDD1.png"
File: 9CCCD37C-0F7A-45A6-9BA8-4F360152053F, suggested name: "UI Snapshot 2026-09-14 at 10.43.40 下午"
File: 8C7F3294-4818-4713-89A2-92F0B71D1D52, suggested name: "Synthesized Event 2026-09-14 at 10.43.40 下午"
File: E0E3E9B0-B76E-4CB9-A637-D26A315A19CD, suggested name: "UI Snapshot 2026-09-14 at 10.43.37 下午"
File: AA6E0201-D919-4E57-90B5-85B9675E3FD3, suggested name: "Synthesized Event 2026-09-14 at 10.43.37 下午"
File: EA15FD75-0D76-4E92-87E8-2760C0843B27, suggested name: "UI Snapshot 2026-09-14 at 10.43.36 下午"
File: F202158E-44E8-41C9-BD95-0C1D420CDA86, suggested name: "Synthesized Event 2026-09-14 at 10.43.36 下午"
File: AABB4655-EC17-4720-A874-0D30EA9AE8A3, suggested name: "UI Snapshot 2026-09-14 at 10.43.34 下午"
File: 62608D44-89A6-42B8-9FE8-81C73C4F414E, suggested name: "Synthesized Event 2026-09-14 at 10.43.34 下午"
File: A58C5688-04AB-426E-B11A-1CBFCA3DCBDF, suggested name: "UI Snapshot 2026-09-14 at 10.43.31 下午"
File: BCD263A0-772B-474B-B450-552F01C5F1D2, suggested name: "Synthesized Event 2026-09-14 at 10.43.31 下午"
File: BC75752A-2D20-4973-BEBA-DB274A26A05F, suggested name: "UI Snapshot 2026-09-14 at 10.43.30 下午"
File: 0338E14F-ACDF-421F-88B3-D5B561558DEB, suggested name: "Synthesized Event 2026-09-14 at 10.43.30 下午"
File: 5E7B01C1-4FAD-4127-B3B3-2AE97D6977BB, suggested name: "UI Snapshot 2026-09-14 at 10.43.27 下午"
File: D9A18076-1DCA-499B-BDBE-19E8C88D48D8, suggested name: "Synthesized Event 2026-09-14 at 10.43.28 下午"
File: 1898E748-C212-4304-8A4A-2601173B7444, suggested name: "UI Snapshot 2026-09-14 at 10.43.24 下午"
File: F71886A9-9232-42DA-817C-3908D4687920, suggested name: "Synthesized Event 2026-09-14 at 10.43.25 下午"
File: 928E39C8-7020-403C-8E45-8A51B33E0FBB, suggested name: "UI Snapshot 2026-09-14 at 10.43.23 下午"
File: B6854019-908C-4AC8-9524-A5EB6BAE4AC7, suggested name: "Synthesized Event 2026-09-14 at 10.43.24 下午"
File: 43FFEB13-8013-42A6-9900-3843987D513D, suggested name: "UI Snapshot 2026-09-14 at 10.43.21 下午"
File: A0B0F0FD-229F-4E83-A503-C0A8161F226D, suggested name: "Synthesized Event 2026-09-14 at 10.43.21 下午"
File: 6B7CC8BC-153B-4BBD-902E-9BEAE40E505A, suggested name: "UI Snapshot 2026-09-14 at 10.43.18 下午"
File: D2D59116-9E2A-46E1-9783-6190B745473A, suggested name: "Synthesized Event 2026-09-14 at 10.43.19 下午"
File: 433DED6F-1F25-4335-B737-C9E5B56330C6, suggested name: "UI Snapshot 2026-09-14 at 10.43.17 下午"
File: 0AA6EB76-8820-4438-A4DD-AC06CDD00A4F, suggested name: "Synthesized Event 2026-09-14 at 10.43.18 下午"
File: D305A23F-BEC3-461D-8002-E8DDFE0672DF, suggested name: "UI Snapshot 2026-09-14 at 10.43.15 下午"
File: 770EF224-BBB8-4CD6-912C-A64CBE012700, suggested name: "Synthesized Event 2026-09-14 at 10.43.15 下午"
File: 7DD2E002-E2AB-42DF-A03D-A290E21FB6BE, suggested name: "UI Snapshot 2026-09-14 at 10.43.12 下午"
File: E82E7639-761D-45F3-9515-C4B4E38A9D8F, suggested name: "Synthesized Event 2026-09-14 at 10.43.13 下午"
File: 722B9DD7-3220-4E22-85D6-E5B9FCF71F86, suggested name: "UI Snapshot 2026-09-14 at 10.43.11 下午"
File: 11471792-42F4-452D-9072-B333A828F6DF, suggested name: "Synthesized Event 2026-09-14 at 10.43.12 下午"
File: 574BE899-740A-4072-B1DE-694B6D3BC7C6, suggested name: "UI Snapshot 2026-09-14 at 10.43.09 下午"
File: 5A28E838-0798-4B87-8130-5AF5DA9583A8, suggested name: "Synthesized Event 2026-09-14 at 10.43.10 下午"
File: F8363697-0130-40BC-8A7C-78EAFCB071ED, suggested name: "UI Snapshot 2026-09-14 at 10.43.06 下午"
File: BD91D225-233E-493F-B9C1-26E712515A9F, suggested name: "Synthesized Event 2026-09-14 at 10.43.07 下午"
File: 2B13733D-DE15-46D5-A95F-3D4282E9EF55, suggested name: "UI Snapshot 2026-09-14 at 10.43.05 下午"
File: 7103A59D-0B67-4C39-A3F9-B6EC3AE2716B, suggested name: "Synthesized Event 2026-09-14 at 10.43.06 下午"
File: 20C85D5D-E411-45CD-8E41-D628A11FEB93, suggested name: "UI Snapshot 2026-09-14 at 10.43.03 下午"
File: 5A3F390C-413F-47CA-90B1-7E519BFD1BBD, suggested name: "Synthesized Event 2026-09-14 at 10.43.04 下午"
File: 8E175B5C-03BF-4D28-98A8-E474DE60A97A, suggested name: "UI Snapshot 2026-09-14 at 10.43.01 下午"
File: AB5B8744-4A35-4FC8-9CBF-6335D85D26D7, suggested name: "Synthesized Event 2026-09-14 at 10.43.01 下午"
File: E53E3973-F788-40F1-988E-86773C424538, suggested name: "UI Snapshot 2026-09-14 at 10.42.59 下午"
File: 2C5185F4-BE5B-40F1-9A3C-6D8F46598EC2, suggested name: "Synthesized Event 2026-09-14 at 10.42.59 下午"
File: 34FE1515-3E74-4F47-A982-DAFAB4E4CE4F, suggested name: "UI Snapshot 2026-09-14 at 10.42.56 下午"
File: E37B170B-8797-4161-8754-B2E9BD490506, suggested name: "Synthesized Event 2026-09-14 at 10.42.57 下午"
File: AF3A10E7-57ED-4536-A6A0-4E5F03A9D750, suggested name: "UI Snapshot 2026-09-14 at 10.42.54 下午"
File: 44EE9687-C7D4-4AFD-ADAD-4A60B97A1557, suggested name: "Synthesized Event 2026-09-14 at 10.42.55 下午"
File: 4659541F-8331-4744-8917-2654BB4147FF, suggested name: "UI Snapshot 2026-09-14 at 10.42.52 下午"
File: 83924F4D-F236-479E-B0A8-93FF46962A1D, suggested name: "Synthesized Event 2026-09-14 at 10.42.52 下午"
File: F73FDFD8-A391-43BE-8DCE-45195627CDA8, suggested name: "UI Snapshot 2026-09-14 at 10.42.50 下午"
File: D40FE424-2798-44A0-B987-5B41C44CA264, suggested name: "Synthesized Event 2026-09-14 at 10.42.50 下午"
File: 827ED719-1224-4826-AD49-D3A6D6C8D38F, suggested name: "UI Snapshot 2026-09-14 at 10.42.47 下午"
File: FBD9B819-3FA9-46AB-97BE-47DF98B85EC2, suggested name: "Synthesized Event 2026-09-14 at 10.42.48 下午"
File: 02CD0233-7155-45B8-9A87-DF94EB030745, suggested name: "UI Snapshot 2026-09-14 at 10.42.45 下午"
File: B2979388-7803-4D93-AEE1-800C9AEDAA49, suggested name: "Synthesized Event 2026-09-14 at 10.42.46 下午"
File: 368E8661-0FEB-4B02-BC36-4778AB322CAD, suggested name: "UI Snapshot 2026-09-14 at 10.42.43 下午"
File: 76CCB9F9-9FB9-45C2-A04D-77D90BC3925F, suggested name: "Synthesized Event 2026-09-14 at 10.42.43 下午"
File: 80DA73E5-868D-4E36-8BDC-30CF22B6B2AD.png, suggested name: "01-冷启动-AICoin默认_0_95EC7C47-115F-456F-9A57-273B78DB670A.png"
File: 6EF4215A-01FE-4FEB-BE87-220AB6E84C20.mp4, suggested name: "Screen Recording 2026-09-14 at 10.42.36 下午.mp4"

Generated manifest file with attachment details: /Users/mdd/zhk/kanpan/docs/acceptance/AICoin-base/device-final-attachments/manifest.json
