[15:45:16.922] 快照命中 binance/usd_m/BTCUSDT|1m 1500 根（冷启动）
[15:45:16.927] 图表订阅：btcusdt@kline_1m/btcusdt@ticker/btcusdt@markPrice@1s
[15:45:16.927] 图表订阅：btcusdt@kline_1m/btcusdt@ticker/btcusdt@markPrice@1s
[15:45:16.927] 开始：BTCUSDT 1m，跑 0.5 分钟（Ctrl-C 停）
[15:45:16.923] 序列 1500 根  1789970640000 … 1790060580000  末根 close=85332.6
[15:45:16.932] WS 连上 #1 wss://dstream.binance.me/stream?streams=btcusdt@kline_1m/btcusdt@markPrice@1s/btcusdt@ticker
[15:45:16.934] 状态 → live
[15:45:18.226] 末根 1790063100000 O=85220.2 H=85254.0 L=85220.2 C=85253.9 V=25.982
[15:45:18.231] 标记价 85243.59616667
[15:45:18.260] 快照 72102B → binance/usd_m/BTCUSDT|1m
[15:45:18.448] 末根 1790063100000 O=85220.2 H=85254.0 L=85220.2 C=85253.9 V=26.101
[15:45:18.723] 末根 1790063100000 O=85220.2 H=85254.0 L=85220.2 C=85253.9 V=26.167
[15:45:18.867] 标记价 85253.9
[15:45:19.132] 序列 1542 根  1789970640000 … 1790063100000  末根 close=85253.9
[15:45:19.134] 补缺失败，保留最新行情：Error Domain=NSURLErrorDomain Code=-1200 "A TLS error caused the secure connection to fail." UserInfo={_kCFStreamErrorCodeKey=-9816, NSUnderlyingError=0x7f302ec40 {Error Domain=kCFErrorDomainCFNetwork Code=-1200 "(null)" UserInfo={_kCFStreamPropertySSLClientCertificateState=0, _kCFNetworkCFStreamSSLErrorOriginalValue=-9816, _kCFStreamErrorDomainKey=3, _kCFStreamErrorCodeKey=-9816, _NSURLErrorNWPathKey=satisfied (Path is satisfied), viable, interface: lo0}}, _NSURLErrorFailingURLSessionTaskErrorKey=LocalDataTask <50EE63A4-3B1D-419D-92BC-4D4CC43630C0>.<2>, _NSURLErrorRelatedURLSessionTaskErrorKey=(
    "LocalDataTask <50EE63A4-3B1D-419D-92BC-4D4CC43630C0>.<2>"
), NSLocalizedDescription=A TLS error caused the secure connection to fail., NSErrorFailingURLStringKey=https://fapi.binance.com/fapi/v1/klines?interval=1m&limit=45&startTime=1790060580000&symbol=BTCUSDT, NSErrorFailingURLKey=https://fapi.binance.com/fapi/v1/klines?interval=1m&limit=45&startTime=1790060580000&symbol=BTCUSDT, _kCFStreamErrorDomainKey=3}
[15:45:19.135] 行情缺口暂未补齐，点此重试
[15:45:19.287] 末根 1790063100000 O=85220.2 H=85254.0 L=85220.2 C=85254.0 V=27.090
[15:45:19.287] 行情 last=85254.0 涨跌=4.638% 24h高=87385.1 低=81450.0
[15:45:19.884] 标记价 85257.22225362
[15:45:19.922] 末根 1790063100000 O=85220.2 H=85254.0 L=85220.2 C=85254.0 V=27.236
[15:45:20.213] 末根 1790063100000 O=85220.2 H=85254.0 L=85220.2 C=85253.9 V=27.311
[15:45:20.544] 末根 1790063100000 O=85220.2 H=85254.0 L=85220.2 C=85253.9 V=27.402
[15:45:20.873] 标记价 85258.70852899
[15:45:21.051] 末根 1790063100000 O=85220.2 H=85254.0 L=85220.2 C=85253.9 V=27.509
[15:45:21.447] 末根 1790063100000 O=85220.2 H=85254.3 L=85220.2 C=85254.3 V=28.048
[15:45:21.886] 标记价 85258.70852899
[15:45:21.937] WS 收帧 18 条/5006ms
[15:45:21.938] 末根 1790063100000 O=85220.2 H=85254.4 L=85220.2 C=85254.4 V=28.067
[15:45:22.654] 末根 1790063100000 O=85220.2 H=85258.0 L=85220.2 C=85258.0 V=28.927
[15:45:22.869] 标记价 85258.7007029
[15:45:22.869] 末根 1790063100000 O=85220.2 H=85258.0 L=85220.2 C=85258.0 V=28.932
[15:45:23.226] 末根 1790063100000 O=85220.2 H=85260.0 L=85220.2 C=85260.0 V=29.408
[15:45:23.450] 末根 1790063100000 O=85220.2 H=85260.0 L=85220.2 C=85260.0 V=29.413
[15:45:23.747] 末根 1790063100000 O=85220.2 H=85260.0 L=85220.2 C=85260.0 V=29.548
[15:45:23.888] 标记价 85260.0
[15:45:24.389] 末根 1790063100000 O=85220.2 H=85268.5 L=85220.2 C=85268.5 V=33.087
[15:45:24.748] 末根 1790063100000 O=85220.2 H=85268.5 L=85220.2 C=85268.4 V=33.243
[15:45:24.874] 标记价 85268.5
[15:45:25.068] 末根 1790063100000 O=85220.2 H=85268.5 L=85220.2 C=85268.5 V=33.769
[15:45:25.529] 末根 1790063100000 O=85220.2 H=85268.6 L=85220.2 C=85268.6 V=33.978
[15:45:26.122] 标记价 85268.6
[15:45:26.123] 末根 1790063100000 O=85220.2 H=85268.6 L=85220.2 C=85268.6 V=35.234
[15:45:26.301] 末根 1790063100000 O=85220.2 H=85272.0 L=85220.2 C=85272.0 V=35.693
[15:45:26.755] 末根 1790063100000 O=85220.2 H=85272.0 L=85220.2 C=85272.0 V=35.728
[15:45:26.868] 标记价 85271.8
[15:45:27.025] WS 收帧 20 条/5087ms
[15:45:27.027] 末根 1790063100000 O=85220.2 H=85272.0 L=85220.2 C=85272.0 V=35.770
[15:45:27.405] 末根 1790063100000 O=85220.2 H=85272.0 L=85220.2 C=85272.0 V=35.794
[15:45:27.863] 标记价 85272.0
[15:45:28.021] 末根 1790063100000 O=85220.2 H=85272.0 L=85220.2 C=85272.0 V=36.200
[15:45:28.379] 末根 1790063100000 O=85220.2 H=85272.0 L=85220.2 C=85271.9 V=36.204
[15:45:28.645] 末根 1790063100000 O=85220.2 H=85272.0 L=85220.2 C=85272.0 V=36.766
[15:45:28.865] 标记价 85272.0
[15:45:29.384] 末根 1790063100000 O=85220.2 H=85272.0 L=85220.2 C=85272.0 V=37.036
[15:45:29.486] 末根 1790063100000 O=85220.2 H=85272.0 L=85220.2 C=85271.9 V=37.567
[15:45:29.870] 标记价 85272.0
[15:45:30.552] 末根 1790063100000 O=85220.2 H=85272.0 L=85220.2 C=85271.9 V=37.603
[15:45:30.646] 末根 1790063100000 O=85220.2 H=85272.0 L=85220.2 C=85271.9 V=37.969
[15:45:30.870] 标记价 85272.0
[15:45:31.339] 末根 1790063100000 O=85220.2 H=85272.0 L=85220.2 C=85272.0 V=38.271
[15:45:31.881] 标记价 85271.9
[15:45:31.897] 末根 1790063100000 O=85220.2 H=85272.0 L=85220.2 C=85272.0 V=39.465
[15:45:32.188] WS 收帧 19 条/5164ms
[15:45:32.188] 末根 1790063100000 O=85220.2 H=85277.8 L=85220.2 C=85277.8 V=39.842
[15:45:32.537] 末根 1790063100000 O=85220.2 H=85280.6 L=85220.2 C=85280.5 V=40.529
[15:45:32.866] 标记价 85280.5
[15:45:32.867] 末根 1790063100000 O=85220.2 H=85280.6 L=85220.2 C=85280.5 V=40.710
[15:45:33.339] 快照 61734B → binance/usd_m/BTCUSDT|1m
[15:45:33.444] 末根 1790063100000 O=85220.2 H=85280.6 L=85220.2 C=85280.5 V=40.915
[15:45:33.774] 末根 1790063100000 O=85220.2 H=85280.6 L=85220.2 C=85280.6 V=41.094
[15:45:34.520] 标记价 85280.5
[15:45:34.522] 末根 1790063100000 O=85220.2 H=85280.6 L=85220.2 C=85280.6 V=41.113
[15:45:34.731] 末根 1790063100000 O=85220.2 H=85280.6 L=85220.2 C=85280.5 V=41.738
[15:45:34.866] 末根 1790063100000 O=85220.2 H=85291.1 L=85220.2 C=85289.9 V=66.272
[15:45:34.866] 标记价 85280.5
[15:45:35.138] 末根 1790063100000 O=85220.2 H=85291.1 L=85220.2 C=85289.9 V=72.136
[15:45:35.390] 末根 1790063100000 O=85220.2 H=85291.1 L=85220.2 C=85289.8 V=72.139
[15:45:35.687] 末根 1790063100000 O=85220.2 H=85291.1 L=85220.2 C=85289.9 V=72.259
[15:45:35.867] 标记价 85289.9
[15:45:36.422] 末根 1790063100000 O=85220.2 H=85291.1 L=85220.2 C=85289.8 V=72.321
[15:45:36.713] 末根 1790063100000 O=85220.2 H=85291.1 L=85220.2 C=85289.9 V=72.480
[15:45:36.863] 标记价 85289.9
[15:45:37.016] 末根 1790063100000 O=85220.2 H=85291.1 L=85220.2 C=85289.9 V=72.606
[15:45:37.301] WS 收帧 21 条/5113ms
[15:45:37.443] 末根 1790063100000 O=85220.2 H=85291.1 L=85220.2 C=85289.8 V=72.830
[15:45:37.865] 标记价 85289.9
[15:45:37.901] 末根 1790063100000 O=85220.2 H=85291.1 L=85220.2 C=85289.9 V=73.270
[15:45:38.450] 末根 1790063100000 O=85220.2 H=85291.1 L=85220.2 C=85289.8 V=73.533
[15:45:38.866] 标记价 85289.9
[15:45:38.910] 末根 1790063100000 O=85220.2 H=85292.6 L=85220.2 C=85292.6 V=76.487
[15:45:39.302] 行情 last=85292.7 涨跌=4.685% 24h高=87385.1 低=81450.0
[15:45:39.340] 末根 1790063100000 O=85220.2 H=85292.7 L=85220.2 C=85292.7 V=78.207
[15:45:39.755] 末根 1790063100000 O=85220.2 H=85296.4 L=85220.2 C=85296.4 V=79.185
[15:45:39.864] 标记价 85292.7
[15:45:41.296] 末根 1790063100000 O=85220.2 H=85296.8 L=85220.2 C=85296.8 V=79.807
[15:45:41.297] 标记价 85296.8
[15:45:41.382] 末根 1790063100000 O=85220.2 H=85296.9 L=85220.2 C=85296.8 V=80.312
[15:45:41.626] 末根 1790063100000 O=85220.2 H=85296.9 L=85220.2 C=85296.8 V=80.781
[15:45:41.863] 标记价 85296.9
[15:45:41.921] 末根 1790063100000 O=85220.2 H=85296.9 L=85220.2 C=85296.9 V=81.068
[15:45:42.188] 末根 1790063100000 O=85220.2 H=85296.9 L=85220.2 C=85296.9 V=81.070
[15:45:42.442] WS 收帧 20 条/5141ms
[15:45:42.443] 末根 1790063100000 O=85220.2 H=85296.9 L=85220.2 C=85296.8 V=81.371
[15:45:42.712] 末根 1790063100000 O=85220.2 H=85296.9 L=85220.2 C=85296.9 V=81.372
[15:45:42.863] 标记价 85296.9
[15:45:43.253] 末根 1790063100000 O=85220.2 H=85296.9 L=85220.2 C=85296.8 V=81.521
[15:45:43.514] 末根 1790063100000 O=85220.2 H=85296.9 L=85220.2 C=85296.9 V=81.525
[15:45:43.853] 末根 1790063100000 O=85220.2 H=85296.9 L=85220.2 C=85296.8 V=81.557
[15:45:43.862] 标记价 85296.8
[15:45:44.444] 末根 1790063100000 O=85220.2 H=85296.9 L=85220.2 C=85296.8 V=81.565
[15:45:44.867] 标记价 85296.8
[15:45:44.919] 末根 1790063100000 O=85220.2 H=85296.9 L=85220.2 C=85292.8 V=86.493
[15:45:45.444] 末根 1790063100000 O=85220.2 H=85296.9 L=85220.2 C=85292.8 V=86.946
[15:45:45.863] 标记价 85293.68704348
[15:45:46.159] 末根 1790063100000 O=85220.2 H=85296.9 L=85220.2 C=85292.9 V=87.176
[15:45:46.456] 末根 1790063100000 O=85220.2 H=85296.9 L=85220.2 C=85292.8 V=87.246
[15:45:46.714] 末根 1790063100000 O=85220.2 H=85296.9 L=85220.2 C=85290.1 V=88.574
[15:45:46.864] 标记价 85292.9
[15:45:47.049] 末根 1790063100000 O=85220.2 H=85296.9 L=85220.2 C=85290.1 V=89.804
[15:45:47.049] 收工：末根更新 70 次，价格 30 次，行情 14 次，首帧 16ms
