[15:03:10.079] 开始：BTCUSDT 1m，跑 0.5 分钟（Ctrl-C 停）
[15:03:10.083] WS 连上 #1 wss://dstream.binance.me/stream?streams=btcusdt@kline_1m/btcusdt@markPrice@1s/btcusdt@ticker
[15:03:10.084] 状态 → live
[15:03:10.701] 序列 1500 根  1789970640000 … 1790060580000  末根 close=85338.2
[15:03:10.718] 快照 60054B → binance/usd_m/BTCUSDT|1m
[15:03:10.727] 末根 1790060580000 O=85338.4 H=85338.5 L=85333.9 C=85334.0 V=5.895
[15:03:10.772] 行情 last=85334.0 涨跌=4.568% 24h高=87385.1 低=81433.2
[15:03:10.906] 标记价 85340.86914543
[15:03:11.174] 末根 1790060580000 O=85338.4 H=85338.5 L=85333.9 C=85333.9 V=5.896
[15:03:11.587] 末根 1790060580000 O=85338.4 H=85338.5 L=85333.9 C=85334.0 V=5.900
[15:03:11.913] 标记价 85340.15914543
[15:03:11.978] 末根 1790060580000 O=85338.4 H=85338.5 L=85333.9 C=85334.0 V=6.226
[15:03:12.624] 末根 1790060580000 O=85338.4 H=85338.5 L=85333.9 C=85334.0 V=6.483
[15:03:12.903] 标记价 85338.56349325
[15:03:13.305] 末根 1790060580000 O=85338.4 H=85338.5 L=85333.9 C=85333.9 V=6.486
[15:03:13.585] 末根 1790060580000 O=85338.4 H=85338.5 L=85333.9 C=85333.9 V=6.648
[15:03:13.898] 标记价 85336.92499275
[15:03:14.816] 末根 1790060580000 O=85338.4 H=85338.5 L=85333.9 C=85333.9 V=9.104
[15:03:14.905] 标记价 85336.84021014
[15:03:15.082] 末根 1790060580000 O=85338.4 H=85338.5 L=85333.9 C=85333.9 V=9.112
[15:03:15.704] WS 收帧 18 条/5620ms
[15:03:15.705] 末根 1790060580000 O=85338.4 H=85338.5 L=85333.9 C=85333.9 V=9.424
[15:03:15.897] 标记价 85336.84021014
[15:03:15.982] 末根 1790060580000 O=85338.4 H=85338.5 L=85333.9 C=85334.0 V=9.429
[15:03:16.282] 末根 1790060580000 O=85338.4 H=85338.5 L=85333.9 C=85333.9 V=9.993
[15:03:16.916] 标记价 85336.85977536
[15:03:17.441] 末根 1790060580000 O=85338.4 H=85338.5 L=85333.9 C=85333.9 V=10.075
[15:03:18.575] 标记价 85335.25216667
[15:03:18.575] 末根 1790060580000 O=85338.4 H=85338.5 L=85333.9 C=85333.9 V=10.134
[15:03:18.682] 末根 1790060580000 O=85338.4 H=85338.5 L=85328.1 C=85328.1 V=11.514
[15:03:18.885] 末根 1790060580000 O=85338.4 H=85338.5 L=85328.1 C=85328.1 V=11.550
[15:03:18.900] 标记价 85333.9
[15:03:19.545] 末根 1790060580000 O=85338.4 H=85338.5 L=85328.1 C=85328.1 V=11.629
[15:03:19.861] 末根 1790060580000 O=85338.4 H=85338.5 L=85328.1 C=85328.1 V=11.663
[15:03:19.908] 标记价 85331.57849275
[15:03:20.260] 末根 1790060580000 O=85338.4 H=85338.5 L=85328.1 C=85328.1 V=11.725
[15:03:20.778] WS 收帧 17 条/5073ms
[15:03:20.902] 标记价 85328.1
[15:03:21.018] 末根 1790060580000 O=85338.4 H=85338.5 L=85328.1 C=85328.1 V=11.765
[15:03:21.904] 标记价 85328.1
[15:03:22.045] 末根 1790060580000 O=85338.4 H=85338.5 L=85328.1 C=85328.1 V=11.811
[15:03:22.904] 标记价 85328.1
[15:03:23.007] 末根 1790060580000 O=85338.4 H=85338.5 L=85328.1 C=85328.1 V=11.821
[15:03:23.899] 标记价 85328.1
[15:03:24.178] 末根 1790060580000 O=85338.4 H=85338.5 L=85328.1 C=85328.1 V=11.830
[15:03:24.500] 末根 1790060580000 O=85338.4 H=85338.5 L=85328.1 C=85328.1 V=11.832
[15:03:24.897] 标记价 85328.1
[15:03:25.305] 末根 1790060580000 O=85338.4 H=85338.5 L=85328.1 C=85328.1 V=11.843
[15:03:25.597] 末根 1790060580000 O=85338.4 H=85338.5 L=85328.1 C=85328.1 V=11.910
[15:03:25.865] WS 收帧 15 条/5087ms
[15:03:25.866] 末根 1790060580000 O=85338.4 H=85338.5 L=85328.1 C=85328.1 V=11.927
[15:03:25.869] 快照 60054B → binance/usd_m/BTCUSDT|1m
[15:03:25.901] 标记价 85328.1
[15:03:26.370] 末根 1790060580000 O=85338.4 H=85338.5 L=85328.1 C=85328.1 V=11.959
[15:03:26.718] 末根 1790060580000 O=85338.4 H=85338.5 L=85328.1 C=85328.1 V=12.022
[15:03:26.898] 标记价 85328.1
[15:03:27.489] 末根 1790060580000 O=85338.4 H=85338.5 L=85328.1 C=85328.1 V=12.059
[15:03:27.912] 标记价 85328.1
[15:03:28.493] 末根 1790060580000 O=85338.4 H=85338.5 L=85328.0 C=85328.0 V=12.720
[15:03:28.821] 末根 1790060580000 O=85338.4 H=85338.5 L=85328.0 C=85328.0 V=12.728
[15:03:28.902] 标记价 85328.0
[15:03:29.196] 末根 1790060580000 O=85338.4 H=85338.5 L=85328.0 C=85328.0 V=12.855
[15:03:29.559] 末根 1790060580000 O=85338.4 H=85338.5 L=85328.0 C=85328.0 V=12.860
[15:03:29.906] 标记价 85328.0
[15:03:30.339] 末根 1790060580000 O=85338.4 H=85338.5 L=85328.0 C=85328.0 V=13.271
[15:03:30.632] 末根 1790060580000 O=85338.4 H=85338.5 L=85328.0 C=85328.0 V=15.875
[15:03:30.781] 行情 last=85328.0 涨跌=4.561% 24h高=87385.1 低=81433.2
[15:03:30.899] WS 收帧 18 条/5033ms
[15:03:30.899] 标记价 85328.0
[15:03:31.563] 末根 1790060580000 O=85338.4 H=85338.5 L=85328.0 C=85328.1 V=18.536
[15:03:31.898] 标记价 85328.0
[15:03:32.198] 末根 1790060580000 O=85338.4 H=85338.5 L=85328.0 C=85328.1 V=18.572
[15:03:32.726] 末根 1790060580000 O=85338.4 H=85338.5 L=85328.0 C=85328.1 V=18.584
[15:03:32.900] 标记价 85328.0
[15:03:33.287] 末根 1790060580000 O=85338.4 H=85338.5 L=85328.0 C=85332.5 V=22.049
[15:03:33.899] 标记价 85328.57897826
[15:03:34.383] 末根 1790060580000 O=85338.4 H=85338.5 L=85328.0 C=85332.5 V=22.113
[15:03:34.902] 标记价 85332.6
[15:03:35.393] 末根 1790060580000 O=85338.4 H=85338.5 L=85328.0 C=85332.5 V=22.124
[15:03:35.900] WS 收帧 13 条/5001ms
[15:03:35.901] 标记价 85332.5
[15:03:36.284] 末根 1790060580000 O=85338.4 H=85338.5 L=85328.0 C=85332.6 V=22.127
[15:03:36.546] 末根 1790060580000 O=85338.4 H=85338.5 L=85328.0 C=85332.6 V=22.136
[15:03:36.806] 末根 1790060580000 O=85338.4 H=85338.5 L=85328.0 C=85332.5 V=22.153
[15:03:36.905] 标记价 85332.5
[15:03:37.871] 末根 1790060580000 O=85338.4 H=85338.5 L=85328.0 C=85332.5 V=22.154
[15:03:37.909] 标记价 85332.6
[15:03:37.972] 末根 1790060580000 O=85338.4 H=85338.5 L=85328.0 C=85332.5 V=22.156
[15:03:38.902] 标记价 85332.5
[15:03:39.118] 末根 1790060580000 O=85338.4 H=85338.5 L=85328.0 C=85332.5 V=22.159
[15:03:39.439] 末根 1790060580000 O=85338.4 H=85338.5 L=85328.0 C=85332.6 V=24.327
[15:03:39.841] 末根 1790060580000 O=85338.4 H=85338.5 L=85328.0 C=85332.7 V=24.447
[15:03:39.904] 标记价 85332.5
[15:03:40.438] 末根 1790060580000 O=85338.4 H=85338.5 L=85328.0 C=85332.6 V=24.458
[15:03:40.438] 收工：末根更新 51 次，价格 30 次，行情 15 次，首帧 624ms
[15:03:40.444] 快照 60054B → binance/usd_m/BTCUSDT|1m
