[22:51:43.097] 图表订阅：AVAXUSDT K线1h、AVAXUSDT 行情、AVAXUSDT 标记价
[22:51:43.097] 图表订阅：AVAXUSDT K线1h、AVAXUSDT 行情、AVAXUSDT 标记价
[22:51:43.097] 开始：binance/usd_m/AVAXUSDT 1h，跑 0.05 分钟（Ctrl-C 停）
[22:51:43.701] 序列 300 根  1789095600000 … 1790172000000  末根 close=10.393
[22:51:43.701] 首屏 300 根先落地 binance/usd_m/AVAXUSDT|1h
[22:51:43.880] WS有效首帧 dstream.binance.me 783ms
[22:51:43.881] WS 连上 #1 wss://dstream.binance.me/stream?streams=avaxusdt@kline_1h/avaxusdt@markPrice@1s/avaxusdt@ticker
[22:51:43.881] 状态 → live
[22:51:43.881] 末根 1790172000000 O=10.762 H=10.815 L=10.06 C=10.405 V=4631226.000
[22:51:43.884] 快照 14455B → binance/usd_m/AVAXUSDT|1h
[22:51:43.931] 序列 1500 根  1784775600000 … 1790172000000  末根 close=10.405
[22:51:44.231] 行情 last=10.394 涨跌=-5.655% 24h高=11.404 低=10.06
[22:51:44.277] 标记价 10.404
[22:51:44.278] 末根 1790172000000 O=10.762 H=10.815 L=10.06 C=10.409 V=4631573.000
[22:51:44.446] 末根 1790172000000 O=10.762 H=10.815 L=10.06 C=10.414 V=4634589.000
[22:51:44.710] 末根 1790172000000 O=10.762 H=10.815 L=10.06 C=10.417 V=4634844.000
[22:51:44.999] 标记价 10.40185714
[22:51:45.020] 末根 1790172000000 O=10.762 H=10.815 L=10.06 C=10.424 V=4635876.000
[22:51:45.433] 末根 1790172000000 O=10.762 H=10.815 L=10.06 C=10.422 V=4636895.000
[22:51:45.789] 末根 1790172000000 O=10.762 H=10.815 L=10.06 C=10.421 V=4636923.000
[22:51:46.001] 标记价 10.40999289
[22:51:46.209] 收工：末根更新 7 次，价格 3 次，行情 2 次，首帧 605ms
