[22:51:27.097] 图表订阅：ETHUSDT K线1h、ETHUSDT 行情、ETHUSDT 标记价
[22:51:27.099] 图表订阅：ETHUSDT K线1h、ETHUSDT 行情、ETHUSDT 标记价
[22:51:27.099] 开始：binance/usd_m/ETHUSDT 1h，跑 0.05 分钟（Ctrl-C 停）
[22:51:27.617] WS有效首帧 dstream.binance.me 518ms
[22:51:27.617] WS 连上 #1 wss://dstream.binance.me/stream?streams=ethusdt@kline_1h/ethusdt@markPrice@1s/ethusdt@ticker
[22:51:27.618] 状态 → live
[22:51:27.618] 末根 1790172000000 O=2714.96 H=2722.7 L=2645.99 C=2663.41 V=945256.330
[22:51:27.787] 序列 1500 根  1784775600000 … 1790172000000  末根 close=2663.41
[22:51:27.790] 快照 72054B → binance/usd_m/ETHUSDT|1h
[22:51:27.877] 末根 1790172000000 O=2714.96 H=2722.7 L=2645.99 C=2663.4 V=945258.853
[22:51:28.090] 行情 last=2663.76 涨跌=-2.582% 24h高=2787.82 低=2645.99
[22:51:28.638] 标记价 2663.31148062
[22:51:28.638] 末根 1790172000000 O=2714.96 H=2722.7 L=2645.99 C=2663.41 V=945258.967
[22:51:28.742] 末根 1790172000000 O=2714.96 H=2722.7 L=2645.99 C=2663.41 V=945325.873
[22:51:28.938] 末根 1790172000000 O=2714.96 H=2722.7 L=2645.99 C=2663.41 V=945340.760
[22:51:28.986] 标记价 2663.4
[22:51:29.415] 末根 1790172000000 O=2714.96 H=2722.7 L=2645.99 C=2663.4 V=945343.165
[22:51:29.897] 末根 1790172000000 O=2714.96 H=2722.7 L=2645.99 C=2663.4 V=945343.674
[22:51:29.993] 标记价 2663.41
[22:51:30.135] 收工：末根更新 7 次，价格 3 次，行情 2 次，首帧 690ms
