[22:51:46.285] 图表订阅：LTCUSDT K线1h、LTCUSDT 行情、LTCUSDT 标记价
[22:51:46.285] 图表订阅：LTCUSDT K线1h、LTCUSDT 行情、LTCUSDT 标记价
[22:51:46.285] 开始：binance/usd_m/LTCUSDT 1h，跑 0.05 分钟（Ctrl-C 停）
[22:51:46.934] WS有效首帧 dstream.binance.me 648ms
[22:51:46.934] WS 连上 #1 wss://dstream.binance.me/stream?streams=ltcusdt@kline_1h/ltcusdt@markPrice@1s/ltcusdt@ticker
[22:51:46.934] 状态 → live
[22:51:46.934] 末根 1790172000000 O=62.64 H=63.03 L=58.34 C=60.72 V=677484.505
[22:51:46.977] 序列 1500 根  1784775600000 … 1790172000000  末根 close=60.72
[22:51:46.978] 快照 72054B → binance/usd_m/LTCUSDT|1h
[22:51:47.042] 标记价 60.65880324
[22:51:47.099] 末根 1790172000000 O=62.64 H=63.03 L=58.34 C=60.74 V=677608.029
[22:51:47.357] 末根 1790172000000 O=62.64 H=63.03 L=58.34 C=60.74 V=677626.175
[22:51:47.430] 行情 last=60.53 涨跌=-1.159% 24h高=64.63 低=58.34
[22:51:47.848] 末根 1790172000000 O=62.64 H=63.03 L=58.34 C=60.74 V=677626.509
[22:51:47.982] 标记价 60.69
[22:51:48.141] 末根 1790172000000 O=62.64 H=63.03 L=58.34 C=60.72 V=677649.078
[22:51:48.475] 末根 1790172000000 O=62.64 H=63.03 L=58.34 C=60.69 V=677665.706
[22:51:48.777] 末根 1790172000000 O=62.64 H=63.03 L=58.34 C=60.7 V=677677.710
[22:51:48.988] 标记价 60.70968589
[22:51:49.115] 末根 1790172000000 O=62.64 H=63.03 L=58.34 C=60.71 V=677715.021
[22:51:49.384] 收工：末根更新 8 次，价格 3 次，行情 2 次，首帧 692ms
