[22:51:30.218] 图表订阅：XRPUSDT K线1h、XRPUSDT 行情、XRPUSDT 标记价
[22:51:30.219] 图表订阅：XRPUSDT K线1h、XRPUSDT 行情、XRPUSDT 标记价
[22:51:30.219] 开始：binance/usd_m/XRPUSDT 1h，跑 0.05 分钟（Ctrl-C 停）
[22:51:31.282] 序列 300 根  1789095600000 … 1790172000000  末根 close=1.5204
[22:51:31.282] 首屏 300 根先落地 binance/usd_m/XRPUSDT|1h
[22:51:31.376] 序列 1500 根  1784775600000 … 1790172000000  末根 close=1.5207
[22:51:31.379] 快照 72054B → binance/usd_m/XRPUSDT|1h
[22:51:31.572] WS有效首帧 dstream.binance.me 1352ms
[22:51:31.572] WS 连上 #1 wss://dstream.binance.me/stream?streams=xrpusdt@kline_1h/xrpusdt@markPrice@1s/xrpusdt@ticker
[22:51:31.572] 状态 → live
[22:51:31.613] 行情 last=1.5207 涨跌=-2.168% 24h高=1.6582 低=1.5052
[22:51:31.805] 序列 1500 根  1784775600000 … 1790172000000  末根 close=1.5208
[22:51:31.805] 补缺 startTime=1790172000000 → 1 根，净增 0，队列已合并
[22:51:31.899] 末根 1790172000000 O=1.5747 H=1.5816 L=1.5052 C=1.5209 V=199694255.200
[22:51:31.986] 标记价 1.52094387
[22:51:32.226] 末根 1790172000000 O=1.5747 H=1.5816 L=1.5052 C=1.5209 V=199695733.200
[22:51:32.484] 末根 1790172000000 O=1.5747 H=1.5816 L=1.5052 C=1.521 V=199696805.500
[22:51:32.987] 标记价 1.52104732
[22:51:33.021] 末根 1790172000000 O=1.5747 H=1.5816 L=1.5052 C=1.521 V=199696966.100
[22:51:33.225] 收工：末根更新 4 次，价格 2 次，行情 2 次，首帧 1064ms
