→ 模拟器：iPhone 16 Pro · compare (F5EB53E9-4A51-4CA9-B5CE-C4B287E13F6F)
→ 构建取证宿主

** BUILD SUCCEEDED **

→ CPU 轮：画一屏，静止 30 秒
  pid=84581
Detected file type from extension: PNG
Note: No display specified. Defaulting to display: C9687EC7-1156-4D18-AE32-0AD984C0B06B (screenID: 1, name: LCD)
Wrote screenshot to: /Users/mdd/zhk/kanpan-compare/docs/acceptance/对比K线-2026-09-22/CPU-改前/A3.12-screen.png
Starting recording with the Time Profiler template. Targeting All Processes. Time limit: 30.0 s
Ctrl-C to stop the recording
Reached specified time limit, ending recording...
Recording completed. Saving output file...
Output file saved as: A3.12.trace
  时长            32.039 s
  本进程采样数     0（每采样 1.00 ms）
  CPU%（Instruments）0.000 %
  CPU%（ps）        0.000 %（ps TIME 分辨率 10 ms，0.00 即 < 0.031 %）
  阈值 1% → 通过
→ trace：  /Users/mdd/zhk/kanpan-compare/docs/acceptance/对比K线-2026-09-22/CPU-改前/instruments/A3.12.trace
→ 采样表： /Users/mdd/zhk/kanpan-compare/docs/acceptance/对比K线-2026-09-22/CPU-改前/A3.12-samples.csv
