Command line invocation:
    /Applications/Xcode.app/Contents/Developer/usr/bin/xcodebuild test -scheme KanpanChart -destination "platform=iOS Simulator,name=iPhone 16 Pro · ringtone" -derivedDataPath .xcbuild -jobs 2 -parallel-testing-enabled NO -test-timeouts-enabled YES -maximum-test-execution-time-allowance 180

Resolve Package Graph
2026-09-22 15:22:23.543 xcodebuild[85800:4203533] [MT] IDERunDestination: Supported platforms for the buildables in the current scheme is empty.


Resolved source packages:
  KanpanCore: /Users/mdd/zhk/kanpan-ringtone/KanpanCore @ local
  KanpanChart: /Users/mdd/zhk/kanpan-ringtone/KanpanChart

Build Preparation
Build task concurrency set to 2 via user default IDEBuildOperationMaxNumberOfConcurrentCompileTasks

ComputePackagePrebuildTargetDependencyGraph

Prepare packages

CreateBuildRequest

SendProjectDescription

CreateBuildOperation

ComputeTargetDependencyGraph
note: Building targets in dependency order
note: Target dependency graph (6 targets)
    Target 'KanpanChart' in project 'KanpanChart'
        ➜ Explicit dependency on target 'KanpanChart' in project 'KanpanChart'
        ➜ Explicit dependency on target 'KanpanCore' in project 'KanpanCore'
    Target 'KanpanChartTests' in project 'KanpanChart'
        ➜ Explicit dependency on target 'KanpanChart_KanpanChartTests' in project 'KanpanChart'
        ➜ Explicit dependency on target 'KanpanChart' in project 'KanpanChart'
        ➜ Explicit dependency on target 'KanpanCore' in project 'KanpanCore'
    Target 'KanpanChart' in project 'KanpanChart'
        ➜ Explicit dependency on target 'KanpanCore' in project 'KanpanCore'
    Target 'KanpanCore' in project 'KanpanCore'
        ➜ Explicit dependency on target 'KanpanCore' in project 'KanpanCore'
    Target 'KanpanCore' in project 'KanpanCore' (no dependencies)
    Target 'KanpanChart_KanpanChartTests' in project 'KanpanChart' (no dependencies)

GatherProvisioningInputs

CreateBuildDescription

ClangStatCache /Applications/Xcode.app/Contents/Developer/Toolchains/XcodeDefault.xctoolchain/usr/bin/clang-stat-cache /Applications/Xcode.app/Contents/Developer/Platforms/iPhoneSimulator.platform/Developer/SDKs/iPhoneSimulator26.5.sdk /Users/mdd/zhk/kanpan-ringtone/KanpanChart/.xcbuild/SDKStatCaches.noindex/iphonesimulator26.5-23F81a-6cfe768891a92b912361537c460fe42b.sdkstatcache
    cd /Users/mdd/zhk/kanpan-ringtone/KanpanChart/.swiftpm/xcode
    /Applications/Xcode.app/Contents/Developer/Toolchains/XcodeDefault.xctoolchain/usr/bin/clang-stat-cache /Applications/Xcode.app/Contents/Developer/Platforms/iPhoneSimulator.platform/Developer/SDKs/iPhoneSimulator26.5.sdk -o /Users/mdd/zhk/kanpan-ringtone/KanpanChart/.xcbuild/SDKStatCaches.noindex/iphonesimulator26.5-23F81a-6cfe768891a92b912361537c460fe42b.sdkstatcache

Test Suite 'All tests' started at 2026-09-22 15:22:55.390.
Test Suite 'KanpanChartTests.xctest' started at 2026-09-22 15:22:55.430.
Test Suite 'PerfBenchmarkTests' started at 2026-09-22 15:22:55.432.
Test Case '-[KanpanChartTests.PerfBenchmarkTests testDragFrame]' started.
BENCH chart.drag.frame median_ms=20.2041 p90_ms=33.0645 n=3000
BENCH chart.drag.frame median_ms=19.9229 p90_ms=28.1253 n=15000
Test Case '-[KanpanChartTests.PerfBenchmarkTests testDragFrame]' passed (1.841 seconds).
Test Case '-[KanpanChartTests.PerfBenchmarkTests testFrameThreeLayers]' started.
BENCH chart.frame.three_layers median_ms=14.2672 p90_ms=21.9179 n=3000
BENCH chart.frame.three_layers median_ms=23.2443 p90_ms=77.3339 n=15000
Test Case '-[KanpanChartTests.PerfBenchmarkTests testFrameThreeLayers]' passed (1.500 seconds).
Test Case '-[KanpanChartTests.PerfBenchmarkTests testIndicatorFullRebuild]' started.
BENCH chart.indicators.full_rebuild median_ms=19.7978 p90_ms=56.7901 n=3000
BENCH chart.indicators.full_rebuild median_ms=78.5995 p90_ms=214.4039 n=15000
Test Case '-[KanpanChartTests.PerfBenchmarkTests testIndicatorFullRebuild]' passed (3.680 seconds).
Test Case '-[KanpanChartTests.PerfBenchmarkTests testTickFullCost]' started.
BENCH chart.tick.recalc_redraw median_ms=9.4646 p90_ms=12.2137 n=3000
BENCH chart.tick.recalc_redraw median_ms=9.8388 p90_ms=11.3704 n=15000
Test Case '-[KanpanChartTests.PerfBenchmarkTests testTickFullCost]' passed (0.731 seconds).
Test Suite 'PerfBenchmarkTests' passed at 2026-09-22 15:23:03.200.
	 Executed 4 tests, with 0 failures (0 unexpected) in 7.753 (7.768) seconds
Test Suite 'KanpanChartTests.xctest' passed at 2026-09-22 15:23:03.201.
	 Executed 4 tests, with 0 failures (0 unexpected) in 7.753 (7.771) seconds
Test Suite 'All tests' passed at 2026-09-22 15:23:03.201.
	 Executed 4 tests, with 0 failures (0 unexpected) in 7.753 (7.810) seconds
◇ Test run started.
↳ Testing Library Version: 1902
↳ Target Platform: arm64-apple-ios13.0-simulator
◇ Suite "右轴宽度按内容算" started.
◇ Test "图表价格与价差读数按报价步长，百分比保留独立口径" started.
✔ Test "图表价格与价差读数按报价步长，百分比保留独立口径" passed after 0.013 seconds.
◇ Test "轴宽贴着最宽的那条刻度走" started.
✔ Test "轴宽贴着最宽的那条刻度走" passed after 0.007 seconds.
◇ Test "位数决定宽度，数字本身不决定" started.
✔ Test "位数决定宽度，数字本身不决定" passed after 0.015 seconds.
◇ Test "右轴上的胶囊不出右缘" started.
✔ Test "右轴上的胶囊不出右缘" passed after 0.006 seconds.
◇ Test "倒计时关着就不为它留地方" started.
✔ Test "倒计时关着就不为它留地方" passed after 0.006 seconds.
✔ Suite "右轴宽度按内容算" passed after 0.050 seconds.
◇ Suite "拖动期间轴冻结" started.
◇ Test "按住十字线时新 K 线不挪视野，抬手一次追平" started.
✔ Test "按住十字线时新 K 线不挪视野，抬手一次追平" passed after 0.036 seconds.
◇ Test "在看历史的图，抬手不会被拽回最新" started.
✔ Test "在看历史的图，抬手不会被拽回最新" passed after 0.002 seconds.
◇ Test "二指介入就解钉：捏合本来就是冲着视野来的" started.
✔ Test "二指介入就解钉：捏合本来就是冲着视野来的" passed after 0.001 seconds.
◇ Test "按住线的端点时，新 K 线到货线也不从手指底下跑" started.
✔ Test "按住线的端点时，新 K 线到货线也不从手指底下跑" passed after 0.021 seconds.
◇ Test "撤销栈活得过图的重建：两笔画完换一张图，撤销撤掉的还是最后一笔" started.
✔ Test "撤销栈活得过图的重建：两笔画完换一张图，撤销撤掉的还是最后一笔" passed after 0.069 seconds.
◇ Test "空栈不建会话：没画过线的图别凭空多挂一个关联对象" started.
✔ Test "空栈不建会话：没画过线的图别凭空多挂一个关联对象" passed after 0.001 seconds.
✔ Suite "拖动期间轴冻结" passed after 0.133 seconds.
◇ Suite "画线：一次点击落几条 / 什么时候才选中" started.
◇ Test "单锚点工具一次点击只落一条" started.
✔ Test "单锚点工具一次点击只落一条" passed after 0.086 seconds.
◇ Test "点一条之后马上捏合：捏合不是第二条" started.
✔ Test "点一条之后马上捏合：捏合不是第二条" passed after 0.008 seconds.
◇ Test "手指已经按在图上才拿起工具：这一下不落笔" started.
✔ Test "手指已经按在图上才拿起工具：这一下不落笔" passed after 0.004 seconds.
◇ Test "不在画线态：点中一条已有的线不选中" started.
✔ Test "不在画线态：点中一条已有的线不选中" passed after 0.004 seconds.
◇ Test "不在画线态：深链指过来的那条点一下能取消" started.
✔ Test "不在画线态：深链指过来的那条点一下能取消" passed after 0.002 seconds.
◇ Test "在画线态：点中还是照样选中" started.
✔ Test "在画线态：点中还是照样选中" passed after 0.004 seconds.
✔ Suite "画线：一次点击落几条 / 什么时候才选中" passed after 0.140 seconds.
◇ Suite "画线交互" started.
◇ Test "A7.3：水平线一点即成，工具用完自动松开" started.
✔ Test "A7.3：水平线一点即成，工具用完自动松开" passed after 0.044 seconds.
◇ Test "A7.2：趋势线点两下成线，第一点落下后提示改口" started.
✔ Test "A7.2：趋势线点两下成线，第一点落下后提示改口" passed after 0.012 seconds.
◇ Test "§10.8：第一点落下后预览点跟着手指走" started.
✔ Test "§10.8：第一点落下后预览点跟着手指走" passed after 0.014 seconds.
◇ Test "A7.2：磁吸开着，落点吸到那根的 OHLC" started.
✔ Test "A7.2：磁吸开着，落点吸到那根的 OHLC" passed after 0.007 seconds.
◇ Test "磁吸关掉就停在手指上" started.
✔ Test "磁吸关掉就停在手指上" passed after 0.006 seconds.
◇ Test "A7.4：轻点线身选中，空白处轻点取消" started.
✔ Test "A7.4：轻点线身选中，空白处轻点取消" passed after 0.001 seconds.
◇ Test "A7.4：离线太远的轻点不选中" started.
✔ Test "A7.4：离线太远的轻点不选中" passed after 0.001 seconds.
◇ Test "A7.4：拖手柄只改那一端" started.
✔ Test "A7.4：拖手柄只改那一端" passed after 0.006 seconds.
◇ Test "A7.4：拖线身整条平移，两端位移一样" started.
✔ Test "A7.4：拖线身整条平移，两端位移一样" passed after 0.007 seconds.
◇ Test "没选中的线拖不动，那一下是拖图" started.
✔ Test "没选中的线拖不动，那一下是拖图" passed after 0.001 seconds.
◇ Test "Phone: unselected endpoint pans; selected endpoint has a 44pt touch target" started.
✔ Test "Phone: unselected endpoint pans; selected endpoint has a 44pt touch target" passed after 0.008 seconds.
◇ Test "A7.5：对数模式下拖动按像素走，两端的像素位移一致" started.
✔ Test "A7.5：对数模式下拖动按像素走，两端的像素位移一致" passed after 0.007 seconds.
◇ Test "水平线整条拖只动价格，不动时间" started.
✔ Test "水平线整条拖只动价格，不动时间" passed after 0.053 seconds.
◇ Test "A7.5：拖图缩放之后线还钉在同一对 (时间, 价格) 上" started.
✔ Test "A7.5：拖图缩放之后线还钉在同一对 (时间, 价格) 上" passed after 0.002 seconds.
◇ Test "A7.8：两指照样能捏合" started.
✔ Test "A7.8：两指照样能捏合" passed after 0.005 seconds.
◇ Test "A7.6：删除只删选中的那条；完成退出画线态但线留着" started.
✔ Test "A7.6：删除只删选中的那条；完成退出画线态但线留着" passed after 0.006 seconds.
◇ Test "撤销重做走一圈：画两条、撤两步、重做一步" started.
✔ Test "撤销重做走一圈：画两条、撤两步、重做一步" passed after 0.010 seconds.
◇ Test "删除也能撤销回来" started.
✔ Test "删除也能撤销回来" passed after 0.001 seconds.
◇ Test "A7.7：一个品种画满 50 条就不再往里塞" started.
✔ Test "A7.7：一个品种画满 50 条就不再往里塞" passed after 0.009 seconds.
◇ Test "覆盖层装上之后，触摸从它这儿转进来" started.
✔ Test "覆盖层装上之后，触摸从它这儿转进来" passed after 0.006 seconds.
◇ Test "换一批线（切品种）把选中、半截的线和撤销栈一起清掉" started.
✔ Test "换一批线（切品种）把选中、半截的线和撤销栈一起清掉" passed after 0.006 seconds.
◇ Test "线变了会叫外面存盘" started.
✔ Test "线变了会叫外面存盘" passed after 0.007 seconds.
◇ Test "All tools create, undo and redo" started.
✔ Test "All tools create, undo and redo" passed after 0.782 seconds.
◇ Test "Drag previews do not mutate committed model; cancel and no-op have no undo entry" started.
✔ Test "Drag previews do not mutate committed model; cancel and no-op have no undo entry" passed after 0.013 seconds.
◇ Test "Pinch while placing preserves anchors" started.
✔ Test "Pinch while placing preserves anchors" passed after 0.014 seconds.
◇ Test "Lock, hide, copy and styles support undo" started.
✔ Test "Lock, hide, copy and styles support undo" passed after 0.002 seconds.
◇ Test "Distant drawings do not distort Y; hidden objects cannot be selected" started.
✔ Test "Distant drawings do not distort Y; hidden objects cannot be selected" passed after 0.002 seconds.
◇ Test "MA EMA colors are independent from each other and calculations" started.
✔ Test "MA EMA colors are independent from each other and calculations" passed after 0.002 seconds.
◇ Test "VWAP 与两把成交量分布都画得出来，拿不到 K 线时一笔都不画" started.
✔ Test "VWAP 与两把成交量分布都画得出来，拿不到 K 线时一笔都不画" passed after 0.107 seconds.
◇ Test "区间分布在点第二下之前就把柱子预览出来" started.
✔ Test "区间分布在点第二下之前就把柱子预览出来" passed after 0.063 seconds.
✔ Suite "画线交互" passed after 1.310 seconds.
◇ Suite "图表补全渲染与交互" started.
◇ Test "主图均线输出参与范围，关闭槽位曲线和数值同步消失" started.
✔ Test "主图均线输出参与范围，关闭槽位曲线和数值同步消失" passed after 0.005 seconds.
◇ Test "高度改变不改变横向布局；副图重排完整区域跟随指标身份" started.
✔ Test "高度改变不改变横向布局；副图重排完整区域跟随指标身份" passed after 0.008 seconds.
◇ Test "共享历史列读数与关闭恢复最后有效值" started.
✔ Test "共享历史列读数与关闭恢复最后有效值" passed after 0.002 seconds.
◇ Test "显示模式和选中价格模式切换清空单一选择源" started.
✔ Test "显示模式和选中价格模式切换清空单一选择源" passed after 0.005 seconds.
◇ Test "主副轴独立权限，倒置曲线与反向触摸映射一致" started.
✔ Test "主副轴独立权限，倒置曲线与反向触摸映射一致" passed after 0.010 seconds.
◇ Test "收盘模式按Android在松手取收盘，选中模式保留自由Y" started.
✔ Test "收盘模式按Android在松手取收盘，选中模式保留自由Y" passed after 0.003 seconds.
◇ Test "三指变两指重建基准，取消清掉触点和Y锚定" started.
✔ Test "三指变两指重建基准，取消清掉触点和Y锚定" passed after 0.003 seconds.
◇ Test "只有时钟变化也更新倒计时层，百分比最新价用同一基准" started.
✔ Test "只有时钟变化也更新倒计时层，百分比最新价用同一基准" passed after 0.010 seconds.
✔ Suite "图表补全渲染与交互" passed after 0.054 seconds.
◇ Suite "AICoin 手势状态机" started.
◇ Test "单击显示，第二次关闭；X吸柱中心、Y保留选中价" started.
✔ Test "单击显示，第二次关闭；X吸柱中心、Y保留选中价" passed after 0.001 seconds.
◇ Test "长按抬手保留选择" started.
✔ Test "长按抬手保留选择" passed after 0.597 seconds.
◇ Test "十字中心才移线，远处横拖清选择并移动历史窗口" started.
✔ Test "十字中心才移线，远处横拖清选择并移动历史窗口" passed after 0.015 seconds.
◇ Test "自动Y下纵向拖动不偷偷修改Y或X" started.
✔ Test "自动Y下纵向拖动不偷偷修改Y或X" passed after 0.001 seconds.
◇ Test "价格轴拖动进入归一化手动Y，A只复位Y" started.
✔ Test "价格轴拖动进入归一化手动Y，A只复位Y" passed after 0.002 seconds.
◇ Test "历史缩放抬起一指后不跳变" started.
✔ Test "历史缩放抬起一指后不跳变" passed after 0.001 seconds.
◇ Test "双指小间距起步保留初始基准，越过门槛后缩放" started.
✔ Test "双指小间距起步保留初始基准，越过门槛后缩放" passed after 0.002 seconds.
◇ Test "实时末根更新与同数历史替换均刷新指标" started.
✔ Test "实时末根更新与同数历史替换均刷新指标" passed after 0.003 seconds.
✔ Suite "AICoin 手势状态机" passed after 0.625 seconds.
◇ Suite "十字线按根挪" started.
◇ Test "一次一根，磁吸跟着新那根的收盘走" started.
✔ Test "一次一根，磁吸跟着新那根的收盘走" passed after 0.001 seconds.
◇ Test "手动摆的价位挪根时原地不动" started.
✔ Test "手动摆的价位挪根时原地不动" passed after 0.001 seconds.
◇ Test "到头停住不循环，没十字线时什么也不做" started.
✔ Test "到头停住不循环，没十字线时什么也不做" passed after 0.001 seconds.
◇ Test "挪出可视区时视野跟着推" started.
✔ Test "挪出可视区时视野跟着推" passed after 0.009 seconds.
✔ Suite "十字线按根挪" passed after 0.017 seconds.
◇ Suite "BT-15 图表帧循环的生命周期" started.
◇ Test "离屏时挂上的动画不建帧循环" started.
✔ Test "离屏时挂上的动画不建帧循环" passed after 0.001 seconds.
◇ Test "不在窗口上不建画线那条帧循环" started.
✔ Test "不在窗口上不建画线那条帧循环" passed after 0.006 seconds.
◇ Test "出窗把两条 link 和半截触点一起收掉" started.
✔ Test "出窗把两条 link 和半截触点一起收掉" passed after 0.132 seconds.
◇ Test "宿主连窗一起释放，画线的帧循环不会留下" started.
✔ Test "宿主连窗一起释放，画线的帧循环不会留下" passed after 0.382 seconds.
✔ Suite "BT-15 图表帧循环的生命周期" passed after 0.538 seconds.
◇ Suite "K线设置·渲染" started.
◇ Test "默认档不动任何几何" started.
✔ Test "默认档不动任何几何" passed after 0.004 seconds.
◇ Test "网格三档" started.
✔ Test "网格三档" passed after 0.004 seconds.
◇ Test "实体两档" started.
✔ Test "实体两档" passed after 0.005 seconds.
◇ Test "实时价格线开关" started.
✔ Test "实时价格线开关" passed after 0.004 seconds.
◇ Test "画线开关不删数据，也不再撑价格区间" started.
✔ Test "画线开关不删数据，也不再撑价格区间" passed after 0.009 seconds.
◇ Test "至今涨幅：数值、符号、配色" started.
✔ Test "至今涨幅：数值、符号、配色" passed after 0.009 seconds.
◇ Test "倒计时文案跟着 nowMs 走" started.
✔ Test "倒计时文案跟着 nowMs 走" passed after 0.008 seconds.
◇ Test "nowMs 为空时不影响任何几何" started.
✔ Test "nowMs 为空时不影响任何几何" passed after 0.004 seconds.
◇ Test "平均K线改蜡烛，不改指标与最新价" started.
✔ Test "平均K线改蜡烛，不改指标与最新价" passed after 0.004 seconds.
◇ Test "平均K线的极值进得了价格区间" started.
✔ Test "平均K线的极值进得了价格区间" passed after 0.002 seconds.
◇ Test "偏置只挪位置不改大小" started.
✔ Test "偏置只挪位置不改大小" passed after 0.007 seconds.
◇ Test "副图高度倍率进得了布局" started.
✔ Test "副图高度倍率进得了布局" passed after 0.004 seconds.
✔ Suite "K线设置·渲染" passed after 0.070 seconds.
◇ Suite "A.5 测试缺口 · 真触摸" started.
◇ Test "1 文字命中：点在标注文字中段能选中它，文字外不命中，两下都不出十字线" started.
✔ Test "1 文字命中：点在标注文字中段能选中它，文字外不命中，两下都不出十字线" passed after 0.006 seconds.
◇ Test "2 选中的矩形不吞下层：内部趋势线可选；点矩形自己的手柄仍然是手柄" started.
✔ Test "2 选中的矩形不吞下层：内部趋势线可选；点矩形自己的手柄仍然是手柄" passed after 0.007 seconds.
◇ Test "3 捏合降到一指：原地抬手不是轻点，交互结束只响一次" started.
✔ Test "3 捏合降到一指：原地抬手不是轻点，交互结束只响一次" passed after 0.002 seconds.
◇ Test "3 捏合降到一指：剩下那根接着拖，位置按像素连续，没有跳变" started.
✔ Test "3 捏合降到一指：剩下那根接着拖，位置按像素连续，没有跳变" passed after 0.001 seconds.
◇ Test "4 点停回弹：回弹到一半被点住，抬手后视野仍要落回硬夹之内" started.
✔ Test "4 点停回弹：回弹到一半被点住，抬手后视野仍要落回硬夹之内" passed after 0.006 seconds.
◇ Test "5 两指整体横移：不用先捏，span 不变，右缘按像素走，纵轴一点不动" started.
✔ Test "5 两指整体横移：不用先捏，span 不变，右缘按像素走，纵轴一点不动" passed after 0.001 seconds.
◇ Test "9 拖动中行情改了纵轴：端点仍然贴着手指，另一端不动（A-08）" started.
✔ Test "9 拖动中行情改了纵轴：端点仍然贴着手指，另一端不动（A-08）" passed after 0.007 seconds.
◇ Test "9 拖动中第二根手指落下：转交给捏合，不提交半笔" started.
✔ Test "9 拖动中第二根手指落下：转交给捏合，不提交半笔" passed after 0.007 seconds.
◇ Test "11 回到最新：右缘落在末根 +半根，根宽照旧，且不算用户改的视野" started.
✔ Test "11 回到最新：右缘落在末根 +半根，根宽照旧，且不算用户改的视野" passed after 0.002 seconds.
◇ Test "12 价格轴单击恢复自动纵轴；同位置连着两下才翻转" started.
✔ Test "12 价格轴单击恢复自动纵轴；同位置连着两下才翻转" passed after 0.128 seconds.
◇ Test "12 中间插了别的动作、或第二下点在别处，都不算双击" started.
✔ Test "12 中间插了别的动作、或第二下点在别处，都不算双击" passed after 0.002 seconds.
◇ Test "12 设置里没开翻转就永远不翻；主图与副图互不污染" started.
✔ Test "12 设置里没开翻转就永远不翻；主图与副图互不污染" passed after 0.002 seconds.
◇ Test "13 补历史的门：一轮只喊一次，失败了下一轮还能再喊，换品种各算各的" started.
✔ Test "13 补历史的门：一轮只喊一次，失败了下一轮还能再喊，换品种各算各的" passed after 0.005 seconds.
◇ Test "18 放大镜：镜子里那块就是锚点周围，镜头不挡落点，四角都摆得下" started.
✔ Test "18 放大镜：镜子里那块就是锚点周围，镜头不挡落点，四角都摆得下" passed after 0.001 seconds.
◇ Test "18 放大镜的底图抬手就释放，转交给捏合也释放" started.
✔ Test "18 放大镜的底图抬手就释放，转交给捏合也释放" passed after 0.019 seconds.
✔ Suite "A.5 测试缺口 · 真触摸" passed after 0.203 seconds.
◇ Suite "ChartView 脏位" started.
◇ Test "护眼配色变更立即重画全部图层，不等待新行情" started.
✔ Test "护眼配色变更立即重画全部图层，不等待新行情" passed after 0.001 seconds.
◇ Test "第一帧三层全画" started.
✔ Test "第一帧三层全画" passed after 0.001 seconds.
◇ Test "一模一样就一层都不画" started.
✔ Test "一模一样就一层都不画" passed after 0.001 seconds.
◇ Test "只动十字线就只画十字线层" started.
✔ Test "只动十字线就只画十字线层" passed after 0.001 seconds.
◇ Test "末根动（ticker）：底图 + 最新价 + 图例，不含十字线内容" started.
✔ Test "末根动（ticker）：底图 + 最新价 + 图例，不含十字线内容" passed after 0.001 seconds.
◇ Test "十字线在时，末根动不必重画十字线那层" started.
✔ Test "十字线在时，末根动不必重画十字线那层" passed after 0.001 seconds.
◇ Test "视野 / 指标一动，三层全画" started.
✔ Test "视野 / 指标一动，三层全画" passed after 0.001 seconds.
✔ Suite "ChartView 脏位" passed after 0.337 seconds.
◇ Suite "ChartView 三层合成" started.
◇ Test "视图画出来的和 ChartRenderer 一次画完的一样" started.
✔ Test "视图画出来的和 ChartRenderer 一次画完的一样" passed after 1.378 seconds.
◇ Test "离屏也能画出东西来" started.
✔ Test "离屏也能画出东西来" passed after 0.500 seconds.
◇ Test "没有 state 就是一张白纸" started.
✔ Test "没有 state 就是一张白纸" passed after 1.292 seconds.
✔ Suite "ChartView 三层合成" passed after 3.171 seconds.
◇ Suite "A3.3 颜色取样" started.
◇ Test "7 个点 × AICoin 一套 × 明暗两套" started.
✔ Test "7 个点 × AICoin 一套 × 明暗两套" passed after 0.097 seconds.
✔ Suite "A3.3 颜色取样" passed after 0.098 seconds.
◇ Suite CrosshairWorkTests started.
◇ Test "100 次十字线移动不重算几何、布局与隐藏掩码" started.
CHARTWORK crosshair-moves=100 geometryCache=0 layout=0 priceRange=0 hiddenMask=0 crosshairCallback=0
✔ Test "100 次十字线移动不重算几何、布局与隐藏掩码" passed after 1.277 seconds.
◇ Test "倒计时每秒走一格也不重算几何" started.
CHARTWORK countdown-ticks=60 geometryCache=0 layout=0 priceRange=0 hiddenMask=0 crosshairCallback=0
✔ Test "倒计时每秒走一格也不重算几何" passed after 0.581 seconds.
◇ Test "数据、周期、副图数一变，缓存照样作废重建" started.
CHARTWORK last-bar-tick geometryCache=1 layout=1 priceRange=1 hiddenMask=1 crosshairCallback=0
CHARTWORK new-bar geometryCache=1 layout=1 priceRange=1 hiddenMask=1 crosshairCallback=0
CHARTWORK interval-switch geometryCache=1 layout=1 priceRange=1 hiddenMask=1 crosshairCallback=0
CHARTWORK subs-3-to-2 geometryCache=1 layout=1 priceRange=1 hiddenMask=1 crosshairCallback=0
CHARTWORK view-pan geometryCache=1 layout=1 priceRange=1 hiddenMask=1 crosshairCallback=0
CHARTWORK hidden-outputs geometryCache=1 layout=1 priceRange=1 hiddenMask=1 crosshairCallback=0
✔ Test "数据、周期、副图数一变，缓存照样作废重建" passed after 0.052 seconds.
◇ Test "ChartView 上 100 次十字线移动：一次移动一条回调，几何不重建" started.
CHARTWORK chartview-moves=100 geometryCache=0 layout=0 priceRange=0 hiddenMask=0 crosshairCallback=100
✔ Test "ChartView 上 100 次十字线移动：一次移动一条回调，几何不重建" passed after 0.005 seconds.
◇ Test "单击落十字线不把同一份读数连送两遍" started.
CHARTWORK single-tap geometryCache=0 layout=1 priceRange=1 hiddenMask=1 crosshairCallback=1
✔ Test "单击落十字线不把同一份读数连送两遍" passed after 0.003 seconds.
◇ Test "留着旧 state 的副本仍然画得对——缓存不许串状态" started.
✔ Test "留着旧 state 的副本仍然画得对——缓存不许串状态" passed after 0.010 seconds.
✔ Suite CrosshairWorkTests passed after 1.932 seconds.
◇ Suite "M3 取证渲染" started.
◇ Test "A3.1：8 机型 × 浅深 × 风格表 = 每款一张基线" started.
✔ Test "A3.1：8 机型 × 浅深 × 风格表 = 每款一张基线" passed after 0.001 seconds.
◇ Test "A3.4–A3.9：放大、thin、副图、叠加、十字线、价格轴" started.
✔ Test "A3.4–A3.9：放大、thin、副图、叠加、十字线、价格轴" passed after 0.001 seconds.
◇ Test "同一 state 画两次逐字节一致" started.
✔ Test "同一 state 画两次逐字节一致" passed after 0.124 seconds.
✔ Suite "M3 取证渲染" passed after 0.126 seconds.
◇ Suite "A3.2 几何量化" started.
◇ Test "所有风格的七项几何完全一致，使用AICoin底座" started.
✔ Test "所有风格的七项几何完全一致，使用AICoin底座" passed after 0.005 seconds.
✔ Suite "A3.2 几何量化" passed after 0.005 seconds.
◇ Suite "A3.10 像素边界" started.
◇ Test "11 款风格 × 8 机型：实体与影线左缘 x·scale 为整数" started.
◇ Test case passing 1 argument style → CandleStyle(id: "aicoin", name: "AICoin", wickCap: KanpanCore.CandleStyle.WickCap.butt, wickTint: 1.0, shape: KanpanCore.CandleStyle.Shape.solid, radius: 0.0, grid: KanpanCore.CandleStyle.Grid.none) to "11 款风格 × 8 机型：实体与影线左缘 x·scale 为整数" started.
​✔ Test "11 款风格 × 8 机型：实体与影线左缘 x·scale 为整数" with 1 test case passed after 0.019 seconds.
◇ Test "竖向细线（价格轴分隔 + 时间网格）中线压在半像素上" started.
◇ Test case passing 1 argument style → CandleStyle(id: "aicoin", name: "AICoin", wickCap: KanpanCore.CandleStyle.WickCap.butt, wickTint: 1.0, shape: KanpanCore.CandleStyle.Shape.solid, radius: 0.0, grid: KanpanCore.CandleStyle.Grid.none) to "竖向细线（价格轴分隔 + 时间网格）中线压在半像素上" started.
​✔ Test "竖向细线（价格轴分隔 + 时间网格）中线压在半像素上" with 1 test case passed after 0.017 seconds.
◇ Test "snap / hairline 在 1×/2×/3× 下都对" started.
✔ Test "snap / hairline 在 1×/2×/3× 下都对" passed after 0.001 seconds.
✔ Suite "A3.10 像素边界" passed after 0.039 seconds.
◇ Suite "Indicators follow the accepted candle snapshot" started.
◇ Test switchesHistoryCorrectionsParametersAndOI() started.
✔ Test switchesHistoryCorrectionsParametersAndOI() passed after 0.073 seconds.
◇ Test presentationChangesRetainExactCalculations() started.
✔ Test presentationChangesRetainExactCalculations() passed after 0.018 seconds.
✔ Suite "Indicators follow the accepted candle snapshot" passed after 0.091 seconds.
◇ Suite "占位" started.
◇ Test "包能编过" started.
✔ Test "包能编过" passed after 0.001 seconds.
✔ Suite "占位" passed after 0.001 seconds.
◇ Suite ShareRenderingTests started.
◇ Test ownInkIsCompositedAt35PercentAndGuestIsFullStrength() started.
✔ Test ownInkIsCompositedAt35PercentAndGuestIsFullStrength() passed after 0.007 seconds.
✔ Suite ShareRenderingTests passed after 0.007 seconds.
✔ Test run with 126 tests in 20 suites passed after 8.972 seconds.
2026-09-22 15:23:13.210 xcodebuild[85800:4203533] [MT] IDETestOperationsObserverDebug: 41.750 elapsed -- Testing started completed.
2026-09-22 15:23:13.210 xcodebuild[85800:4203533] [MT] IDETestOperationsObserverDebug: 0.000 sec, +0.000 sec -- start
2026-09-22 15:23:13.210 xcodebuild[85800:4203533] [MT] IDETestOperationsObserverDebug: 41.750 sec, +41.749 sec -- end

Test session results, code coverage, and logs:
	/Users/mdd/zhk/kanpan-ringtone/KanpanChart/.xcbuild/Logs/Test/Test-KanpanChart-2026.09.22_15-22-23-+0800.xcresult

** TEST SUCCEEDED **

Testing started
