[17:13:29.311] 图表订阅：BTCUSDT K线1h、BTCUSDT 行情、BTCUSDT 标记价
[17:13:29.311] 图表订阅：BTCUSDT K线1h、BTCUSDT 行情、BTCUSDT 标记价
[17:13:29.311] 开始：binance/usd_m/BTCUSDT 1h，跑 0.25 分钟（Ctrl-C 停）
[17:13:30.333] 首屏 300 根先落地 binance/usd_m/BTCUSDT|1h
[17:13:30.333] 序列 300 根  1789077600000 … 1790154000000  末根 close=85928.6
[17:13:30.380] 序列 1500 根  1784757600000 … 1790154000000  末根 close=85928.6
[17:13:30.391] 快照 72054B → binance/usd_m/BTCUSDT|1h
[17:13:30.457] WS有效首帧 dstream.binance.me 1145ms
[17:13:30.457] WS 连上 #1 wss://dstream.binance.me/stream?streams=btcusdt@kline_1h/btcusdt@markPrice@1s/btcusdt@ticker
[17:13:30.457] 状态 → live
[17:13:30.693] 行情 last=85928.6 涨跌=0.019% 24h高=87247.3 低=85405.9
[17:13:30.693] 补缺 startTime=1790154000000 → 1 根，净增 0，队列已合并
[17:13:30.693] 序列 1500 根  1784757600000 … 1790154000000  末根 close=85928.6
[17:13:30.723] 末根 1790154000000 O=85878.0 H=85986.0 L=85844.2 C=85928.7 V=1303.246
[17:13:30.991] 末根 1790154000000 O=85878.0 H=85986.0 L=85844.2 C=85928.7 V=1303.273
[17:13:31.073] 标记价 85931.47027536
[17:13:31.367] 末根 1790154000000 O=85878.0 H=85986.0 L=85844.2 C=85928.7 V=1303.303
[17:13:31.833] 末根 1790154000000 O=85878.0 H=85986.0 L=85844.2 C=85928.6 V=1303.327
[17:13:32.070] 标记价 85930.14592754
[17:13:32.179] 末根 1790154000000 O=85878.0 H=85986.0 L=85844.2 C=85928.7 V=1303.328
[17:13:32.825] 末根 1790154000000 O=85878.0 H=85986.0 L=85844.2 C=85928.7 V=1303.362
[17:13:33.074] 标记价 85930.11984058
[17:13:33.360] 末根 1790154000000 O=85878.0 H=85986.0 L=85844.2 C=85928.6 V=1303.374
[17:13:34.048] 末根 1790154000000 O=85878.0 H=85986.0 L=85844.2 C=85928.6 V=1303.442
[17:13:34.077] 标记价 85930.1067971
[17:13:34.841] 末根 1790154000000 O=85878.0 H=85986.0 L=85844.2 C=85923.3 V=1305.160
[17:13:35.097] 标记价 85928.77071014
[17:13:35.171] 末根 1790154000000 O=85878.0 H=85986.0 L=85844.2 C=85923.3 V=1305.164
[17:13:35.752] WS 收帧 20 条/5294ms
[17:13:35.752] 末根 1790154000000 O=85878.0 H=85986.0 L=85844.2 C=85923.3 V=1305.182
[17:13:36.071] 标记价 85925.90813043
[17:13:36.093] 末根 1790154000000 O=85878.0 H=85986.0 L=85844.2 C=85923.2 V=1305.240
[17:13:36.546] 末根 1790154000000 O=85878.0 H=85986.0 L=85844.2 C=85915.6 V=1306.832
[17:13:36.837] 末根 1790154000000 O=85878.0 H=85986.0 L=85844.2 C=85915.6 V=1306.836
[17:13:37.069] 标记价 85921.46095652
[17:13:37.367] 末根 1790154000000 O=85878.0 H=85986.0 L=85844.2 C=85915.5 V=1306.846
[17:13:37.661] 末根 1790154000000 O=85878.0 H=85986.0 L=85844.2 C=85915.3 V=1307.186
[17:13:37.983] 末根 1790154000000 O=85878.0 H=85986.0 L=85844.2 C=85915.3 V=1307.191
[17:13:38.061] 标记价 85921.46095652
[17:13:38.251] 末根 1790154000000 O=85878.0 H=85986.0 L=85844.2 C=85915.4 V=1307.265
[17:13:38.512] 末根 1790154000000 O=85878.0 H=85986.0 L=85844.2 C=85915.3 V=1307.302
[17:13:38.993] 末根 1790154000000 O=85878.0 H=85986.0 L=85844.2 C=85915.3 V=1307.491
[17:13:39.072] 标记价 85918.97117391
[17:13:39.426] 末根 1790154000000 O=85878.0 H=85986.0 L=85844.2 C=85915.3 V=1307.633
[17:13:39.687] 末根 1790154000000 O=85878.0 H=85986.0 L=85844.2 C=85915.3 V=1307.634
[17:13:39.993] 末根 1790154000000 O=85878.0 H=85986.0 L=85844.2 C=85915.3 V=1307.636
[17:13:40.076] 标记价 85918.97117391
[17:13:40.375] 末根 1790154000000 O=85878.0 H=85986.0 L=85844.2 C=85915.3 V=1307.707
[17:13:40.664] 末根 1790154000000 O=85878.0 H=85986.0 L=85844.2 C=85915.3 V=1308.265
[17:13:41.024] WS 收帧 22 条/5271ms
[17:13:41.024] 末根 1790154000000 O=85878.0 H=85986.0 L=85844.2 C=85911.0 V=1308.675
[17:13:41.085] 标记价 85915.81883333
[17:13:41.428] 末根 1790154000000 O=85878.0 H=85986.0 L=85844.2 C=85908.0 V=1308.743
[17:13:41.712] 末根 1790154000000 O=85878.0 H=85986.0 L=85844.2 C=85907.9 V=1308.851
[17:13:42.079] 末根 1790154000000 O=85878.0 H=85986.0 L=85844.2 C=85908.0 V=1308.865
[17:13:42.582] 标记价 85915.56731159
[17:13:42.582] 末根 1790154000000 O=85878.0 H=85986.0 L=85844.2 C=85908.0 V=1309.106
[17:13:42.796] 末根 1790154000000 O=85878.0 H=85986.0 L=85844.2 C=85907.7 V=1309.231
[17:13:43.075] 标记价 85911.39513768
[17:13:43.245] 末根 1790154000000 O=85878.0 H=85986.0 L=85844.2 C=85907.7 V=1309.232
[17:13:43.514] 末根 1790154000000 O=85878.0 H=85986.0 L=85844.2 C=85907.7 V=1309.563
[17:13:44.076] 标记价 85911.31361594
[17:13:44.103] 末根 1790154000000 O=85878.0 H=85986.0 L=85844.2 C=85907.7 V=1309.669
[17:13:44.399] 收工：末根更新 34 次，价格 14 次，行情 8 次，首帧 1023ms
