[17:15:34.007] 图表订阅：BTCUSDT K线1h、BTCUSDT 行情、BTCUSDT 标记价
[17:15:34.007] 图表订阅：BTCUSDT K线1h、BTCUSDT 行情、BTCUSDT 标记价
[17:15:34.008] 开始：binance/usd_m/BTCUSDT 1h，跑 0.25 分钟（Ctrl-C 停）
[17:15:35.067] WS有效首帧 dstream.binance.me 1059ms
[17:15:35.067] WS 连上 #1 wss://dstream.binance.me/stream?streams=btcusdt@kline_1h/btcusdt@markPrice@1s/btcusdt@ticker
[17:15:35.068] 状态 → live
[17:15:35.068] 标记价 85946.1
[17:15:35.097] 首屏历史第 1 发失败，退避重试：Error Domain=NSURLErrorDomain Code=-1200 "A TLS error caused the secure connection to fail." UserInfo={_kCFStreamErrorCodeKey=-9816, NSUnderlyingError=0x7ff035cb0 {Error Domain=kCFErrorDomainCFNetwork Code=-1200 "(null)" UserInfo={_kCFStreamPropertySSLClientCertificateState=0, _kCFNetworkCFStreamSSLErrorOriginalValue=-9816, _kCFStreamErrorDomainKey=3, _kCFStreamErrorCodeKey=-9816, _NSURLErrorNWPathKey=satisfied (Path is satisfied), viable, interface: lo0}}, _NSURLErrorFailingURLSessionTaskErrorKey=LocalDataTask <A75E38D5-9099-4527-AAE3-351BFDBF0251>.<2>, _NSURLErrorRelatedURLSessionTaskErrorKey=(
    "LocalDataTask <A75E38D5-9099-4527-AAE3-351BFDBF0251>.<2>"
), NSLocalizedDescription=A TLS error caused the secure connection to fail., NSErrorFailingURLStringKey=https://fapi.binance.com/fapi/v1/klines?interval=1h&limit=1500&symbol=BTCUSDT, NSErrorFailingURLKey=https://fapi.binance.com/fapi/v1/klines?interval=1h&limit=1500&symbol=BTCUSDT, _kCFStreamErrorDomainKey=3}
[17:15:35.141] 行情 last=85946.1 涨跌=0.062% 24h高=87247.3 低=85405.9
[17:15:35.143] 末根 1790154000000 O=85878.0 H=85986.0 L=85844.2 C=85946.1 V=1413.243
[17:15:35.805] 末根 1790154000000 O=85878.0 H=85986.0 L=85844.2 C=85946.1 V=1413.246
[17:15:36.403] 标记价 85946.1
[17:15:36.687] 序列 1500 根  1784757600000 … 1790154000000  末根 close=85946.1
[17:15:36.689] 快照 72054B → binance/usd_m/BTCUSDT|1h
[17:15:36.967] 末根 1790154000000 O=85878.0 H=85986.0 L=85844.2 C=85946.0 V=1413.511
[17:15:37.073] 标记价 85946.0
[17:15:37.073] 末根 1790154000000 O=85878.0 H=85986.0 L=85844.2 C=85946.1 V=1413.518
[17:15:37.172] 末根 1790154000000 O=85878.0 H=85986.0 L=85844.2 C=85946.0 V=1413.535
[17:15:38.064] 标记价 85946.0
[17:15:38.167] 末根 1790154000000 O=85878.0 H=85986.0 L=85844.2 C=85946.1 V=1413.536
[17:15:39.168] 末根 1790154000000 O=85878.0 H=85986.0 L=85844.2 C=85946.0 V=1413.583
[17:15:39.168] 标记价 85946.0
[17:15:39.343] 末根 1790154000000 O=85878.0 H=85986.0 L=85844.2 C=85946.1 V=1413.585
[17:15:39.778] 末根 1790154000000 O=85878.0 H=85986.0 L=85844.2 C=85946.0 V=1413.735
[17:15:40.068] WS 收帧 18 条/5000ms
[17:15:40.068] 标记价 85946.1
[17:15:40.153] 末根 1790154000000 O=85878.0 H=85986.0 L=85844.2 C=85946.1 V=1413.746
[17:15:40.521] 末根 1790154000000 O=85878.0 H=85986.0 L=85844.2 C=85946.1 V=1413.899
[17:15:40.905] 末根 1790154000000 O=85878.0 H=85986.0 L=85844.2 C=85946.1 V=1413.910
[17:15:41.065] 标记价 85946.1
[17:15:41.705] 末根 1790154000000 O=85878.0 H=85986.0 L=85844.2 C=85946.0 V=1413.913
[17:15:42.023] 末根 1790154000000 O=85878.0 H=85986.0 L=85844.2 C=85940.6 V=1424.396
[17:15:42.060] 标记价 85946.1
[17:15:42.309] 末根 1790154000000 O=85878.0 H=85986.0 L=85844.2 C=85940.5 V=1424.408
[17:15:42.701] 末根 1790154000000 O=85878.0 H=85986.0 L=85844.2 C=85940.6 V=1424.696
[17:15:43.065] 标记价 85941.71468841
[17:15:43.171] 末根 1790154000000 O=85878.0 H=85986.0 L=85844.2 C=85940.5 V=1424.700
[17:15:43.499] 末根 1790154000000 O=85878.0 H=85986.0 L=85844.2 C=85940.5 V=1424.706
[17:15:43.803] 末根 1790154000000 O=85878.0 H=85986.0 L=85844.2 C=85940.5 V=1424.715
[17:15:44.062] 标记价 85941.75316667
[17:15:44.214] 末根 1790154000000 O=85878.0 H=85986.0 L=85844.2 C=85940.6 V=1424.806
[17:15:44.484] 末根 1790154000000 O=85878.0 H=85986.0 L=85844.2 C=85940.6 V=1424.886
[17:15:44.909] 末根 1790154000000 O=85878.0 H=85986.0 L=85844.2 C=85940.6 V=1424.930
[17:15:45.054] 标记价 85941.99255622
[17:15:45.161] WS 收帧 21 条/5092ms
[17:15:45.791] 末根 1790154000000 O=85878.0 H=85986.0 L=85844.2 C=85940.5 V=1424.934
[17:15:46.062] 标记价 85941.99755622
[17:15:46.127] 末根 1790154000000 O=85878.0 H=85986.0 L=85844.2 C=85940.6 V=1424.949
[17:15:46.376] 末根 1790154000000 O=85878.0 H=85986.0 L=85844.2 C=85940.6 V=1424.960
[17:15:46.775] 末根 1790154000000 O=85878.0 H=85986.0 L=85844.2 C=85940.6 V=1425.013
[17:15:47.063] 标记价 85942.03146927
[17:15:47.399] 末根 1790154000000 O=85878.0 H=85986.0 L=85844.2 C=85940.5 V=1425.019
[17:15:47.715] 末根 1790154000000 O=85878.0 H=85986.0 L=85844.2 C=85940.5 V=1425.022
[17:15:48.065] 标记价 85941.75973013
[17:15:48.894] 末根 1790154000000 O=85878.0 H=85986.0 L=85844.2 C=85940.6 V=1425.468
[17:15:49.063] 标记价 85941.75973013
[17:15:49.063] 收工：末根更新 29 次，价格 15 次，行情 8 次，首帧 2681ms
