[17:10:55.140] 图表订阅：BTCUSDT K线1h、BTCUSDT 行情、BTCUSDT 标记价
[17:10:55.143] 图表订阅：BTCUSDT K线1h、BTCUSDT 行情、BTCUSDT 标记价
[17:10:55.143] 开始：binance/usd_m/BTCUSDT 1h，跑 0.25 分钟（Ctrl-C 停）
[17:10:56.010] 首屏 300 根先落地 binance/usd_m/BTCUSDT|1h
[17:10:56.010] 序列 300 根  1789077600000 … 1790154000000  末根 close=85969.1
[17:10:56.069] 序列 1500 根  1784757600000 … 1790154000000  末根 close=85969.2
[17:10:56.132] WS有效首帧 dstream.binance.me 979ms
[17:10:56.132] WS 连上 #1 wss://dstream.binance.me/stream?streams=btcusdt@kline_1h/btcusdt@markPrice@1s/btcusdt@ticker
[17:10:56.132] 状态 → live
[17:10:56.133] 标记价 85969.26881559
[17:10:56.134] 快照 72054B → binance/usd_m/BTCUSDT|1h
[17:10:56.445] 行情 last=85969.2 涨跌=0.191% 24h高=87247.3 低=85405.9
[17:10:56.525] 序列 1500 根  1784757600000 … 1790154000000  末根 close=85969.1
[17:10:56.525] 补缺 startTime=1790154000000 → 1 根，净增 0，队列已合并
[17:10:56.685] 末根 1790154000000 O=85878.0 H=85986.0 L=85844.2 C=85969.1 V=1093.622
[17:10:57.023] 末根 1790154000000 O=85878.0 H=85986.0 L=85844.2 C=85969.2 V=1093.625
[17:10:57.070] 标记价 85969.26511994
[17:10:57.483] 末根 1790154000000 O=85878.0 H=85986.0 L=85844.2 C=85969.2 V=1093.630
[17:10:58.002] 末根 1790154000000 O=85878.0 H=85986.0 L=85844.2 C=85969.2 V=1093.695
[17:10:58.069] 标记价 85969.26946777
[17:10:58.365] 末根 1790154000000 O=85878.0 H=85986.0 L=85844.2 C=85969.1 V=1093.742
[17:10:58.673] 末根 1790154000000 O=85878.0 H=85986.0 L=85844.2 C=85969.1 V=1093.768
[17:10:59.073] 标记价 85969.27381559
[17:10:59.274] 末根 1790154000000 O=85878.0 H=85986.0 L=85844.2 C=85969.2 V=1093.787
[17:10:59.654] 末根 1790154000000 O=85878.0 H=85986.0 L=85844.2 C=85969.2 V=1093.795
[17:10:59.924] 末根 1790154000000 O=85878.0 H=85986.0 L=85844.2 C=85969.1 V=1093.799
[17:11:00.075] 标记价 85969.24397826
[17:11:00.377] 末根 1790154000000 O=85878.0 H=85986.0 L=85844.2 C=85969.1 V=1093.820
[17:11:00.678] 末根 1790154000000 O=85878.0 H=85986.0 L=85844.2 C=85969.1 V=1094.060
[17:11:01.073] 标记价 85969.2381087
[17:11:01.532] WS 收帧 22 条/5399ms
[17:11:01.537] 末根 1790154000000 O=85878.0 H=85986.0 L=85844.2 C=85969.1 V=1094.062
[17:11:02.074] 标记价 85969.2381087
[17:11:02.516] 末根 1790154000000 O=85878.0 H=85986.0 L=85844.2 C=85969.1 V=1094.064
[17:11:02.728] 末根 1790154000000 O=85878.0 H=85986.0 L=85844.2 C=85969.1 V=1094.627
[17:11:02.949] 末根 1790154000000 O=85878.0 H=85986.0 L=85844.2 C=85969.2 V=1094.758
[17:11:03.072] 标记价 85969.24897826
[17:11:03.123] 末根 1790154000000 O=85878.0 H=85986.0 L=85844.2 C=85969.1 V=1095.390
[17:11:03.507] 末根 1790154000000 O=85878.0 H=85986.0 L=85844.2 C=85962.5 V=1112.198
[17:11:03.761] 末根 1790154000000 O=85878.0 H=85986.0 L=85844.2 C=85960.0 V=1120.475
[17:11:04.053] 末根 1790154000000 O=85878.0 H=85986.0 L=85844.2 C=85960.0 V=1125.068
[17:11:04.074] 标记价 85969.22723913
[17:11:04.323] 末根 1790154000000 O=85878.0 H=85986.0 L=85844.2 C=85960.0 V=1125.122
[17:11:04.826] 末根 1790154000000 O=85878.0 H=85986.0 L=85844.2 C=85960.0 V=1125.168
[17:11:05.091] 末根 1790154000000 O=85878.0 H=85986.0 L=85844.2 C=85960.0 V=1125.432
[17:11:05.093] 标记价 85965.11838406
[17:11:05.455] 末根 1790154000000 O=85878.0 H=85986.0 L=85844.2 C=85960.0 V=1125.441
[17:11:05.873] 末根 1790154000000 O=85878.0 H=85986.0 L=85844.2 C=85960.0 V=1125.451
[17:11:06.072] 标记价 85965.11838406
[17:11:06.219] 末根 1790154000000 O=85878.0 H=85986.0 L=85844.2 C=85960.0 V=1125.492
[17:11:06.869] WS 收帧 21 条/5337ms
[17:11:06.869] 末根 1790154000000 O=85878.0 H=85986.0 L=85844.2 C=85960.0 V=1125.625
[17:11:07.077] 标记价 85961.19881884
[17:11:07.144] 末根 1790154000000 O=85878.0 H=85986.0 L=85844.2 C=85960.0 V=1126.135
[17:11:07.389] 末根 1790154000000 O=85878.0 H=85986.0 L=85844.2 C=85960.0 V=1126.147
[17:11:07.644] 末根 1790154000000 O=85878.0 H=85986.0 L=85844.2 C=85960.0 V=1126.243
[17:11:08.072] 标记价 85961.26251449
[17:11:08.266] 末根 1790154000000 O=85878.0 H=85986.0 L=85844.2 C=85960.1 V=1128.915
[17:11:08.957] 末根 1790154000000 O=85878.0 H=85986.0 L=85844.2 C=85960.1 V=1128.960
[17:11:09.052] 标记价 85961.55816667
[17:11:09.262] 末根 1790154000000 O=85878.0 H=85986.0 L=85844.2 C=85960.0 V=1129.116
[17:11:09.605] 末根 1790154000000 O=85878.0 H=85986.0 L=85844.2 C=85960.0 V=1129.128
[17:11:10.025] 末根 1790154000000 O=85878.0 H=85986.0 L=85844.2 C=85960.0 V=1129.130
[17:11:10.071] 标记价 85961.56251449
[17:11:10.180] 收工：末根更新 34 次，价格 15 次，行情 8 次，首帧 876ms
