[17:15:03.124] 图表订阅：BTCUSDT K线1h、BTCUSDT 行情、BTCUSDT 标记价
[17:15:03.124] 图表订阅：BTCUSDT K线1h、BTCUSDT 行情、BTCUSDT 标记价
[17:15:03.124] 开始：binance/usd_m/BTCUSDT 1h，跑 0.25 分钟（Ctrl-C 停）
[17:15:03.568] 首屏 300 根先落地 binance/usd_m/BTCUSDT|1h
[17:15:03.568] 序列 300 根  1789077600000 … 1790154000000  末根 close=85920.2
[17:15:03.766] 序列 1500 根  1784757600000 … 1790154000000  末根 close=85920.2
[17:15:03.770] 快照 72054B → binance/usd_m/BTCUSDT|1h
[17:15:03.790] WS有效首帧 dstream.binance.me 666ms
[17:15:03.791] WS 连上 #1 wss://dstream.binance.me/stream?streams=btcusdt@kline_1h/btcusdt@markPrice@1s/btcusdt@ticker
[17:15:03.791] 状态 → live
[17:15:04.000] 补缺 startTime=1790154000000 → 1 根，净增 0，队列已合并
[17:15:04.000] 行情 last=85920.2 涨跌=-0.004% 24h高=87247.3 低=85405.9
[17:15:04.001] 序列 1500 根  1784757600000 … 1790154000000  末根 close=85920.1
[17:15:04.043] 末根 1790154000000 O=85878.0 H=85986.0 L=85844.2 C=85909.3 V=1354.925
[17:15:04.090] 标记价 85920.2
[17:15:04.348] 末根 1790154000000 O=85878.0 H=85986.0 L=85844.2 C=85909.1 V=1355.017
[17:15:04.682] 末根 1790154000000 O=85878.0 H=85986.0 L=85844.2 C=85909.1 V=1355.052
[17:15:05.062] 标记价 85919.29671014
[17:15:05.217] 末根 1790154000000 O=85878.0 H=85986.0 L=85844.2 C=85909.2 V=1355.056
[17:15:05.471] 末根 1790154000000 O=85878.0 H=85986.0 L=85844.2 C=85909.1 V=1355.057
[17:15:06.047] 末根 1790154000000 O=85878.0 H=85986.0 L=85844.2 C=85909.2 V=1355.067
[17:15:06.062] 标记价 85917.92844928
[17:15:06.708] 末根 1790154000000 O=85878.0 H=85986.0 L=85844.2 C=85909.1 V=1355.081
[17:15:07.067] 标记价 85915.61423188
[17:15:07.132] 末根 1790154000000 O=85878.0 H=85986.0 L=85844.2 C=85909.2 V=1355.114
[17:15:07.802] 末根 1790154000000 O=85878.0 H=85986.0 L=85844.2 C=85909.1 V=1355.117
[17:15:08.059] 标记价 85915.61423188
[17:15:08.207] 末根 1790154000000 O=85878.0 H=85986.0 L=85844.2 C=85909.1 V=1355.148
[17:15:08.596] 末根 1790154000000 O=85878.0 H=85986.0 L=85844.2 C=85909.1 V=1355.179
[17:15:09.063] WS 收帧 20 条/5272ms
[17:15:09.064] 标记价 85915.62662319
[17:15:09.101] 末根 1790154000000 O=85878.0 H=85986.0 L=85844.2 C=85909.1 V=1355.286
[17:15:09.724] 末根 1790154000000 O=85878.0 H=85986.0 L=85844.2 C=85909.1 V=1355.288
[17:15:10.066] 标记价 85915.62662319
[17:15:10.377] 末根 1790154000000 O=85878.0 H=85986.0 L=85844.2 C=85909.2 V=1355.300
[17:15:10.958] 末根 1790154000000 O=85878.0 H=85986.0 L=85844.2 C=85909.1 V=1355.305
[17:15:11.060] 标记价 85915.61357971
[17:15:11.231] 末根 1790154000000 O=85878.0 H=85986.0 L=85844.2 C=85942.8 V=1386.952
[17:15:11.489] 末根 1790154000000 O=85878.0 H=85986.0 L=85844.2 C=85943.1 V=1387.250
[17:15:11.785] 末根 1790154000000 O=85878.0 H=85986.0 L=85844.2 C=85940.3 V=1404.897
[17:15:12.046] 末根 1790154000000 O=85878.0 H=85986.0 L=85844.2 C=85940.3 V=1405.261
[17:15:12.062] 标记价 85922.11575362
[17:15:12.359] 末根 1790154000000 O=85878.0 H=85986.0 L=85844.2 C=85940.4 V=1405.407
[17:15:13.057] 末根 1790154000000 O=85878.0 H=85986.0 L=85844.2 C=85940.4 V=1405.517
[17:15:13.065] 标记价 85940.3
[17:15:13.810] 末根 1790154000000 O=85878.0 H=85986.0 L=85844.2 C=85940.4 V=1405.518
[17:15:13.936] 末根 1790154000000 O=85878.0 H=85986.0 L=85844.2 C=85940.3 V=1405.528
[17:15:14.059] 标记价 85940.4
[17:15:14.587] WS 收帧 21 条/5523ms
[17:15:14.587] 末根 1790154000000 O=85878.0 H=85986.0 L=85844.2 C=85940.3 V=1405.616
[17:15:15.031] 末根 1790154000000 O=85878.0 H=85986.0 L=85844.2 C=85940.4 V=1405.692
[17:15:15.064] 标记价 85940.3
[17:15:15.631] 末根 1790154000000 O=85878.0 H=85986.0 L=85844.2 C=85940.4 V=1405.788
[17:15:15.985] 末根 1790154000000 O=85878.0 H=85986.0 L=85844.2 C=85940.3 V=1405.839
[17:15:16.077] 标记价 85940.4
[17:15:16.480] 末根 1790154000000 O=85878.0 H=85986.0 L=85844.2 C=85940.3 V=1405.988
[17:15:16.816] 末根 1790154000000 O=85878.0 H=85986.0 L=85844.2 C=85940.3 V=1406.186
[17:15:17.062] 标记价 85940.3
[17:15:17.246] 末根 1790154000000 O=85878.0 H=85986.0 L=85844.2 C=85940.3 V=1406.259
[17:15:17.693] 末根 1790154000000 O=85878.0 H=85986.0 L=85844.2 C=85940.3 V=1406.262
[17:15:18.061] 标记价 85940.3
[17:15:18.188] 收工：末根更新 31 次，价格 15 次，行情 8 次，首帧 445ms
