[17:14:31.980] 图表订阅：BTCUSDT K线1h、BTCUSDT 行情、BTCUSDT 标记价
[17:14:31.980] 图表订阅：BTCUSDT K线1h、BTCUSDT 行情、BTCUSDT 标记价
[17:14:31.980] 开始：binance/usd_m/BTCUSDT 1h，跑 0.25 分钟（Ctrl-C 停）
[17:14:32.689] 首屏 300 根先落地 binance/usd_m/BTCUSDT|1h
[17:14:32.689] 序列 300 根  1789077600000 … 1790154000000  末根 close=85920.2
[17:14:33.020] WS有效首帧 dstream.binance.me 1039ms
[17:14:33.020] WS 连上 #1 wss://dstream.binance.me/stream?streams=btcusdt@kline_1h/btcusdt@markPrice@1s/btcusdt@ticker
[17:14:33.020] 状态 → live
[17:14:33.021] 末根 1790154000000 O=85878.0 H=85986.0 L=85844.2 C=85920.1 V=1344.928
[17:14:33.024] 快照 14454B → binance/usd_m/BTCUSDT|1h
[17:14:33.074] 标记价 85920.2
[17:14:33.133] 行情 last=85920.1 涨跌=-0.004% 24h高=87247.3 低=85405.9
[17:14:33.449] 序列 1500 根  1784757600000 … 1790154000000  末根 close=85920.1
[17:14:33.743] 末根 1790154000000 O=85878.0 H=85986.0 L=85844.2 C=85920.2 V=1344.977
[17:14:34.071] 末根 1790154000000 O=85878.0 H=85986.0 L=85844.2 C=85920.2 V=1344.986
[17:14:34.074] 标记价 85920.1
[17:14:34.729] 末根 1790154000000 O=85878.0 H=85986.0 L=85844.2 C=85920.1 V=1344.993
[17:14:35.075] 标记价 85920.1
[17:14:35.189] 末根 1790154000000 O=85878.0 H=85986.0 L=85844.2 C=85920.1 V=1345.047
[17:14:35.845] 末根 1790154000000 O=85878.0 H=85986.0 L=85844.2 C=85920.2 V=1345.061
[17:14:36.068] 标记价 85920.1
[17:14:36.601] 末根 1790154000000 O=85878.0 H=85986.0 L=85844.2 C=85920.1 V=1345.064
[17:14:37.070] 标记价 85920.2
[17:14:38.070] WS 收帧 16 条/5049ms
[17:14:38.070] 标记价 85920.1
[17:14:38.165] 末根 1790154000000 O=85878.0 H=85986.0 L=85844.2 C=85920.1 V=1345.214
[17:14:39.072] 标记价 85920.1
[17:14:39.082] 末根 1790154000000 O=85878.0 H=85986.0 L=85844.2 C=85920.2 V=1345.218
[17:14:39.850] 末根 1790154000000 O=85878.0 H=85986.0 L=85844.2 C=85920.1 V=1345.350
[17:14:40.071] 标记价 85920.2
[17:14:40.440] 末根 1790154000000 O=85878.0 H=85986.0 L=85844.2 C=85920.2 V=1345.351
[17:14:41.059] 标记价 85920.2
[17:14:41.411] 末根 1790154000000 O=85878.0 H=85986.0 L=85844.2 C=85920.2 V=1345.397
[17:14:41.753] 末根 1790154000000 O=85878.0 H=85986.0 L=85844.2 C=85920.2 V=1345.398
[17:14:42.014] 末根 1790154000000 O=85878.0 H=85986.0 L=85844.2 C=85920.2 V=1345.630
[17:14:42.075] 标记价 85920.2
[17:14:42.342] 末根 1790154000000 O=85878.0 H=85986.0 L=85844.2 C=85920.1 V=1345.632
[17:14:42.758] 末根 1790154000000 O=85878.0 H=85986.0 L=85844.2 C=85920.1 V=1345.652
[17:14:43.076] WS 收帧 16 条/5005ms
[17:14:43.076] 标记价 85920.1
[17:14:43.636] 末根 1790154000000 O=85878.0 H=85986.0 L=85844.2 C=85920.1 V=1345.653
[17:14:43.936] 末根 1790154000000 O=85878.0 H=85986.0 L=85844.2 C=85920.1 V=1345.657
[17:14:44.076] 标记价 85920.1
[17:14:44.573] 末根 1790154000000 O=85878.0 H=85986.0 L=85844.2 C=85920.1 V=1345.683
[17:14:45.071] 标记价 85920.1
[17:14:45.370] 末根 1790154000000 O=85878.0 H=85986.0 L=85844.2 C=85920.2 V=1345.794
[17:14:45.841] 末根 1790154000000 O=85878.0 H=85986.0 L=85844.2 C=85920.1 V=1345.936
[17:14:46.072] 标记价 85920.2
[17:14:46.975] 末根 1790154000000 O=85878.0 H=85986.0 L=85844.2 C=85920.2 V=1346.308
[17:14:47.081] 收工：末根更新 22 次，价格 14 次，行情 8 次，首帧 709ms
[17:14:47.081] 标记价 85920.1
