[17:08:44.028] 图表订阅：BTCUSDT K线1h
[17:08:44.028] 图表订阅：BTCUSDT K线1h
[17:08:44.028] 开始：binance/usd_m/BTCUSDT 1h，跑 0.25 分钟（Ctrl-C 停）
[17:08:44.772] 首屏历史第 1 发失败，退避重试：badResponse("行情暂不可用，请重试")
[17:08:45.550] WS有效首帧 kanpan.107-174-172-10.sslip.io 1521ms
[17:08:45.551] WS 连上 #1 wss://dstream.binance.me/stream?streams=btcusdt@kline_1h
[17:08:45.551] 状态 → live
[17:08:45.551] 末根 1790154000000 O=85881.9 H=85979.9 L=85850.0 C=85964.7 V=442.025
[17:08:45.682] 末根 1790154000000 O=85881.9 H=85979.9 L=85850.0 C=85964.7 V=442.077
[17:08:45.923] 首屏历史第 2 发失败，退避重试：badResponse("行情暂不可用，请重试")
[17:08:46.408] 末根 1790154000000 O=85881.9 H=85979.9 L=85850.0 C=85964.7 V=442.245
[17:08:47.305] 末根 1790154000000 O=85881.9 H=85979.9 L=85850.0 C=85964.7 V=442.251
[17:08:47.498] 末根 1790154000000 O=85881.9 H=85979.9 L=85850.0 C=85964.7 V=442.252
[17:08:48.203] 末根 1790154000000 O=85881.9 H=85979.9 L=85850.0 C=85964.7 V=442.362
[17:08:48.620] 末根 1790154000000 O=85881.9 H=85979.9 L=85850.0 C=85962.8 V=442.375
[17:08:49.362] 末根 1790154000000 O=85881.9 H=85979.9 L=85850.0 C=85962.8 V=442.383
[17:08:49.587] 末根 1790154000000 O=85881.9 H=85979.9 L=85850.0 C=85962.8 V=442.385
[17:08:50.197] 末根 1790154000000 O=85881.9 H=85979.9 L=85850.0 C=85962.8 V=442.422
[17:08:50.688] WS 收帧 11 条/5136ms
[17:08:50.688] 末根 1790154000000 O=85881.9 H=85979.9 L=85850.0 C=85962.8 V=442.433
[17:08:51.033] 序列 1500 根  1784757600000 … 1790154000000  末根 close=85962.8
[17:08:51.035] 快照 72054B → binance/usd_m/BTCUSDT|1h
[17:08:51.259] 末根 1790154000000 O=85881.9 H=85979.9 L=85850.0 C=85960.1 V=442.751
[17:08:51.546] 末根 1790154000000 O=85881.9 H=85979.9 L=85850.0 C=85960.0 V=443.771
[17:08:52.313] 末根 1790154000000 O=85881.9 H=85979.9 L=85850.0 C=85960.1 V=444.834
[17:08:52.599] 末根 1790154000000 O=85881.9 H=85979.9 L=85850.0 C=85960.1 V=446.334
[17:08:53.397] 末根 1790154000000 O=85881.9 H=85979.9 L=85850.0 C=85960.0 V=446.613
[17:08:53.588] 末根 1790154000000 O=85881.9 H=85979.9 L=85850.0 C=85960.0 V=446.619
[17:08:54.389] 末根 1790154000000 O=85881.9 H=85979.9 L=85850.0 C=85960.1 V=447.670
[17:08:54.613] 末根 1790154000000 O=85881.9 H=85979.9 L=85850.0 C=85960.1 V=448.670
[17:08:55.381] 末根 1790154000000 O=85881.9 H=85979.9 L=85850.0 C=85960.0 V=448.672
[17:08:55.604] 末根 1790154000000 O=85881.9 H=85979.9 L=85850.0 C=85960.0 V=448.964
[17:08:56.213] WS 收帧 11 条/5525ms
[17:08:56.213] 末根 1790154000000 O=85881.9 H=85979.9 L=85850.0 C=85960.0 V=448.966
[17:08:57.207] 末根 1790154000000 O=85881.9 H=85979.9 L=85850.0 C=85960.1 V=455.207
[17:08:58.232] 末根 1790154000000 O=85881.9 H=85979.9 L=85850.0 C=85960.0 V=455.504
[17:08:58.683] 末根 1790154000000 O=85881.9 H=85979.9 L=85850.0 C=85960.1 V=455.663
[17:08:59.233] 收工：末根更新 25 次，价格 0 次，行情 0 次，首帧 7005ms
[17:08:59.233] 末根 1790154000000 O=85881.9 H=85979.9 L=85850.0 C=85960.0 V=455.675
