[17:11:57.806] 图表订阅：BTCUSDT K线1h、BTCUSDT 行情、BTCUSDT 标记价
[17:11:57.807] 图表订阅：BTCUSDT K线1h、BTCUSDT 行情、BTCUSDT 标记价
[17:11:57.807] 开始：binance/usd_m/BTCUSDT 1h，跑 0.25 分钟（Ctrl-C 停）
[17:11:58.883] WS有效首帧 dstream.binance.me 1076ms
[17:11:58.884] WS 连上 #1 wss://dstream.binance.me/stream?streams=btcusdt@kline_1h/btcusdt@markPrice@1s/btcusdt@ticker
[17:11:58.884] 状态 → live
[17:11:58.884] 末根 1790154000000 O=85878.0 H=85986.0 L=85844.2 C=85956.9 V=1186.254
[17:11:59.011] 行情 last=85956.9 涨跌=0.19% 24h高=87247.3 低=85405.9
[17:11:59.074] 标记价 85957.0
[17:11:59.307] 末根 1790154000000 O=85878.0 H=85986.0 L=85844.2 C=85956.9 V=1186.361
[17:11:59.522] 序列 1500 根  1784757600000 … 1790154000000  末根 close=85956.9
[17:11:59.525] 快照 72054B → binance/usd_m/BTCUSDT|1h
[17:11:59.723] 末根 1790154000000 O=85878.0 H=85986.0 L=85844.2 C=85957.0 V=1186.402
[17:11:59.985] 末根 1790154000000 O=85878.0 H=85986.0 L=85844.2 C=85957.0 V=1186.408
[17:12:00.081] 标记价 85956.9
[17:12:00.799] 末根 1790154000000 O=85878.0 H=85986.0 L=85844.2 C=85957.0 V=1186.476
[17:12:00.987] 末根 1790154000000 O=85878.0 H=85986.0 L=85844.2 C=85956.9 V=1186.496
[17:12:01.095] 标记价 85956.9
[17:12:01.522] 末根 1790154000000 O=85878.0 H=85986.0 L=85844.2 C=85956.9 V=1186.503
[17:12:01.662] 末根 1790154000000 O=85878.0 H=85986.0 L=85844.2 C=85956.9 V=1186.528
[17:12:02.073] 标记价 85957.0
[17:12:02.080] 末根 1790154000000 O=85878.0 H=85986.0 L=85844.2 C=85957.0 V=1186.538
[17:12:02.386] 末根 1790154000000 O=85878.0 H=85986.0 L=85844.2 C=85956.9 V=1186.586
[17:12:02.651] 末根 1790154000000 O=85878.0 H=85986.0 L=85844.2 C=85956.9 V=1186.695
[17:12:03.076] 标记价 85957.0
[17:12:03.187] 末根 1790154000000 O=85878.0 H=85986.0 L=85844.2 C=85957.0 V=1186.845
[17:12:03.482] 末根 1790154000000 O=85878.0 H=85986.0 L=85844.2 C=85957.0 V=1186.875
[17:12:03.845] 末根 1790154000000 O=85878.0 H=85986.0 L=85844.2 C=85956.9 V=1187.491
[17:12:04.071] WS 收帧 23 条/5187ms
[17:12:04.071] 标记价 85957.0
[17:12:04.281] 末根 1790154000000 O=85878.0 H=85986.0 L=85844.2 C=85956.9 V=1187.492
[17:12:04.539] 末根 1790154000000 O=85878.0 H=85986.0 L=85844.2 C=85956.9 V=1187.565
[17:12:04.829] 末根 1790154000000 O=85878.0 H=85986.0 L=85844.2 C=85956.9 V=1187.566
[17:12:05.082] 标记价 85956.9
[17:12:05.482] 末根 1790154000000 O=85878.0 H=85986.0 L=85844.2 C=85957.0 V=1187.579
[17:12:05.849] 末根 1790154000000 O=85878.0 H=85986.0 L=85844.2 C=85956.9 V=1190.145
[17:12:06.066] 标记价 85957.0
[17:12:06.284] 末根 1790154000000 O=85878.0 H=85986.0 L=85844.2 C=85956.9 V=1190.149
[17:12:06.661] 末根 1790154000000 O=85878.0 H=85986.0 L=85844.2 C=85956.9 V=1190.154
[17:12:06.932] 末根 1790154000000 O=85878.0 H=85986.0 L=85844.2 C=85956.9 V=1190.155
[17:12:07.070] 标记价 85956.9
[17:12:07.552] 末根 1790154000000 O=85878.0 H=85986.0 L=85844.2 C=85957.0 V=1190.295
[17:12:08.118] 末根 1790154000000 O=85878.0 H=85986.0 L=85844.2 C=85957.0 V=1190.388
[17:12:08.118] 标记价 85956.9
[17:12:09.033] 末根 1790154000000 O=85878.0 H=85986.0 L=85844.2 C=85956.9 V=1190.389
[17:12:09.076] WS 收帧 19 条/5005ms
[17:12:09.076] 标记价 85957.0
[17:12:09.452] 末根 1790154000000 O=85878.0 H=85986.0 L=85844.2 C=85956.9 V=1190.392
[17:12:10.062] 末根 1790154000000 O=85878.0 H=85986.0 L=85844.2 C=85956.9 V=1191.064
[17:12:10.084] 标记价 85957.0
[17:12:10.504] 末根 1790154000000 O=85878.0 H=85986.0 L=85844.2 C=85956.9 V=1191.094
[17:12:10.800] 末根 1790154000000 O=85878.0 H=85986.0 L=85844.2 C=85957.0 V=1191.657
[17:12:11.088] 标记价 85956.9
[17:12:11.489] 末根 1790154000000 O=85878.0 H=85986.0 L=85844.2 C=85957.0 V=1191.733
[17:12:11.776] 末根 1790154000000 O=85878.0 H=85986.0 L=85844.2 C=85956.9 V=1195.734
[17:12:12.041] 末根 1790154000000 O=85878.0 H=85986.0 L=85844.2 C=85956.9 V=1195.735
[17:12:12.075] 标记价 85956.9
[17:12:12.543] 末根 1790154000000 O=85878.0 H=85986.0 L=85844.2 C=85956.9 V=1195.779
[17:12:12.829] 收工：末根更新 33 次，价格 14 次，行情 8 次，首帧 1717ms
[17:12:12.829] 末根 1790154000000 O=85878.0 H=85986.0 L=85844.2 C=85956.9 V=1195.781
