[17:16:05.209] 图表订阅：BTCUSDT K线1h、BTCUSDT 行情、BTCUSDT 标记价
[17:16:05.210] 图表订阅：BTCUSDT K线1h、BTCUSDT 行情、BTCUSDT 标记价
[17:16:05.210] 开始：binance/usd_m/BTCUSDT 1h，跑 0.25 分钟（Ctrl-C 停）
[17:16:06.002] WS有效首帧 dstream.binance.me 792ms
[17:16:06.003] WS 连上 #1 wss://dstream.binance.me/stream?streams=btcusdt@kline_1h/btcusdt@markPrice@1s/btcusdt@ticker
[17:16:06.003] 状态 → live
[17:16:06.003] 末根 1790154000000 O=85878.0 H=85986.0 L=85844.2 C=85924.5 V=1437.690
[17:16:06.078] 标记价 85926.78703623
[17:16:06.573] 末根 1790154000000 O=85878.0 H=85986.0 L=85844.2 C=85924.5 V=1437.710
[17:16:06.903] 序列 1500 根  1784757600000 … 1790154000000  末根 close=85924.5
[17:16:06.906] 快照 72054B → binance/usd_m/BTCUSDT|1h
[17:16:06.908] 末根 1790154000000 O=85878.0 H=85986.0 L=85844.2 C=85924.4 V=1437.762
[17:16:07.076] 标记价 85926.87399275
[17:16:07.085] 行情 last=85924.3 涨跌=0.026% 24h高=87247.3 低=85405.9
[17:16:08.542] 末根 1790154000000 O=85878.0 H=85986.0 L=85844.2 C=85924.5 V=1437.773
[17:16:08.542] 标记价 85926.87181884
[17:16:08.657] 末根 1790154000000 O=85878.0 H=85986.0 L=85844.2 C=85924.5 V=1437.817
[17:16:09.073] 末根 1790154000000 O=85878.0 H=85986.0 L=85844.2 C=85924.4 V=1438.329
[17:16:09.074] 标记价 85926.87834058
[17:16:09.421] 末根 1790154000000 O=85878.0 H=85986.0 L=85844.2 C=85924.5 V=1438.647
[17:16:09.779] 末根 1790154000000 O=85878.0 H=85986.0 L=85844.2 C=85924.4 V=1438.654
[17:16:10.078] 标记价 85927.11377536
[17:16:10.718] 末根 1790154000000 O=85878.0 H=85986.0 L=85844.2 C=85924.4 V=1438.697
[17:16:10.937] 末根 1790154000000 O=85878.0 H=85986.0 L=85844.2 C=85924.5 V=1438.701
[17:16:11.077] WS 收帧 18 条/5074ms
[17:16:11.077] 标记价 85927.11377536
[17:16:11.231] 末根 1790154000000 O=85878.0 H=85986.0 L=85844.2 C=85924.4 V=1438.715
[17:16:11.818] 末根 1790154000000 O=85878.0 H=85986.0 L=85844.2 C=85924.4 V=1438.716
[17:16:12.079] 标记价 85925.18766117
[17:16:12.392] 末根 1790154000000 O=85878.0 H=85986.0 L=85844.2 C=85924.5 V=1438.737
[17:16:13.077] 标记价 85925.18766117
[17:16:13.464] 末根 1790154000000 O=85878.0 H=85986.0 L=85844.2 C=85924.4 V=1438.741
[17:16:13.798] 末根 1790154000000 O=85878.0 H=85986.0 L=85844.2 C=85924.4 V=1438.775
[17:16:14.075] 标记价 85925.18331334
[17:16:14.773] 末根 1790154000000 O=85878.0 H=85986.0 L=85844.2 C=85924.5 V=1438.842
[17:16:15.100] 标记价 85925.20222639
[17:16:15.347] 末根 1790154000000 O=85878.0 H=85986.0 L=85844.2 C=85924.4 V=1439.867
[17:16:15.809] 末根 1790154000000 O=85878.0 H=85986.0 L=85844.2 C=85924.4 V=1439.878
[17:16:16.078] WS 收帧 16 条/5000ms
[17:16:16.079] 标记价 85925.19570465
[17:16:16.166] 末根 1790154000000 O=85878.0 H=85986.0 L=85844.2 C=85924.5 V=1439.882
[17:16:16.684] 末根 1790154000000 O=85878.0 H=85986.0 L=85844.2 C=85932.3 V=1442.116
[17:16:17.193] 末根 1790154000000 O=85878.0 H=85986.0 L=85844.2 C=85932.3 V=1442.117
[17:16:17.193] 标记价 85932.3
[17:16:18.059] 末根 1790154000000 O=85878.0 H=85986.0 L=85844.2 C=85932.3 V=1442.118
[17:16:18.076] 标记价 85932.3
[17:16:18.394] 末根 1790154000000 O=85878.0 H=85986.0 L=85844.2 C=85932.3 V=1442.122
[17:16:19.008] 末根 1790154000000 O=85878.0 H=85986.0 L=85844.2 C=85932.4 V=1442.128
[17:16:19.077] 标记价 85932.3
[17:16:19.816] 末根 1790154000000 O=85878.0 H=85986.0 L=85844.2 C=85932.4 V=1442.129
[17:16:19.982] 末根 1790154000000 O=85878.0 H=85986.0 L=85844.2 C=85932.4 V=1442.253
[17:16:20.081] 标记价 85932.3
[17:16:20.558] 末根 1790154000000 O=85878.0 H=85986.0 L=85844.2 C=85932.4 V=1442.267
[17:16:20.558] 收工：末根更新 27 次，价格 15 次，行情 8 次，首帧 1695ms
[17:16:20.564] 快照 72054B → binance/usd_m/BTCUSDT|1h
