[17:08:28.435] 图表订阅：BTCUSDT K线1h、BTCUSDT 行情、BTCUSDT 标记价
[17:08:28.435] 图表订阅：BTCUSDT K线1h、BTCUSDT 行情、BTCUSDT 标记价
[17:08:28.435] 开始：binance/usd_m/BTCUSDT 1h，跑 0.25 分钟（Ctrl-C 停）
[17:08:28.978] WS有效首帧 dstream.binance.me 543ms
[17:08:28.979] WS 连上 #1 wss://dstream.binance.me/stream?streams=btcusdt@kline_1h/btcusdt@markPrice@1s/btcusdt@ticker
[17:08:28.979] 状态 → live
[17:08:28.979] 末根 1790154000000 O=85878.0 H=85982.4 L=85844.2 C=85969.8 V=963.245
[17:08:29.056] 标记价 85982.4
[17:08:29.338] 末根 1790154000000 O=85878.0 H=85982.4 L=85844.2 C=85969.2 V=965.951
[17:08:29.694] 末根 1790154000000 O=85878.0 H=85982.4 L=85844.2 C=85969.1 V=965.953
[17:08:29.961] 末根 1790154000000 O=85878.0 H=85982.4 L=85844.2 C=85969.2 V=966.236
[17:08:30.064] 标记价 85979.20552899
[17:08:30.103] 序列 1500 根  1784757600000 … 1790154000000  末根 close=85969.2
[17:08:30.108] 快照 72054B → binance/usd_m/BTCUSDT|1h
[17:08:30.343] 末根 1790154000000 O=85878.0 H=85982.4 L=85844.2 C=85969.2 V=966.329
[17:08:30.753] 末根 1790154000000 O=85878.0 H=85982.4 L=85844.2 C=85969.2 V=966.508
[17:08:30.785] 行情 last=85969.2 涨跌=0.161% 24h高=87247.3 低=85405.9
[17:08:31.017] 末根 1790154000000 O=85878.0 H=85982.4 L=85844.2 C=85969.2 V=966.579
[17:08:31.474] 标记价 85977.00357246
[17:08:31.616] 末根 1790154000000 O=85878.0 H=85982.4 L=85844.2 C=85969.2 V=966.585
[17:08:32.058] 标记价 85976.6977029
[17:08:32.282] 末根 1790154000000 O=85878.0 H=85982.4 L=85844.2 C=85969.2 V=966.597
[17:08:32.712] 末根 1790154000000 O=85878.0 H=85982.4 L=85844.2 C=85969.1 V=966.623
[17:08:33.062] 标记价 85976.6977029
[17:08:33.159] 末根 1790154000000 O=85878.0 H=85982.4 L=85844.2 C=85969.2 V=967.699
[17:08:33.577] 末根 1790154000000 O=85878.0 H=85982.4 L=85844.2 C=85969.1 V=967.702
[17:08:33.863] 末根 1790154000000 O=85878.0 H=85982.4 L=85844.2 C=85969.1 V=967.721
[17:08:34.063] WS 收帧 21 条/5084ms
[17:08:34.063] 标记价 85976.69705072
[17:08:34.546] 末根 1790154000000 O=85878.0 H=85982.4 L=85844.2 C=85966.9 V=968.827
[17:08:34.799] 末根 1790154000000 O=85878.0 H=85982.4 L=85844.2 C=85967.0 V=968.886
[17:08:35.062] 标记价 85975.73751874
[17:08:35.098] 末根 1790154000000 O=85878.0 H=85982.4 L=85844.2 C=85967.0 V=968.925
[17:08:35.449] 末根 1790154000000 O=85878.0 H=85982.4 L=85844.2 C=85967.0 V=968.942
[17:08:36.023] 末根 1790154000000 O=85878.0 H=85982.4 L=85844.2 C=85967.0 V=968.969
[17:08:36.703] 标记价 85975.73751874
[17:08:36.703] 末根 1790154000000 O=85878.0 H=85982.4 L=85844.2 C=85967.0 V=969.083
[17:08:36.791] 末根 1790154000000 O=85878.0 H=85982.4 L=85844.2 C=85966.9 V=970.028
[17:08:37.026] 末根 1790154000000 O=85878.0 H=85982.4 L=85844.2 C=85960.0 V=971.322
[17:08:37.061] 标记价 85974.97904048
[17:08:37.287] 末根 1790154000000 O=85878.0 H=85982.4 L=85844.2 C=85960.0 V=971.323
[17:08:37.813] 末根 1790154000000 O=85878.0 H=85982.4 L=85844.2 C=85960.0 V=971.559
[17:08:38.063] 标记价 85973.66012744
[17:08:38.069] 末根 1790154000000 O=85878.0 H=85982.4 L=85844.2 C=85960.0 V=971.571
[17:08:38.438] 末根 1790154000000 O=85878.0 H=85982.4 L=85844.2 C=85959.9 V=971.599
[17:08:38.703] 末根 1790154000000 O=85878.0 H=85982.4 L=85844.2 C=85959.9 V=971.816
[17:08:39.670] WS 收帧 20 条/5607ms
[17:08:39.671] 标记价 85973.36012744
[17:08:39.671] 末根 1790154000000 O=85878.0 H=85982.4 L=85844.2 C=85959.9 V=972.299
[17:08:39.780] 末根 1790154000000 O=85878.0 H=85982.4 L=85844.2 C=85959.9 V=972.312
[17:08:39.949] 末根 1790154000000 O=85878.0 H=85982.4 L=85844.2 C=85959.9 V=972.335
[17:08:40.069] 标记价 85967.40703623
[17:08:40.072] 末根 1790154000000 O=85878.0 H=85982.4 L=85844.2 C=85960.0 V=972.344
[17:08:40.399] 末根 1790154000000 O=85878.0 H=85982.4 L=85844.2 C=85959.9 V=973.329
[17:08:40.787] 末根 1790154000000 O=85878.0 H=85982.4 L=85844.2 C=85960.0 V=973.534
[17:08:41.058] 标记价 85967.40703623
[17:08:41.216] 末根 1790154000000 O=85878.0 H=85982.4 L=85844.2 C=85959.9 V=973.569
[17:08:41.688] 末根 1790154000000 O=85878.0 H=85982.4 L=85844.2 C=85960.0 V=973.623
[17:08:42.059] 标记价 85967.40703623
[17:08:42.515] 末根 1790154000000 O=85878.0 H=85982.4 L=85844.2 C=85960.0 V=973.837
[17:08:43.063] 标记价 85967.42507971
[17:08:43.622] 收工：末根更新 35 次，价格 15 次，行情 7 次，首帧 1669ms
