[17:12:28.947] 图表订阅：BTCUSDT K线1h、BTCUSDT 行情、BTCUSDT 标记价
[17:12:28.947] 图表订阅：BTCUSDT K线1h、BTCUSDT 行情、BTCUSDT 标记价
[17:12:28.947] 开始：binance/usd_m/BTCUSDT 1h，跑 0.25 分钟（Ctrl-C 停）
[17:12:29.987] WS有效首帧 dstream.binance.me 1039ms
[17:12:29.987] WS 连上 #1 wss://dstream.binance.me/stream?streams=btcusdt@kline_1h/btcusdt@markPrice@1s/btcusdt@ticker
[17:12:29.987] 状态 → live
[17:12:29.987] 末根 1790154000000 O=85878.0 H=85986.0 L=85844.2 C=85968.7 V=1204.359
[17:12:30.080] 标记价 85968.7
[17:12:30.379] 末根 1790154000000 O=85878.0 H=85986.0 L=85844.2 C=85968.8 V=1204.373
[17:12:30.662] 末根 1790154000000 O=85878.0 H=85986.0 L=85844.2 C=85968.8 V=1204.433
[17:12:30.917] 末根 1790154000000 O=85878.0 H=85986.0 L=85844.2 C=85968.7 V=1204.434
[17:12:31.033] 行情 last=85968.7 涨跌=0.111% 24h高=87247.3 低=85405.9
[17:12:31.665] 标记价 85968.7
[17:12:31.665] 末根 1790154000000 O=85878.0 H=85986.0 L=85844.2 C=85968.8 V=1204.437
[17:12:31.829] 末根 1790154000000 O=85878.0 H=85986.0 L=85844.2 C=85968.7 V=1204.459
[17:12:31.988] 末根 1790154000000 O=85878.0 H=85986.0 L=85844.2 C=85968.7 V=1204.651
[17:12:32.074] 标记价 85968.8
[17:12:32.190] 序列 1500 根  1784757600000 … 1790154000000  末根 close=85968.7
[17:12:32.192] 快照 72054B → binance/usd_m/BTCUSDT|1h
[17:12:32.386] 末根 1790154000000 O=85878.0 H=85986.0 L=85844.2 C=85968.8 V=1204.656
[17:12:33.072] 末根 1790154000000 O=85878.0 H=85986.0 L=85844.2 C=85968.7 V=1204.664
[17:12:33.073] 标记价 85968.7
[17:12:33.597] 末根 1790154000000 O=85878.0 H=85986.0 L=85844.2 C=85968.8 V=1204.667
[17:12:34.072] 标记价 85968.7
[17:12:34.305] 末根 1790154000000 O=85878.0 H=85986.0 L=85844.2 C=85968.8 V=1204.678
[17:12:34.520] 末根 1790154000000 O=85878.0 H=85986.0 L=85844.2 C=85968.7 V=1204.694
[17:12:34.905] 末根 1790154000000 O=85878.0 H=85986.0 L=85844.2 C=85968.8 V=1204.799
[17:12:35.041] WS 收帧 21 条/5054ms
[17:12:35.326] 标记价 85968.8
[17:12:35.341] 末根 1790154000000 O=85878.0 H=85986.0 L=85844.2 C=85968.8 V=1204.800
[17:12:35.498] 末根 1790154000000 O=85878.0 H=85986.0 L=85844.2 C=85968.8 V=1204.992
[17:12:35.997] 末根 1790154000000 O=85878.0 H=85986.0 L=85844.2 C=85968.7 V=1205.020
[17:12:36.070] 标记价 85968.8
[17:12:36.906] 末根 1790154000000 O=85878.0 H=85986.0 L=85844.2 C=85968.7 V=1205.023
[17:12:37.127] 标记价 85968.97529235
[17:12:37.216] 末根 1790154000000 O=85878.0 H=85986.0 L=85844.2 C=85968.8 V=1205.043
[17:12:37.650] 末根 1790154000000 O=85878.0 H=85986.0 L=85844.2 C=85968.7 V=1205.232
[17:12:38.071] 标记价 85969.06594453
[17:12:38.416] 末根 1790154000000 O=85878.0 H=85986.0 L=85844.2 C=85968.8 V=1205.499
[17:12:39.099] 标记价 85969.16594453
[17:12:39.620] 末根 1790154000000 O=85878.0 H=85986.0 L=85844.2 C=85968.8 V=1205.534
[17:12:39.819] 末根 1790154000000 O=85878.0 H=85986.0 L=85844.2 C=85968.8 V=1205.552
[17:12:40.087] WS 收帧 17 条/5045ms
[17:12:40.087] 标记价 85969.16594453
[17:12:40.390] 末根 1790154000000 O=85878.0 H=85986.0 L=85844.2 C=85968.8 V=1205.596
[17:12:40.778] 末根 1790154000000 O=85878.0 H=85986.0 L=85844.2 C=85968.8 V=1205.720
[17:12:41.148] 标记价 85969.16594453
[17:12:41.149] 末根 1790154000000 O=85878.0 H=85986.0 L=85844.2 C=85974.2 V=1208.229
[17:12:41.654] 末根 1790154000000 O=85878.0 H=85986.0 L=85844.2 C=85974.2 V=1208.239
[17:12:42.114] 标记价 85974.2
[17:12:42.114] 末根 1790154000000 O=85878.0 H=85986.0 L=85844.2 C=85974.3 V=1208.317
[17:12:43.086] 标记价 85974.3
[17:12:43.418] 末根 1790154000000 O=85878.0 H=85986.0 L=85844.2 C=85974.3 V=1208.331
[17:12:43.684] 末根 1790154000000 O=85878.0 H=85986.0 L=85844.2 C=85974.3 V=1208.779
[17:12:44.065] 标记价 85974.3
[17:12:44.065] 收工：末根更新 29 次，价格 15 次，行情 8 次，首帧 3244ms
