[17:08:59.597] 图表订阅：BTCUSDT K线1h
[17:08:59.597] 图表订阅：BTCUSDT K线1h
[17:08:59.597] 开始：binance/usd_m/BTCUSDT 1h，跑 0.25 分钟（Ctrl-C 停）
[17:09:00.202] 首屏 300 根先落地 binance/usd_m/BTCUSDT|1h
[17:09:00.202] 序列 300 根  1789077600000 … 1790154000000  末根 close=85960.1
[17:09:00.674] WS有效首帧 kanpan.107-174-172-10.sslip.io 1076ms
[17:09:00.675] WS 连上 #1 wss://dstream.binance.me/stream?streams=btcusdt@kline_1h
[17:09:00.676] 状态 → live
[17:09:00.676] 末根 1790154000000 O=85881.9 H=85979.9 L=85850.0 C=85975.8 V=456.759
[17:09:00.681] 快照 14454B → binance/usd_m/BTCUSDT|1h
[17:09:01.318] 末根 1790154000000 O=85881.9 H=85979.9 L=85850.0 C=85975.9 V=457.760
[17:09:01.515] 末根 1790154000000 O=85881.9 H=85979.9 L=85850.0 C=85967.7 V=459.063
[17:09:02.208] 末根 1790154000000 O=85881.9 H=85979.9 L=85850.0 C=85967.8 V=459.063
[17:09:02.593] 末根 1790154000000 O=85881.9 H=85979.9 L=85850.0 C=85967.7 V=459.066
[17:09:03.197] 末根 1790154000000 O=85881.9 H=85979.9 L=85850.0 C=85967.8 V=459.115
[17:09:03.259] 序列 1500 根  1784757600000 … 1790154000000  末根 close=85967.8
[17:09:04.222] 末根 1790154000000 O=85881.9 H=85979.9 L=85850.0 C=85967.7 V=459.320
[17:09:04.757] 末根 1790154000000 O=85881.9 H=85979.9 L=85850.0 C=85967.7 V=459.321
[17:09:05.378] 末根 1790154000000 O=85881.9 H=85979.9 L=85850.0 C=85967.7 V=459.422
[17:09:05.794] WS 收帧 10 条/5118ms
[17:09:05.795] 末根 1790154000000 O=85881.9 H=85979.9 L=85850.0 C=85974.0 V=459.637
[17:09:06.210] 末根 1790154000000 O=85881.9 H=85979.9 L=85850.0 C=85975.8 V=459.706
[17:09:06.879] 末根 1790154000000 O=85881.9 H=85979.9 L=85850.0 C=85975.8 V=459.788
[17:09:07.401] 末根 1790154000000 O=85881.9 H=85979.9 L=85850.0 C=85975.7 V=459.798
[17:09:07.750] 末根 1790154000000 O=85881.9 H=85979.9 L=85850.0 C=85975.7 V=459.798
[17:09:08.271] 末根 1790154000000 O=85881.9 H=85979.9 L=85850.0 C=85975.8 V=459.815
[17:09:09.318] 末根 1790154000000 O=85881.9 H=85979.9 L=85850.0 C=85975.7 V=459.919
[17:09:10.611] 末根 1790154000000 O=85881.9 H=85979.9 L=85850.0 C=85975.7 V=459.927
[17:09:10.823] WS 收帧 8 条/5028ms
[17:09:10.848] 末根 1790154000000 O=85881.9 H=85979.9 L=85850.0 C=85975.7 V=459.987
[17:09:10.978] 末根 1790154000000 O=85881.9 H=85979.9 L=85850.0 C=85975.7 V=459.993
[17:09:11.399] 末根 1790154000000 O=85881.9 H=85979.9 L=85850.0 C=85975.7 V=460.106
[17:09:11.862] 末根 1790154000000 O=85881.9 H=85979.9 L=85850.0 C=85975.8 V=460.108
[17:09:12.716] 末根 1790154000000 O=85881.9 H=85979.9 L=85850.0 C=85975.7 V=461.183
[17:09:12.910] 末根 1790154000000 O=85881.9 H=85979.9 L=85850.0 C=85975.8 V=461.184
[17:09:13.293] 末根 1790154000000 O=85881.9 H=85979.9 L=85850.0 C=85975.8 V=461.258
[17:09:13.802] 末根 1790154000000 O=85881.9 H=85979.9 L=85850.0 C=85975.7 V=461.277
[17:09:14.898] 末根 1790154000000 O=85881.9 H=85979.9 L=85850.0 C=85975.8 V=461.349
[17:09:14.898] 收工：末根更新 26 次，价格 0 次，行情 0 次，首帧 605ms
[17:09:14.910] 快照 72054B → binance/usd_m/BTCUSDT|1h
