[17:14:00.779] 图表订阅：BTCUSDT K线1h、BTCUSDT 行情、BTCUSDT 标记价
[17:14:00.780] 图表订阅：BTCUSDT K线1h、BTCUSDT 行情、BTCUSDT 标记价
[17:14:00.780] 开始：binance/usd_m/BTCUSDT 1h，跑 0.25 分钟（Ctrl-C 停）
[17:14:01.593] WS有效首帧 dstream.binance.me 812ms
[17:14:01.593] WS 连上 #1 wss://dstream.binance.me/stream?streams=btcusdt@kline_1h/btcusdt@markPrice@1s/btcusdt@ticker
[17:14:01.593] 状态 → live
[17:14:01.593] 末根 1790154000000 O=85878.0 H=85986.0 L=85844.2 C=85900.0 V=1324.756
[17:14:02.061] 标记价 85901.81198551
[17:14:02.097] 序列 1500 根  1784757600000 … 1790154000000  末根 close=85900.0
[17:14:02.099] 快照 72054B → binance/usd_m/BTCUSDT|1h
[17:14:02.187] 末根 1790154000000 O=85878.0 H=85986.0 L=85844.2 C=85900.1 V=1324.787
[17:14:02.291] 行情 last=85902.6 涨跌=-0.024% 24h高=87247.3 低=85405.9
[17:14:02.595] 末根 1790154000000 O=85878.0 H=85986.0 L=85844.2 C=85900.0 V=1324.792
[17:14:03.066] 标记价 85900.1
[17:14:03.762] 末根 1790154000000 O=85878.0 H=85986.0 L=85844.2 C=85900.1 V=1324.865
[17:14:04.063] 末根 1790154000000 O=85878.0 H=85986.0 L=85844.2 C=85900.0 V=1326.883
[17:14:04.066] 标记价 85900.0
[17:14:04.686] 末根 1790154000000 O=85878.0 H=85986.0 L=85844.2 C=85900.0 V=1326.972
[17:14:05.061] 标记价 85900.0
[17:14:05.078] 末根 1790154000000 O=85878.0 H=85986.0 L=85844.2 C=85900.0 V=1327.538
[17:14:05.470] 末根 1790154000000 O=85878.0 H=85986.0 L=85844.2 C=85900.0 V=1327.540
[17:14:05.931] 末根 1790154000000 O=85878.0 H=85986.0 L=85844.2 C=85900.1 V=1327.546
[17:14:06.068] 标记价 85900.0
[17:14:06.210] 末根 1790154000000 O=85878.0 H=85986.0 L=85844.2 C=85904.5 V=1334.096
[17:14:06.785] WS 收帧 18 条/5191ms
[17:14:06.785] 末根 1790154000000 O=85878.0 H=85986.0 L=85844.2 C=85908.5 V=1334.598
[17:14:07.063] 标记价 85908.5
[17:14:07.227] 末根 1790154000000 O=85878.0 H=85986.0 L=85844.2 C=85908.6 V=1334.628
[17:14:07.490] 末根 1790154000000 O=85878.0 H=85986.0 L=85844.2 C=85908.5 V=1335.416
[17:14:07.843] 末根 1790154000000 O=85878.0 H=85986.0 L=85844.2 C=85908.5 V=1335.474
[17:14:08.063] 标记价 85908.5
[17:14:08.224] 末根 1790154000000 O=85878.0 H=85986.0 L=85844.2 C=85908.5 V=1335.517
[17:14:08.549] 末根 1790154000000 O=85878.0 H=85986.0 L=85844.2 C=85908.5 V=1335.672
[17:14:08.871] 末根 1790154000000 O=85878.0 H=85986.0 L=85844.2 C=85908.5 V=1335.817
[17:14:09.062] 标记价 85908.5
[17:14:09.245] 末根 1790154000000 O=85878.0 H=85986.0 L=85844.2 C=85908.5 V=1335.895
[17:14:09.545] 末根 1790154000000 O=85878.0 H=85986.0 L=85844.2 C=85908.6 V=1335.901
[17:14:10.069] 标记价 85908.5
[17:14:10.791] 末根 1790154000000 O=85878.0 H=85986.0 L=85844.2 C=85920.2 V=1338.127
[17:14:11.041] 末根 1790154000000 O=85878.0 H=85986.0 L=85844.2 C=85920.2 V=1338.627
[17:14:11.061] 标记价 85920.2
[17:14:11.517] 末根 1790154000000 O=85878.0 H=85986.0 L=85844.2 C=85920.2 V=1338.628
[17:14:12.047] WS 收帧 20 条/5261ms
[17:14:12.047] 末根 1790154000000 O=85878.0 H=85986.0 L=85844.2 C=85920.1 V=1338.978
[17:14:12.062] 标记价 85920.2
[17:14:12.310] 末根 1790154000000 O=85878.0 H=85986.0 L=85844.2 C=85920.2 V=1340.132
[17:14:12.908] 末根 1790154000000 O=85878.0 H=85986.0 L=85844.2 C=85920.2 V=1340.150
[17:14:13.066] 标记价 85920.1
[17:14:13.562] 末根 1790154000000 O=85878.0 H=85986.0 L=85844.2 C=85920.2 V=1340.151
[17:14:14.062] 标记价 85920.2
[17:14:14.105] 末根 1790154000000 O=85878.0 H=85986.0 L=85844.2 C=85920.2 V=1340.211
[17:14:14.433] 末根 1790154000000 O=85878.0 H=85986.0 L=85844.2 C=85920.1 V=1340.285
[17:14:14.899] 末根 1790154000000 O=85878.0 H=85986.0 L=85844.2 C=85920.2 V=1340.288
[17:14:15.070] 标记价 85920.1
[17:14:15.251] 末根 1790154000000 O=85878.0 H=85986.0 L=85844.2 C=85920.1 V=1340.290
[17:14:15.555] 末根 1790154000000 O=85878.0 H=85986.0 L=85844.2 C=85920.1 V=1340.322
[17:14:16.064] 收工：末根更新 31 次，价格 15 次，行情 8 次，首帧 1318ms
[17:14:16.064] 标记价 85920.1
