[17:09:19.556] 图表订阅：BTCUSDT K线1h
[17:09:19.557] 图表订阅：BTCUSDT K线1h
[17:09:19.557] 开始：binance/usd_m/BTCUSDT 1h，跑 0.25 分钟（Ctrl-C 停）
[17:09:20.308] 首屏 300 根先落地 binance/usd_m/BTCUSDT|1h
[17:09:20.308] 序列 300 根  1789077600000 … 1790154000000  末根 close=85977.1
[17:09:20.660] WS有效首帧 kanpan.107-174-172-10.sslip.io 1098ms
[17:09:20.661] WS 连上 #1 wss://dstream.binance.me/stream?streams=btcusdt@kline_1h
[17:09:20.661] 状态 → live
[17:09:20.667] 末根 1790154000000 O=85881.9 H=85979.9 L=85850.0 C=85977.2 V=462.056
[17:09:20.671] 快照 14454B → binance/usd_m/BTCUSDT|1h
[17:09:21.024] 末根 1790154000000 O=85881.9 H=85979.9 L=85850.0 C=85977.2 V=462.431
[17:09:21.873] 末根 1790154000000 O=85881.9 H=85979.9 L=85850.0 C=85977.2 V=462.431
[17:09:22.358] 末根 1790154000000 O=85881.9 H=85979.9 L=85850.0 C=85977.1 V=462.432
[17:09:22.668] 序列 1500 根  1784757600000 … 1790154000000  末根 close=85977.1
[17:09:23.096] 末根 1790154000000 O=85881.9 H=85979.9 L=85850.0 C=85977.2 V=463.485
[17:09:23.313] 末根 1790154000000 O=85881.9 H=85979.9 L=85850.0 C=85977.1 V=463.630
[17:09:24.337] 末根 1790154000000 O=85881.9 H=85979.9 L=85850.0 C=85977.2 V=464.056
[17:09:25.109] 末根 1790154000000 O=85881.9 H=85979.9 L=85850.0 C=85977.2 V=464.195
[17:09:25.332] 末根 1790154000000 O=85881.9 H=85979.9 L=85850.0 C=85977.1 V=464.524
[17:09:26.007] WS 收帧 10 条/5345ms
[17:09:26.007] 末根 1790154000000 O=85881.9 H=85979.9 L=85850.0 C=85975.8 V=464.928
[17:09:26.265] 末根 1790154000000 O=85881.9 H=85979.9 L=85850.0 C=85975.8 V=465.107
[17:09:27.101] 末根 1790154000000 O=85881.9 H=85979.9 L=85850.0 C=85967.1 V=465.898
[17:09:27.294] 末根 1790154000000 O=85881.9 H=85979.9 L=85850.0 C=85967.1 V=465.918
[17:09:28.074] 末根 1790154000000 O=85881.9 H=85979.9 L=85850.0 C=85967.2 V=466.074
[17:09:29.094] 末根 1790154000000 O=85881.9 H=85979.9 L=85850.0 C=85967.2 V=466.096
[17:09:29.320] 末根 1790154000000 O=85881.9 H=85979.9 L=85850.0 C=85967.2 V=466.097
[17:09:30.092] 末根 1790154000000 O=85881.9 H=85979.9 L=85850.0 C=85975.6 V=467.677
[17:09:31.092] WS 收帧 8 条/5084ms
[17:09:31.092] 末根 1790154000000 O=85881.9 H=85979.9 L=85850.0 C=85975.5 V=467.794
[17:09:31.389] 末根 1790154000000 O=85881.9 H=85979.9 L=85850.0 C=85975.6 V=467.795
[17:09:32.209] 末根 1790154000000 O=85881.9 H=85979.9 L=85850.0 C=85975.5 V=467.807
[17:09:33.014] 末根 1790154000000 O=85881.9 H=85979.9 L=85850.0 C=85975.5 V=468.074
[17:09:33.268] 末根 1790154000000 O=85881.9 H=85979.9 L=85850.0 C=85975.5 V=468.074
[17:09:34.196] 末根 1790154000000 O=85881.9 H=85979.9 L=85850.0 C=85975.5 V=468.520
[17:09:34.391] 末根 1790154000000 O=85881.9 H=85979.9 L=85850.0 C=85975.5 V=468.520
[17:09:35.097] 末根 1790154000000 O=85881.9 H=85979.9 L=85850.0 C=85975.6 V=468.835
[17:09:35.098] 收工：末根更新 25 次，价格 0 次，行情 0 次，首帧 764ms
