[17:11:26.449] 图表订阅：BTCUSDT K线1h、BTCUSDT 行情、BTCUSDT 标记价
[17:11:26.449] 图表订阅：BTCUSDT K线1h、BTCUSDT 行情、BTCUSDT 标记价
[17:11:26.449] 开始：binance/usd_m/BTCUSDT 1h，跑 0.25 分钟（Ctrl-C 停）
[17:11:26.995] 首屏 300 根先落地 binance/usd_m/BTCUSDT|1h
[17:11:26.995] 序列 300 根  1789077600000 … 1790154000000  末根 close=85944.4
[17:11:27.036] 序列 1500 根  1784757600000 … 1790154000000  末根 close=85944.4
[17:11:27.039] 快照 72054B → binance/usd_m/BTCUSDT|1h
[17:11:27.532] 行情 last=85944.4 涨跌=0.176% 24h高=87247.3 低=85405.9
[17:11:28.065] WS有效首帧 dstream.binance.me 1615ms
[17:11:28.065] WS 连上 #1 wss://dstream.binance.me/stream?streams=btcusdt@kline_1h/btcusdt@markPrice@1s/btcusdt@ticker
[17:11:28.065] 状态 → live
[17:11:28.065] 标记价 85950.67035982
[17:11:28.271] 序列 1500 根  1784757600000 … 1790154000000  末根 close=85944.3
[17:11:28.271] 补缺 startTime=1790154000000 → 1 根，净增 0，队列已合并
[17:11:28.394] 末根 1790154000000 O=85878.0 H=85986.0 L=85844.2 C=85944.3 V=1159.290
[17:11:29.051] 末根 1790154000000 O=85878.0 H=85986.0 L=85844.2 C=85944.4 V=1159.315
[17:11:29.059] 标记价 85950.51514243
[17:11:29.317] 末根 1790154000000 O=85878.0 H=85986.0 L=85844.2 C=85944.3 V=1159.316
[17:11:29.743] 末根 1790154000000 O=85878.0 H=85986.0 L=85844.2 C=85944.3 V=1159.423
[17:11:30.011] 末根 1790154000000 O=85878.0 H=85986.0 L=85844.2 C=85944.3 V=1159.610
[17:11:30.066] 标记价 85950.51296852
[17:11:30.468] 末根 1790154000000 O=85878.0 H=85986.0 L=85844.2 C=85944.4 V=1159.930
[17:11:30.721] 末根 1790154000000 O=85878.0 H=85986.0 L=85844.2 C=85958.2 V=1168.179
[17:11:31.067] 标记价 85952.57949025
[17:11:31.176] 末根 1790154000000 O=85878.0 H=85986.0 L=85844.2 C=85960.0 V=1168.329
[17:11:31.478] 末根 1790154000000 O=85878.0 H=85986.0 L=85844.2 C=85960.1 V=1168.334
[17:11:31.772] 末根 1790154000000 O=85878.0 H=85986.0 L=85844.2 C=85960.0 V=1168.644
[17:11:32.060] 标记价 85960.0
[17:11:32.491] 末根 1790154000000 O=85878.0 H=85986.0 L=85844.2 C=85960.0 V=1168.695
[17:11:33.060] 标记价 85960.1
[17:11:33.172] WS 收帧 22 条/5106ms
[17:11:33.172] 末根 1790154000000 O=85878.0 H=85986.0 L=85844.2 C=85960.0 V=1168.697
[17:11:33.417] 末根 1790154000000 O=85878.0 H=85986.0 L=85844.2 C=85960.0 V=1168.831
[17:11:33.688] 末根 1790154000000 O=85878.0 H=85986.0 L=85844.2 C=85960.0 V=1168.834
[17:11:34.062] 标记价 85960.0
[17:11:34.300] 末根 1790154000000 O=85878.0 H=85986.0 L=85844.2 C=85960.0 V=1168.835
[17:11:34.651] 末根 1790154000000 O=85878.0 H=85986.0 L=85844.2 C=85960.0 V=1168.860
[17:11:35.004] 末根 1790154000000 O=85878.0 H=85986.0 L=85844.2 C=85960.1 V=1168.869
[17:11:35.064] 标记价 85960.0
[17:11:35.576] 末根 1790154000000 O=85878.0 H=85986.0 L=85844.2 C=85960.1 V=1168.887
[17:11:35.754] 末根 1790154000000 O=85878.0 H=85986.0 L=85844.2 C=85960.0 V=1171.874
[17:11:35.973] 末根 1790154000000 O=85878.0 H=85986.0 L=85844.2 C=85960.1 V=1171.879
[17:11:36.061] 标记价 85960.1
[17:11:36.503] 末根 1790154000000 O=85878.0 H=85986.0 L=85844.2 C=85960.1 V=1171.884
[17:11:37.064] 标记价 85960.1
[17:11:37.313] 末根 1790154000000 O=85878.0 H=85986.0 L=85844.2 C=85960.1 V=1171.937
[17:11:37.789] 末根 1790154000000 O=85878.0 H=85986.0 L=85844.2 C=85960.1 V=1171.938
[17:11:38.039] 末根 1790154000000 O=85878.0 H=85986.0 L=85844.2 C=85960.0 V=1171.966
[17:11:38.062] 标记价 85960.1
[17:11:38.588] WS 收帧 20 条/5415ms
[17:11:38.588] 末根 1790154000000 O=85878.0 H=85986.0 L=85844.2 C=85960.0 V=1172.073
[17:11:39.017] 末根 1790154000000 O=85878.0 H=85986.0 L=85844.2 C=85960.0 V=1172.108
[17:11:39.060] 标记价 85960.1
[17:11:39.352] 末根 1790154000000 O=85878.0 H=85986.0 L=85844.2 C=85960.0 V=1172.405
[17:11:39.718] 末根 1790154000000 O=85878.0 H=85986.0 L=85844.2 C=85960.0 V=1172.424
[17:11:40.067] 标记价 85960.1
[17:11:40.358] 末根 1790154000000 O=85878.0 H=85986.0 L=85844.2 C=85960.0 V=1172.485
[17:11:40.798] 末根 1790154000000 O=85878.0 H=85986.0 L=85844.2 C=85960.0 V=1172.544
[17:11:41.061] 标记价 85960.1
[17:11:41.487] 收工：末根更新 30 次，价格 14 次，行情 8 次，首帧 546ms
[17:11:41.487] 末根 1790154000000 O=85878.0 H=85986.0 L=85844.2 C=85960.1 V=1172.547
