[17:13:45.288] 图表订阅：btcusdt@kline_1h/btcusdt@ticker/btcusdt@markPrice@1s
[17:13:45.288] 图表订阅：btcusdt@kline_1h/btcusdt@ticker/btcusdt@markPrice@1s
[17:13:45.288] 开始：BTCUSDT 1h，跑 0.25 分钟（Ctrl-C 停）
[17:13:45.289] WS 连上 #1 wss://dstream.binance.me/stream?streams=btcusdt@kline_1h/btcusdt@markPrice@1s/btcusdt@ticker
[17:13:45.289] 状态 → live
[17:13:45.735] 首屏 300 根先落地 binance/usd_m/BTCUSDT|1h
[17:13:45.735] 序列 300 根  1789077600000 … 1790154000000  末根 close=85915.3
[17:13:45.821] 序列 1500 根  1784757600000 … 1790154000000  末根 close=85907.7
[17:13:45.824] 快照 72054B → binance/usd_m/BTCUSDT|1h
[17:13:45.988] 末根 1790154000000 O=85878.0 H=85986.0 L=85844.2 C=85907.7 V=1310.169
[17:13:46.073] 标记价 85910.45057246
[17:13:46.160] 行情 last=85908.0 涨跌=-0.005% 24h高=87247.3 低=85405.9
[17:13:46.255] 末根 1790154000000 O=85878.0 H=85986.0 L=85844.2 C=85907.7 V=1310.170
[17:13:47.009] 末根 1790154000000 O=85878.0 H=85986.0 L=85844.2 C=85907.7 V=1310.460
[17:13:47.084] 标记价 85909.6547901
[17:13:47.500] 末根 1790154000000 O=85878.0 H=85986.0 L=85844.2 C=85907.7 V=1310.490
[17:13:47.880] 末根 1790154000000 O=85878.0 H=85986.0 L=85844.2 C=85907.7 V=1310.518
[17:13:48.078] 标记价 85909.66565967
[17:13:48.262] 末根 1790154000000 O=85878.0 H=85986.0 L=85844.2 C=85907.8 V=1310.801
[17:13:48.751] 末根 1790154000000 O=85878.0 H=85986.0 L=85844.2 C=85907.7 V=1311.304
[17:13:49.032] 末根 1790154000000 O=85878.0 H=85986.0 L=85844.2 C=85907.7 V=1311.561
[17:13:49.073] 标记价 85909.30826837
[17:13:49.413] 末根 1790154000000 O=85878.0 H=85986.0 L=85844.2 C=85907.7 V=1311.562
[17:13:49.683] 末根 1790154000000 O=85878.0 H=85986.0 L=85844.2 C=85907.7 V=1311.970
[17:13:50.028] 末根 1790154000000 O=85878.0 H=85986.0 L=85844.2 C=85907.7 V=1312.214
[17:13:50.572] WS 收帧 18 条/5282ms
[17:13:50.572] 标记价 85909.30826837
[17:13:50.573] 末根 1790154000000 O=85878.0 H=85986.0 L=85844.2 C=85907.7 V=1312.624
[17:13:50.894] 末根 1790154000000 O=85878.0 H=85986.0 L=85844.2 C=85907.7 V=1312.769
[17:13:51.074] 标记价 85909.21261619
[17:13:51.478] 末根 1790154000000 O=85878.0 H=85986.0 L=85844.2 C=85907.7 V=1312.939
[17:13:51.758] 末根 1790154000000 O=85878.0 H=85986.0 L=85844.2 C=85907.7 V=1312.956
[17:13:52.081] 标记价 85908.99418116
[17:13:52.282] 末根 1790154000000 O=85878.0 H=85986.0 L=85844.2 C=85907.7 V=1312.958
[17:13:52.648] 末根 1790154000000 O=85878.0 H=85986.0 L=85844.2 C=85907.7 V=1312.959
[17:13:53.069] 标记价 85908.99418116
[17:13:53.085] 末根 1790154000000 O=85878.0 H=85986.0 L=85844.2 C=85907.7 V=1312.995
[17:13:53.556] 末根 1790154000000 O=85878.0 H=85986.0 L=85844.2 C=85907.7 V=1314.008
[17:13:53.679] 末根 1790154000000 O=85878.0 H=85986.0 L=85844.2 C=85907.8 V=1314.012
[17:13:54.072] 标记价 85908.26418116
[17:13:54.141] 末根 1790154000000 O=85878.0 H=85986.0 L=85844.2 C=85907.8 V=1314.016
[17:13:54.974] 末根 1790154000000 O=85878.0 H=85986.0 L=85844.2 C=85907.7 V=1314.052
[17:13:55.076] 标记价 85908.26418116
[17:13:56.190] WS 收帧 20 条/5618ms
[17:13:56.190] 末根 1790154000000 O=85878.0 H=85986.0 L=85844.2 C=85907.7 V=1314.132
[17:13:56.191] 标记价 85908.26418116
[17:13:56.276] 末根 1790154000000 O=85878.0 H=85986.0 L=85844.2 C=85902.7 V=1316.664
[17:13:56.702] 末根 1790154000000 O=85878.0 H=85986.0 L=85844.2 C=85902.7 V=1316.692
[17:13:56.868] 末根 1790154000000 O=85878.0 H=85986.0 L=85844.2 C=85902.7 V=1316.884
[17:13:57.073] 标记价 85906.72133333
[17:13:57.191] 末根 1790154000000 O=85878.0 H=85986.0 L=85844.2 C=85902.8 V=1319.036
[17:13:58.018] 末根 1790154000000 O=85878.0 H=85986.0 L=85844.2 C=85902.8 V=1319.039
[17:13:58.080] 标记价 85905.11915942
[17:13:58.287] 末根 1790154000000 O=85878.0 H=85986.0 L=85844.2 C=85902.8 V=1319.095
[17:13:58.635] 末根 1790154000000 O=85878.0 H=85986.0 L=85844.2 C=85902.8 V=1319.104
[17:13:59.043] 末根 1790154000000 O=85878.0 H=85986.0 L=85844.2 C=85902.7 V=1319.381
[17:13:59.077] 标记价 85904.05676812
[17:13:59.493] 末根 1790154000000 O=85878.0 H=85986.0 L=85844.2 C=85902.7 V=1319.543
[17:14:00.292] 标记价 85903.91546377
[17:14:00.292] 收工：末根更新 32 次，价格 15 次，行情 8 次，首帧 448ms
