[17:14:47.435] 图表订阅：btcusdt@kline_1h/btcusdt@ticker/btcusdt@markPrice@1s
[17:14:47.435] 图表订阅：btcusdt@kline_1h/btcusdt@ticker/btcusdt@markPrice@1s
[17:14:47.435] 开始：BTCUSDT 1h，跑 0.25 分钟（Ctrl-C 停）
[17:14:47.435] WS 连上 #1 wss://dstream.binance.me/stream?streams=btcusdt@kline_1h/btcusdt@markPrice@1s/btcusdt@ticker
[17:14:47.436] 状态 → live
[17:14:48.172] 首屏 300 根先落地 binance/usd_m/BTCUSDT|1h
[17:14:48.172] 序列 300 根  1789077600000 … 1790154000000  末根 close=85920.1
[17:14:48.205] 标记价 85920.2
[17:14:48.390] 序列 1500 根  1784757600000 … 1790154000000  末根 close=85920.2
[17:14:48.394] 快照 72054B → binance/usd_m/BTCUSDT|1h
[17:14:48.829] 行情 last=85920.2 涨跌=-0.004% 24h高=87247.3 低=85405.9
[17:14:49.068] 标记价 85920.2
[17:14:49.084] 末根 1790154000000 O=85878.0 H=85986.0 L=85844.2 C=85920.1 V=1346.468
[17:14:49.525] 末根 1790154000000 O=85878.0 H=85986.0 L=85844.2 C=85920.1 V=1346.469
[17:14:50.082] 标记价 85920.1
[17:14:50.190] 末根 1790154000000 O=85878.0 H=85986.0 L=85844.2 C=85920.2 V=1347.436
[17:14:50.445] 末根 1790154000000 O=85878.0 H=85986.0 L=85844.2 C=85920.1 V=1347.439
[17:14:50.933] 末根 1790154000000 O=85878.0 H=85986.0 L=85844.2 C=85920.2 V=1347.446
[17:14:51.075] 标记价 85920.1
[17:14:51.583] 末根 1790154000000 O=85878.0 H=85986.0 L=85844.2 C=85920.2 V=1347.456
[17:14:52.073] 标记价 85920.2
[17:14:53.071] WS 收帧 14 条/5634ms
[17:14:53.071] 标记价 85920.2
[17:14:53.545] 末根 1790154000000 O=85878.0 H=85986.0 L=85844.2 C=85920.2 V=1347.484
[17:14:53.805] 末根 1790154000000 O=85878.0 H=85986.0 L=85844.2 C=85920.2 V=1347.501
[17:14:54.075] 标记价 85920.2
[17:14:54.164] 末根 1790154000000 O=85878.0 H=85986.0 L=85844.2 C=85920.1 V=1348.211
[17:14:54.547] 末根 1790154000000 O=85878.0 H=85986.0 L=85844.2 C=85920.1 V=1348.217
[17:14:55.075] 标记价 85920.1
[17:14:56.055] 末根 1790154000000 O=85878.0 H=85986.0 L=85844.2 C=85920.2 V=1348.221
[17:14:56.068] 标记价 85920.1
[17:14:56.421] 末根 1790154000000 O=85878.0 H=85986.0 L=85844.2 C=85920.1 V=1348.238
[17:14:56.840] 末根 1790154000000 O=85878.0 H=85986.0 L=85844.2 C=85920.1 V=1348.261
[17:14:57.081] 标记价 85920.1
[17:14:57.535] 末根 1790154000000 O=85878.0 H=85986.0 L=85844.2 C=85920.1 V=1348.474
[17:14:57.767] 末根 1790154000000 O=85878.0 H=85986.0 L=85844.2 C=85920.2 V=1348.479
[17:14:58.081] WS 收帧 17 条/5010ms
[17:14:58.081] 标记价 85920.1
[17:14:58.394] 末根 1790154000000 O=85878.0 H=85986.0 L=85844.2 C=85920.2 V=1348.494
[17:14:59.078] 标记价 85920.2
[17:14:59.380] 末根 1790154000000 O=85878.0 H=85986.0 L=85844.2 C=85920.2 V=1348.516
[17:15:00.076] 标记价 85920.2
[17:15:00.080] 末根 1790154000000 O=85878.0 H=85986.0 L=85844.2 C=85920.2 V=1348.517
[17:15:00.547] 末根 1790154000000 O=85878.0 H=85986.0 L=85844.2 C=85920.2 V=1348.519
[17:15:00.815] 末根 1790154000000 O=85878.0 H=85986.0 L=85844.2 C=85920.2 V=1348.560
[17:15:01.074] 标记价 85920.2
[17:15:01.417] 末根 1790154000000 O=85878.0 H=85986.0 L=85844.2 C=85920.1 V=1348.566
[17:15:02.087] 标记价 85920.2
[17:15:02.156] 末根 1790154000000 O=85878.0 H=85986.0 L=85844.2 C=85920.2 V=1348.641
[17:15:02.418] 末根 1790154000000 O=85878.0 H=85986.0 L=85844.2 C=85920.1 V=1348.656
[17:15:02.733] 收工：末根更新 23 次，价格 15 次，行情 8 次，首帧 737ms
[17:15:02.734] 末根 1790154000000 O=85878.0 H=85986.0 L=85844.2 C=85920.2 V=1348.658
