[17:10:29.731] 图表订阅：btcusdt@kline_1h/btcusdt@ticker/btcusdt@markPrice@1s
[17:10:29.731] 图表订阅：btcusdt@kline_1h/btcusdt@ticker/btcusdt@markPrice@1s
[17:10:29.731] 开始：BTCUSDT 1h，跑 0.25 分钟（Ctrl-C 停）
[17:10:29.732] WS 连上 #1 wss://dstream.binance.me/stream?streams=btcusdt@kline_1h/btcusdt@markPrice@1s/btcusdt@ticker
[17:10:29.732] 状态 → live
[17:10:30.454] 末根 1790154000000 O=85878.0 H=85986.0 L=85844.2 C=85969.1 V=1081.680
[17:10:30.822] 末根 1790154000000 O=85878.0 H=85986.0 L=85844.2 C=85969.1 V=1081.682
[17:10:30.939] 行情 last=85969.2 涨跌=0.191% 24h高=87247.3 低=85405.9
[17:10:31.060] 标记价 85969.2
[17:10:31.506] 末根 1790154000000 O=85878.0 H=85986.0 L=85844.2 C=85969.1 V=1081.804
[17:10:31.793] 末根 1790154000000 O=85878.0 H=85986.0 L=85844.2 C=85969.1 V=1081.862
[17:10:32.064] 标记价 85969.2
[17:10:32.223] 末根 1790154000000 O=85878.0 H=85986.0 L=85844.2 C=85969.1 V=1082.007
[17:10:32.293] 序列 1500 根  1784757600000 … 1790154000000  末根 close=85969.1
[17:10:32.298] 快照 72054B → binance/usd_m/BTCUSDT|1h
[17:10:32.489] 末根 1790154000000 O=85878.0 H=85986.0 L=85844.2 C=85969.1 V=1082.041
[17:10:32.981] 末根 1790154000000 O=85878.0 H=85986.0 L=85844.2 C=85969.1 V=1082.208
[17:10:33.062] 标记价 85969.2
[17:10:33.543] 末根 1790154000000 O=85878.0 H=85986.0 L=85844.2 C=85969.1 V=1082.285
[17:10:34.063] 标记价 85969.1
[17:10:34.364] 末根 1790154000000 O=85878.0 H=85986.0 L=85844.2 C=85969.1 V=1082.287
[17:10:34.940] WS 收帧 16 条/5208ms
[17:10:35.072] 标记价 85969.1
[17:10:35.322] 末根 1790154000000 O=85878.0 H=85986.0 L=85844.2 C=85969.1 V=1082.322
[17:10:35.639] 末根 1790154000000 O=85878.0 H=85986.0 L=85844.2 C=85969.2 V=1086.209
[17:10:35.915] 末根 1790154000000 O=85878.0 H=85986.0 L=85844.2 C=85969.2 V=1086.219
[17:10:36.059] 标记价 85969.1
[17:10:36.197] 末根 1790154000000 O=85878.0 H=85986.0 L=85844.2 C=85969.1 V=1089.746
[17:10:36.451] 末根 1790154000000 O=85878.0 H=85986.0 L=85844.2 C=85969.2 V=1089.822
[17:10:36.709] 末根 1790154000000 O=85878.0 H=85986.0 L=85844.2 C=85969.2 V=1089.834
[17:10:37.063] 标记价 85969.1
[17:10:37.179] 末根 1790154000000 O=85878.0 H=85986.0 L=85844.2 C=85969.1 V=1089.951
[17:10:37.604] 末根 1790154000000 O=85878.0 H=85986.0 L=85844.2 C=85969.2 V=1090.111
[17:10:38.061] 末根 1790154000000 O=85878.0 H=85986.0 L=85844.2 C=85969.1 V=1090.251
[17:10:38.069] 标记价 85969.37405797
[17:10:38.317] 末根 1790154000000 O=85878.0 H=85986.0 L=85844.2 C=85969.1 V=1090.265
[17:10:39.063] 标记价 85969.3784058
[17:10:39.129] 末根 1790154000000 O=85878.0 H=85986.0 L=85844.2 C=85969.1 V=1090.341
[17:10:39.381] 末根 1790154000000 O=85878.0 H=85986.0 L=85844.2 C=85969.2 V=1090.354
[17:10:39.737] 末根 1790154000000 O=85878.0 H=85986.0 L=85844.2 C=85969.1 V=1090.389
[17:10:40.079] WS 收帧 21 条/5138ms
[17:10:40.079] 标记价 85969.38275362
[17:10:40.161] 末根 1790154000000 O=85878.0 H=85986.0 L=85844.2 C=85969.1 V=1091.142
[17:10:40.497] 末根 1790154000000 O=85878.0 H=85986.0 L=85844.2 C=85969.1 V=1091.172
[17:10:40.747] 末根 1790154000000 O=85878.0 H=85986.0 L=85844.2 C=85969.1 V=1091.173
[17:10:41.166] 末根 1790154000000 O=85878.0 H=85986.0 L=85844.2 C=85969.1 V=1091.191
[17:10:41.166] 标记价 85969.3784058
[17:10:41.426] 末根 1790154000000 O=85878.0 H=85986.0 L=85844.2 C=85969.2 V=1091.213
[17:10:41.685] 末根 1790154000000 O=85878.0 H=85986.0 L=85844.2 C=85969.2 V=1091.416
[17:10:42.006] 末根 1790154000000 O=85878.0 H=85986.0 L=85844.2 C=85969.1 V=1091.418
[17:10:42.067] 标记价 85969.3784058
[17:10:42.537] 末根 1790154000000 O=85878.0 H=85986.0 L=85844.2 C=85969.2 V=1091.419
[17:10:43.166] 末根 1790154000000 O=85878.0 H=85986.0 L=85844.2 C=85969.1 V=1091.428
[17:10:43.166] 标记价 85969.37405797
[17:10:43.655] 末根 1790154000000 O=85878.0 H=85986.0 L=85844.2 C=85969.1 V=1091.474
[17:10:44.072] 标记价 85969.31137681
[17:10:44.147] 末根 1790154000000 O=85878.0 H=85986.0 L=85844.2 C=85969.1 V=1091.553
[17:10:44.870] 末根 1790154000000 O=85878.0 H=85986.0 L=85844.2 C=85969.2 V=1091.567
[17:10:44.871] 收工：末根更新 34 次，价格 14 次，行情 8 次，首帧 2563ms
