[17:13:13.719] 图表订阅：btcusdt@kline_1h/btcusdt@ticker/btcusdt@markPrice@1s
[17:13:13.721] 图表订阅：btcusdt@kline_1h/btcusdt@ticker/btcusdt@markPrice@1s
[17:13:13.721] 开始：BTCUSDT 1h，跑 0.25 分钟（Ctrl-C 停）
[17:13:13.723] WS 连上 #1 wss://dstream.binance.me/stream?streams=btcusdt@kline_1h/btcusdt@markPrice@1s/btcusdt@ticker
[17:13:13.723] 状态 → live
[17:13:15.177] 末根 1790154000000 O=85878.0 H=85986.0 L=85844.2 C=85935.6 V=1300.591
[17:13:15.177] 行情 last=85928.6 涨跌=0.019% 24h高=87247.3 低=85405.9
[17:13:15.177] 标记价 85957.68234783
[17:13:15.369] 末根 1790154000000 O=85878.0 H=85986.0 L=85844.2 C=85931.3 V=1300.903
[17:13:15.607] 末根 1790154000000 O=85878.0 H=85986.0 L=85844.2 C=85928.7 V=1301.021
[17:13:15.865] 末根 1790154000000 O=85878.0 H=85986.0 L=85844.2 C=85928.6 V=1301.064
[17:13:16.074] 标记价 85946.82973913
[17:13:16.181] 末根 1790154000000 O=85878.0 H=85986.0 L=85844.2 C=85928.6 V=1301.130
[17:13:16.728] 末根 1790154000000 O=85878.0 H=85986.0 L=85844.2 C=85928.6 V=1301.136
[17:13:16.997] 末根 1790154000000 O=85878.0 H=85986.0 L=85844.2 C=85928.6 V=1301.145
[17:13:17.069] 标记价 85946.82973913
[17:13:17.988] 序列 1500 根  1784757600000 … 1790154000000  末根 close=85928.6
[17:13:17.992] 快照 72054B → binance/usd_m/BTCUSDT|1h
[17:13:18.074] 标记价 85946.79865217
[17:13:18.174] 末根 1790154000000 O=85878.0 H=85986.0 L=85844.2 C=85928.6 V=1301.158
[17:13:18.538] 末根 1790154000000 O=85878.0 H=85986.0 L=85844.2 C=85928.6 V=1301.719
[17:13:18.937] WS 收帧 16 条/5213ms
[17:13:18.937] 末根 1790154000000 O=85878.0 H=85986.0 L=85844.2 C=85928.6 V=1301.752
[17:13:19.062] 标记价 85946.76582609
[17:13:19.557] 末根 1790154000000 O=85878.0 H=85986.0 L=85844.2 C=85928.6 V=1301.753
[17:13:20.077] 标记价 85941.76283358
[17:13:20.536] 末根 1790154000000 O=85878.0 H=85986.0 L=85844.2 C=85928.7 V=1301.762
[17:13:21.071] 标记价 85941.76283358
[17:13:21.434] 末根 1790154000000 O=85878.0 H=85986.0 L=85844.2 C=85928.6 V=1301.802
[17:13:21.835] 末根 1790154000000 O=85878.0 H=85986.0 L=85844.2 C=85928.6 V=1301.803
[17:13:22.075] 标记价 85939.43609445
[17:13:22.373] 末根 1790154000000 O=85878.0 H=85986.0 L=85844.2 C=85928.6 V=1301.805
[17:13:22.973] 末根 1790154000000 O=85878.0 H=85986.0 L=85844.2 C=85928.6 V=1301.943
[17:13:23.071] 标记价 85939.41218141
[17:13:23.463] 末根 1790154000000 O=85878.0 H=85986.0 L=85844.2 C=85928.7 V=1301.974
[17:13:23.864] 末根 1790154000000 O=85878.0 H=85986.0 L=85844.2 C=85928.6 V=1301.986
[17:13:24.094] WS 收帧 17 条/5156ms
[17:13:24.094] 标记价 85939.40565967
[17:13:24.279] 末根 1790154000000 O=85878.0 H=85986.0 L=85844.2 C=85928.6 V=1302.086
[17:13:25.079] 标记价 85935.18955072
[17:13:25.154] 末根 1790154000000 O=85878.0 H=85986.0 L=85844.2 C=85928.6 V=1302.147
[17:13:25.738] 末根 1790154000000 O=85878.0 H=85986.0 L=85844.2 C=85928.6 V=1302.404
[17:13:26.088] 末根 1790154000000 O=85878.0 H=85986.0 L=85844.2 C=85928.6 V=1302.453
[17:13:26.088] 标记价 85935.18955072
[17:13:26.717] 末根 1790154000000 O=85878.0 H=85986.0 L=85844.2 C=85928.6 V=1302.455
[17:13:27.073] 标记价 85934.31715942
[17:13:27.418] 末根 1790154000000 O=85878.0 H=85986.0 L=85844.2 C=85928.6 V=1302.530
[17:13:28.077] 标记价 85934.31715942
[17:13:28.284] 末根 1790154000000 O=85878.0 H=85986.0 L=85844.2 C=85928.7 V=1302.666
[17:13:28.860] 收工：末根更新 25 次，价格 14 次，行情 8 次，首帧 4269ms
[17:13:28.860] 末根 1790154000000 O=85878.0 H=85986.0 L=85844.2 C=85928.6 V=1302.775
