[17:12:13.568] 图表订阅：btcusdt@kline_1h/btcusdt@ticker/btcusdt@markPrice@1s
[17:12:13.568] 图表订阅：btcusdt@kline_1h/btcusdt@ticker/btcusdt@markPrice@1s
[17:12:13.568] 开始：BTCUSDT 1h，跑 0.25 分钟（Ctrl-C 停）
[17:12:13.569] WS 连上 #1 wss://dstream.binance.me/stream?streams=btcusdt@kline_1h/btcusdt@markPrice@1s/btcusdt@ticker
[17:12:13.569] 状态 → live
[17:12:14.030] 首屏 300 根先落地 binance/usd_m/BTCUSDT|1h
[17:12:14.030] 序列 300 根  1789077600000 … 1790154000000  末根 close=85957.0
[17:12:14.248] 序列 1500 根  1784757600000 … 1790154000000  末根 close=85957.0
[17:12:14.252] 快照 72054B → binance/usd_m/BTCUSDT|1h
[17:12:14.437] 行情 last=85956.9 涨跌=0.097% 24h高=87247.3 低=85405.9
[17:12:14.859] 末根 1790154000000 O=85878.0 H=85986.0 L=85844.2 C=85956.9 V=1196.059
[17:12:15.067] 标记价 85956.9
[17:12:15.511] 末根 1790154000000 O=85878.0 H=85986.0 L=85844.2 C=85957.0 V=1196.107
[17:12:15.892] 末根 1790154000000 O=85878.0 H=85986.0 L=85844.2 C=85957.0 V=1196.143
[17:12:16.063] 标记价 85957.0
[17:12:16.505] 末根 1790154000000 O=85878.0 H=85986.0 L=85844.2 C=85956.9 V=1196.144
[17:12:16.796] 末根 1790154000000 O=85878.0 H=85986.0 L=85844.2 C=85956.9 V=1196.152
[17:12:17.200] 标记价 85957.0
[17:12:17.200] 末根 1790154000000 O=85878.0 H=85986.0 L=85844.2 C=85956.9 V=1196.162
[17:12:17.375] 末根 1790154000000 O=85878.0 H=85986.0 L=85844.2 C=85957.0 V=1196.717
[17:12:18.056] 末根 1790154000000 O=85878.0 H=85986.0 L=85844.2 C=85960.1 V=1200.308
[17:12:18.062] 标记价 85956.9
[17:12:18.725] WS 收帧 15 条/5155ms
[17:12:18.725] 末根 1790154000000 O=85878.0 H=85986.0 L=85844.2 C=85960.0 V=1200.491
[17:12:19.050] 末根 1790154000000 O=85878.0 H=85986.0 L=85844.2 C=85968.6 V=1202.789
[17:12:19.063] 标记价 85960.1
[17:12:19.526] 末根 1790154000000 O=85878.0 H=85986.0 L=85844.2 C=85968.6 V=1202.991
[17:12:19.858] 末根 1790154000000 O=85878.0 H=85986.0 L=85844.2 C=85968.6 V=1203.035
[17:12:20.062] 标记价 85968.7
[17:12:20.134] 末根 1790154000000 O=85878.0 H=85986.0 L=85844.2 C=85968.6 V=1203.092
[17:12:20.706] 末根 1790154000000 O=85878.0 H=85986.0 L=85844.2 C=85968.7 V=1203.099
[17:12:20.983] 末根 1790154000000 O=85878.0 H=85986.0 L=85844.2 C=85968.7 V=1203.109
[17:12:21.066] 标记价 85968.7
[17:12:21.567] 末根 1790154000000 O=85878.0 H=85986.0 L=85844.2 C=85968.6 V=1203.111
[17:12:21.891] 末根 1790154000000 O=85878.0 H=85986.0 L=85844.2 C=85968.6 V=1203.112
[17:12:22.056] 标记价 85968.6
[17:12:22.172] 末根 1790154000000 O=85878.0 H=85986.0 L=85844.2 C=85968.6 V=1203.114
[17:12:22.686] 末根 1790154000000 O=85878.0 H=85986.0 L=85844.2 C=85968.7 V=1203.116
[17:12:22.955] 末根 1790154000000 O=85878.0 H=85986.0 L=85844.2 C=85968.7 V=1203.139
[17:12:23.062] 标记价 85968.6
[17:12:23.300] 末根 1790154000000 O=85878.0 H=85986.0 L=85844.2 C=85968.7 V=1203.143
[17:12:23.630] 末根 1790154000000 O=85878.0 H=85986.0 L=85844.2 C=85968.6 V=1203.145
[17:12:23.906] WS 收帧 22 条/5181ms
[17:12:23.907] 末根 1790154000000 O=85878.0 H=85986.0 L=85844.2 C=85968.7 V=1203.150
[17:12:24.063] 标记价 85968.7
[17:12:24.513] 末根 1790154000000 O=85878.0 H=85986.0 L=85844.2 C=85968.7 V=1203.152
[17:12:24.842] 末根 1790154000000 O=85878.0 H=85986.0 L=85844.2 C=85968.7 V=1203.191
[17:12:25.065] 标记价 85968.7
[17:12:25.202] 末根 1790154000000 O=85878.0 H=85986.0 L=85844.2 C=85968.8 V=1204.180
[17:12:26.172] 末根 1790154000000 O=85878.0 H=85986.0 L=85844.2 C=85968.8 V=1204.289
[17:12:26.173] 标记价 85968.8
[17:12:26.255] 末根 1790154000000 O=85878.0 H=85986.0 L=85844.2 C=85968.7 V=1204.313
[17:12:26.971] 末根 1790154000000 O=85878.0 H=85986.0 L=85844.2 C=85968.7 V=1204.336
[17:12:27.065] 标记价 85968.7
[17:12:28.014] 末根 1790154000000 O=85878.0 H=85986.0 L=85844.2 C=85968.8 V=1204.342
[17:12:28.058] 标记价 85968.7
[17:12:28.593] 收工：末根更新 30 次，价格 14 次，行情 8 次，首帧 463ms
[17:12:28.593] 末根 1790154000000 O=85878.0 H=85986.0 L=85844.2 C=85968.7 V=1204.343
