[17:11:42.124] 图表订阅：btcusdt@kline_1h/btcusdt@ticker/btcusdt@markPrice@1s
[17:11:42.124] 图表订阅：btcusdt@kline_1h/btcusdt@ticker/btcusdt@markPrice@1s
[17:11:42.124] 开始：BTCUSDT 1h，跑 0.25 分钟（Ctrl-C 停）
[17:11:42.124] WS 连上 #1 wss://dstream.binance.me/stream?streams=btcusdt@kline_1h/btcusdt@markPrice@1s/btcusdt@ticker
[17:11:42.125] 状态 → live
[17:11:43.063] 标记价 85954.25896377
[17:11:43.130] 末根 1790154000000 O=85878.0 H=85986.0 L=85844.2 C=85951.5 V=1175.199
[17:11:43.669] 末根 1790154000000 O=85878.0 H=85986.0 L=85844.2 C=85951.5 V=1175.273
[17:11:43.904] 序列 1500 根  1784757600000 … 1790154000000  末根 close=85951.5
[17:11:43.908] 快照 72054B → binance/usd_m/BTCUSDT|1h
[17:11:44.087] 标记价 85953.74157246
[17:11:44.088] 行情 last=85960.0 涨跌=0.194% 24h高=87247.3 低=85405.9
[17:11:44.148] 末根 1790154000000 O=85878.0 H=85986.0 L=85844.2 C=85951.5 V=1175.319
[17:11:44.438] 末根 1790154000000 O=85878.0 H=85986.0 L=85844.2 C=85951.5 V=1175.506
[17:11:44.751] 末根 1790154000000 O=85878.0 H=85986.0 L=85844.2 C=85951.5 V=1175.612
[17:11:45.005] 末根 1790154000000 O=85878.0 H=85986.0 L=85844.2 C=85951.4 V=1175.620
[17:11:45.065] 标记价 85953.74157246
[17:11:45.319] 末根 1790154000000 O=85878.0 H=85986.0 L=85844.2 C=85951.5 V=1175.640
[17:11:45.635] 末根 1790154000000 O=85878.0 H=85986.0 L=85844.2 C=85951.5 V=1175.661
[17:11:46.060] 标记价 85952.65831159
[17:11:46.093] 末根 1790154000000 O=85878.0 H=85986.0 L=85844.2 C=85951.5 V=1175.663
[17:11:46.444] 末根 1790154000000 O=85878.0 H=85986.0 L=85844.2 C=85951.4 V=1175.664
[17:11:46.755] 末根 1790154000000 O=85878.0 H=85986.0 L=85844.2 C=85951.5 V=1175.679
[17:11:47.067] 标记价 85952.38939855
[17:11:47.093] 末根 1790154000000 O=85878.0 H=85986.0 L=85844.2 C=85951.4 V=1175.686
[17:11:47.485] WS 收帧 20 条/5360ms
[17:11:47.485] 末根 1790154000000 O=85878.0 H=85986.0 L=85844.2 C=85951.5 V=1175.727
[17:11:47.792] 末根 1790154000000 O=85878.0 H=85986.0 L=85844.2 C=85951.5 V=1176.093
[17:11:48.195] 末根 1790154000000 O=85878.0 H=85986.0 L=85844.2 C=85951.4 V=1176.209
[17:11:48.196] 标记价 85951.54868116
[17:11:48.480] 末根 1790154000000 O=85878.0 H=85986.0 L=85844.2 C=85951.4 V=1176.635
[17:11:48.901] 末根 1790154000000 O=85878.0 H=85986.0 L=85844.2 C=85951.4 V=1176.747
[17:11:49.053] 标记价 85951.54868116
[17:11:49.450] 末根 1790154000000 O=85878.0 H=85986.0 L=85844.2 C=85951.5 V=1177.141
[17:11:49.909] 末根 1790154000000 O=85878.0 H=85986.0 L=85844.2 C=85951.5 V=1177.146
[17:11:50.079] 标记价 85951.54868116
[17:11:50.489] 末根 1790154000000 O=85878.0 H=85986.0 L=85844.2 C=85951.4 V=1177.147
[17:11:50.910] 末根 1790154000000 O=85878.0 H=85986.0 L=85844.2 C=85951.5 V=1177.152
[17:11:51.058] 标记价 85951.54868116
[17:11:51.216] 末根 1790154000000 O=85878.0 H=85986.0 L=85844.2 C=85951.5 V=1177.331
[17:11:51.862] 末根 1790154000000 O=85878.0 H=85986.0 L=85844.2 C=85951.5 V=1183.598
[17:11:52.064] 标记价 85951.4
[17:11:52.328] 末根 1790154000000 O=85878.0 H=85986.0 L=85844.2 C=85951.5 V=1183.738
[17:11:52.911] WS 收帧 19 条/5426ms
[17:11:52.911] 末根 1790154000000 O=85878.0 H=85986.0 L=85844.2 C=85951.5 V=1183.750
[17:11:53.060] 标记价 85951.71846377
[17:11:53.362] 末根 1790154000000 O=85878.0 H=85986.0 L=85844.2 C=85951.4 V=1183.827
[17:11:53.798] 末根 1790154000000 O=85878.0 H=85986.0 L=85844.2 C=85951.5 V=1183.832
[17:11:54.059] 标记价 85952.74741379
[17:11:54.289] 末根 1790154000000 O=85878.0 H=85986.0 L=85844.2 C=85951.4 V=1183.882
[17:11:54.629] 末根 1790154000000 O=85878.0 H=85986.0 L=85844.2 C=85951.5 V=1183.884
[17:11:54.966] 末根 1790154000000 O=85878.0 H=85986.0 L=85844.2 C=85956.9 V=1185.733
[17:11:55.065] 标记价 85952.83523988
[17:11:55.458] 末根 1790154000000 O=85878.0 H=85986.0 L=85844.2 C=85957.0 V=1185.781
[17:11:55.890] 末根 1790154000000 O=85878.0 H=85986.0 L=85844.2 C=85956.9 V=1185.793
[17:11:56.063] 标记价 85956.9
[17:11:56.322] 末根 1790154000000 O=85878.0 H=85986.0 L=85844.2 C=85957.0 V=1185.814
[17:11:56.655] 末根 1790154000000 O=85878.0 H=85986.0 L=85844.2 C=85957.0 V=1186.174
[17:11:56.928] 末根 1790154000000 O=85878.0 H=85986.0 L=85844.2 C=85956.9 V=1186.177
[17:11:57.064] 标记价 85956.9
[17:11:57.363] 收工：末根更新 35 次，价格 15 次，行情 8 次，首帧 1781ms
[17:11:57.363] 末根 1790154000000 O=85878.0 H=85986.0 L=85844.2 C=85957.0 V=1186.178
