[17:08:12.935] 图表订阅：btcusdt@kline_1h/btcusdt@ticker/btcusdt@markPrice@1s
[17:08:12.936] 图表订阅：btcusdt@kline_1h/btcusdt@ticker/btcusdt@markPrice@1s
[17:08:12.936] 开始：BTCUSDT 1h，跑 0.25 分钟（Ctrl-C 停）
[17:08:12.936] WS 连上 #1 wss://dstream.binance.me/stream?streams=btcusdt@kline_1h/btcusdt@markPrice@1s/btcusdt@ticker
[17:08:12.936] 状态 → live
[17:08:13.613] 末根 1790154000000 O=85878.0 H=85976.8 L=85844.2 C=85969.2 V=918.776
[17:08:13.977] 末根 1790154000000 O=85878.0 H=85976.8 L=85844.2 C=85969.2 V=919.076
[17:08:14.063] 标记价 85969.2
[17:08:14.421] 末根 1790154000000 O=85878.0 H=85976.8 L=85844.2 C=85969.1 V=919.079
[17:08:14.681] 末根 1790154000000 O=85878.0 H=85976.8 L=85844.2 C=85969.2 V=919.104
[17:08:14.773] 行情 last=85969.1 涨跌=0.161% 24h高=87247.3 低=85405.9
[17:08:15.055] 末根 1790154000000 O=85878.0 H=85976.8 L=85844.2 C=85969.2 V=919.316
[17:08:15.073] 标记价 85969.1
[17:08:15.499] 末根 1790154000000 O=85878.0 H=85976.8 L=85844.2 C=85969.1 V=919.326
[17:08:15.715] 序列 1500 根  1784757600000 … 1790154000000  末根 close=85969.1
[17:08:15.718] 快照 72054B → binance/usd_m/BTCUSDT|1h
[17:08:16.049] 末根 1790154000000 O=85878.0 H=85976.8 L=85844.2 C=85969.1 V=919.350
[17:08:16.060] 标记价 85969.1
[17:08:16.678] 末根 1790154000000 O=85878.0 H=85976.8 L=85844.2 C=85969.1 V=919.417
[17:08:17.057] 标记价 85969.1
[17:08:17.139] 末根 1790154000000 O=85878.0 H=85976.8 L=85844.2 C=85969.2 V=919.422
[17:08:17.683] 末根 1790154000000 O=85878.0 H=85976.8 L=85844.2 C=85969.2 V=919.450
[17:08:18.000] WS 收帧 17 条/5063ms
[17:08:18.000] 末根 1790154000000 O=85878.0 H=85976.8 L=85844.2 C=85969.2 V=919.605
[17:08:18.063] 标记价 85969.1
[17:08:18.499] 末根 1790154000000 O=85878.0 H=85976.8 L=85844.2 C=85969.1 V=919.654
[17:08:19.056] 标记价 85969.2
[17:08:19.200] 末根 1790154000000 O=85878.0 H=85976.8 L=85844.2 C=85969.2 V=920.082
[17:08:19.493] 末根 1790154000000 O=85878.0 H=85976.8 L=85844.2 C=85969.1 V=920.113
[17:08:19.962] 末根 1790154000000 O=85878.0 H=85976.8 L=85844.2 C=85969.2 V=920.116
[17:08:20.065] 标记价 85969.2
[17:08:20.517] 末根 1790154000000 O=85878.0 H=85976.8 L=85844.2 C=85969.2 V=920.690
[17:08:20.858] 末根 1790154000000 O=85878.0 H=85982.4 L=85844.2 C=85982.4 V=935.242
[17:08:21.074] 标记价 85969.2
[17:08:21.189] 末根 1790154000000 O=85878.0 H=85982.4 L=85844.2 C=85982.4 V=935.340
[17:08:21.647] 末根 1790154000000 O=85878.0 H=85982.4 L=85844.2 C=85982.4 V=935.360
[17:08:22.059] 末根 1790154000000 O=85878.0 H=85982.4 L=85844.2 C=85982.4 V=935.431
[17:08:22.060] 标记价 85982.4
[17:08:22.407] 末根 1790154000000 O=85878.0 H=85982.4 L=85844.2 C=85982.4 V=935.440
[17:08:23.065] WS 收帧 19 条/5065ms
[17:08:23.065] 标记价 85982.4
[17:08:23.131] 末根 1790154000000 O=85878.0 H=85982.4 L=85844.2 C=85982.4 V=935.463
[17:08:23.389] 末根 1790154000000 O=85878.0 H=85982.4 L=85844.2 C=85982.4 V=939.498
[17:08:23.655] 末根 1790154000000 O=85878.0 H=85982.4 L=85844.2 C=85982.4 V=939.513
[17:08:24.000] 末根 1790154000000 O=85878.0 H=85982.4 L=85844.2 C=85982.4 V=939.719
[17:08:24.066] 标记价 85982.4
[17:08:24.498] 末根 1790154000000 O=85878.0 H=85982.4 L=85844.2 C=85982.4 V=939.730
[17:08:24.826] 末根 1790154000000 O=85878.0 H=85982.4 L=85844.2 C=85982.4 V=939.775
[17:08:25.065] 标记价 85982.4
[17:08:25.136] 末根 1790154000000 O=85878.0 H=85982.4 L=85844.2 C=85982.4 V=940.954
[17:08:25.805] 末根 1790154000000 O=85878.0 H=85982.4 L=85844.2 C=85982.4 V=940.969
[17:08:25.958] 末根 1790154000000 O=85878.0 H=85982.4 L=85844.2 C=85982.4 V=941.087
[17:08:26.073] 标记价 85982.4
[17:08:26.073] 末根 1790154000000 O=85878.0 H=85982.4 L=85844.2 C=85982.3 V=941.102
[17:08:26.252] 末根 1790154000000 O=85878.0 H=85982.4 L=85844.2 C=85982.4 V=941.746
[17:08:26.645] 末根 1790154000000 O=85878.0 H=85982.4 L=85844.2 C=85982.4 V=941.773
[17:08:26.915] 末根 1790154000000 O=85878.0 H=85982.4 L=85844.2 C=85982.3 V=941.778
[17:08:27.083] 标记价 85982.4
[17:08:27.196] 末根 1790154000000 O=85878.0 H=85982.4 L=85844.2 C=85982.3 V=941.969
[17:08:27.584] 末根 1790154000000 O=85878.0 H=85982.4 L=85844.2 C=85982.4 V=942.087
[17:08:28.063] 收工：末根更新 36 次，价格 14 次，行情 8 次，首帧 2780ms
[17:08:28.063] 标记价 85982.4
