[17:07:41.476] 图表订阅：btcusdt@kline_1h/btcusdt@ticker/btcusdt@markPrice@1s
[17:07:41.477] 图表订阅：btcusdt@kline_1h/btcusdt@ticker/btcusdt@markPrice@1s
[17:07:41.477] 开始：BTCUSDT 1h，跑 0.25 分钟（Ctrl-C 停）
[17:07:41.478] WS 连上 #1 wss://dstream.binance.me/stream?streams=btcusdt@kline_1h/btcusdt@markPrice@1s/btcusdt@ticker
[17:07:41.479] 状态 → live
[17:07:42.047] 首屏 300 根先落地 binance/usd_m/BTCUSDT|1h
[17:07:42.048] 序列 300 根  1789077600000 … 1790154000000  末根 close=85959.1
[17:07:42.203] 序列 1500 根  1784757600000 … 1790154000000  末根 close=85959.1
[17:07:42.208] 快照 72054B → binance/usd_m/BTCUSDT|1h
[17:07:42.415] 行情 last=85959.1 涨跌=0.152% 24h高=87247.3 低=85405.9
[17:07:42.544] 末根 1790154000000 O=85878.0 H=85976.8 L=85844.2 C=85959.1 V=874.343
[17:07:42.847] 末根 1790154000000 O=85878.0 H=85976.8 L=85844.2 C=85959.1 V=874.443
[17:07:43.073] 标记价 85971.41241304
[17:07:43.535] 末根 1790154000000 O=85878.0 H=85976.8 L=85844.2 C=85959.1 V=874.463
[17:07:43.906] 末根 1790154000000 O=85878.0 H=85976.8 L=85844.2 C=85959.0 V=874.562
[17:07:44.078] 标记价 85971.40436957
[17:07:44.883] 末根 1790154000000 O=85878.0 H=85976.8 L=85844.2 C=85959.1 V=874.568
[17:07:45.010] 末根 1790154000000 O=85878.0 H=85976.8 L=85844.2 C=85959.1 V=875.167
[17:07:45.076] 标记价 85971.40871739
[17:07:45.099] 末根 1790154000000 O=85878.0 H=85976.8 L=85844.2 C=85959.9 V=875.254
[17:07:45.339] 末根 1790154000000 O=85878.0 H=85976.8 L=85844.2 C=85958.9 V=892.100
[17:07:45.721] 末根 1790154000000 O=85878.0 H=85976.8 L=85844.2 C=85951.2 V=895.002
[17:07:46.016] 末根 1790154000000 O=85878.0 H=85976.8 L=85844.2 C=85951.2 V=897.082
[17:07:46.065] 标记价 85968.14676812
[17:07:46.367] 末根 1790154000000 O=85878.0 H=85976.8 L=85844.2 C=85951.1 V=897.315
[17:07:46.772] WS 收帧 19 条/5293ms
[17:07:46.921] 末根 1790154000000 O=85878.0 H=85976.8 L=85844.2 C=85951.2 V=897.370
[17:07:47.065] 标记价 85966.55046377
[17:07:47.227] 末根 1790154000000 O=85878.0 H=85976.8 L=85844.2 C=85951.1 V=897.389
[17:07:47.818] 末根 1790154000000 O=85878.0 H=85976.8 L=85844.2 C=85951.2 V=897.498
[17:07:48.079] 标记价 85960.39676812
[17:07:48.181] 末根 1790154000000 O=85878.0 H=85976.8 L=85844.2 C=85951.2 V=897.698
[17:07:48.513] 末根 1790154000000 O=85878.0 H=85976.8 L=85844.2 C=85951.1 V=897.702
[17:07:48.850] 末根 1790154000000 O=85878.0 H=85976.8 L=85844.2 C=85951.1 V=897.703
[17:07:49.077] 标记价 85960.39676812
[17:07:49.698] 末根 1790154000000 O=85878.0 H=85976.8 L=85844.2 C=85951.1 V=898.034
[17:07:50.077] 标记价 85960.40698551
[17:07:50.086] 末根 1790154000000 O=85878.0 H=85976.8 L=85844.2 C=85951.2 V=898.096
[17:07:50.507] 末根 1790154000000 O=85878.0 H=85976.8 L=85844.2 C=85951.1 V=898.581
[17:07:50.772] 末根 1790154000000 O=85878.0 H=85976.8 L=85844.2 C=85951.1 V=898.641
[17:07:51.070] 标记价 85960.39828986
[17:07:51.562] 末根 1790154000000 O=85878.0 H=85976.8 L=85844.2 C=85951.1 V=898.659
[17:07:51.949] WS 收帧 19 条/5176ms
[17:07:51.949] 末根 1790154000000 O=85878.0 H=85976.8 L=85844.2 C=85951.2 V=898.775
[17:07:52.076] 标记价 85955.60592954
[17:07:52.218] 末根 1790154000000 O=85878.0 H=85976.8 L=85844.2 C=85951.2 V=898.792
[17:07:52.489] 末根 1790154000000 O=85878.0 H=85976.8 L=85844.2 C=85951.2 V=898.827
[17:07:52.955] 末根 1790154000000 O=85878.0 H=85976.8 L=85844.2 C=85960.0 V=901.984
[17:07:53.087] 标记价 85955.60592954
[17:07:53.381] 末根 1790154000000 O=85878.0 H=85976.8 L=85844.2 C=85959.9 V=901.985
[17:07:53.788] 末根 1790154000000 O=85878.0 H=85976.8 L=85844.2 C=85959.9 V=902.009
[17:07:54.069] 标记价 85959.9
[17:07:54.099] 末根 1790154000000 O=85878.0 H=85976.8 L=85844.2 C=85960.0 V=902.957
[17:07:54.582] 末根 1790154000000 O=85878.0 H=85976.8 L=85844.2 C=85963.7 V=904.063
[17:07:54.871] 末根 1790154000000 O=85878.0 H=85976.8 L=85844.2 C=85963.8 V=904.080
[17:07:55.073] 标记价 85963.7
[17:07:55.140] 末根 1790154000000 O=85878.0 H=85976.8 L=85844.2 C=85968.0 V=904.716
[17:07:55.533] 末根 1790154000000 O=85878.0 H=85976.8 L=85844.2 C=85969.3 V=904.732
[17:07:55.911] 末根 1790154000000 O=85878.0 H=85976.8 L=85844.2 C=85969.3 V=904.772
[17:07:56.074] 标记价 85963.7
[17:07:56.650] 收工：末根更新 34 次，价格 14 次，行情 8 次，首帧 572ms
[17:07:56.650] 末根 1790154000000 O=85878.0 H=85976.8 L=85844.2 C=85969.2 V=904.777
