[17:11:10.949] 图表订阅：btcusdt@kline_1h/btcusdt@ticker/btcusdt@markPrice@1s
[17:11:10.950] 图表订阅：btcusdt@kline_1h/btcusdt@ticker/btcusdt@markPrice@1s
[17:11:10.950] 开始：BTCUSDT 1h，跑 0.25 分钟（Ctrl-C 停）
[17:11:10.950] WS 连上 #1 wss://dstream.binance.me/stream?streams=btcusdt@kline_1h/btcusdt@markPrice@1s/btcusdt@ticker
[17:11:10.950] 状态 → live
[17:11:11.864] 末根 1790154000000 O=85878.0 H=85986.0 L=85844.2 C=85960.0 V=1129.363
[17:11:12.079] 标记价 85960.06503748
[17:11:12.747] 末根 1790154000000 O=85878.0 H=85986.0 L=85844.2 C=85960.0 V=1129.364
[17:11:12.983] 行情 last=85960.0 涨跌=0.194% 24h高=87247.3 低=85405.9
[17:11:13.072] 标记价 85960.05786357
[17:11:13.138] 末根 1790154000000 O=85878.0 H=85986.0 L=85844.2 C=85960.1 V=1130.460
[17:11:13.171] 序列 1500 根  1784757600000 … 1790154000000  末根 close=85960.1
[17:11:13.175] 快照 72054B → binance/usd_m/BTCUSDT|1h
[17:11:13.486] 末根 1790154000000 O=85878.0 H=85986.0 L=85844.2 C=85960.1 V=1130.474
[17:11:14.387] 标记价 85960.1
[17:11:14.387] 末根 1790154000000 O=85878.0 H=85986.0 L=85844.2 C=85960.0 V=1130.501
[17:11:14.788] 末根 1790154000000 O=85878.0 H=85986.0 L=85844.2 C=85960.0 V=1130.675
[17:11:15.075] 标记价 85960.1
[17:11:15.196] 末根 1790154000000 O=85878.0 H=85986.0 L=85844.2 C=85960.1 V=1131.093
[17:11:15.459] 末根 1790154000000 O=85878.0 H=85986.0 L=85844.2 C=85960.0 V=1131.094
[17:11:15.796] 末根 1790154000000 O=85878.0 H=85986.0 L=85844.2 C=85960.0 V=1131.275
[17:11:16.047] WS 收帧 16 条/5096ms
[17:11:16.047] 末根 1790154000000 O=85878.0 H=85986.0 L=85844.2 C=85960.1 V=1131.284
[17:11:16.075] 标记价 85960.1
[17:11:17.071] 标记价 85960.1
[17:11:17.536] 末根 1790154000000 O=85878.0 H=85986.0 L=85844.2 C=85960.0 V=1131.332
[17:11:17.709] 末根 1790154000000 O=85878.0 H=85986.0 L=85844.2 C=85950.1 V=1154.366
[17:11:18.069] 标记价 85959.84910145
[17:11:18.082] 末根 1790154000000 O=85878.0 H=85986.0 L=85844.2 C=85950.1 V=1156.552
[17:11:18.479] 末根 1790154000000 O=85878.0 H=85986.0 L=85844.2 C=85950.1 V=1156.595
[17:11:18.906] 末根 1790154000000 O=85878.0 H=85986.0 L=85844.2 C=85950.0 V=1156.624
[17:11:19.076] 标记价 85958.04018841
[17:11:19.371] 末根 1790154000000 O=85878.0 H=85986.0 L=85844.2 C=85950.0 V=1156.647
[17:11:20.081] 标记价 85953.35475362
[17:11:20.162] 末根 1790154000000 O=85878.0 H=85986.0 L=85844.2 C=85944.4 V=1156.908
[17:11:20.399] 末根 1790154000000 O=85878.0 H=85986.0 L=85844.2 C=85944.3 V=1156.931
[17:11:21.197] WS 收帧 17 条/5149ms
[17:11:21.197] 末根 1790154000000 O=85878.0 H=85986.0 L=85844.2 C=85944.3 V=1156.936
[17:11:21.197] 标记价 85952.30454348
[17:11:21.314] 末根 1790154000000 O=85878.0 H=85986.0 L=85844.2 C=85944.3 V=1157.244
[17:11:21.757] 末根 1790154000000 O=85878.0 H=85986.0 L=85844.2 C=85944.3 V=1157.250
[17:11:22.027] 末根 1790154000000 O=85878.0 H=85986.0 L=85844.2 C=85944.3 V=1157.940
[17:11:22.068] 标记价 85952.01671739
[17:11:22.385] 末根 1790154000000 O=85878.0 H=85986.0 L=85844.2 C=85944.3 V=1158.047
[17:11:22.743] 末根 1790154000000 O=85878.0 H=85986.0 L=85844.2 C=85944.4 V=1158.048
[17:11:23.071] 标记价 85952.01671739
[17:11:23.359] 末根 1790154000000 O=85878.0 H=85986.0 L=85844.2 C=85944.4 V=1158.052
[17:11:23.623] 末根 1790154000000 O=85878.0 H=85986.0 L=85844.2 C=85944.4 V=1158.065
[17:11:24.018] 末根 1790154000000 O=85878.0 H=85986.0 L=85844.2 C=85944.3 V=1158.066
[17:11:24.074] 标记价 85952.01019565
[17:11:24.273] 末根 1790154000000 O=85878.0 H=85986.0 L=85844.2 C=85944.3 V=1158.068
[17:11:24.775] 末根 1790154000000 O=85878.0 H=85986.0 L=85844.2 C=85944.3 V=1158.113
[17:11:25.088] 标记价 85951.99215217
[17:11:25.415] 末根 1790154000000 O=85878.0 H=85986.0 L=85844.2 C=85944.3 V=1158.515
[17:11:25.838] 末根 1790154000000 O=85878.0 H=85986.0 L=85844.2 C=85944.3 V=1158.624
[17:11:26.073] 标记价 85951.97106522
[17:11:26.073] 收工：末根更新 31 次，价格 15 次，行情 8 次，首帧 2222ms
