[17:07:08.968] 图表订阅：btcusdt@kline_1h/btcusdt@ticker/btcusdt@markPrice@1s
[17:07:08.968] 图表订阅：btcusdt@kline_1h/btcusdt@ticker/btcusdt@markPrice@1s
[17:07:08.968] 开始：BTCUSDT 1h，跑 0.25 分钟（Ctrl-C 停）
[17:07:08.969] WS 连上 #1 wss://dstream.binance.me/stream?streams=btcusdt@kline_1h/btcusdt@markPrice@1s/btcusdt@ticker
[17:07:08.969] 状态 → live
[17:07:09.528] 末根 1790154000000 O=85878.0 H=85930.0 L=85844.2 C=85929.9 V=682.512
[17:07:09.795] 末根 1790154000000 O=85878.0 H=85930.0 L=85844.2 C=85929.9 V=682.527
[17:07:10.063] 标记价 85929.9
[17:07:10.087] 末根 1790154000000 O=85878.0 H=85930.0 L=85844.2 C=85930.0 V=682.621
[17:07:10.493] 末根 1790154000000 O=85878.0 H=85930.0 L=85844.2 C=85930.0 V=682.702
[17:07:10.538] 序列 1500 根  1784757600000 … 1790154000000  末根 close=85930.0
[17:07:10.541] 快照 72054B → binance/usd_m/BTCUSDT|1h
[17:07:10.734] 行情 last=85930.0 涨跌=0.118% 24h高=87247.3 低=85405.9
[17:07:11.010] 末根 1790154000000 O=85878.0 H=85930.0 L=85844.2 C=85929.9 V=682.715
[17:07:11.059] 标记价 85930.0
[17:07:11.512] 末根 1790154000000 O=85878.0 H=85930.0 L=85844.2 C=85929.9 V=682.791
[17:07:11.911] 末根 1790154000000 O=85878.0 H=85930.0 L=85844.2 C=85929.9 V=683.278
[17:07:12.059] 标记价 85930.0
[17:07:13.116] 末根 1790154000000 O=85878.0 H=85930.0 L=85844.2 C=85930.0 V=683.967
[17:07:13.117] 标记价 85938.6
[17:07:13.197] 末根 1790154000000 O=85878.0 H=85940.7 L=85844.2 C=85938.6 V=695.355
[17:07:13.468] 末根 1790154000000 O=85878.0 H=85940.7 L=85844.2 C=85938.7 V=695.434
[17:07:13.805] 末根 1790154000000 O=85878.0 H=85940.7 L=85844.2 C=85938.7 V=695.781
[17:07:14.060] WS 收帧 18 条/5091ms
[17:07:14.060] 标记价 85938.7
[17:07:14.371] 末根 1790154000000 O=85878.0 H=85940.7 L=85844.2 C=85938.7 V=695.991
[17:07:14.773] 末根 1790154000000 O=85878.0 H=85940.7 L=85844.2 C=85938.7 V=696.592
[17:07:15.064] 标记价 85938.7
[17:07:15.092] 末根 1790154000000 O=85878.0 H=85940.7 L=85844.2 C=85938.6 V=697.194
[17:07:15.643] 末根 1790154000000 O=85878.0 H=85940.7 L=85844.2 C=85938.7 V=697.384
[17:07:15.903] 末根 1790154000000 O=85878.0 H=85940.7 L=85844.2 C=85938.7 V=697.385
[17:07:16.057] 标记价 85938.7
[17:07:16.355] 末根 1790154000000 O=85878.0 H=85940.7 L=85844.2 C=85938.6 V=697.397
[17:07:16.607] 末根 1790154000000 O=85878.0 H=85976.8 L=85844.2 C=85951.1 V=817.762
[17:07:16.876] 末根 1790154000000 O=85878.0 H=85976.8 L=85844.2 C=85965.7 V=826.470
[17:07:17.288] 标记价 85951.38219565
[17:07:17.288] 末根 1790154000000 O=85878.0 H=85976.8 L=85844.2 C=85965.7 V=828.655
[17:07:17.581] 末根 1790154000000 O=85878.0 H=85976.8 L=85844.2 C=85965.8 V=831.291
[17:07:17.863] 末根 1790154000000 O=85878.0 H=85976.8 L=85844.2 C=85965.8 V=831.321
[17:07:18.057] 标记价 85960.7
[17:07:18.227] 末根 1790154000000 O=85878.0 H=85976.8 L=85844.2 C=85965.7 V=831.874
[17:07:18.565] 末根 1790154000000 O=85878.0 H=85976.8 L=85844.2 C=85965.8 V=832.678
[17:07:19.314] WS 收帧 20 条/5253ms
[17:07:19.314] 末根 1790154000000 O=85878.0 H=85976.8 L=85844.2 C=85965.8 V=832.682
[17:07:19.419] 标记价 85966.0287029
[17:07:19.419] 末根 1790154000000 O=85878.0 H=85976.8 L=85844.2 C=85965.7 V=838.065
[17:07:19.543] 末根 1790154000000 O=85878.0 H=85976.8 L=85844.2 C=85968.8 V=842.900
[17:07:19.818] 末根 1790154000000 O=85878.0 H=85976.8 L=85844.2 C=85968.8 V=844.296
[17:07:20.081] 末根 1790154000000 O=85878.0 H=85976.8 L=85844.2 C=85968.7 V=844.873
[17:07:20.082] 标记价 85966.35696377
[17:07:20.445] 末根 1790154000000 O=85878.0 H=85976.8 L=85844.2 C=85968.8 V=845.016
[17:07:20.917] 末根 1790154000000 O=85878.0 H=85976.8 L=85844.2 C=85968.8 V=845.166
[17:07:21.059] 标记价 85968.7
[17:07:21.221] 末根 1790154000000 O=85878.0 H=85976.8 L=85844.2 C=85968.7 V=845.176
[17:07:21.505] 末根 1790154000000 O=85878.0 H=85976.8 L=85844.2 C=85968.8 V=846.337
[17:07:21.863] 末根 1790154000000 O=85878.0 H=85976.8 L=85844.2 C=85968.8 V=846.635
[17:07:22.063] 标记价 85970.21565942
[17:07:22.142] 末根 1790154000000 O=85878.0 H=85976.8 L=85844.2 C=85968.8 V=846.708
[17:07:22.381] 末根 1790154000000 O=85878.0 H=85976.8 L=85844.2 C=85968.8 V=846.846
[17:07:22.742] 末根 1790154000000 O=85878.0 H=85976.8 L=85844.2 C=85968.7 V=846.913
[17:07:23.058] 标记价 85972.77805072
[17:07:23.090] 末根 1790154000000 O=85878.0 H=85976.8 L=85844.2 C=85968.8 V=846.983
[17:07:23.344] 末根 1790154000000 O=85878.0 H=85976.8 L=85844.2 C=85968.8 V=847.015
[17:07:23.695] 末根 1790154000000 O=85878.0 H=85976.8 L=85844.2 C=85968.8 V=847.175
[17:07:23.964] 末根 1790154000000 O=85878.0 H=85976.8 L=85844.2 C=85968.8 V=847.868
[17:07:24.056] 标记价 85972.77805072
[17:07:24.056] 收工：末根更新 41 次，价格 15 次，行情 7 次，首帧 1571ms
[17:07:24.058] 快照 72054B → binance/usd_m/BTCUSDT|1h
