[17:14:16.561] 图表订阅：btcusdt@kline_1h/btcusdt@ticker/btcusdt@markPrice@1s
[17:14:16.562] 图表订阅：btcusdt@kline_1h/btcusdt@ticker/btcusdt@markPrice@1s
[17:14:16.562] 开始：BTCUSDT 1h，跑 0.25 分钟（Ctrl-C 停）
[17:14:16.563] WS 连上 #1 wss://dstream.binance.me/stream?streams=btcusdt@kline_1h/btcusdt@markPrice@1s/btcusdt@ticker
[17:14:16.563] 状态 → live
[17:14:17.064] 标记价 85920.1
[17:14:17.112] 行情 last=85920.2 涨跌=-0.004% 24h高=87247.3 低=85405.9
[17:14:17.128] 首屏 300 根先落地 binance/usd_m/BTCUSDT|1h
[17:14:17.128] 序列 300 根  1789077600000 … 1790154000000  末根 close=85920.2
[17:14:17.144] 末根 1790154000000 O=85878.0 H=85986.0 L=85844.2 C=85920.1 V=1340.888
[17:14:17.147] 快照 14454B → binance/usd_m/BTCUSDT|1h
[17:14:17.345] 序列 1500 根  1784757600000 … 1790154000000  末根 close=85920.1
[17:14:17.817] 末根 1790154000000 O=85878.0 H=85986.0 L=85844.2 C=85920.1 V=1341.081
[17:14:18.063] 标记价 85920.1
[17:14:18.677] 末根 1790154000000 O=85878.0 H=85986.0 L=85844.2 C=85920.2 V=1341.083
[17:14:19.059] 标记价 85920.1
[17:14:19.180] 末根 1790154000000 O=85878.0 H=85986.0 L=85844.2 C=85920.1 V=1341.089
[17:14:19.666] 末根 1790154000000 O=85878.0 H=85986.0 L=85844.2 C=85920.2 V=1341.112
[17:14:20.019] 末根 1790154000000 O=85878.0 H=85986.0 L=85844.2 C=85920.2 V=1341.126
[17:14:20.069] 标记价 85920.1
[17:14:20.462] 末根 1790154000000 O=85878.0 H=85986.0 L=85844.2 C=85920.2 V=1341.187
[17:14:20.719] 末根 1790154000000 O=85878.0 H=85986.0 L=85844.2 C=85920.2 V=1341.223
[17:14:21.062] 标记价 85920.2
[17:14:21.190] 末根 1790154000000 O=85878.0 H=85986.0 L=85844.2 C=85920.1 V=1341.275
[17:14:21.782] WS 收帧 18 条/5219ms
[17:14:21.782] 末根 1790154000000 O=85878.0 H=85986.0 L=85844.2 C=85920.2 V=1341.853
[17:14:22.058] 末根 1790154000000 O=85878.0 H=85986.0 L=85844.2 C=85920.1 V=1342.040
[17:14:22.066] 标记价 85920.1
[17:14:22.864] 末根 1790154000000 O=85878.0 H=85986.0 L=85844.2 C=85920.1 V=1342.211
[17:14:23.062] 标记价 85920.2
[17:14:23.145] 末根 1790154000000 O=85878.0 H=85986.0 L=85844.2 C=85920.1 V=1342.549
[17:14:24.288] 末根 1790154000000 O=85878.0 H=85986.0 L=85844.2 C=85920.2 V=1342.596
[17:14:24.288] 标记价 85920.2
[17:14:24.372] 末根 1790154000000 O=85878.0 H=85986.0 L=85844.2 C=85920.1 V=1342.631
[17:14:24.909] 末根 1790154000000 O=85878.0 H=85986.0 L=85844.2 C=85920.1 V=1344.632
[17:14:25.065] 标记价 85920.1
[17:14:26.467] 标记价 85920.1
[17:14:26.467] 末根 1790154000000 O=85878.0 H=85986.0 L=85844.2 C=85920.1 V=1344.633
[17:14:27.074] WS 收帧 15 条/5291ms
[17:14:27.074] 标记价 85920.2
[17:14:27.079] 末根 1790154000000 O=85878.0 H=85986.0 L=85844.2 C=85920.1 V=1344.645
[17:14:28.261] 标记价 85920.1
[17:14:28.262] 末根 1790154000000 O=85878.0 H=85986.0 L=85844.2 C=85920.1 V=1344.659
[17:14:28.747] 末根 1790154000000 O=85878.0 H=85986.0 L=85844.2 C=85920.2 V=1344.703
[17:14:29.060] 标记价 85920.1
[17:14:29.466] 末根 1790154000000 O=85878.0 H=85986.0 L=85844.2 C=85920.1 V=1344.704
[17:14:29.923] 末根 1790154000000 O=85878.0 H=85986.0 L=85844.2 C=85920.2 V=1344.729
[17:14:30.387] 标记价 85920.1
[17:14:30.458] 末根 1790154000000 O=85878.0 H=85986.0 L=85844.2 C=85920.1 V=1344.797
[17:14:30.777] 末根 1790154000000 O=85878.0 H=85986.0 L=85844.2 C=85920.1 V=1344.801
[17:14:31.062] 标记价 85920.1
[17:14:31.580] 收工：末根更新 24 次，价格 15 次，行情 9 次，首帧 568ms
[17:14:31.580] 末根 1790154000000 O=85878.0 H=85986.0 L=85844.2 C=85920.1 V=1344.863
