[17:27:05.572] 图表订阅：BTC-USD 逐笔、BTC-USD 行情
[17:27:05.573] 图表订阅：BTC-USD 逐笔、BTC-USD 行情
[17:27:05.573] 开始：coinbase/spot/BTC-USD 1h，跑 0.25 分钟（Ctrl-C 停）
[17:27:05.573] Coinbase WS 连上 #1 wss://advanced-trade-ws.coinbase.com
[17:27:05.573] WS → {"channel":"heartbeats","type":"subscribe"}
[17:27:06.302] 序列 300 根  1789077600000 … 1790154000000  末根 close=85973.43
[17:27:06.302] 首屏 300 根先落地 coinbase/spot/BTC-USD|1h
[17:27:06.602] 序列 1400 根  1785117600000 … 1790154000000  末根 close=85973.43
[17:27:06.606] 快照 67254B → coinbase/spot/BTC-USD|1h
[17:27:06.931] 状态 → live
[17:27:06.931] WS → {"channel":"market_trades","product_ids":["BTC-USD"],"type":"subscribe"}
[17:27:06.955] 行情 last=85973.43 涨跌=0.14875521473229% 24h高=87282.81 低=85450.0
[17:27:07.194] WS → {"channel":"ticker","product_ids":["BTC-USD"],"type":"subscribe"}
[17:27:07.316] 补缺 startTime=1790154000000 → 1 根，净增 0，队列已合并
[17:27:07.316] 序列 1400 根  1785117600000 … 1790154000000  末根 close=85973.43
[17:27:07.400] 末根 1790154000000 O=85901.81 H=86039.49 L=85847.4 C=85988.39 V=67.147
[17:27:07.800] 末根 1790154000000 O=85901.81 H=86039.49 L=85847.4 C=85988.47 V=67.147
[17:27:08.400] 末根 1790154000000 O=85901.81 H=86039.49 L=85847.4 C=85988.48 V=67.147
[17:27:08.500] 末根 1790154000000 O=85901.81 H=86039.49 L=85847.4 C=85988.48 V=67.147
[17:27:09.302] 末根 1790154000000 O=85901.81 H=86039.49 L=85847.4 C=85988.48 V=67.151
[17:27:09.598] 末根 1790154000000 O=85901.81 H=86039.49 L=85847.4 C=85988.48 V=67.151
[17:27:09.700] 末根 1790154000000 O=85901.81 H=86039.49 L=85847.4 C=85988.48 V=67.151
[17:27:09.900] 末根 1790154000000 O=85901.81 H=86039.49 L=85847.4 C=85988.48 V=67.151
[17:27:09.995] 行情 last=85988.48 涨跌=0.16628666329706% 24h高=87282.81 低=85450.0
[17:27:10.600] 末根 1790154000000 O=85901.81 H=86039.49 L=85847.4 C=85988.48 V=67.151
[17:27:11.023] 末根 1790154000000 O=85901.81 H=86039.49 L=85847.4 C=85988.48 V=67.151
[17:27:11.117] 末根 1790154000000 O=85901.81 H=86039.49 L=85847.4 C=85988.48 V=67.151
[17:27:11.800] 末根 1790154000000 O=85901.81 H=86039.49 L=85847.4 C=85988.48 V=67.151
[17:27:12.198] 末根 1790154000000 O=85901.81 H=86039.49 L=85847.4 C=85988.48 V=67.151
[17:27:12.420] 末根 1790154000000 O=85901.81 H=86039.49 L=85847.4 C=85988.48 V=67.151
[17:27:12.900] 末根 1790154000000 O=85901.81 H=86039.49 L=85847.4 C=85988.48 V=67.151
[17:27:12.995] 行情 last=85988.48 涨跌=0.16628666329706% 24h高=87282.81 低=85450.0
[17:27:13.001] 末根 1790154000000 O=85901.81 H=86039.49 L=85847.4 C=85988.49 V=67.151
[17:27:13.192] 末根 1790154000000 O=85901.81 H=86039.49 L=85847.4 C=85988.49 V=67.152
[17:27:13.321] 末根 1790154000000 O=85901.81 H=86039.49 L=85847.4 C=85988.48 V=67.152
[17:27:13.401] 末根 1790154000000 O=85901.81 H=86039.49 L=85847.4 C=85988.48 V=67.152
[17:27:14.000] 末根 1790154000000 O=85901.81 H=86039.49 L=85847.4 C=85988.48 V=67.152
[17:27:14.399] 末根 1790154000000 O=85901.81 H=86039.49 L=85847.4 C=85988.48 V=67.152
[17:27:14.492] 末根 1790154000000 O=85901.81 H=86039.49 L=85847.4 C=85988.48 V=67.152
[17:27:15.100] 末根 1790154000000 O=85901.81 H=86039.49 L=85847.4 C=85988.48 V=67.152
[17:27:15.245] 行情 last=85988.48 涨跌=0.16628666329706% 24h高=87282.81 低=85450.0
[17:27:15.400] 末根 1790154000000 O=85901.81 H=86039.49 L=85847.4 C=85988.48 V=67.152
[17:27:15.600] 末根 1790154000000 O=85901.81 H=86039.49 L=85847.4 C=85988.48 V=67.152
[17:27:15.702] 末根 1790154000000 O=85901.81 H=86039.49 L=85847.4 C=85988.48 V=67.152
[17:27:15.921] 末根 1790154000000 O=85901.81 H=86039.49 L=85847.4 C=85988.48 V=67.152
[17:27:15.979] 末根 1790154000000 O=85901.81 H=86039.49 L=85847.4 C=85988.48 V=67.406
[17:27:16.200] 末根 1790154000000 O=85901.81 H=86039.49 L=85847.4 C=85988.48 V=67.406
[17:27:16.301] 末根 1790154000000 O=85901.81 H=86039.49 L=85847.4 C=85988.48 V=67.417
[17:27:16.500] 末根 1790154000000 O=85901.81 H=86039.49 L=85847.4 C=85986.15 V=67.456
[17:27:16.599] 末根 1790154000000 O=85901.81 H=86039.49 L=85847.4 C=85986.14 V=67.456
[17:27:16.744] 末根 1790154000000 O=85901.81 H=86039.49 L=85847.4 C=85986.14 V=67.456
[17:27:16.900] 末根 1790154000000 O=85901.81 H=86039.49 L=85847.4 C=85986.15 V=67.456
[17:27:17.198] 末根 1790154000000 O=85901.81 H=86039.49 L=85847.4 C=85986.14 V=67.456
[17:27:17.702] 末根 1790154000000 O=85901.81 H=86039.49 L=85847.4 C=85986.14 V=67.457
[17:27:17.751] 行情 last=85986.15 涨跌=0.16357249219035% 24h高=87282.81 低=85450.0
[17:27:18.300] 末根 1790154000000 O=85901.81 H=86039.49 L=85847.4 C=85986.14 V=67.457
[17:27:18.492] 末根 1790154000000 O=85901.81 H=86039.49 L=85847.4 C=85986.15 V=67.457
[17:27:18.799] 末根 1790154000000 O=85901.81 H=86039.49 L=85847.4 C=85986.14 V=67.457
[17:27:18.899] 末根 1790154000000 O=85901.81 H=86039.49 L=85847.4 C=85986.15 V=67.458
[17:27:18.998] 末根 1790154000000 O=85901.81 H=86039.49 L=85847.4 C=85986.14 V=67.458
[17:27:19.300] 末根 1790154000000 O=85901.81 H=86039.49 L=85847.4 C=85986.14 V=67.458
[17:27:19.492] 行情 last=85986.14 涨跌=0.16356084338732% 24h高=87282.81 低=85450.0
[17:27:19.900] 末根 1790154000000 O=85901.81 H=86039.49 L=85847.4 C=85986.14 V=67.458
[17:27:20.301] 末根 1790154000000 O=85901.81 H=86039.49 L=85847.4 C=85986.15 V=67.458
[17:27:20.400] 末根 1790154000000 O=85901.81 H=86039.49 L=85847.4 C=85986.14 V=67.458
[17:27:20.492] 末根 1790154000000 O=85901.81 H=86039.49 L=85847.4 C=85979.92 V=67.458
[17:27:20.587] 收工：末根更新 46 次，价格 0 次，行情 55 次，首帧 730ms
