[17:09:35.732] 图表订阅：BTC-USD 逐笔、BTC-USD 行情
[17:09:35.734] 图表订阅：BTC-USD 逐笔、BTC-USD 行情
[17:09:35.734] 开始：coinbase/spot/BTC-USD 1h，跑 0.25 分钟（Ctrl-C 停）
[17:09:35.734] Coinbase WS 连上 #1 wss://advanced-trade-ws.coinbase.com
[17:09:35.735] WS → {"channel":"heartbeats","type":"subscribe"}
[17:09:36.535] 序列 300 根  1789077600000 … 1790154000000  末根 close=85990.87
[17:09:36.535] 首屏 300 根先落地 coinbase/spot/BTC-USD|1h
[17:09:36.611] 序列 1400 根  1785117600000 … 1790154000000  末根 close=85990.87
[17:09:36.613] 快照 67254B → coinbase/spot/BTC-USD|1h
[17:09:36.986] 行情 last=85990.87 涨跌=0.19513326202411% 24h高=87282.81 低=85450.0
[17:09:37.134] 状态 → live
[17:09:37.134] WS → {"channel":"market_trades","product_ids":["BTC-USD"],"type":"subscribe"}
[17:09:37.372] WS → {"channel":"ticker","product_ids":["BTC-USD"],"type":"subscribe"}
[17:09:37.549] 序列 1400 根  1785117600000 … 1790154000000  末根 close=85990.87
[17:09:37.549] 补缺 startTime=1790154000000 → 1 根，净增 0，队列已合并
[17:09:37.590] 末根 1790154000000 O=85901.81 H=86006.98 L=85863.01 C=85994.68 V=26.145
[17:09:37.798] 末根 1790154000000 O=85901.81 H=86006.98 L=85863.01 C=85994.68 V=26.145
[17:09:38.691] 末根 1790154000000 O=85901.81 H=86006.98 L=85863.01 C=85994.68 V=26.145
[17:09:38.789] 末根 1790154000000 O=85901.81 H=86006.98 L=85863.01 C=85994.68 V=26.145
[17:09:39.091] 末根 1790154000000 O=85901.81 H=86006.98 L=85863.01 C=85994.69 V=26.146
[17:09:39.690] 末根 1790154000000 O=85901.81 H=86006.98 L=85863.01 C=85996.69 V=26.171
[17:09:39.792] 末根 1790154000000 O=85901.81 H=86006.98 L=85863.01 C=85999.99 V=26.174
[17:09:39.890] 末根 1790154000000 O=85901.81 H=86006.98 L=85863.01 C=85999.99 V=26.174
[17:09:40.065] 行情 last=85994.69 涨跌=0.19958426256709% 24h高=87282.81 低=85450.0
[17:09:40.490] 末根 1790154000000 O=85901.81 H=86006.98 L=85863.01 C=86000.0 V=26.174
[17:09:40.580] 末根 1790154000000 O=85901.81 H=86006.98 L=85863.01 C=86001.72 V=26.249
[17:09:40.891] 末根 1790154000000 O=85901.81 H=86007.17 L=85863.01 C=86007.17 V=26.249
[17:09:41.490] 末根 1790154000000 O=85901.81 H=86007.17 L=85863.01 C=86007.17 V=26.249
[17:09:41.890] 末根 1790154000000 O=85901.81 H=86007.17 L=85863.01 C=86007.17 V=26.249
[17:09:41.989] 末根 1790154000000 O=85901.81 H=86007.18 L=85863.01 C=86007.18 V=26.250
[17:09:42.186] 末根 1790154000000 O=85901.81 H=86007.18 L=85863.01 C=86007.17 V=26.250
[17:09:42.289] 末根 1790154000000 O=85901.81 H=86007.18 L=85863.01 C=86007.17 V=26.250
[17:09:42.311] 行情 last=86007.17 涨跌=0.21412575125199% 24h高=87282.81 低=85450.0
[17:09:42.591] 末根 1790154000000 O=85901.81 H=86007.18 L=85863.01 C=86007.18 V=26.250
[17:09:42.682] 末根 1790154000000 O=85901.81 H=86007.18 L=85863.01 C=86007.17 V=26.250
[17:09:43.208] 末根 1790154000000 O=85901.81 H=86007.18 L=85863.01 C=86007.17 V=26.250
[17:09:43.291] 末根 1790154000000 O=85901.81 H=86007.18 L=85863.01 C=86007.17 V=26.250
[17:09:43.490] 末根 1790154000000 O=85901.81 H=86007.18 L=85863.01 C=86007.17 V=26.250
[17:09:43.690] 末根 1790154000000 O=85901.81 H=86007.18 L=85863.01 C=86007.17 V=26.250
[17:09:43.893] 末根 1790154000000 O=85901.81 H=86007.18 L=85863.01 C=86007.18 V=26.251
[17:09:44.193] 末根 1790154000000 O=85901.81 H=86007.18 L=85863.01 C=86007.18 V=26.251
[17:09:44.312] 末根 1790154000000 O=85901.81 H=86007.23 L=85863.01 C=86007.23 V=26.255
[17:09:44.691] 末根 1790154000000 O=85901.81 H=86007.23 L=85863.01 C=86007.22 V=26.255
[17:09:44.779] 末根 1790154000000 O=85901.81 H=86007.23 L=85863.01 C=86007.23 V=26.257
[17:09:44.993] 末根 1790154000000 O=85901.81 H=86007.23 L=85863.01 C=86007.22 V=26.257
[17:09:45.112] 行情 last=86007.23 涨跌=0.21419566225528% 24h高=87282.81 低=85450.0
[17:09:45.193] 末根 1790154000000 O=85901.81 H=86007.23 L=85863.01 C=86007.22 V=26.257
[17:09:45.392] 末根 1790154000000 O=85901.81 H=86007.23 L=85863.01 C=86007.22 V=26.258
[17:09:45.790] 末根 1790154000000 O=85901.81 H=86007.23 L=85863.01 C=86007.22 V=26.258
[17:09:46.091] 末根 1790154000000 O=85901.81 H=86007.23 L=85863.01 C=86007.22 V=26.258
[17:09:46.200] 末根 1790154000000 O=85901.81 H=86007.23 L=85863.01 C=86007.22 V=26.273
[17:09:46.292] 末根 1790154000000 O=85901.81 H=86007.23 L=85863.01 C=86007.22 V=26.273
[17:09:46.891] 末根 1790154000000 O=85901.81 H=86007.23 L=85863.01 C=86007.22 V=26.273
[17:09:47.291] 末根 1790154000000 O=85901.81 H=86007.23 L=85863.01 C=86007.22 V=26.273
[17:09:47.476] 末根 1790154000000 O=85901.81 H=86007.23 L=85863.01 C=86007.22 V=26.273
[17:09:47.810] 行情 last=86007.22 涨跌=0.2141840104214% 24h高=87282.81 低=85450.0
[17:09:47.990] 末根 1790154000000 O=85901.81 H=86007.23 L=85863.01 C=86007.22 V=26.273
[17:09:48.389] 末根 1790154000000 O=85901.81 H=86007.23 L=85863.01 C=86007.22 V=26.273
[17:09:48.990] 末根 1790154000000 O=85901.81 H=86007.23 L=85863.01 C=86007.22 V=26.273
[17:09:49.590] 末根 1790154000000 O=85901.81 H=86007.23 L=85863.01 C=86007.22 V=26.273
[17:09:49.791] 末根 1790154000000 O=85901.81 H=86007.23 L=85863.01 C=86007.22 V=26.297
[17:09:49.890] 末根 1790154000000 O=85901.81 H=86007.23 L=85863.01 C=86007.22 V=26.305
[17:09:50.090] 末根 1790154000000 O=85901.81 H=86007.23 L=85863.01 C=86007.22 V=26.305
[17:09:50.390] 末根 1790154000000 O=85901.81 H=86007.23 L=85863.01 C=86007.23 V=26.305
[17:09:50.507] 末根 1790154000000 O=85901.81 H=86007.23 L=85863.01 C=86007.23 V=26.306
[17:09:50.564] 行情 last=86007.22 涨跌=0.2141840104214% 24h高=87282.81 低=85450.0
[17:09:50.992] 收工：末根更新 46 次，价格 0 次，行情 52 次，首帧 803ms
[17:09:50.992] 末根 1790154000000 O=85901.81 H=86007.23 L=85863.01 C=86007.22 V=26.306
