[17:10:07.665] 图表订阅：BTC-USD 逐笔、BTC-USD 行情
[17:10:07.665] 图表订阅：BTC-USD 逐笔、BTC-USD 行情
[17:10:07.665] 开始：coinbase/spot/BTC-USD 1h，跑 0.25 分钟（Ctrl-C 停）
[17:10:07.665] Coinbase WS 连上 #1 wss://advanced-trade-ws.coinbase.com
[17:10:07.665] WS → {"channel":"heartbeats","type":"subscribe"}
[17:10:08.419] 序列 1400 根  1785117600000 … 1790154000000  末根 close=85998.69
[17:10:08.424] 快照 67254B → coinbase/spot/BTC-USD|1h
[17:10:08.751] 行情 last=85994.68 涨跌=0.21247524394799% 24h高=87282.81 低=85450.0
[17:10:08.995] 状态 → live
[17:10:08.996] WS → {"channel":"market_trades","product_ids":["BTC-USD"],"type":"subscribe"}
[17:10:09.181] WS → {"channel":"ticker","product_ids":["BTC-USD"],"type":"subscribe"}
[17:10:09.376] 序列 1400 根  1785117600000 … 1790154000000  末根 close=85998.69
[17:10:09.376] 补缺 startTime=1790154000000 → 1 根，净增 0，队列已合并
[17:10:09.463] 末根 1790154000000 O=85901.81 H=86007.23 L=85863.01 C=85996.11 V=26.542
[17:10:09.562] 末根 1790154000000 O=85901.81 H=86007.23 L=85863.01 C=85996.11 V=26.542
[17:10:09.968] 末根 1790154000000 O=85901.81 H=86007.23 L=85863.01 C=85996.11 V=26.542
[17:10:10.465] 末根 1790154000000 O=85901.81 H=86007.23 L=85863.01 C=85996.11 V=26.542
[17:10:10.563] 末根 1790154000000 O=85901.81 H=86007.23 L=85863.01 C=85996.11 V=26.542
[17:10:10.664] 末根 1790154000000 O=85901.81 H=86007.23 L=85863.01 C=85996.11 V=26.542
[17:10:10.970] 末根 1790154000000 O=85901.81 H=86007.23 L=85863.01 C=85996.11 V=26.542
[17:10:11.662] 末根 1790154000000 O=85901.81 H=86007.23 L=85863.01 C=85996.11 V=26.542
[17:10:11.762] 末根 1790154000000 O=85901.81 H=86007.23 L=85863.01 C=85996.11 V=26.542
[17:10:12.071] 末根 1790154000000 O=85901.81 H=86007.23 L=85863.01 C=85996.11 V=26.542
[17:10:12.242] 行情 last=85996.11 涨跌=0.21414167075019% 24h高=87282.81 低=85450.0
[17:10:12.462] 末根 1790154000000 O=85901.81 H=86007.23 L=85863.01 C=85996.11 V=26.545
[17:10:12.664] 末根 1790154000000 O=85901.81 H=86007.23 L=85863.01 C=85996.11 V=26.545
[17:10:12.762] 末根 1790154000000 O=85901.81 H=86007.23 L=85863.01 C=85996.11 V=26.545
[17:10:12.862] 末根 1790154000000 O=85901.81 H=86007.23 L=85863.01 C=85996.11 V=26.550
[17:10:12.990] 末根 1790154000000 O=85901.81 H=86007.23 L=85863.01 C=85996.11 V=26.585
[17:10:13.262] 末根 1790154000000 O=85901.81 H=86007.23 L=85863.01 C=85996.11 V=26.585
[17:10:13.562] 末根 1790154000000 O=85901.81 H=86007.23 L=85863.01 C=85996.12 V=26.586
[17:10:13.862] 末根 1790154000000 O=85901.81 H=86007.23 L=85863.01 C=85996.11 V=26.586
[17:10:13.963] 末根 1790154000000 O=85901.81 H=86007.23 L=85863.01 C=85996.11 V=26.586
[17:10:14.263] 末根 1790154000000 O=85901.81 H=86007.23 L=85863.01 C=85996.11 V=26.586
[17:10:14.462] 末根 1790154000000 O=85901.81 H=86007.23 L=85863.01 C=85996.12 V=26.586
[17:10:14.488] 行情 last=85996.11 涨跌=0.21414167075019% 24h高=87282.81 低=85450.0
[17:10:14.862] 末根 1790154000000 O=85901.81 H=86007.23 L=85863.01 C=85996.11 V=26.586
[17:10:15.462] 末根 1790154000000 O=85901.81 H=86007.23 L=85863.01 C=85996.11 V=26.586
[17:10:15.692] 末根 1790154000000 O=85901.81 H=86007.23 L=85863.01 C=85996.11 V=26.586
[17:10:15.961] 末根 1790154000000 O=85901.81 H=86007.23 L=85863.01 C=85996.11 V=26.586
[17:10:16.576] 末根 1790154000000 O=85901.81 H=86007.23 L=85863.01 C=85996.11 V=26.586
[17:10:16.751] 末根 1790154000000 O=85901.81 H=86007.23 L=85863.01 C=85996.11 V=26.586
[17:10:16.961] 末根 1790154000000 O=85901.81 H=86007.23 L=85863.01 C=85996.11 V=26.586
[17:10:17.162] 末根 1790154000000 O=85901.81 H=86007.23 L=85863.01 C=85996.11 V=26.586
[17:10:17.381] 末根 1790154000000 O=85901.81 H=86007.23 L=85863.01 C=85996.11 V=26.601
[17:10:17.663] 末根 1790154000000 O=85901.81 H=86007.23 L=85863.01 C=85996.11 V=26.601
[17:10:17.739] 行情 last=85996.11 涨跌=0.21414167075019% 24h高=87282.81 低=85450.0
[17:10:17.748] 末根 1790154000000 O=85901.81 H=86007.23 L=85863.01 C=85996.11 V=26.601
[17:10:18.134] 末根 1790154000000 O=85901.81 H=86007.23 L=85863.01 C=85996.11 V=26.681
[17:10:18.363] 末根 1790154000000 O=85901.81 H=86007.23 L=85863.01 C=85996.11 V=26.681
[17:10:18.462] 末根 1790154000000 O=85901.81 H=86007.23 L=85863.01 C=85996.11 V=26.684
[17:10:18.663] 末根 1790154000000 O=85901.81 H=86007.23 L=85863.01 C=85996.11 V=26.684
[17:10:18.749] 末根 1790154000000 O=85901.81 H=86007.23 L=85863.01 C=85996.11 V=26.684
[17:10:19.563] 末根 1790154000000 O=85901.81 H=86007.23 L=85863.01 C=85996.12 V=26.685
[17:10:19.740] 末根 1790154000000 O=85901.81 H=86007.23 L=85863.01 C=85996.11 V=26.685
[17:10:19.968] 末根 1790154000000 O=85901.81 H=86007.23 L=85863.01 C=85996.11 V=26.685
[17:10:20.464] 末根 1790154000000 O=85901.81 H=86007.23 L=85863.01 C=85996.11 V=26.688
[17:10:20.763] 末根 1790154000000 O=85901.81 H=86007.23 L=85863.01 C=85996.11 V=26.688
[17:10:20.862] 末根 1790154000000 O=85901.81 H=86007.23 L=85863.01 C=85996.11 V=26.688
[17:10:20.964] 末根 1790154000000 O=85901.81 H=86007.23 L=85863.01 C=85996.11 V=26.688
[17:10:20.990] 行情 last=85996.11 涨跌=0.21414167075019% 24h高=87282.81 低=85450.0
[17:10:21.064] 末根 1790154000000 O=85901.81 H=86007.23 L=85863.01 C=85996.11 V=26.691
[17:10:21.186] 末根 1790154000000 O=85901.81 H=86007.23 L=85863.01 C=85996.11 V=26.701
[17:10:21.463] 末根 1790154000000 O=85901.81 H=86007.23 L=85863.01 C=85996.12 V=26.757
[17:10:21.962] 末根 1790154000000 O=85901.81 H=86007.23 L=85863.01 C=85996.11 V=26.757
[17:10:22.062] 末根 1790154000000 O=85901.81 H=86007.23 L=85863.01 C=85996.11 V=26.757
[17:10:22.261] 末根 1790154000000 O=85901.81 H=86007.23 L=85863.01 C=85996.11 V=26.757
[17:10:22.750] 收工：末根更新 50 次，价格 0 次，行情 48 次，首帧 755ms
