[17:26:03.676] 图表订阅：BTC-USD 逐笔、BTC-USD 行情
[17:26:03.676] 图表订阅：BTC-USD 逐笔、BTC-USD 行情
[17:26:03.676] 开始：coinbase/spot/BTC-USD 1h，跑 0.25 分钟（Ctrl-C 停）
[17:26:03.676] Coinbase WS 连上 #1 wss://advanced-trade-ws.coinbase.com
[17:26:03.676] WS → {"channel":"heartbeats","type":"subscribe"}
[17:26:04.401] 首屏 300 根先落地 coinbase/spot/BTC-USD|1h
[17:26:04.401] 序列 300 根  1789077600000 … 1790154000000  末根 close=85986.69
[17:26:04.503] 序列 1400 根  1785117600000 … 1790154000000  末根 close=85986.69
[17:26:04.505] 快照 67254B → coinbase/spot/BTC-USD|1h
[17:26:04.834] 行情 last=85986.68 涨跌=0.16280141442465% 24h高=87282.81 低=85450.0
[17:26:05.020] 状态 → live
[17:26:05.020] WS → {"channel":"market_trades","product_ids":["BTC-USD"],"type":"subscribe"}
[17:26:05.191] WS → {"channel":"ticker","product_ids":["BTC-USD"],"type":"subscribe"}
[17:26:05.423] 补缺 startTime=1790154000000 → 1 根，净增 0，队列已合并
[17:26:05.423] 末根 1790154000000 O=85901.81 H=86039.49 L=85847.4 C=85986.68 V=66.435
[17:26:05.423] 序列 1400 根  1785117600000 … 1790154000000  末根 close=85986.68
[17:26:05.517] 末根 1790154000000 O=85901.81 H=86039.49 L=85847.4 C=85986.68 V=66.435
[17:26:05.816] 末根 1790154000000 O=85901.81 H=86039.49 L=85847.4 C=85986.68 V=66.435
[17:26:06.017] 末根 1790154000000 O=85901.81 H=86039.49 L=85847.4 C=85986.68 V=66.435
[17:26:06.218] 末根 1790154000000 O=85901.81 H=86039.49 L=85847.4 C=85986.68 V=66.435
[17:26:07.015] 末根 1790154000000 O=85901.81 H=86039.49 L=85847.4 C=85986.68 V=66.435
[17:26:07.216] 末根 1790154000000 O=85901.81 H=86039.49 L=85847.4 C=85986.68 V=66.435
[17:26:07.318] 末根 1790154000000 O=85901.81 H=86039.49 L=85847.4 C=85986.68 V=66.445
[17:26:07.417] 末根 1790154000000 O=85901.81 H=86039.49 L=85847.4 C=85982.83 V=66.472
[17:26:08.318] 末根 1790154000000 O=85901.81 H=86039.49 L=85847.4 C=85980.7 V=66.472
[17:26:08.617] 末根 1790154000000 O=85901.81 H=86039.49 L=85847.4 C=85980.7 V=66.472
[17:26:08.724] 行情 last=85980.7 涨跌=0.15583552677254% 24h高=87282.81 低=85450.0
[17:26:09.018] 末根 1790154000000 O=85901.81 H=86039.49 L=85847.4 C=85980.7 V=66.472
[17:26:09.116] 末根 1790154000000 O=85901.81 H=86039.49 L=85847.4 C=85980.7 V=66.476
[17:26:09.416] 末根 1790154000000 O=85901.81 H=86039.49 L=85847.4 C=85980.7 V=66.476
[17:26:09.616] 末根 1790154000000 O=85901.81 H=86039.49 L=85847.4 C=85980.7 V=66.476
[17:26:10.016] 末根 1790154000000 O=85901.81 H=86039.49 L=85847.4 C=85980.7 V=66.476
[17:26:10.117] 末根 1790154000000 O=85901.81 H=86039.49 L=85847.4 C=85980.7 V=66.476
[17:26:10.516] 末根 1790154000000 O=85901.81 H=86039.49 L=85847.4 C=85980.7 V=66.476
[17:26:10.716] 末根 1790154000000 O=85901.81 H=86039.49 L=85847.4 C=85980.7 V=66.476
[17:26:11.829] 末根 1790154000000 O=85901.81 H=86039.49 L=85847.4 C=85980.7 V=66.476
[17:26:11.917] 末根 1790154000000 O=85901.81 H=86039.49 L=85847.4 C=85980.7 V=66.476
[17:26:11.978] 行情 last=85980.7 涨跌=0.12167514146234% 24h高=87282.81 低=85450.0
[17:26:12.817] 末根 1790154000000 O=85901.81 H=86039.49 L=85847.4 C=85980.7 V=66.476
[17:26:13.520] 末根 1790154000000 O=85901.81 H=86039.49 L=85847.4 C=85980.7 V=66.476
[17:26:13.617] 末根 1790154000000 O=85901.81 H=86039.49 L=85847.4 C=85980.7 V=66.476
[17:26:14.101] 末根 1790154000000 O=85901.81 H=86039.49 L=85847.4 C=85980.7 V=66.565
[17:26:14.621] 末根 1790154000000 O=85901.81 H=86039.49 L=85847.4 C=85980.7 V=66.565
[17:26:14.818] 末根 1790154000000 O=85901.81 H=86039.49 L=85847.4 C=85980.7 V=66.565
[17:26:15.417] 末根 1790154000000 O=85901.81 H=86039.49 L=85847.4 C=85980.7 V=66.565
[17:26:15.568] 末根 1790154000000 O=85901.81 H=86039.49 L=85847.4 C=85980.7 V=66.565
[17:26:15.720] 末根 1790154000000 O=85901.81 H=86039.49 L=85847.4 C=85980.7 V=66.565
[17:26:15.725] 行情 last=85980.7 涨跌=0.12167514146234% 24h高=87282.81 低=85450.0
[17:26:15.816] 末根 1790154000000 O=85901.81 H=86039.49 L=85847.4 C=85980.7 V=66.565
[17:26:16.020] 末根 1790154000000 O=85901.81 H=86039.49 L=85847.4 C=85980.71 V=66.565
[17:26:16.317] 末根 1790154000000 O=85901.81 H=86039.49 L=85847.4 C=85980.7 V=66.565
[17:26:16.821] 末根 1790154000000 O=85901.81 H=86039.49 L=85847.4 C=85980.7 V=66.565
[17:26:17.318] 末根 1790154000000 O=85901.81 H=86039.49 L=85847.4 C=85980.7 V=66.565
[17:26:17.622] 末根 1790154000000 O=85901.81 H=86039.49 L=85847.4 C=85980.7 V=66.566
[17:26:17.916] 末根 1790154000000 O=85901.81 H=86039.49 L=85847.4 C=85980.71 V=66.566
[17:26:18.017] 末根 1790154000000 O=85901.81 H=86039.49 L=85847.4 C=85980.7 V=66.566
[17:26:18.418] 末根 1790154000000 O=85901.81 H=86039.49 L=85847.4 C=85980.7 V=66.566
[17:26:18.517] 末根 1790154000000 O=85901.81 H=86039.49 L=85847.4 C=85980.7 V=66.566
[17:26:18.817] 收工：末根更新 40 次，价格 0 次，行情 40 次，首帧 725ms
[17:26:18.817] 末根 1790154000000 O=85901.81 H=86039.49 L=85847.4 C=85980.71 V=66.566
