[17:26:34.564] 图表订阅：BTC-USD 逐笔、BTC-USD 行情
[17:26:34.564] 图表订阅：BTC-USD 逐笔、BTC-USD 行情
[17:26:34.564] 开始：coinbase/spot/BTC-USD 1h，跑 0.25 分钟（Ctrl-C 停）
[17:26:34.565] Coinbase WS 连上 #1 wss://advanced-trade-ws.coinbase.com
[17:26:34.565] WS → {"channel":"heartbeats","type":"subscribe"}
[17:26:35.152] 首屏 300 根先落地 coinbase/spot/BTC-USD|1h
[17:26:35.152] 序列 300 根  1789077600000 … 1790154000000  末根 close=85984.39
[17:26:35.381] 序列 1400 根  1785117600000 … 1790154000000  末根 close=85984.39
[17:26:35.382] 快照 67254B → coinbase/spot/BTC-USD|1h
[17:26:35.691] 行情 last=85960.06 涨跌=0.09764054561793% 24h高=87282.81 低=85450.0
[17:26:35.902] 状态 → live
[17:26:35.902] WS → {"channel":"market_trades","product_ids":["BTC-USD"],"type":"subscribe"}
[17:26:36.194] WS → {"channel":"ticker","product_ids":["BTC-USD"],"type":"subscribe"}
[17:26:36.274] 补缺 startTime=1790154000000 → 1 根，净增 0，队列已合并
[17:26:36.274] 序列 1400 根  1785117600000 … 1790154000000  末根 close=85984.39
[17:26:36.349] 末根 1790154000000 O=85901.81 H=86039.49 L=85847.4 C=85960.07 V=66.604
[17:26:36.449] 末根 1790154000000 O=85901.81 H=86039.49 L=85847.4 C=85960.06 V=66.604
[17:26:36.749] 末根 1790154000000 O=85901.81 H=86039.49 L=85847.4 C=85960.07 V=66.613
[17:26:36.849] 末根 1790154000000 O=85901.81 H=86039.49 L=85847.4 C=85960.06 V=66.722
[17:26:37.049] 末根 1790154000000 O=85901.81 H=86039.49 L=85847.4 C=85960.06 V=66.722
[17:26:37.650] 末根 1790154000000 O=85901.81 H=86039.49 L=85847.4 C=85960.06 V=66.722
[17:26:38.349] 末根 1790154000000 O=85901.81 H=86039.49 L=85847.4 C=85960.06 V=66.722
[17:26:38.450] 末根 1790154000000 O=85901.81 H=86039.49 L=85847.4 C=85960.06 V=66.722
[17:26:38.548] 末根 1790154000000 O=85901.81 H=86039.49 L=85847.4 C=85960.07 V=66.722
[17:26:38.650] 末根 1790154000000 O=85901.81 H=86039.49 L=85847.4 C=85960.06 V=66.722
[17:26:38.735] 行情 last=85960.06 涨跌=0.09764054561793% 24h高=87282.81 低=85450.0
[17:26:39.150] 末根 1790154000000 O=85901.81 H=86039.49 L=85847.4 C=85960.07 V=66.732
[17:26:39.448] 末根 1790154000000 O=85901.81 H=86039.49 L=85847.4 C=85960.07 V=66.732
[17:26:39.549] 末根 1790154000000 O=85901.81 H=86039.49 L=85847.4 C=85960.07 V=66.732
[17:26:39.849] 末根 1790154000000 O=85901.81 H=86039.49 L=85847.4 C=85960.07 V=66.732
[17:26:40.351] 末根 1790154000000 O=85901.81 H=86039.49 L=85847.4 C=85960.08 V=66.732
[17:26:40.454] 行情 last=85960.07 涨跌=0.09765219028646% 24h高=87282.81 低=85450.0
[17:26:40.551] 末根 1790154000000 O=85901.81 H=86039.49 L=85847.4 C=85960.08 V=66.732
[17:26:40.704] 末根 1790154000000 O=85901.81 H=86039.49 L=85847.4 C=85960.07 V=66.732
[17:26:40.819] 末根 1790154000000 O=85901.81 H=86039.49 L=85847.4 C=85960.07 V=66.732
[17:26:40.953] 末根 1790154000000 O=85901.81 H=86039.49 L=85847.4 C=85960.07 V=66.732
[17:26:41.149] 末根 1790154000000 O=85901.81 H=86039.49 L=85847.4 C=85960.08 V=66.733
[17:26:41.749] 末根 1790154000000 O=85901.81 H=86039.49 L=85847.4 C=85960.07 V=66.733
[17:26:41.849] 末根 1790154000000 O=85901.81 H=86039.49 L=85847.4 C=85960.07 V=66.733
[17:26:41.948] 末根 1790154000000 O=85901.81 H=86039.49 L=85847.4 C=85960.07 V=66.733
[17:26:41.950] 行情 last=85960.07 涨跌=0.09765219028646% 24h高=87282.81 低=85450.0
[17:26:42.850] 末根 1790154000000 O=85901.81 H=86039.49 L=85847.4 C=85960.07 V=66.733
[17:26:43.050] 末根 1790154000000 O=85901.81 H=86039.49 L=85847.4 C=85960.08 V=66.733
[17:26:43.194] 末根 1790154000000 O=85901.81 H=86039.49 L=85847.4 C=85960.07 V=66.733
[17:26:44.049] 末根 1790154000000 O=85901.81 H=86039.49 L=85847.4 C=85960.07 V=66.733
[17:26:44.249] 末根 1790154000000 O=85901.81 H=86039.49 L=85847.4 C=85960.07 V=66.733
[17:26:44.452] 行情 last=85960.07 涨跌=0.09765219028646% 24h高=87282.81 低=85450.0
[17:26:44.550] 末根 1790154000000 O=85901.81 H=86039.49 L=85847.4 C=85960.07 V=66.733
[17:26:45.049] 末根 1790154000000 O=85901.81 H=86039.49 L=85847.4 C=85960.07 V=66.733
[17:26:45.308] 末根 1790154000000 O=85901.81 H=86039.49 L=85847.4 C=85960.07 V=66.912
[17:26:45.422] 末根 1790154000000 O=85901.81 H=86039.49 L=85847.4 C=85960.07 V=66.912
[17:26:45.649] 末根 1790154000000 O=85901.81 H=86039.49 L=85847.4 C=85960.07 V=66.912
[17:26:46.152] 末根 1790154000000 O=85901.81 H=86039.49 L=85847.4 C=85960.07 V=66.912
[17:26:46.751] 末根 1790154000000 O=85901.81 H=86039.49 L=85847.4 C=85960.07 V=66.912
[17:26:46.862] 末根 1790154000000 O=85901.81 H=86039.49 L=85847.4 C=85960.07 V=66.912
[17:26:47.202] 行情 last=85960.07 涨跌=0.09765219028646% 24h高=87282.81 低=85450.0
[17:26:47.252] 末根 1790154000000 O=85901.81 H=86039.49 L=85847.4 C=85960.07 V=66.912
[17:26:48.053] 末根 1790154000000 O=85901.81 H=86039.49 L=85847.4 C=85960.07 V=66.912
[17:26:48.184] 末根 1790154000000 O=85901.81 H=86039.49 L=85847.4 C=85960.07 V=66.912
[17:26:48.349] 末根 1790154000000 O=85901.81 H=86039.49 L=85847.4 C=85960.07 V=66.912
[17:26:49.149] 末根 1790154000000 O=85901.81 H=86039.49 L=85847.4 C=85960.07 V=66.912
[17:26:49.349] 末根 1790154000000 O=85901.81 H=86039.49 L=85847.4 C=85960.07 V=66.912
[17:26:49.549] 末根 1790154000000 O=85901.81 H=86039.49 L=85847.4 C=85960.07 V=66.912
[17:26:49.704] 收工：末根更新 43 次，价格 0 次，行情 57 次，首帧 588ms
