[17:09:51.739] 图表订阅：BTC-USD 逐笔、BTC-USD 行情
[17:09:51.739] 图表订阅：BTC-USD 逐笔、BTC-USD 行情
[17:09:51.739] 开始：coinbase/spot/BTC-USD 1h，跑 0.25 分钟（Ctrl-C 停）
[17:09:51.739] Coinbase WS 连上 #1 wss://advanced-trade-ws.coinbase.com
[17:09:51.740] WS → {"channel":"heartbeats","type":"subscribe"}
[17:09:52.520] 首屏 300 根先落地 coinbase/spot/BTC-USD|1h
[17:09:52.520] 序列 300 根  1789077600000 … 1790154000000  末根 close=86007.22
[17:09:52.592] 序列 1400 根  1785117600000 … 1790154000000  末根 close=86007.22
[17:09:52.594] 快照 67254B → coinbase/spot/BTC-USD|1h
[17:09:52.951] 行情 last=86007.22 涨跌=0.2141840104214% 24h高=87282.81 低=85450.0
[17:09:53.163] 状态 → live
[17:09:53.163] WS → {"channel":"market_trades","product_ids":["BTC-USD"],"type":"subscribe"}
[17:09:53.441] WS → {"channel":"ticker","product_ids":["BTC-USD"],"type":"subscribe"}
[17:09:53.554] 补缺 startTime=1790154000000 → 1 根，净增 0，队列已合并
[17:09:53.554] 序列 1400 根  1785117600000 … 1790154000000  末根 close=86007.22
[17:09:53.888] 末根 1790154000000 O=85901.81 H=86007.23 L=85863.01 C=86007.23 V=26.389
[17:09:53.986] 末根 1790154000000 O=85901.81 H=86007.23 L=85863.01 C=86007.22 V=26.389
[17:09:54.089] 末根 1790154000000 O=85901.81 H=86007.23 L=85863.01 C=86007.22 V=26.389
[17:09:54.188] 末根 1790154000000 O=85901.81 H=86007.23 L=85863.01 C=86007.22 V=26.398
[17:09:54.307] 末根 1790154000000 O=85901.81 H=86007.23 L=85863.01 C=86007.22 V=26.416
[17:09:54.487] 末根 1790154000000 O=85901.81 H=86007.23 L=85863.01 C=86007.22 V=26.416
[17:09:55.092] 末根 1790154000000 O=85901.81 H=86007.23 L=85863.01 C=86007.22 V=26.416
[17:09:55.186] 末根 1790154000000 O=85901.81 H=86007.23 L=85863.01 C=86007.22 V=26.416
[17:09:55.387] 末根 1790154000000 O=85901.81 H=86007.23 L=85863.01 C=86007.22 V=26.434
[17:09:55.562] 末根 1790154000000 O=85901.81 H=86007.23 L=85863.01 C=85999.5 V=26.508
[17:09:55.690] 行情 last=85999.5 涨跌=0.20518879466439% 24h高=87282.81 低=85450.0
[17:09:56.088] 末根 1790154000000 O=85901.81 H=86007.23 L=85863.01 C=85998.69 V=26.508
[17:09:56.213] 末根 1790154000000 O=85901.81 H=86007.23 L=85863.01 C=85998.69 V=26.508
[17:09:56.486] 末根 1790154000000 O=85901.81 H=86007.23 L=85863.01 C=85998.69 V=26.508
[17:09:57.187] 末根 1790154000000 O=85901.81 H=86007.23 L=85863.01 C=85998.69 V=26.508
[17:09:57.589] 末根 1790154000000 O=85901.81 H=86007.23 L=85863.01 C=85998.69 V=26.508
[17:09:57.888] 末根 1790154000000 O=85901.81 H=86007.23 L=85863.01 C=85998.7 V=26.509
[17:09:58.058] 行情 last=85998.69 涨跌=0.20424499611994% 24h高=87282.81 低=85450.0
[17:09:58.186] 末根 1790154000000 O=85901.81 H=86007.23 L=85863.01 C=85998.69 V=26.509
[17:09:58.685] 末根 1790154000000 O=85901.81 H=86007.23 L=85863.01 C=85998.69 V=26.509
[17:09:59.186] 末根 1790154000000 O=85901.81 H=86007.23 L=85863.01 C=85998.69 V=26.509
[17:09:59.286] 末根 1790154000000 O=85901.81 H=86007.23 L=85863.01 C=85998.69 V=26.509
[17:09:59.686] 末根 1790154000000 O=85901.81 H=86007.23 L=85863.01 C=85998.69 V=26.509
[17:09:59.887] 末根 1790154000000 O=85901.81 H=86007.23 L=85863.01 C=85998.7 V=26.520
[17:09:59.991] 末根 1790154000000 O=85901.81 H=86007.23 L=85863.01 C=85998.7 V=26.520
[17:10:00.532] 末根 1790154000000 O=85901.81 H=86007.23 L=85863.01 C=85998.69 V=26.536
[17:10:00.538] 末根 1790154000000 O=85901.81 H=86007.23 L=85863.01 C=85998.69 V=26.541
[17:10:00.563] 行情 last=85998.7 涨跌=0.20425664795382% 24h高=87282.81 低=85450.0
[17:10:00.670] 末根 1790154000000 O=85901.81 H=86007.23 L=85863.01 C=85998.69 V=26.541
[17:10:00.786] 末根 1790154000000 O=85901.81 H=86007.23 L=85863.01 C=85998.69 V=26.541
[17:10:00.886] 末根 1790154000000 O=85901.81 H=86007.23 L=85863.01 C=85998.69 V=26.541
[17:10:01.058] 末根 1790154000000 O=85901.81 H=86007.23 L=85863.01 C=85998.69 V=26.541
[17:10:01.287] 末根 1790154000000 O=85901.81 H=86007.23 L=85863.01 C=85998.69 V=26.541
[17:10:01.387] 末根 1790154000000 O=85901.81 H=86007.23 L=85863.01 C=85998.69 V=26.544
[17:10:01.686] 末根 1790154000000 O=85901.81 H=86007.23 L=85863.01 C=85998.69 V=26.544
[17:10:01.787] 末根 1790154000000 O=85901.81 H=86007.23 L=85863.01 C=85998.69 V=26.544
[17:10:01.887] 末根 1790154000000 O=85901.81 H=86007.23 L=85863.01 C=85996.97 V=26.592
[17:10:02.060] 末根 1790154000000 O=85901.81 H=86007.23 L=85863.01 C=85996.97 V=26.592
[17:10:02.788] 末根 1790154000000 O=85901.81 H=86007.23 L=85863.01 C=85994.68 V=26.592
[17:10:02.807] 行情 last=85996.97 涨跌=0.20224088069221% 24h高=87282.81 低=85450.0
[17:10:03.286] 末根 1790154000000 O=85901.81 H=86007.23 L=85863.01 C=85994.68 V=26.592
[17:10:03.385] 末根 1790154000000 O=85901.81 H=86007.23 L=85863.01 C=85994.69 V=26.617
[17:10:03.889] 末根 1790154000000 O=85901.81 H=86007.23 L=85863.01 C=85994.68 V=26.617
[17:10:04.114] 末根 1790154000000 O=85901.81 H=86007.23 L=85863.01 C=85994.68 V=26.617
[17:10:04.293] 末根 1790154000000 O=85901.81 H=86007.23 L=85863.01 C=85994.69 V=26.639
[17:10:04.388] 末根 1790154000000 O=85901.81 H=86007.23 L=85863.01 C=85994.68 V=26.648
[17:10:04.558] 行情 last=85994.68 涨跌=0.1995726107332% 24h高=87282.81 低=85450.0
[17:10:04.587] 末根 1790154000000 O=85901.81 H=86007.23 L=85863.01 C=85994.69 V=26.650
[17:10:04.987] 末根 1790154000000 O=85901.81 H=86007.23 L=85863.01 C=85994.68 V=26.650
[17:10:05.288] 末根 1790154000000 O=85901.81 H=86007.23 L=85863.01 C=85994.68 V=26.650
[17:10:05.387] 末根 1790154000000 O=85901.81 H=86007.23 L=85863.01 C=85994.68 V=26.650
[17:10:05.885] 末根 1790154000000 O=85901.81 H=86007.23 L=85863.01 C=85994.68 V=26.650
[17:10:05.988] 末根 1790154000000 O=85901.81 H=86007.23 L=85863.01 C=85994.68 V=26.650
[17:10:06.186] 末根 1790154000000 O=85901.81 H=86007.23 L=85863.01 C=85994.68 V=26.672
[17:10:06.307] 行情 last=85994.68 涨跌=0.21247524394799% 24h高=87282.81 低=85450.0
[17:10:06.487] 末根 1790154000000 O=85901.81 H=86007.23 L=85863.01 C=85994.68 V=26.672
[17:10:06.588] 末根 1790154000000 O=85901.81 H=86007.23 L=85863.01 C=85994.68 V=26.672
[17:10:07.059] 收工：末根更新 51 次，价格 0 次，行情 63 次，首帧 782ms
