[17:25:48.339] 图表订阅：BTC-USD 逐笔、BTC-USD 行情
[17:25:48.339] 图表订阅：BTC-USD 逐笔、BTC-USD 行情
[17:25:48.339] 开始：coinbase/spot/BTC-USD 1h，跑 0.25 分钟（Ctrl-C 停）
[17:25:48.340] Coinbase WS 连上 #1 wss://kanpan.107-174-172-10.sslip.io/v1/market/stream?source=coinbase
[17:25:48.340] WS → {"channel":"heartbeats","type":"subscribe"}
[17:25:49.050] 状态 → live
[17:25:49.050] WS → {"channel":"market_trades","product_ids":["BTC-USD"],"type":"subscribe"}
[17:25:49.222] WS → {"channel":"ticker","product_ids":["BTC-USD"],"type":"subscribe"}
[17:25:49.611] 首屏 300 根先落地 coinbase/spot/BTC-USD|1h
[17:25:49.611] 序列 300 根  1789077600000 … 1790154000000  末根 close=85986.68
[17:25:49.621] 序列 1400 根  1785117600000 … 1790154000000  末根 close=85986.68
[17:25:49.626] 快照 67254B → coinbase/spot/BTC-USD|1h
[17:25:49.843] 末根 1790154000000 O=85901.81 H=86039.49 L=85847.4 C=85979.88 V=65.970
[17:25:49.843] 行情 last=85979.89 涨跌=0.15489198680628% 24h高=87282.81 低=85450.0
[17:25:50.073] 末根 1790154000000 O=85901.81 H=86039.49 L=85847.4 C=85979.88 V=65.970
[17:25:50.549] 末根 1790154000000 O=85901.81 H=86039.49 L=85847.4 C=85979.88 V=65.970
[17:25:50.631] 末根 1790154000000 O=85901.81 H=86039.49 L=85847.4 C=85979.93 V=65.970
[17:25:51.132] 末根 1790154000000 O=85901.81 H=86039.49 L=85847.4 C=85979.93 V=65.970
[17:25:51.265] 末根 1790154000000 O=85901.81 H=86039.49 L=85847.4 C=85979.93 V=65.970
[17:25:51.631] 末根 1790154000000 O=85901.81 H=86039.49 L=85847.4 C=85979.93 V=65.970
[17:25:51.831] 末根 1790154000000 O=85901.81 H=86039.49 L=85847.4 C=85981.6 V=65.994
[17:25:51.972] 末根 1790154000000 O=85901.81 H=86039.49 L=85847.4 C=85985.86 V=66.087
[17:25:52.330] 末根 1790154000000 O=85901.81 H=86039.49 L=85847.4 C=85986.69 V=66.087
[17:25:52.431] 末根 1790154000000 O=85901.81 H=86039.49 L=85847.4 C=85986.69 V=66.087
[17:25:52.439] 行情 last=85986.69 涨跌=0.16281306306621% 24h高=87282.81 低=85450.0
[17:25:52.831] 末根 1790154000000 O=85901.81 H=86039.49 L=85847.4 C=85986.69 V=66.087
[17:25:53.531] 末根 1790154000000 O=85901.81 H=86039.49 L=85847.4 C=85986.69 V=66.087
[17:25:53.731] 末根 1790154000000 O=85901.81 H=86039.49 L=85847.4 C=85986.69 V=66.087
[17:25:54.132] 末根 1790154000000 O=85901.81 H=86039.49 L=85847.4 C=85986.69 V=66.087
[17:25:54.530] 末根 1790154000000 O=85901.81 H=86039.49 L=85847.4 C=85986.69 V=66.087
[17:25:54.831] 末根 1790154000000 O=85901.81 H=86039.49 L=85847.4 C=85986.69 V=66.087
[17:25:54.930] 末根 1790154000000 O=85901.81 H=86039.49 L=85847.4 C=85986.69 V=66.087
[17:25:55.631] 末根 1790154000000 O=85901.81 H=86039.49 L=85847.4 C=85986.69 V=66.087
[17:25:56.032] 末根 1790154000000 O=85901.81 H=86039.49 L=85847.4 C=85986.69 V=66.087
[17:25:56.193] 末根 1790154000000 O=85901.81 H=86039.49 L=85847.4 C=85986.69 V=66.087
[17:25:56.272] 行情 last=85986.69 涨跌=0.16281306306621% 24h高=87282.81 低=85450.0
[17:25:56.731] 末根 1790154000000 O=85901.81 H=86039.49 L=85847.4 C=85986.69 V=66.087
[17:25:57.132] 末根 1790154000000 O=85901.81 H=86039.49 L=85847.4 C=85986.69 V=66.087
[17:25:57.231] 末根 1790154000000 O=85901.81 H=86039.49 L=85847.4 C=85986.69 V=66.087
[17:25:57.432] 末根 1790154000000 O=85901.81 H=86039.49 L=85847.4 C=85986.7 V=66.132
[17:25:57.636] 末根 1790154000000 O=85901.81 H=86039.49 L=85847.4 C=85986.69 V=66.237
[17:25:57.931] 末根 1790154000000 O=85901.81 H=86039.49 L=85847.4 C=85986.69 V=66.237
[17:25:58.230] 末根 1790154000000 O=85901.81 H=86039.49 L=85847.4 C=85986.69 V=66.237
[17:25:58.531] 末根 1790154000000 O=85901.81 H=86039.49 L=85847.4 C=85986.69 V=66.237
[17:25:59.030] 末根 1790154000000 O=85901.81 H=86039.49 L=85847.4 C=85986.69 V=66.237
[17:25:59.630] 末根 1790154000000 O=85901.81 H=86039.49 L=85847.4 C=85986.69 V=66.237
[17:25:59.751] 行情 last=85986.69 涨跌=0.16281306306621% 24h高=87282.81 低=85450.0
[17:25:59.831] 末根 1790154000000 O=85901.81 H=86039.49 L=85847.4 C=85986.69 V=66.237
[17:26:00.031] 末根 1790154000000 O=85901.81 H=86039.49 L=85847.4 C=85986.69 V=66.237
[17:26:00.731] 末根 1790154000000 O=85901.81 H=86039.49 L=85847.4 C=85986.69 V=66.237
[17:26:00.930] 末根 1790154000000 O=85901.81 H=86039.49 L=85847.4 C=85986.69 V=66.237
[17:26:01.231] 末根 1790154000000 O=85901.81 H=86039.49 L=85847.4 C=85986.69 V=66.237
[17:26:01.930] 末根 1790154000000 O=85901.81 H=86039.49 L=85847.4 C=85986.69 V=66.237
[17:26:02.030] 末根 1790154000000 O=85901.81 H=86039.49 L=85847.4 C=85986.69 V=66.237
[17:26:02.130] 末根 1790154000000 O=85901.81 H=86039.49 L=85847.4 C=85986.69 V=66.244
[17:26:02.219] 末根 1790154000000 O=85901.81 H=86039.49 L=85847.4 C=85986.68 V=66.326
[17:26:02.719] 行情 last=85986.68 涨跌=0.16280141442465% 24h高=87282.81 低=85450.0
[17:26:03.031] 末根 1790154000000 O=85901.81 H=86039.49 L=85847.4 C=85986.68 V=66.326
[17:26:03.131] 末根 1790154000000 O=85901.81 H=86039.49 L=85847.4 C=85986.68 V=66.326
[17:26:03.356] 收工：末根更新 42 次，价格 0 次，行情 42 次，首帧 1274ms
