Command line invocation:
    /Applications/Xcode.app/Contents/Developer/usr/bin/xcodebuild -jobs 1 build-for-testing -workspace Kanpan.xcworkspace -scheme Kanpan -destination "generic/platform=iOS Simulator" -derivedDataPath DerivedData-multi ARCHS=arm64 ONLY_ACTIVE_ARCH=YES SWIFT_ENABLE_BATCH_MODE=NO

Build settings from command line:
    ARCHS = arm64
    ONLY_ACTIVE_ARCH = YES
    SWIFT_ENABLE_BATCH_MODE = NO

Resolve Package Graph


Resolved source packages:
  KanpanNetwork: /Users/mdd/zhk/kanpan-coinbase/KanpanNetwork @ local
  KanpanAccount: /Users/mdd/zhk/kanpan-coinbase/KanpanAccount @ local
  KanpanChart: /Users/mdd/zhk/kanpan-coinbase/KanpanChart @ local
  KanpanData: /Users/mdd/zhk/kanpan-coinbase/KanpanData @ local
  KanpanCore: /Users/mdd/zhk/kanpan-coinbase/KanpanCore @ local
  KanpanReview: /Users/mdd/zhk/kanpan-coinbase/KanpanReview @ local

Build Preparation
Build task concurrency set to 1 via user default IDEBuildOperationMaxNumberOfConcurrentCompileTasks

ComputePackagePrebuildTargetDependencyGraph

Prepare packages

CreateBuildRequest

SendProjectDescription

CreateBuildOperation

ComputeTargetDependencyGraph
note: Building targets in dependency order
note: Target dependency graph (16 targets)
    Target 'KanpanUITests' in project 'Kanpan'
        ➜ Explicit dependency on target 'Kanpan' in project 'Kanpan'
    Target 'Kanpan' in project 'Kanpan'
        ➜ Explicit dependency on target 'KanpanCore' in project 'KanpanCore'
        ➜ Explicit dependency on target 'KanpanChart' in project 'KanpanChart'
        ➜ Explicit dependency on target 'KanpanData' in project 'KanpanData'
        ➜ Explicit dependency on target 'KanpanReview' in project 'KanpanReview'
        ➜ Explicit dependency on target 'KanpanAccount' in project 'KanpanAccount'
    Target 'KanpanAccount' in project 'KanpanAccount'
        ➜ Explicit dependency on target 'KanpanAccount' in project 'KanpanAccount'
    Target 'KanpanAccount' in project 'KanpanAccount' (no dependencies)
    Target 'KanpanReview' in project 'KanpanReview'
        ➜ Explicit dependency on target 'ReviewDomain' in project 'KanpanReview'
        ➜ Explicit dependency on target 'ReviewData' in project 'KanpanReview'
        ➜ Explicit dependency on target 'ReviewUI' in project 'KanpanReview'
        ➜ Explicit dependency on target 'KanpanCore' in project 'KanpanCore'
    Target 'ReviewUI' in project 'KanpanReview'
        ➜ Explicit dependency on target 'ReviewDomain' in project 'KanpanReview'
        ➜ Explicit dependency on target 'ReviewData' in project 'KanpanReview'
        ➜ Explicit dependency on target 'KanpanCore' in project 'KanpanCore'
    Target 'ReviewData' in project 'KanpanReview'
        ➜ Explicit dependency on target 'ReviewDomain' in project 'KanpanReview'
        ➜ Explicit dependency on target 'KanpanCore' in project 'KanpanCore'
    Target 'ReviewDomain' in project 'KanpanReview'
        ➜ Explicit dependency on target 'KanpanCore' in project 'KanpanCore'
    Target 'KanpanData' in project 'KanpanData'
        ➜ Explicit dependency on target 'KanpanData' in project 'KanpanData'
        ➜ Explicit dependency on target 'KanpanCore' in project 'KanpanCore'
        ➜ Explicit dependency on target 'KanpanNetwork' in project 'KanpanNetwork'
    Target 'KanpanData' in project 'KanpanData'
        ➜ Explicit dependency on target 'KanpanCore' in project 'KanpanCore'
        ➜ Explicit dependency on target 'KanpanNetwork' in project 'KanpanNetwork'
    Target 'KanpanNetwork' in project 'KanpanNetwork'
        ➜ Explicit dependency on target 'KanpanNetwork' in project 'KanpanNetwork'
        ➜ Explicit dependency on target 'KanpanCore' in project 'KanpanCore'
    Target 'KanpanNetwork' in project 'KanpanNetwork'
        ➜ Explicit dependency on target 'KanpanCore' in project 'KanpanCore'
    Target 'KanpanChart' in project 'KanpanChart'
        ➜ Explicit dependency on target 'KanpanChart' in project 'KanpanChart'
        ➜ Explicit dependency on target 'KanpanCore' in project 'KanpanCore'
    Target 'KanpanChart' in project 'KanpanChart'
        ➜ Explicit dependency on target 'KanpanCore' in project 'KanpanCore'
    Target 'KanpanCore' in project 'KanpanCore'
        ➜ Explicit dependency on target 'KanpanCore' in project 'KanpanCore'
    Target 'KanpanCore' in project 'KanpanCore' (no dependencies)

GatherProvisioningInputs

CreateBuildDescription

ExecuteExternalTool /Applications/Xcode.app/Contents/Developer/Toolchains/XcodeDefault.xctoolchain/usr/bin/swiftc --version

ExecuteExternalTool /Applications/Xcode.app/Contents/Developer/Toolchains/XcodeDefault.xctoolchain/usr/bin/clang -v -E -dM -isysroot /Applications/Xcode.app/Contents/Developer/Platforms/iPhoneSimulator.platform/Developer/SDKs/iPhoneSimulator26.5.sdk -x c -c /dev/null

ExecuteExternalTool /Applications/Xcode.app/Contents/Developer/usr/bin/actool --print-asset-tag-combinations --output-format xml1 /Users/mdd/zhk/kanpan-coinbase/Kanpan/Kanpan/Assets.xcassets

ExecuteExternalTool /Applications/Xcode.app/Contents/Developer/Toolchains/XcodeDefault.xctoolchain/usr/bin/ld -version_details

ExecuteExternalTool /Applications/Xcode.app/Contents/Developer/usr/bin/actool --version --output-format xml1

Build description signature: ddebd2281225de706f1b6a77d1ddd08c
Build description path: /Users/mdd/zhk/kanpan-coinbase/DerivedData-multi/Build/Intermediates.noindex/XCBuildData/ddebd2281225de706f1b6a77d1ddd08c.xcbuilddata
ClangStatCache /Applications/Xcode.app/Contents/Developer/Toolchains/XcodeDefault.xctoolchain/usr/bin/clang-stat-cache /Applications/Xcode.app/Contents/Developer/Platforms/iPhoneSimulator.platform/Developer/SDKs/iPhoneSimulator26.5.sdk /Users/mdd/zhk/kanpan-coinbase/DerivedData-multi/SDKStatCaches.noindex/iphonesimulator26.5-23F81a-6cfe768891a92b912361537c460fe42b.sdkstatcache
    cd /Users/mdd/zhk/kanpan-coinbase
    /Applications/Xcode.app/Contents/Developer/Toolchains/XcodeDefault.xctoolchain/usr/bin/clang-stat-cache /Applications/Xcode.app/Contents/Developer/Platforms/iPhoneSimulator.platform/Developer/SDKs/iPhoneSimulator26.5.sdk -o /Users/mdd/zhk/kanpan-coinbase/DerivedData-multi/SDKStatCaches.noindex/iphonesimulator26.5-23F81a-6cfe768891a92b912361537c460fe42b.sdkstatcache

Ld /Users/mdd/zhk/kanpan-coinbase/DerivedData-multi/Build/Products/Debug-iphonesimulator/KanpanCore.o normal (in target 'KanpanCore' from project 'KanpanCore')
    cd /Users/mdd/zhk/kanpan-coinbase/KanpanCore
    /Applications/Xcode.app/Contents/Developer/Toolchains/XcodeDefault.xctoolchain/usr/bin/clang -Xlinker -reproducible -target arm64-apple-ios26.0-simulator -r -isysroot /Applications/Xcode.app/Contents/Developer/Platforms/iPhoneSimulator.platform/Developer/SDKs/iPhoneSimulator26.5.sdk -O0 -w -F/Users/mdd/zhk/kanpan-coinbase/DerivedData-multi/Build/Intermediates.noindex/EagerLinkingTBDs/Debug-iphonesimulator -F/Users/mdd/zhk/kanpan-coinbase/DerivedData-multi/Build/Products/Debug-iphonesimulator -iframework /Applications/Xcode.app/Contents/Developer/Platforms/iPhoneSimulator.platform/Developer/Library/Frameworks -iframework /Applications/Xcode.app/Contents/Developer/Platforms/iPhoneSimulator.platform/Developer/SDKs/iPhoneSimulator26.5.sdk/Developer/Library/Frameworks -filelist /Users/mdd/zhk/kanpan-coinbase/DerivedData-multi/Build/Intermediates.noindex/KanpanCore.build/Debug-iphonesimulator/KanpanCore.build/Objects-normal/arm64/KanpanCore.LinkFileList -nostdlib -Xlinker -object_path_lto -Xlinker /Users/mdd/zhk/kanpan-coinbase/DerivedData-multi/Build/Intermediates.noindex/KanpanCore.build/Debug-iphonesimulator/KanpanCore.build/Objects-normal/arm64/KanpanCore_lto.o -Xlinker -no_deduplicate -Xlinker -objc_abi_version -Xlinker 2 -Xlinker -dependency_info -Xlinker /Users/mdd/zhk/kanpan-coinbase/DerivedData-multi/Build/Intermediates.noindex/KanpanCore.build/Debug-iphonesimulator/KanpanCore.build/Objects-normal/arm64/KanpanCore_dependency_info.dat -fobjc-link-runtime -L/Applications/Xcode.app/Contents/Developer/Toolchains/XcodeDefault.xctoolchain/usr/lib/swift/iphonesimulator -L/usr/lib/swift -Xlinker -add_ast_path -Xlinker /Users/mdd/zhk/kanpan-coinbase/DerivedData-multi/Build/Intermediates.noindex/KanpanCore.build/Debug-iphonesimulator/KanpanCore.build/Objects-normal/arm64/KanpanCore.swiftmodule @/Users/mdd/zhk/kanpan-coinbase/DerivedData-multi/Build/Intermediates.noindex/KanpanCore.build/Debug-iphonesimulator/KanpanCore.build/Objects-normal/arm64/KanpanCore-linker-args.resp -o /Users/mdd/zhk/kanpan-coinbase/DerivedData-multi/Build/Products/Debug-iphonesimulator/KanpanCore.o

Ld /Users/mdd/zhk/kanpan-coinbase/DerivedData-multi/Build/Products/Debug-iphonesimulator/KanpanAccount.o normal (in target 'KanpanAccount' from project 'KanpanAccount')
    cd /Users/mdd/zhk/kanpan-coinbase/KanpanAccount
    /Applications/Xcode.app/Contents/Developer/Toolchains/XcodeDefault.xctoolchain/usr/bin/clang -Xlinker -reproducible -target arm64-apple-ios26.0-simulator -r -isysroot /Applications/Xcode.app/Contents/Developer/Platforms/iPhoneSimulator.platform/Developer/SDKs/iPhoneSimulator26.5.sdk -O0 -w -F/Users/mdd/zhk/kanpan-coinbase/DerivedData-multi/Build/Intermediates.noindex/EagerLinkingTBDs/Debug-iphonesimulator -F/Users/mdd/zhk/kanpan-coinbase/DerivedData-multi/Build/Products/Debug-iphonesimulator -iframework /Applications/Xcode.app/Contents/Developer/Platforms/iPhoneSimulator.platform/Developer/Library/Frameworks -iframework /Applications/Xcode.app/Contents/Developer/Platforms/iPhoneSimulator.platform/Developer/SDKs/iPhoneSimulator26.5.sdk/Developer/Library/Frameworks -filelist /Users/mdd/zhk/kanpan-coinbase/DerivedData-multi/Build/Intermediates.noindex/KanpanAccount.build/Debug-iphonesimulator/KanpanAccount.build/Objects-normal/arm64/KanpanAccount.LinkFileList -nostdlib -Xlinker -object_path_lto -Xlinker /Users/mdd/zhk/kanpan-coinbase/DerivedData-multi/Build/Intermediates.noindex/KanpanAccount.build/Debug-iphonesimulator/KanpanAccount.build/Objects-normal/arm64/KanpanAccount_lto.o -Xlinker -no_deduplicate -Xlinker -objc_abi_version -Xlinker 2 -Xlinker -dependency_info -Xlinker /Users/mdd/zhk/kanpan-coinbase/DerivedData-multi/Build/Intermediates.noindex/KanpanAccount.build/Debug-iphonesimulator/KanpanAccount.build/Objects-normal/arm64/KanpanAccount_dependency_info.dat -fobjc-link-runtime -L/Applications/Xcode.app/Contents/Developer/Toolchains/XcodeDefault.xctoolchain/usr/lib/swift/iphonesimulator -L/usr/lib/swift -Xlinker -add_ast_path -Xlinker /Users/mdd/zhk/kanpan-coinbase/DerivedData-multi/Build/Intermediates.noindex/KanpanAccount.build/Debug-iphonesimulator/KanpanAccount.build/Objects-normal/arm64/KanpanAccount.swiftmodule @/Users/mdd/zhk/kanpan-coinbase/DerivedData-multi/Build/Intermediates.noindex/KanpanAccount.build/Debug-iphonesimulator/KanpanAccount.build/Objects-normal/arm64/KanpanAccount-linker-args.resp -o /Users/mdd/zhk/kanpan-coinbase/DerivedData-multi/Build/Products/Debug-iphonesimulator/KanpanAccount.o

ExtractAppIntentsMetadata (in target 'KanpanCore' from project 'KanpanCore')
    cd /Users/mdd/zhk/kanpan-coinbase/KanpanCore
    /Applications/Xcode.app/Contents/Developer/Toolchains/XcodeDefault.xctoolchain/usr/bin/appintentsmetadataprocessor --toolchain-dir /Applications/Xcode.app/Contents/Developer/Toolchains/XcodeDefault.xctoolchain --module-name KanpanCore --sdk-root /Applications/Xcode.app/Contents/Developer/Platforms/iPhoneSimulator.platform/Developer/SDKs/iPhoneSimulator26.5.sdk --xcode-version 17F113 --platform-family iOS --deployment-target 26.0 --bundle-identifier kanpancore.KanpanCore --output /Users/mdd/zhk/kanpan-coinbase/DerivedData-multi/Build/Products/Debug-iphonesimulator/KanpanCore.appintents --target-triple arm64-apple-ios26.0-simulator --binary-file /Users/mdd/zhk/kanpan-coinbase/DerivedData-multi/Build/Products/Debug-iphonesimulator/KanpanCore.o --dependency-file /Users/mdd/zhk/kanpan-coinbase/DerivedData-multi/Build/Intermediates.noindex/KanpanCore.build/Debug-iphonesimulator/KanpanCore.build/Objects-normal/arm64/KanpanCore_dependency_info.dat --stringsdata-file /Users/mdd/zhk/kanpan-coinbase/DerivedData-multi/Build/Intermediates.noindex/KanpanCore.build/Debug-iphonesimulator/KanpanCore.build/Objects-normal/arm64/ExtractedAppShortcutsMetadata.stringsdata --source-file-list /Users/mdd/zhk/kanpan-coinbase/DerivedData-multi/Build/Intermediates.noindex/KanpanCore.build/Debug-iphonesimulator/KanpanCore.build/Objects-normal/arm64/KanpanCore.SwiftFileList --metadata-file-list /Users/mdd/zhk/kanpan-coinbase/DerivedData-multi/Build/Intermediates.noindex/KanpanCore.build/Debug-iphonesimulator/KanpanCore.build/KanpanCore.DependencyMetadataFileList --static-metadata-file-list /Users/mdd/zhk/kanpan-coinbase/DerivedData-multi/Build/Intermediates.noindex/KanpanCore.build/Debug-iphonesimulator/KanpanCore.build/KanpanCore.DependencyStaticMetadataFileList --swift-const-vals-list /Users/mdd/zhk/kanpan-coinbase/DerivedData-multi/Build/Intermediates.noindex/KanpanCore.build/Debug-iphonesimulator/KanpanCore.build/Objects-normal/arm64/KanpanCore.SwiftConstValuesFileList --force --compile-time-extraction --deployment-aware-processing --validate-assistant-intents --no-app-shortcuts-localization
2026-09-22 15:05:11.496 appintentsmetadataprocessor[77100:4105017] Starting appintentsmetadataprocessor export
2026-09-22 15:05:11.564 appintentsmetadataprocessor[77100:4105017] Extracted no relevant App Intents symbols, skipping writing output

RegisterExecutionPolicyException /Users/mdd/zhk/kanpan-coinbase/DerivedData-multi/Build/Products/Debug-iphonesimulator/KanpanCore.o (in target 'KanpanCore' from project 'KanpanCore')
    cd /Users/mdd/zhk/kanpan-coinbase/KanpanCore
    builtin-RegisterExecutionPolicyException /Users/mdd/zhk/kanpan-coinbase/DerivedData-multi/Build/Products/Debug-iphonesimulator/KanpanCore.o

Ld /Users/mdd/zhk/kanpan-coinbase/DerivedData-multi/Build/Products/Debug-iphonesimulator/ReviewDomain.o normal (in target 'ReviewDomain' from project 'KanpanReview')
    cd /Users/mdd/zhk/kanpan-coinbase/KanpanReview
    /Applications/Xcode.app/Contents/Developer/Toolchains/XcodeDefault.xctoolchain/usr/bin/clang -Xlinker -reproducible -target arm64-apple-ios26.0-simulator -r -isysroot /Applications/Xcode.app/Contents/Developer/Platforms/iPhoneSimulator.platform/Developer/SDKs/iPhoneSimulator26.5.sdk -O0 -w -F/Users/mdd/zhk/kanpan-coinbase/DerivedData-multi/Build/Intermediates.noindex/EagerLinkingTBDs/Debug-iphonesimulator -F/Users/mdd/zhk/kanpan-coinbase/DerivedData-multi/Build/Products/Debug-iphonesimulator/PackageFrameworks -F/Users/mdd/zhk/kanpan-coinbase/DerivedData-multi/Build/Products/Debug-iphonesimulator -iframework /Applications/Xcode.app/Contents/Developer/Platforms/iPhoneSimulator.platform/Developer/Library/Frameworks -iframework /Applications/Xcode.app/Contents/Developer/Platforms/iPhoneSimulator.platform/Developer/SDKs/iPhoneSimulator26.5.sdk/Developer/Library/Frameworks -filelist /Users/mdd/zhk/kanpan-coinbase/DerivedData-multi/Build/Intermediates.noindex/KanpanReview.build/Debug-iphonesimulator/ReviewDomain.build/Objects-normal/arm64/ReviewDomain.LinkFileList -nostdlib -Xlinker -object_path_lto -Xlinker /Users/mdd/zhk/kanpan-coinbase/DerivedData-multi/Build/Intermediates.noindex/KanpanReview.build/Debug-iphonesimulator/ReviewDomain.build/Objects-normal/arm64/ReviewDomain_lto.o -Xlinker -no_deduplicate -Xlinker -objc_abi_version -Xlinker 2 -Xlinker -dependency_info -Xlinker /Users/mdd/zhk/kanpan-coinbase/DerivedData-multi/Build/Intermediates.noindex/KanpanReview.build/Debug-iphonesimulator/ReviewDomain.build/Objects-normal/arm64/ReviewDomain_dependency_info.dat -fobjc-link-runtime -L/Applications/Xcode.app/Contents/Developer/Toolchains/XcodeDefault.xctoolchain/usr/lib/swift/iphonesimulator -L/usr/lib/swift -Xlinker -add_ast_path -Xlinker /Users/mdd/zhk/kanpan-coinbase/DerivedData-multi/Build/Intermediates.noindex/KanpanReview.build/Debug-iphonesimulator/ReviewDomain.build/Objects-normal/arm64/ReviewDomain.swiftmodule @/Users/mdd/zhk/kanpan-coinbase/DerivedData-multi/Build/Intermediates.noindex/KanpanReview.build/Debug-iphonesimulator/ReviewDomain.build/Objects-normal/arm64/ReviewDomain-linker-args.resp -o /Users/mdd/zhk/kanpan-coinbase/DerivedData-multi/Build/Products/Debug-iphonesimulator/ReviewDomain.o

Ld /Users/mdd/zhk/kanpan-coinbase/DerivedData-multi/Build/Products/Debug-iphonesimulator/KanpanNetwork.o normal (in target 'KanpanNetwork' from project 'KanpanNetwork')
    cd /Users/mdd/zhk/kanpan-coinbase/KanpanNetwork
    /Applications/Xcode.app/Contents/Developer/Toolchains/XcodeDefault.xctoolchain/usr/bin/clang -Xlinker -reproducible -target arm64-apple-ios26.0-simulator -r -isysroot /Applications/Xcode.app/Contents/Developer/Platforms/iPhoneSimulator.platform/Developer/SDKs/iPhoneSimulator26.5.sdk -O0 -w -F/Users/mdd/zhk/kanpan-coinbase/DerivedData-multi/Build/Intermediates.noindex/EagerLinkingTBDs/Debug-iphonesimulator -F/Users/mdd/zhk/kanpan-coinbase/DerivedData-multi/Build/Products/Debug-iphonesimulator/PackageFrameworks -F/Users/mdd/zhk/kanpan-coinbase/DerivedData-multi/Build/Products/Debug-iphonesimulator -iframework /Applications/Xcode.app/Contents/Developer/Platforms/iPhoneSimulator.platform/Developer/Library/Frameworks -iframework /Applications/Xcode.app/Contents/Developer/Platforms/iPhoneSimulator.platform/Developer/SDKs/iPhoneSimulator26.5.sdk/Developer/Library/Frameworks -filelist /Users/mdd/zhk/kanpan-coinbase/DerivedData-multi/Build/Intermediates.noindex/KanpanNetwork.build/Debug-iphonesimulator/KanpanNetwork.build/Objects-normal/arm64/KanpanNetwork.LinkFileList -nostdlib -Xlinker -object_path_lto -Xlinker /Users/mdd/zhk/kanpan-coinbase/DerivedData-multi/Build/Intermediates.noindex/KanpanNetwork.build/Debug-iphonesimulator/KanpanNetwork.build/Objects-normal/arm64/KanpanNetwork_lto.o -Xlinker -no_deduplicate -Xlinker -objc_abi_version -Xlinker 2 -Xlinker -dependency_info -Xlinker /Users/mdd/zhk/kanpan-coinbase/DerivedData-multi/Build/Intermediates.noindex/KanpanNetwork.build/Debug-iphonesimulator/KanpanNetwork.build/Objects-normal/arm64/KanpanNetwork_dependency_info.dat -fobjc-link-runtime -L/Applications/Xcode.app/Contents/Developer/Toolchains/XcodeDefault.xctoolchain/usr/lib/swift/iphonesimulator -L/usr/lib/swift -Xlinker -add_ast_path -Xlinker /Users/mdd/zhk/kanpan-coinbase/DerivedData-multi/Build/Intermediates.noindex/KanpanNetwork.build/Debug-iphonesimulator/KanpanNetwork.build/Objects-normal/arm64/KanpanNetwork.swiftmodule @/Users/mdd/zhk/kanpan-coinbase/DerivedData-multi/Build/Intermediates.noindex/KanpanNetwork.build/Debug-iphonesimulator/KanpanNetwork.build/Objects-normal/arm64/KanpanNetwork-linker-args.resp -o /Users/mdd/zhk/kanpan-coinbase/DerivedData-multi/Build/Products/Debug-iphonesimulator/KanpanNetwork.o

Ld /Users/mdd/zhk/kanpan-coinbase/DerivedData-multi/Build/Products/Debug-iphonesimulator/KanpanChart.o normal (in target 'KanpanChart' from project 'KanpanChart')
    cd /Users/mdd/zhk/kanpan-coinbase/KanpanChart
    /Applications/Xcode.app/Contents/Developer/Toolchains/XcodeDefault.xctoolchain/usr/bin/clang -Xlinker -reproducible -target arm64-apple-ios26.0-simulator -r -isysroot /Applications/Xcode.app/Contents/Developer/Platforms/iPhoneSimulator.platform/Developer/SDKs/iPhoneSimulator26.5.sdk -O0 -w -F/Users/mdd/zhk/kanpan-coinbase/DerivedData-multi/Build/Intermediates.noindex/EagerLinkingTBDs/Debug-iphonesimulator -F/Users/mdd/zhk/kanpan-coinbase/DerivedData-multi/Build/Products/Debug-iphonesimulator/PackageFrameworks -F/Users/mdd/zhk/kanpan-coinbase/DerivedData-multi/Build/Products/Debug-iphonesimulator -iframework /Applications/Xcode.app/Contents/Developer/Platforms/iPhoneSimulator.platform/Developer/Library/Frameworks -iframework /Applications/Xcode.app/Contents/Developer/Platforms/iPhoneSimulator.platform/Developer/SDKs/iPhoneSimulator26.5.sdk/Developer/Library/Frameworks -filelist /Users/mdd/zhk/kanpan-coinbase/DerivedData-multi/Build/Intermediates.noindex/KanpanChart.build/Debug-iphonesimulator/KanpanChart.build/Objects-normal/arm64/KanpanChart.LinkFileList -nostdlib -Xlinker -object_path_lto -Xlinker /Users/mdd/zhk/kanpan-coinbase/DerivedData-multi/Build/Intermediates.noindex/KanpanChart.build/Debug-iphonesimulator/KanpanChart.build/Objects-normal/arm64/KanpanChart_lto.o -Xlinker -no_deduplicate -Xlinker -objc_abi_version -Xlinker 2 -Xlinker -dependency_info -Xlinker /Users/mdd/zhk/kanpan-coinbase/DerivedData-multi/Build/Intermediates.noindex/KanpanChart.build/Debug-iphonesimulator/KanpanChart.build/Objects-normal/arm64/KanpanChart_dependency_info.dat -fobjc-link-runtime -L/Applications/Xcode.app/Contents/Developer/Toolchains/XcodeDefault.xctoolchain/usr/lib/swift/iphonesimulator -L/usr/lib/swift -Xlinker -add_ast_path -Xlinker /Users/mdd/zhk/kanpan-coinbase/DerivedData-multi/Build/Intermediates.noindex/KanpanChart.build/Debug-iphonesimulator/KanpanChart.build/Objects-normal/arm64/KanpanChart.swiftmodule @/Users/mdd/zhk/kanpan-coinbase/DerivedData-multi/Build/Intermediates.noindex/KanpanChart.build/Debug-iphonesimulator/KanpanChart.build/Objects-normal/arm64/KanpanChart-linker-args.resp -o /Users/mdd/zhk/kanpan-coinbase/DerivedData-multi/Build/Products/Debug-iphonesimulator/KanpanChart.o

ExtractAppIntentsMetadata (in target 'ReviewDomain' from project 'KanpanReview')
    cd /Users/mdd/zhk/kanpan-coinbase/KanpanReview
    /Applications/Xcode.app/Contents/Developer/Toolchains/XcodeDefault.xctoolchain/usr/bin/appintentsmetadataprocessor --toolchain-dir /Applications/Xcode.app/Contents/Developer/Toolchains/XcodeDefault.xctoolchain --module-name ReviewDomain --sdk-root /Applications/Xcode.app/Contents/Developer/Platforms/iPhoneSimulator.platform/Developer/SDKs/iPhoneSimulator26.5.sdk --xcode-version 17F113 --platform-family iOS --deployment-target 26.0 --bundle-identifier kanpanreview.ReviewDomain --output /Users/mdd/zhk/kanpan-coinbase/DerivedData-multi/Build/Products/Debug-iphonesimulator/ReviewDomain.appintents --target-triple arm64-apple-ios26.0-simulator --binary-file /Users/mdd/zhk/kanpan-coinbase/DerivedData-multi/Build/Products/Debug-iphonesimulator/ReviewDomain.o --dependency-file /Users/mdd/zhk/kanpan-coinbase/DerivedData-multi/Build/Intermediates.noindex/KanpanReview.build/Debug-iphonesimulator/ReviewDomain.build/Objects-normal/arm64/ReviewDomain_dependency_info.dat --stringsdata-file /Users/mdd/zhk/kanpan-coinbase/DerivedData-multi/Build/Intermediates.noindex/KanpanReview.build/Debug-iphonesimulator/ReviewDomain.build/Objects-normal/arm64/ExtractedAppShortcutsMetadata.stringsdata --source-file-list /Users/mdd/zhk/kanpan-coinbase/DerivedData-multi/Build/Intermediates.noindex/KanpanReview.build/Debug-iphonesimulator/ReviewDomain.build/Objects-normal/arm64/ReviewDomain.SwiftFileList --metadata-file-list /Users/mdd/zhk/kanpan-coinbase/DerivedData-multi/Build/Intermediates.noindex/KanpanReview.build/Debug-iphonesimulator/ReviewDomain.build/ReviewDomain.DependencyMetadataFileList --static-metadata-file-list /Users/mdd/zhk/kanpan-coinbase/DerivedData-multi/Build/Intermediates.noindex/KanpanReview.build/Debug-iphonesimulator/ReviewDomain.build/ReviewDomain.DependencyStaticMetadataFileList --swift-const-vals-list /Users/mdd/zhk/kanpan-coinbase/DerivedData-multi/Build/Intermediates.noindex/KanpanReview.build/Debug-iphonesimulator/ReviewDomain.build/Objects-normal/arm64/ReviewDomain.SwiftConstValuesFileList --force --compile-time-extraction --deployment-aware-processing --validate-assistant-intents --no-app-shortcuts-localization
2026-09-22 15:05:11.906 appintentsmetadataprocessor[77107:4105051] Starting appintentsmetadataprocessor export
2026-09-22 15:05:11.922 appintentsmetadataprocessor[77107:4105051] Extracted no relevant App Intents symbols, skipping writing output

ExtractAppIntentsMetadata (in target 'KanpanNetwork' from project 'KanpanNetwork')
    cd /Users/mdd/zhk/kanpan-coinbase/KanpanNetwork
    /Applications/Xcode.app/Contents/Developer/Toolchains/XcodeDefault.xctoolchain/usr/bin/appintentsmetadataprocessor --toolchain-dir /Applications/Xcode.app/Contents/Developer/Toolchains/XcodeDefault.xctoolchain --module-name KanpanNetwork --sdk-root /Applications/Xcode.app/Contents/Developer/Platforms/iPhoneSimulator.platform/Developer/SDKs/iPhoneSimulator26.5.sdk --xcode-version 17F113 --platform-family iOS --deployment-target 26.0 --bundle-identifier kanpannetwork.KanpanNetwork --output /Users/mdd/zhk/kanpan-coinbase/DerivedData-multi/Build/Products/Debug-iphonesimulator/KanpanNetwork.appintents --target-triple arm64-apple-ios26.0-simulator --binary-file /Users/mdd/zhk/kanpan-coinbase/DerivedData-multi/Build/Products/Debug-iphonesimulator/KanpanNetwork.o --dependency-file /Users/mdd/zhk/kanpan-coinbase/DerivedData-multi/Build/Intermediates.noindex/KanpanNetwork.build/Debug-iphonesimulator/KanpanNetwork.build/Objects-normal/arm64/KanpanNetwork_dependency_info.dat --stringsdata-file /Users/mdd/zhk/kanpan-coinbase/DerivedData-multi/Build/Intermediates.noindex/KanpanNetwork.build/Debug-iphonesimulator/KanpanNetwork.build/Objects-normal/arm64/ExtractedAppShortcutsMetadata.stringsdata --source-file-list /Users/mdd/zhk/kanpan-coinbase/DerivedData-multi/Build/Intermediates.noindex/KanpanNetwork.build/Debug-iphonesimulator/KanpanNetwork.build/Objects-normal/arm64/KanpanNetwork.SwiftFileList --metadata-file-list /Users/mdd/zhk/kanpan-coinbase/DerivedData-multi/Build/Intermediates.noindex/KanpanNetwork.build/Debug-iphonesimulator/KanpanNetwork.build/KanpanNetwork.DependencyMetadataFileList --static-metadata-file-list /Users/mdd/zhk/kanpan-coinbase/DerivedData-multi/Build/Intermediates.noindex/KanpanNetwork.build/Debug-iphonesimulator/KanpanNetwork.build/KanpanNetwork.DependencyStaticMetadataFileList --swift-const-vals-list /Users/mdd/zhk/kanpan-coinbase/DerivedData-multi/Build/Intermediates.noindex/KanpanNetwork.build/Debug-iphonesimulator/KanpanNetwork.build/Objects-normal/arm64/KanpanNetwork.SwiftConstValuesFileList --force --compile-time-extraction --deployment-aware-processing --validate-assistant-intents --no-app-shortcuts-localization
2026-09-22 15:05:11.952 appintentsmetadataprocessor[77108:4105055] Starting appintentsmetadataprocessor export
2026-09-22 15:05:11.974 appintentsmetadataprocessor[77108:4105055] Extracted no relevant App Intents symbols, skipping writing output

RegisterExecutionPolicyException /Users/mdd/zhk/kanpan-coinbase/DerivedData-multi/Build/Products/Debug-iphonesimulator/ReviewDomain.o (in target 'ReviewDomain' from project 'KanpanReview')
    cd /Users/mdd/zhk/kanpan-coinbase/KanpanReview
    builtin-RegisterExecutionPolicyException /Users/mdd/zhk/kanpan-coinbase/DerivedData-multi/Build/Products/Debug-iphonesimulator/ReviewDomain.o

RegisterExecutionPolicyException /Users/mdd/zhk/kanpan-coinbase/DerivedData-multi/Build/Products/Debug-iphonesimulator/KanpanNetwork.o (in target 'KanpanNetwork' from project 'KanpanNetwork')
    cd /Users/mdd/zhk/kanpan-coinbase/KanpanNetwork
    builtin-RegisterExecutionPolicyException /Users/mdd/zhk/kanpan-coinbase/DerivedData-multi/Build/Products/Debug-iphonesimulator/KanpanNetwork.o

Ld /Users/mdd/zhk/kanpan-coinbase/DerivedData-multi/Build/Products/Debug-iphonesimulator/ReviewData.o normal (in target 'ReviewData' from project 'KanpanReview')
    cd /Users/mdd/zhk/kanpan-coinbase/KanpanReview
    /Applications/Xcode.app/Contents/Developer/Toolchains/XcodeDefault.xctoolchain/usr/bin/clang -Xlinker -reproducible -target arm64-apple-ios26.0-simulator -r -isysroot /Applications/Xcode.app/Contents/Developer/Platforms/iPhoneSimulator.platform/Developer/SDKs/iPhoneSimulator26.5.sdk -O0 -w -F/Users/mdd/zhk/kanpan-coinbase/DerivedData-multi/Build/Intermediates.noindex/EagerLinkingTBDs/Debug-iphonesimulator -F/Users/mdd/zhk/kanpan-coinbase/DerivedData-multi/Build/Products/Debug-iphonesimulator/PackageFrameworks -F/Users/mdd/zhk/kanpan-coinbase/DerivedData-multi/Build/Products/Debug-iphonesimulator/PackageFrameworks -F/Users/mdd/zhk/kanpan-coinbase/DerivedData-multi/Build/Products/Debug-iphonesimulator -iframework /Applications/Xcode.app/Contents/Developer/Platforms/iPhoneSimulator.platform/Developer/Library/Frameworks -iframework /Applications/Xcode.app/Contents/Developer/Platforms/iPhoneSimulator.platform/Developer/SDKs/iPhoneSimulator26.5.sdk/Developer/Library/Frameworks -filelist /Users/mdd/zhk/kanpan-coinbase/DerivedData-multi/Build/Intermediates.noindex/KanpanReview.build/Debug-iphonesimulator/ReviewData.build/Objects-normal/arm64/ReviewData.LinkFileList -nostdlib -Xlinker -object_path_lto -Xlinker /Users/mdd/zhk/kanpan-coinbase/DerivedData-multi/Build/Intermediates.noindex/KanpanReview.build/Debug-iphonesimulator/ReviewData.build/Objects-normal/arm64/ReviewData_lto.o -Xlinker -no_deduplicate -Xlinker -objc_abi_version -Xlinker 2 -Xlinker -dependency_info -Xlinker /Users/mdd/zhk/kanpan-coinbase/DerivedData-multi/Build/Intermediates.noindex/KanpanReview.build/Debug-iphonesimulator/ReviewData.build/Objects-normal/arm64/ReviewData_dependency_info.dat -fobjc-link-runtime -L/Applications/Xcode.app/Contents/Developer/Toolchains/XcodeDefault.xctoolchain/usr/lib/swift/iphonesimulator -L/usr/lib/swift -Xlinker -add_ast_path -Xlinker /Users/mdd/zhk/kanpan-coinbase/DerivedData-multi/Build/Intermediates.noindex/KanpanReview.build/Debug-iphonesimulator/ReviewData.build/Objects-normal/arm64/ReviewData.swiftmodule @/Users/mdd/zhk/kanpan-coinbase/DerivedData-multi/Build/Intermediates.noindex/KanpanReview.build/Debug-iphonesimulator/ReviewData.build/Objects-normal/arm64/ReviewData-linker-args.resp -o /Users/mdd/zhk/kanpan-coinbase/DerivedData-multi/Build/Products/Debug-iphonesimulator/ReviewData.o

ExtractAppIntentsMetadata (in target 'KanpanChart' from project 'KanpanChart')
    cd /Users/mdd/zhk/kanpan-coinbase/KanpanChart
    /Applications/Xcode.app/Contents/Developer/Toolchains/XcodeDefault.xctoolchain/usr/bin/appintentsmetadataprocessor --toolchain-dir /Applications/Xcode.app/Contents/Developer/Toolchains/XcodeDefault.xctoolchain --module-name KanpanChart --sdk-root /Applications/Xcode.app/Contents/Developer/Platforms/iPhoneSimulator.platform/Developer/SDKs/iPhoneSimulator26.5.sdk --xcode-version 17F113 --platform-family iOS --deployment-target 26.0 --bundle-identifier kanpanchart.KanpanChart --output /Users/mdd/zhk/kanpan-coinbase/DerivedData-multi/Build/Products/Debug-iphonesimulator/KanpanChart.appintents --target-triple arm64-apple-ios26.0-simulator --binary-file /Users/mdd/zhk/kanpan-coinbase/DerivedData-multi/Build/Products/Debug-iphonesimulator/KanpanChart.o --dependency-file /Users/mdd/zhk/kanpan-coinbase/DerivedData-multi/Build/Intermediates.noindex/KanpanChart.build/Debug-iphonesimulator/KanpanChart.build/Objects-normal/arm64/KanpanChart_dependency_info.dat --stringsdata-file /Users/mdd/zhk/kanpan-coinbase/DerivedData-multi/Build/Intermediates.noindex/KanpanChart.build/Debug-iphonesimulator/KanpanChart.build/Objects-normal/arm64/ExtractedAppShortcutsMetadata.stringsdata --source-file-list /Users/mdd/zhk/kanpan-coinbase/DerivedData-multi/Build/Intermediates.noindex/KanpanChart.build/Debug-iphonesimulator/KanpanChart.build/Objects-normal/arm64/KanpanChart.SwiftFileList --metadata-file-list /Users/mdd/zhk/kanpan-coinbase/DerivedData-multi/Build/Intermediates.noindex/KanpanChart.build/Debug-iphonesimulator/KanpanChart.build/KanpanChart.DependencyMetadataFileList --static-metadata-file-list /Users/mdd/zhk/kanpan-coinbase/DerivedData-multi/Build/Intermediates.noindex/KanpanChart.build/Debug-iphonesimulator/KanpanChart.build/KanpanChart.DependencyStaticMetadataFileList --swift-const-vals-list /Users/mdd/zhk/kanpan-coinbase/DerivedData-multi/Build/Intermediates.noindex/KanpanChart.build/Debug-iphonesimulator/KanpanChart.build/Objects-normal/arm64/KanpanChart.SwiftConstValuesFileList --force --compile-time-extraction --deployment-aware-processing --validate-assistant-intents --no-app-shortcuts-localization
2026-09-22 15:05:12.119 appintentsmetadataprocessor[77111:4105067] Starting appintentsmetadataprocessor export
2026-09-22 15:05:12.142 appintentsmetadataprocessor[77111:4105067] Extracted no relevant App Intents symbols, skipping writing output

Ld /Users/mdd/zhk/kanpan-coinbase/DerivedData-multi/Build/Products/Debug-iphonesimulator/KanpanData.o normal (in target 'KanpanData' from project 'KanpanData')
    cd /Users/mdd/zhk/kanpan-coinbase/KanpanData
    /Applications/Xcode.app/Contents/Developer/Toolchains/XcodeDefault.xctoolchain/usr/bin/clang -Xlinker -reproducible -target arm64-apple-ios26.0-simulator -r -isysroot /Applications/Xcode.app/Contents/Developer/Platforms/iPhoneSimulator.platform/Developer/SDKs/iPhoneSimulator26.5.sdk -O0 -w -F/Users/mdd/zhk/kanpan-coinbase/DerivedData-multi/Build/Intermediates.noindex/EagerLinkingTBDs/Debug-iphonesimulator -F/Users/mdd/zhk/kanpan-coinbase/DerivedData-multi/Build/Products/Debug-iphonesimulator/PackageFrameworks -F/Users/mdd/zhk/kanpan-coinbase/DerivedData-multi/Build/Products/Debug-iphonesimulator/PackageFrameworks -F/Users/mdd/zhk/kanpan-coinbase/DerivedData-multi/Build/Products/Debug-iphonesimulator -iframework /Applications/Xcode.app/Contents/Developer/Platforms/iPhoneSimulator.platform/Developer/Library/Frameworks -iframework /Applications/Xcode.app/Contents/Developer/Platforms/iPhoneSimulator.platform/Developer/SDKs/iPhoneSimulator26.5.sdk/Developer/Library/Frameworks -filelist /Users/mdd/zhk/kanpan-coinbase/DerivedData-multi/Build/Intermediates.noindex/KanpanData.build/Debug-iphonesimulator/KanpanData.build/Objects-normal/arm64/KanpanData.LinkFileList -nostdlib -Xlinker -object_path_lto -Xlinker /Users/mdd/zhk/kanpan-coinbase/DerivedData-multi/Build/Intermediates.noindex/KanpanData.build/Debug-iphonesimulator/KanpanData.build/Objects-normal/arm64/KanpanData_lto.o -Xlinker -no_deduplicate -Xlinker -objc_abi_version -Xlinker 2 -Xlinker -dependency_info -Xlinker /Users/mdd/zhk/kanpan-coinbase/DerivedData-multi/Build/Intermediates.noindex/KanpanData.build/Debug-iphonesimulator/KanpanData.build/Objects-normal/arm64/KanpanData_dependency_info.dat -fobjc-link-runtime -L/Applications/Xcode.app/Contents/Developer/Toolchains/XcodeDefault.xctoolchain/usr/lib/swift/iphonesimulator -L/usr/lib/swift -Xlinker -add_ast_path -Xlinker /Users/mdd/zhk/kanpan-coinbase/DerivedData-multi/Build/Intermediates.noindex/KanpanData.build/Debug-iphonesimulator/KanpanData.build/Objects-normal/arm64/KanpanData.swiftmodule @/Users/mdd/zhk/kanpan-coinbase/DerivedData-multi/Build/Intermediates.noindex/KanpanData.build/Debug-iphonesimulator/KanpanData.build/Objects-normal/arm64/KanpanData-linker-args.resp -o /Users/mdd/zhk/kanpan-coinbase/DerivedData-multi/Build/Products/Debug-iphonesimulator/KanpanData.o

RegisterExecutionPolicyException /Users/mdd/zhk/kanpan-coinbase/DerivedData-multi/Build/Products/Debug-iphonesimulator/KanpanChart.o (in target 'KanpanChart' from project 'KanpanChart')
    cd /Users/mdd/zhk/kanpan-coinbase/KanpanChart
    builtin-RegisterExecutionPolicyException /Users/mdd/zhk/kanpan-coinbase/DerivedData-multi/Build/Products/Debug-iphonesimulator/KanpanChart.o

ExtractAppIntentsMetadata (in target 'ReviewData' from project 'KanpanReview')
    cd /Users/mdd/zhk/kanpan-coinbase/KanpanReview
    /Applications/Xcode.app/Contents/Developer/Toolchains/XcodeDefault.xctoolchain/usr/bin/appintentsmetadataprocessor --toolchain-dir /Applications/Xcode.app/Contents/Developer/Toolchains/XcodeDefault.xctoolchain --module-name ReviewData --sdk-root /Applications/Xcode.app/Contents/Developer/Platforms/iPhoneSimulator.platform/Developer/SDKs/iPhoneSimulator26.5.sdk --xcode-version 17F113 --platform-family iOS --deployment-target 26.0 --bundle-identifier kanpanreview.ReviewData --output /Users/mdd/zhk/kanpan-coinbase/DerivedData-multi/Build/Products/Debug-iphonesimulator/ReviewData.appintents --target-triple arm64-apple-ios26.0-simulator --binary-file /Users/mdd/zhk/kanpan-coinbase/DerivedData-multi/Build/Products/Debug-iphonesimulator/ReviewData.o --dependency-file /Users/mdd/zhk/kanpan-coinbase/DerivedData-multi/Build/Intermediates.noindex/KanpanReview.build/Debug-iphonesimulator/ReviewData.build/Objects-normal/arm64/ReviewData_dependency_info.dat --stringsdata-file /Users/mdd/zhk/kanpan-coinbase/DerivedData-multi/Build/Intermediates.noindex/KanpanReview.build/Debug-iphonesimulator/ReviewData.build/Objects-normal/arm64/ExtractedAppShortcutsMetadata.stringsdata --source-file-list /Users/mdd/zhk/kanpan-coinbase/DerivedData-multi/Build/Intermediates.noindex/KanpanReview.build/Debug-iphonesimulator/ReviewData.build/Objects-normal/arm64/ReviewData.SwiftFileList --metadata-file-list /Users/mdd/zhk/kanpan-coinbase/DerivedData-multi/Build/Intermediates.noindex/KanpanReview.build/Debug-iphonesimulator/ReviewData.build/ReviewData.DependencyMetadataFileList --static-metadata-file-list /Users/mdd/zhk/kanpan-coinbase/DerivedData-multi/Build/Intermediates.noindex/KanpanReview.build/Debug-iphonesimulator/ReviewData.build/ReviewData.DependencyStaticMetadataFileList --swift-const-vals-list /Users/mdd/zhk/kanpan-coinbase/DerivedData-multi/Build/Intermediates.noindex/KanpanReview.build/Debug-iphonesimulator/ReviewData.build/Objects-normal/arm64/ReviewData.SwiftConstValuesFileList --force --compile-time-extraction --deployment-aware-processing --validate-assistant-intents --no-app-shortcuts-localization
2026-09-22 15:05:12.269 appintentsmetadataprocessor[77114:4105079] Starting appintentsmetadataprocessor export
2026-09-22 15:05:12.289 appintentsmetadataprocessor[77114:4105079] Extracted no relevant App Intents symbols, skipping writing output

RegisterExecutionPolicyException /Users/mdd/zhk/kanpan-coinbase/DerivedData-multi/Build/Products/Debug-iphonesimulator/ReviewData.o (in target 'ReviewData' from project 'KanpanReview')
    cd /Users/mdd/zhk/kanpan-coinbase/KanpanReview
    builtin-RegisterExecutionPolicyException /Users/mdd/zhk/kanpan-coinbase/DerivedData-multi/Build/Products/Debug-iphonesimulator/ReviewData.o

ExtractAppIntentsMetadata (in target 'KanpanData' from project 'KanpanData')
    cd /Users/mdd/zhk/kanpan-coinbase/KanpanData
    /Applications/Xcode.app/Contents/Developer/Toolchains/XcodeDefault.xctoolchain/usr/bin/appintentsmetadataprocessor --toolchain-dir /Applications/Xcode.app/Contents/Developer/Toolchains/XcodeDefault.xctoolchain --module-name KanpanData --sdk-root /Applications/Xcode.app/Contents/Developer/Platforms/iPhoneSimulator.platform/Developer/SDKs/iPhoneSimulator26.5.sdk --xcode-version 17F113 --platform-family iOS --deployment-target 26.0 --bundle-identifier kanpandata.KanpanData --output /Users/mdd/zhk/kanpan-coinbase/DerivedData-multi/Build/Products/Debug-iphonesimulator/KanpanData.appintents --target-triple arm64-apple-ios26.0-simulator --binary-file /Users/mdd/zhk/kanpan-coinbase/DerivedData-multi/Build/Products/Debug-iphonesimulator/KanpanData.o --dependency-file /Users/mdd/zhk/kanpan-coinbase/DerivedData-multi/Build/Intermediates.noindex/KanpanData.build/Debug-iphonesimulator/KanpanData.build/Objects-normal/arm64/KanpanData_dependency_info.dat --stringsdata-file /Users/mdd/zhk/kanpan-coinbase/DerivedData-multi/Build/Intermediates.noindex/KanpanData.build/Debug-iphonesimulator/KanpanData.build/Objects-normal/arm64/ExtractedAppShortcutsMetadata.stringsdata --source-file-list /Users/mdd/zhk/kanpan-coinbase/DerivedData-multi/Build/Intermediates.noindex/KanpanData.build/Debug-iphonesimulator/KanpanData.build/Objects-normal/arm64/KanpanData.SwiftFileList --metadata-file-list /Users/mdd/zhk/kanpan-coinbase/DerivedData-multi/Build/Intermediates.noindex/KanpanData.build/Debug-iphonesimulator/KanpanData.build/KanpanData.DependencyMetadataFileList --static-metadata-file-list /Users/mdd/zhk/kanpan-coinbase/DerivedData-multi/Build/Intermediates.noindex/KanpanData.build/Debug-iphonesimulator/KanpanData.build/KanpanData.DependencyStaticMetadataFileList --swift-const-vals-list /Users/mdd/zhk/kanpan-coinbase/DerivedData-multi/Build/Intermediates.noindex/KanpanData.build/Debug-iphonesimulator/KanpanData.build/Objects-normal/arm64/KanpanData.SwiftConstValuesFileList --force --compile-time-extraction --deployment-aware-processing --validate-assistant-intents --no-app-shortcuts-localization
2026-09-22 15:05:12.331 appintentsmetadataprocessor[77115:4105082] Starting appintentsmetadataprocessor export
2026-09-22 15:05:12.360 appintentsmetadataprocessor[77115:4105082] Extracted no relevant App Intents symbols, skipping writing output

Ld /Users/mdd/zhk/kanpan-coinbase/DerivedData-multi/Build/Products/Debug-iphonesimulator/ReviewUI.o normal (in target 'ReviewUI' from project 'KanpanReview')
    cd /Users/mdd/zhk/kanpan-coinbase/KanpanReview
    /Applications/Xcode.app/Contents/Developer/Toolchains/XcodeDefault.xctoolchain/usr/bin/clang -Xlinker -reproducible -target arm64-apple-ios26.0-simulator -r -isysroot /Applications/Xcode.app/Contents/Developer/Platforms/iPhoneSimulator.platform/Developer/SDKs/iPhoneSimulator26.5.sdk -O0 -w -F/Users/mdd/zhk/kanpan-coinbase/DerivedData-multi/Build/Intermediates.noindex/EagerLinkingTBDs/Debug-iphonesimulator -F/Users/mdd/zhk/kanpan-coinbase/DerivedData-multi/Build/Products/Debug-iphonesimulator/PackageFrameworks -F/Users/mdd/zhk/kanpan-coinbase/DerivedData-multi/Build/Products/Debug-iphonesimulator/PackageFrameworks -F/Users/mdd/zhk/kanpan-coinbase/DerivedData-multi/Build/Products/Debug-iphonesimulator/PackageFrameworks -F/Users/mdd/zhk/kanpan-coinbase/DerivedData-multi/Build/Products/Debug-iphonesimulator -iframework /Applications/Xcode.app/Contents/Developer/Platforms/iPhoneSimulator.platform/Developer/Library/Frameworks -iframework /Applications/Xcode.app/Contents/Developer/Platforms/iPhoneSimulator.platform/Developer/SDKs/iPhoneSimulator26.5.sdk/Developer/Library/Frameworks -filelist /Users/mdd/zhk/kanpan-coinbase/DerivedData-multi/Build/Intermediates.noindex/KanpanReview.build/Debug-iphonesimulator/ReviewUI.build/Objects-normal/arm64/ReviewUI.LinkFileList -nostdlib -Xlinker -object_path_lto -Xlinker /Users/mdd/zhk/kanpan-coinbase/DerivedData-multi/Build/Intermediates.noindex/KanpanReview.build/Debug-iphonesimulator/ReviewUI.build/Objects-normal/arm64/ReviewUI_lto.o -Xlinker -no_deduplicate -Xlinker -objc_abi_version -Xlinker 2 -Xlinker -dependency_info -Xlinker /Users/mdd/zhk/kanpan-coinbase/DerivedData-multi/Build/Intermediates.noindex/KanpanReview.build/Debug-iphonesimulator/ReviewUI.build/Objects-normal/arm64/ReviewUI_dependency_info.dat -fobjc-link-runtime -L/Applications/Xcode.app/Contents/Developer/Toolchains/XcodeDefault.xctoolchain/usr/lib/swift/iphonesimulator -L/usr/lib/swift -Xlinker -add_ast_path -Xlinker /Users/mdd/zhk/kanpan-coinbase/DerivedData-multi/Build/Intermediates.noindex/KanpanReview.build/Debug-iphonesimulator/ReviewUI.build/Objects-normal/arm64/ReviewUI.swiftmodule @/Users/mdd/zhk/kanpan-coinbase/DerivedData-multi/Build/Intermediates.noindex/KanpanReview.build/Debug-iphonesimulator/ReviewUI.build/Objects-normal/arm64/ReviewUI-linker-args.resp -o /Users/mdd/zhk/kanpan-coinbase/DerivedData-multi/Build/Products/Debug-iphonesimulator/ReviewUI.o

RegisterExecutionPolicyException /Users/mdd/zhk/kanpan-coinbase/DerivedData-multi/Build/Products/Debug-iphonesimulator/KanpanData.o (in target 'KanpanData' from project 'KanpanData')
    cd /Users/mdd/zhk/kanpan-coinbase/KanpanData
    builtin-RegisterExecutionPolicyException /Users/mdd/zhk/kanpan-coinbase/DerivedData-multi/Build/Products/Debug-iphonesimulator/KanpanData.o

ExtractAppIntentsMetadata (in target 'ReviewUI' from project 'KanpanReview')
    cd /Users/mdd/zhk/kanpan-coinbase/KanpanReview
    /Applications/Xcode.app/Contents/Developer/Toolchains/XcodeDefault.xctoolchain/usr/bin/appintentsmetadataprocessor --toolchain-dir /Applications/Xcode.app/Contents/Developer/Toolchains/XcodeDefault.xctoolchain --module-name ReviewUI --sdk-root /Applications/Xcode.app/Contents/Developer/Platforms/iPhoneSimulator.platform/Developer/SDKs/iPhoneSimulator26.5.sdk --xcode-version 17F113 --platform-family iOS --deployment-target 26.0 --bundle-identifier kanpanreview.ReviewUI --output /Users/mdd/zhk/kanpan-coinbase/DerivedData-multi/Build/Products/Debug-iphonesimulator/ReviewUI.appintents --target-triple arm64-apple-ios26.0-simulator --binary-file /Users/mdd/zhk/kanpan-coinbase/DerivedData-multi/Build/Products/Debug-iphonesimulator/ReviewUI.o --dependency-file /Users/mdd/zhk/kanpan-coinbase/DerivedData-multi/Build/Intermediates.noindex/KanpanReview.build/Debug-iphonesimulator/ReviewUI.build/Objects-normal/arm64/ReviewUI_dependency_info.dat --stringsdata-file /Users/mdd/zhk/kanpan-coinbase/DerivedData-multi/Build/Intermediates.noindex/KanpanReview.build/Debug-iphonesimulator/ReviewUI.build/Objects-normal/arm64/ExtractedAppShortcutsMetadata.stringsdata --source-file-list /Users/mdd/zhk/kanpan-coinbase/DerivedData-multi/Build/Intermediates.noindex/KanpanReview.build/Debug-iphonesimulator/ReviewUI.build/Objects-normal/arm64/ReviewUI.SwiftFileList --metadata-file-list /Users/mdd/zhk/kanpan-coinbase/DerivedData-multi/Build/Intermediates.noindex/KanpanReview.build/Debug-iphonesimulator/ReviewUI.build/ReviewUI.DependencyMetadataFileList --static-metadata-file-list /Users/mdd/zhk/kanpan-coinbase/DerivedData-multi/Build/Intermediates.noindex/KanpanReview.build/Debug-iphonesimulator/ReviewUI.build/ReviewUI.DependencyStaticMetadataFileList --swift-const-vals-list /Users/mdd/zhk/kanpan-coinbase/DerivedData-multi/Build/Intermediates.noindex/KanpanReview.build/Debug-iphonesimulator/ReviewUI.build/Objects-normal/arm64/ReviewUI.SwiftConstValuesFileList --force --compile-time-extraction --deployment-aware-processing --validate-assistant-intents --no-app-shortcuts-localization
2026-09-22 15:05:12.505 appintentsmetadataprocessor[77120:4105098] Starting appintentsmetadataprocessor export
2026-09-22 15:05:12.521 appintentsmetadataprocessor[77120:4105098] Extracted no relevant App Intents symbols, skipping writing output

RegisterExecutionPolicyException /Users/mdd/zhk/kanpan-coinbase/DerivedData-multi/Build/Products/Debug-iphonesimulator/ReviewUI.o (in target 'ReviewUI' from project 'KanpanReview')
    cd /Users/mdd/zhk/kanpan-coinbase/KanpanReview
    builtin-RegisterExecutionPolicyException /Users/mdd/zhk/kanpan-coinbase/DerivedData-multi/Build/Products/Debug-iphonesimulator/ReviewUI.o

ExtractAppIntentsMetadata (in target 'KanpanAccount' from project 'KanpanAccount')
    cd /Users/mdd/zhk/kanpan-coinbase/KanpanAccount
    /Applications/Xcode.app/Contents/Developer/Toolchains/XcodeDefault.xctoolchain/usr/bin/appintentsmetadataprocessor --toolchain-dir /Applications/Xcode.app/Contents/Developer/Toolchains/XcodeDefault.xctoolchain --module-name KanpanAccount --sdk-root /Applications/Xcode.app/Contents/Developer/Platforms/iPhoneSimulator.platform/Developer/SDKs/iPhoneSimulator26.5.sdk --xcode-version 17F113 --platform-family iOS --deployment-target 26.0 --bundle-identifier kanpanaccount.KanpanAccount --output /Users/mdd/zhk/kanpan-coinbase/DerivedData-multi/Build/Products/Debug-iphonesimulator/KanpanAccount.appintents --target-triple arm64-apple-ios26.0-simulator --binary-file /Users/mdd/zhk/kanpan-coinbase/DerivedData-multi/Build/Products/Debug-iphonesimulator/KanpanAccount.o --dependency-file /Users/mdd/zhk/kanpan-coinbase/DerivedData-multi/Build/Intermediates.noindex/KanpanAccount.build/Debug-iphonesimulator/KanpanAccount.build/Objects-normal/arm64/KanpanAccount_dependency_info.dat --stringsdata-file /Users/mdd/zhk/kanpan-coinbase/DerivedData-multi/Build/Intermediates.noindex/KanpanAccount.build/Debug-iphonesimulator/KanpanAccount.build/Objects-normal/arm64/ExtractedAppShortcutsMetadata.stringsdata --source-file-list /Users/mdd/zhk/kanpan-coinbase/DerivedData-multi/Build/Intermediates.noindex/KanpanAccount.build/Debug-iphonesimulator/KanpanAccount.build/Objects-normal/arm64/KanpanAccount.SwiftFileList --metadata-file-list /Users/mdd/zhk/kanpan-coinbase/DerivedData-multi/Build/Intermediates.noindex/KanpanAccount.build/Debug-iphonesimulator/KanpanAccount.build/KanpanAccount.DependencyMetadataFileList --static-metadata-file-list /Users/mdd/zhk/kanpan-coinbase/DerivedData-multi/Build/Intermediates.noindex/KanpanAccount.build/Debug-iphonesimulator/KanpanAccount.build/KanpanAccount.DependencyStaticMetadataFileList --swift-const-vals-list /Users/mdd/zhk/kanpan-coinbase/DerivedData-multi/Build/Intermediates.noindex/KanpanAccount.build/Debug-iphonesimulator/KanpanAccount.build/Objects-normal/arm64/KanpanAccount.SwiftConstValuesFileList --force --compile-time-extraction --deployment-aware-processing --validate-assistant-intents --no-app-shortcuts-localization
2026-09-22 15:05:12.562 appintentsmetadataprocessor[77121:4105103] Starting appintentsmetadataprocessor export
2026-09-22 15:05:12.582 appintentsmetadataprocessor[77121:4105103] Extracted no relevant App Intents symbols, skipping writing output

RegisterExecutionPolicyException /Users/mdd/zhk/kanpan-coinbase/DerivedData-multi/Build/Products/Debug-iphonesimulator/KanpanAccount.o (in target 'KanpanAccount' from project 'KanpanAccount')
    cd /Users/mdd/zhk/kanpan-coinbase/KanpanAccount
    builtin-RegisterExecutionPolicyException /Users/mdd/zhk/kanpan-coinbase/DerivedData-multi/Build/Products/Debug-iphonesimulator/KanpanAccount.o

Ld /Users/mdd/zhk/kanpan-coinbase/DerivedData-multi/Build/Products/Debug-iphonesimulator/Kanpan.app/Kanpan.debug.dylib normal (in target 'Kanpan' from project 'Kanpan')
    cd /Users/mdd/zhk/kanpan-coinbase/Kanpan
    /Applications/Xcode.app/Contents/Developer/Toolchains/XcodeDefault.xctoolchain/usr/bin/clang -Xlinker -reproducible -target arm64-apple-ios26.0-simulator -dynamiclib -isysroot /Applications/Xcode.app/Contents/Developer/Platforms/iPhoneSimulator.platform/Developer/SDKs/iPhoneSimulator26.5.sdk -O0 -L/Users/mdd/zhk/kanpan-coinbase/DerivedData-multi/Build/Intermediates.noindex/EagerLinkingTBDs/Debug-iphonesimulator -L/Users/mdd/zhk/kanpan-coinbase/DerivedData-multi/Build/Products/Debug-iphonesimulator -F/Users/mdd/zhk/kanpan-coinbase/DerivedData-multi/Build/Intermediates.noindex/EagerLinkingTBDs/Debug-iphonesimulator -F/Users/mdd/zhk/kanpan-coinbase/DerivedData-multi/Build/Products/Debug-iphonesimulator/PackageFrameworks -F/Users/mdd/zhk/kanpan-coinbase/DerivedData-multi/Build/Products/Debug-iphonesimulator/PackageFrameworks -F/Users/mdd/zhk/kanpan-coinbase/DerivedData-multi/Build/Products/Debug-iphonesimulator/PackageFrameworks -F/Users/mdd/zhk/kanpan-coinbase/DerivedData-multi/Build/Products/Debug-iphonesimulator/PackageFrameworks -F/Users/mdd/zhk/kanpan-coinbase/DerivedData-multi/Build/Products/Debug-iphonesimulator/PackageFrameworks -F/Users/mdd/zhk/kanpan-coinbase/DerivedData-multi/Build/Products/Debug-iphonesimulator/PackageFrameworks -F/Users/mdd/zhk/kanpan-coinbase/DerivedData-multi/Build/Products/Debug-iphonesimulator/PackageFrameworks -F/Users/mdd/zhk/kanpan-coinbase/DerivedData-multi/Build/Products/Debug-iphonesimulator/PackageFrameworks -F/Users/mdd/zhk/kanpan-coinbase/DerivedData-multi/Build/Products/Debug-iphonesimulator -filelist /Users/mdd/zhk/kanpan-coinbase/DerivedData-multi/Build/Intermediates.noindex/Kanpan.build/Debug-iphonesimulator/Kanpan.build/Objects-normal/arm64/Kanpan.LinkFileList -install_name @rpath/Kanpan.debug.dylib -Xlinker -rpath -Xlinker /Users/mdd/zhk/kanpan-coinbase/DerivedData-multi/Build/Products/Debug-iphonesimulator/PackageFrameworks -Xlinker -rpath -Xlinker @executable_path/Frameworks -Xlinker -dead_strip -Xlinker -object_path_lto -Xlinker /Users/mdd/zhk/kanpan-coinbase/DerivedData-multi/Build/Intermediates.noindex/Kanpan.build/Debug-iphonesimulator/Kanpan.build/Objects-normal/arm64/Kanpan_lto.o -rdynamic -Xlinker -no_deduplicate -Xlinker -objc_abi_version -Xlinker 2 -Xlinker -dependency_info -Xlinker /Users/mdd/zhk/kanpan-coinbase/DerivedData-multi/Build/Intermediates.noindex/Kanpan.build/Debug-iphonesimulator/Kanpan.build/Objects-normal/arm64/Kanpan_dependency_info.dat -fobjc-link-runtime -L/Applications/Xcode.app/Contents/Developer/Toolchains/XcodeDefault.xctoolchain/usr/lib/swift/iphonesimulator -L/usr/lib/swift -Xlinker -add_ast_path -Xlinker /Users/mdd/zhk/kanpan-coinbase/DerivedData-multi/Build/Intermediates.noindex/Kanpan.build/Debug-iphonesimulator/Kanpan.build/Objects-normal/arm64/Kanpan.swiftmodule @/Users/mdd/zhk/kanpan-coinbase/DerivedData-multi/Build/Intermediates.noindex/Kanpan.build/Debug-iphonesimulator/Kanpan.build/Objects-normal/arm64/Kanpan-linker-args.resp -Wl,-no_warn_duplicate_libraries -Wl,-no_warn_duplicate_libraries -Wl,-no_warn_duplicate_libraries -Wl,-no_warn_duplicate_libraries -Wl,-no_warn_duplicate_libraries -Wl,-no_warn_duplicate_libraries -Wl,-no_warn_duplicate_libraries -Wl,-no_warn_duplicate_libraries -Xlinker -alias -Xlinker _main -Xlinker ___debug_main_executable_dylib_entry_point -Xlinker -no_adhoc_codesign -o /Users/mdd/zhk/kanpan-coinbase/DerivedData-multi/Build/Products/Debug-iphonesimulator/Kanpan.app/Kanpan.debug.dylib -Xlinker -add_ast_path -Xlinker /Users/mdd/zhk/kanpan-coinbase/DerivedData-multi/Build/Intermediates.noindex/KanpanCore.build/Debug-iphonesimulator/KanpanCore.build/Objects-normal/arm64/KanpanCore.swiftmodule @/Users/mdd/zhk/kanpan-coinbase/DerivedData-multi/Build/Intermediates.noindex/KanpanCore.build/Debug-iphonesimulator/KanpanCore.build/Objects-normal/arm64/KanpanCore-linker-args.resp -Xlinker -add_ast_path -Xlinker /Users/mdd/zhk/kanpan-coinbase/DerivedData-multi/Build/Intermediates.noindex/KanpanChart.build/Debug-iphonesimulator/KanpanChart.build/Objects-normal/arm64/KanpanChart.swiftmodule @/Users/mdd/zhk/kanpan-coinbase/DerivedData-multi/Build/Intermediates.noindex/KanpanChart.build/Debug-iphonesimulator/KanpanChart.build/Objects-normal/arm64/KanpanChart-linker-args.resp -Xlinker -add_ast_path -Xlinker /Users/mdd/zhk/kanpan-coinbase/DerivedData-multi/Build/Intermediates.noindex/KanpanData.build/Debug-iphonesimulator/KanpanData.build/Objects-normal/arm64/KanpanData.swiftmodule @/Users/mdd/zhk/kanpan-coinbase/DerivedData-multi/Build/Intermediates.noindex/KanpanData.build/Debug-iphonesimulator/KanpanData.build/Objects-normal/arm64/KanpanData-linker-args.resp -Xlinker -add_ast_path -Xlinker /Users/mdd/zhk/kanpan-coinbase/DerivedData-multi/Build/Intermediates.noindex/KanpanNetwork.build/Debug-iphonesimulator/KanpanNetwork.build/Objects-normal/arm64/KanpanNetwork.swiftmodule @/Users/mdd/zhk/kanpan-coinbase/DerivedData-multi/Build/Intermediates.noindex/KanpanNetwork.build/Debug-iphonesimulator/KanpanNetwork.build/Objects-normal/arm64/KanpanNetwork-linker-args.resp -Xlinker -add_ast_path -Xlinker /Users/mdd/zhk/kanpan-coinbase/DerivedData-multi/Build/Intermediates.noindex/KanpanReview.build/Debug-iphonesimulator/ReviewDomain.build/Objects-normal/arm64/ReviewDomain.swiftmodule @/Users/mdd/zhk/kanpan-coinbase/DerivedData-multi/Build/Intermediates.noindex/KanpanReview.build/Debug-iphonesimulator/ReviewDomain.build/Objects-normal/arm64/ReviewDomain-linker-args.resp -Xlinker -add_ast_path -Xlinker /Users/mdd/zhk/kanpan-coinbase/DerivedData-multi/Build/Intermediates.noindex/KanpanReview.build/Debug-iphonesimulator/ReviewData.build/Objects-normal/arm64/ReviewData.swiftmodule @/Users/mdd/zhk/kanpan-coinbase/DerivedData-multi/Build/Intermediates.noindex/KanpanReview.build/Debug-iphonesimulator/ReviewData.build/Objects-normal/arm64/ReviewData-linker-args.resp -Xlinker -add_ast_path -Xlinker /Users/mdd/zhk/kanpan-coinbase/DerivedData-multi/Build/Intermediates.noindex/KanpanReview.build/Debug-iphonesimulator/ReviewUI.build/Objects-normal/arm64/ReviewUI.swiftmodule @/Users/mdd/zhk/kanpan-coinbase/DerivedData-multi/Build/Intermediates.noindex/KanpanReview.build/Debug-iphonesimulator/ReviewUI.build/Objects-normal/arm64/ReviewUI-linker-args.resp -Xlinker -add_ast_path -Xlinker /Users/mdd/zhk/kanpan-coinbase/DerivedData-multi/Build/Intermediates.noindex/KanpanAccount.build/Debug-iphonesimulator/KanpanAccount.build/Objects-normal/arm64/KanpanAccount.swiftmodule @/Users/mdd/zhk/kanpan-coinbase/DerivedData-multi/Build/Intermediates.noindex/KanpanAccount.build/Debug-iphonesimulator/KanpanAccount.build/Objects-normal/arm64/KanpanAccount-linker-args.resp

ConstructStubExecutorLinkFileList /Users/mdd/zhk/kanpan-coinbase/DerivedData-multi/Build/Intermediates.noindex/Kanpan.build/Debug-iphonesimulator/Kanpan.build/Kanpan-ExecutorLinkFileList-normal-arm64.txt (in target 'Kanpan' from project 'Kanpan')
    cd /Users/mdd/zhk/kanpan-coinbase/Kanpan
    construct-stub-executor-link-file-list /Users/mdd/zhk/kanpan-coinbase/DerivedData-multi/Build/Products/Debug-iphonesimulator/Kanpan.app/Kanpan.debug.dylib /Applications/Xcode.app/Contents/Developer/Platforms/iPhoneSimulator.platform/Developer/usr/lib/libPreviewsJITStubExecutor_no_swift_entry_point.a /Applications/Xcode.app/Contents/Developer/Platforms/iPhoneSimulator.platform/Developer/usr/lib/libPreviewsJITStubExecutor.a --output /Users/mdd/zhk/kanpan-coinbase/DerivedData-multi/Build/Intermediates.noindex/Kanpan.build/Debug-iphonesimulator/Kanpan.build/Kanpan-ExecutorLinkFileList-normal-arm64.txt
note: Using stub executor library with Swift entry point. (in target 'Kanpan' from project 'Kanpan')

Ld /Users/mdd/zhk/kanpan-coinbase/DerivedData-multi/Build/Products/Debug-iphonesimulator/Kanpan.app/Kanpan normal (in target 'Kanpan' from project 'Kanpan')
    cd /Users/mdd/zhk/kanpan-coinbase/Kanpan
    /Applications/Xcode.app/Contents/Developer/Toolchains/XcodeDefault.xctoolchain/usr/bin/clang -Xlinker -reproducible -target arm64-apple-ios26.0-simulator -isysroot /Applications/Xcode.app/Contents/Developer/Platforms/iPhoneSimulator.platform/Developer/SDKs/iPhoneSimulator26.5.sdk -O0 -L/Users/mdd/zhk/kanpan-coinbase/DerivedData-multi/Build/Products/Debug-iphonesimulator -F/Users/mdd/zhk/kanpan-coinbase/DerivedData-multi/Build/Products/Debug-iphonesimulator/PackageFrameworks -F/Users/mdd/zhk/kanpan-coinbase/DerivedData-multi/Build/Products/Debug-iphonesimulator/PackageFrameworks -F/Users/mdd/zhk/kanpan-coinbase/DerivedData-multi/Build/Products/Debug-iphonesimulator/PackageFrameworks -F/Users/mdd/zhk/kanpan-coinbase/DerivedData-multi/Build/Products/Debug-iphonesimulator/PackageFrameworks -F/Users/mdd/zhk/kanpan-coinbase/DerivedData-multi/Build/Products/Debug-iphonesimulator/PackageFrameworks -F/Users/mdd/zhk/kanpan-coinbase/DerivedData-multi/Build/Products/Debug-iphonesimulator/PackageFrameworks -F/Users/mdd/zhk/kanpan-coinbase/DerivedData-multi/Build/Products/Debug-iphonesimulator/PackageFrameworks -F/Users/mdd/zhk/kanpan-coinbase/DerivedData-multi/Build/Products/Debug-iphonesimulator/PackageFrameworks -F/Users/mdd/zhk/kanpan-coinbase/DerivedData-multi/Build/Products/Debug-iphonesimulator -Xlinker -rpath -Xlinker @executable_path -Xlinker -rpath -Xlinker /Users/mdd/zhk/kanpan-coinbase/DerivedData-multi/Build/Products/Debug-iphonesimulator/PackageFrameworks -Xlinker -rpath -Xlinker @executable_path/Frameworks -rdynamic -Xlinker -no_deduplicate -Xlinker -objc_abi_version -Xlinker 2 -e ___debug_blank_executor_main -Xlinker -sectcreate -Xlinker __TEXT -Xlinker __debug_dylib -Xlinker /Users/mdd/zhk/kanpan-coinbase/DerivedData-multi/Build/Intermediates.noindex/Kanpan.build/Debug-iphonesimulator/Kanpan.build/Kanpan-DebugDylibPath-normal-arm64.txt -Xlinker -sectcreate -Xlinker __TEXT -Xlinker __debug_instlnm -Xlinker /Users/mdd/zhk/kanpan-coinbase/DerivedData-multi/Build/Intermediates.noindex/Kanpan.build/Debug-iphonesimulator/Kanpan.build/Kanpan-DebugDylibInstallName-normal-arm64.txt -Xlinker -filelist -Xlinker /Users/mdd/zhk/kanpan-coinbase/DerivedData-multi/Build/Intermediates.noindex/Kanpan.build/Debug-iphonesimulator/Kanpan.build/Kanpan-ExecutorLinkFileList-normal-arm64.txt -Xlinker -sectcreate -Xlinker __TEXT -Xlinker __entitlements -Xlinker /Users/mdd/zhk/kanpan-coinbase/DerivedData-multi/Build/Intermediates.noindex/Kanpan.build/Debug-iphonesimulator/Kanpan.build/Kanpan.app-Simulated.xcent -Xlinker -sectcreate -Xlinker __TEXT -Xlinker __ents_der -Xlinker /Users/mdd/zhk/kanpan-coinbase/DerivedData-multi/Build/Intermediates.noindex/Kanpan.build/Debug-iphonesimulator/Kanpan.build/Kanpan.app-Simulated.xcent.der /Users/mdd/zhk/kanpan-coinbase/DerivedData-multi/Build/Products/Debug-iphonesimulator/Kanpan.app/Kanpan.debug.dylib -Xlinker -no_adhoc_codesign -o /Users/mdd/zhk/kanpan-coinbase/DerivedData-multi/Build/Products/Debug-iphonesimulator/Kanpan.app/Kanpan

Ld /Users/mdd/zhk/kanpan-coinbase/DerivedData-multi/Build/Products/Debug-iphonesimulator/Kanpan.app/__preview.dylib normal (in target 'Kanpan' from project 'Kanpan')
    cd /Users/mdd/zhk/kanpan-coinbase/Kanpan
    /Applications/Xcode.app/Contents/Developer/Toolchains/XcodeDefault.xctoolchain/usr/bin/clang -Xlinker -reproducible -target arm64-apple-ios26.0-simulator -dynamiclib -isysroot /Applications/Xcode.app/Contents/Developer/Platforms/iPhoneSimulator.platform/Developer/SDKs/iPhoneSimulator26.5.sdk -O0 -L/Users/mdd/zhk/kanpan-coinbase/DerivedData-multi/Build/Products/Debug-iphonesimulator -F/Users/mdd/zhk/kanpan-coinbase/DerivedData-multi/Build/Products/Debug-iphonesimulator/PackageFrameworks -F/Users/mdd/zhk/kanpan-coinbase/DerivedData-multi/Build/Products/Debug-iphonesimulator/PackageFrameworks -F/Users/mdd/zhk/kanpan-coinbase/DerivedData-multi/Build/Products/Debug-iphonesimulator/PackageFrameworks -F/Users/mdd/zhk/kanpan-coinbase/DerivedData-multi/Build/Products/Debug-iphonesimulator/PackageFrameworks -F/Users/mdd/zhk/kanpan-coinbase/DerivedData-multi/Build/Products/Debug-iphonesimulator/PackageFrameworks -F/Users/mdd/zhk/kanpan-coinbase/DerivedData-multi/Build/Products/Debug-iphonesimulator/PackageFrameworks -F/Users/mdd/zhk/kanpan-coinbase/DerivedData-multi/Build/Products/Debug-iphonesimulator/PackageFrameworks -F/Users/mdd/zhk/kanpan-coinbase/DerivedData-multi/Build/Products/Debug-iphonesimulator/PackageFrameworks -F/Users/mdd/zhk/kanpan-coinbase/DerivedData-multi/Build/Products/Debug-iphonesimulator -install_name @rpath/Kanpan.debug.dylib -Xlinker -dead_strip -rdynamic -Xlinker -no_deduplicate -Xlinker -objc_abi_version -Xlinker 2 -Xlinker -dependency_info -Xlinker /Users/mdd/zhk/kanpan-coinbase/DerivedData-multi/Build/Intermediates.noindex/Kanpan.build/Debug-iphonesimulator/Kanpan.build/Objects-normal/arm64/Kanpan_dependency_info.dat -Xlinker -sectcreate -Xlinker __TEXT -Xlinker __entitlements -Xlinker /Users/mdd/zhk/kanpan-coinbase/DerivedData-multi/Build/Intermediates.noindex/Kanpan.build/Debug-iphonesimulator/Kanpan.build/Kanpan.app-Simulated.xcent -Xlinker -sectcreate -Xlinker __TEXT -Xlinker __ents_der -Xlinker /Users/mdd/zhk/kanpan-coinbase/DerivedData-multi/Build/Intermediates.noindex/Kanpan.build/Debug-iphonesimulator/Kanpan.build/Kanpan.app-Simulated.xcent.der -Xlinker -no_adhoc_codesign -o /Users/mdd/zhk/kanpan-coinbase/DerivedData-multi/Build/Products/Debug-iphonesimulator/Kanpan.app/__preview.dylib

ExtractAppIntentsMetadata (in target 'Kanpan' from project 'Kanpan')
    cd /Users/mdd/zhk/kanpan-coinbase/Kanpan
    /Applications/Xcode.app/Contents/Developer/Toolchains/XcodeDefault.xctoolchain/usr/bin/appintentsmetadataprocessor --toolchain-dir /Applications/Xcode.app/Contents/Developer/Toolchains/XcodeDefault.xctoolchain --module-name Kanpan --sdk-root /Applications/Xcode.app/Contents/Developer/Platforms/iPhoneSimulator.platform/Developer/SDKs/iPhoneSimulator26.5.sdk --xcode-version 17F113 --platform-family iOS --deployment-target 26.0 --bundle-identifier com.mdd.kanpan --output /Users/mdd/zhk/kanpan-coinbase/DerivedData-multi/Build/Products/Debug-iphonesimulator/Kanpan.app --target-triple arm64-apple-ios26.0-simulator --binary-file /Users/mdd/zhk/kanpan-coinbase/DerivedData-multi/Build/Products/Debug-iphonesimulator/Kanpan.app/Kanpan --dependency-file /Users/mdd/zhk/kanpan-coinbase/DerivedData-multi/Build/Intermediates.noindex/Kanpan.build/Debug-iphonesimulator/Kanpan.build/Objects-normal/arm64/Kanpan_dependency_info.dat --stringsdata-file /Users/mdd/zhk/kanpan-coinbase/DerivedData-multi/Build/Intermediates.noindex/Kanpan.build/Debug-iphonesimulator/Kanpan.build/Objects-normal/arm64/ExtractedAppShortcutsMetadata.stringsdata --source-file-list /Users/mdd/zhk/kanpan-coinbase/DerivedData-multi/Build/Intermediates.noindex/Kanpan.build/Debug-iphonesimulator/Kanpan.build/Objects-normal/arm64/Kanpan.SwiftFileList --metadata-file-list /Users/mdd/zhk/kanpan-coinbase/DerivedData-multi/Build/Intermediates.noindex/Kanpan.build/Debug-iphonesimulator/Kanpan.build/Kanpan.DependencyMetadataFileList --static-metadata-file-list /Users/mdd/zhk/kanpan-coinbase/DerivedData-multi/Build/Intermediates.noindex/Kanpan.build/Debug-iphonesimulator/Kanpan.build/Kanpan.DependencyStaticMetadataFileList --swift-const-vals-list /Users/mdd/zhk/kanpan-coinbase/DerivedData-multi/Build/Intermediates.noindex/Kanpan.build/Debug-iphonesimulator/Kanpan.build/Objects-normal/arm64/Kanpan.SwiftConstValuesFileList --compile-time-extraction --deployment-aware-processing --validate-assistant-intents --no-app-shortcuts-localization
2026-09-22 15:05:13.945 appintentsmetadataprocessor[77133:4105167] Starting appintentsmetadataprocessor export
2026-09-22 15:05:13.947 appintentsmetadataprocessor[77133:4105167] warning: Metadata extraction skipped. No AppIntents.framework dependency found.

CopySwiftLibs /Users/mdd/zhk/kanpan-coinbase/DerivedData-multi/Build/Products/Debug-iphonesimulator/Kanpan.app (in target 'Kanpan' from project 'Kanpan')
    cd /Users/mdd/zhk/kanpan-coinbase/Kanpan
    builtin-swiftStdLibTool --copy --verbose --sign - --scan-executable /Users/mdd/zhk/kanpan-coinbase/DerivedData-multi/Build/Products/Debug-iphonesimulator/Kanpan.app/Kanpan.debug.dylib --scan-folder /Users/mdd/zhk/kanpan-coinbase/DerivedData-multi/Build/Products/Debug-iphonesimulator/Kanpan.app/Frameworks --scan-folder /Users/mdd/zhk/kanpan-coinbase/DerivedData-multi/Build/Products/Debug-iphonesimulator/Kanpan.app/PlugIns --scan-folder /Users/mdd/zhk/kanpan-coinbase/DerivedData-multi/Build/Products/Debug-iphonesimulator/Kanpan.app/SystemExtensions --scan-folder /Users/mdd/zhk/kanpan-coinbase/DerivedData-multi/Build/Products/Debug-iphonesimulator/Kanpan.app/Extensions --platform iphonesimulator --toolchain /Applications/Xcode.app/Contents/Developer/Toolchains/XcodeDefault.xctoolchain --destination /Users/mdd/zhk/kanpan-coinbase/DerivedData-multi/Build/Products/Debug-iphonesimulator/Kanpan.app/Frameworks --strip-bitcode --strip-bitcode-tool /Applications/Xcode.app/Contents/Developer/Toolchains/XcodeDefault.xctoolchain/usr/bin/bitcode_strip --emit-dependency-info /Users/mdd/zhk/kanpan-coinbase/DerivedData-multi/Build/Intermediates.noindex/Kanpan.build/Debug-iphonesimulator/Kanpan.build/SwiftStdLibToolInputDependencies.dep --filter-for-swift-os

ProcessInfoPlistFile /Users/mdd/zhk/kanpan-coinbase/DerivedData-multi/Build/Products/Debug-iphonesimulator/Kanpan.app/Info.plist /Users/mdd/zhk/kanpan-coinbase/Kanpan/Config/Info.plist (in target 'Kanpan' from project 'Kanpan')
    cd /Users/mdd/zhk/kanpan-coinbase/Kanpan
    builtin-infoPlistUtility /Users/mdd/zhk/kanpan-coinbase/Kanpan/Config/Info.plist -producttype com.apple.product-type.application -genpkginfo /Users/mdd/zhk/kanpan-coinbase/DerivedData-multi/Build/Products/Debug-iphonesimulator/Kanpan.app/PkgInfo -expandbuildsettings -format binary -platform iphonesimulator -additionalcontentfile /Users/mdd/zhk/kanpan-coinbase/DerivedData-multi/Build/Intermediates.noindex/Kanpan.build/Debug-iphonesimulator/Kanpan.build/assetcatalog_generated_info.plist -o /Users/mdd/zhk/kanpan-coinbase/DerivedData-multi/Build/Products/Debug-iphonesimulator/Kanpan.app/Info.plist

SwiftDriver KanpanUITests normal arm64 com.apple.xcode.tools.swift.compiler (in target 'KanpanUITests' from project 'Kanpan')
    cd /Users/mdd/zhk/kanpan-coinbase/Kanpan
    builtin-SwiftDriver -- /Applications/Xcode.app/Contents/Developer/Toolchains/XcodeDefault.xctoolchain/usr/bin/swiftc -module-name KanpanUITests -Onone @/Users/mdd/zhk/kanpan-coinbase/DerivedData-multi/Build/Intermediates.noindex/Kanpan.build/Debug-iphonesimulator/KanpanUITests.build/Objects-normal/arm64/KanpanUITests.SwiftFileList -DDEBUG -module-alias Testing\=_Testing_Unavailable -plugin-path /Applications/Xcode.app/Contents/Developer/Toolchains/XcodeDefault.xctoolchain/usr/lib/swift/host/plugins/testing -enable-experimental-feature DebugDescriptionMacro -sdk /Applications/Xcode.app/Contents/Developer/Platforms/iPhoneSimulator.platform/Developer/SDKs/iPhoneSimulator26.5.sdk -target arm64-apple-ios26.0-simulator -g -module-cache-path /Users/mdd/zhk/kanpan-coinbase/DerivedData-multi/ModuleCache.noindex -Xfrontend -serialize-debugging-options -enable-testing -index-store-path /Users/mdd/zhk/kanpan-coinbase/DerivedData-multi/Index.noindex/DataStore -Xcc -D_LIBCPP_HARDENING_MODE\=_LIBCPP_HARDENING_MODE_DEBUG -swift-version 6 -I /Users/mdd/zhk/kanpan-coinbase/DerivedData-multi/Build/Products/Debug-iphonesimulator -Isystem /Applications/Xcode.app/Contents/Developer/Platforms/iPhoneSimulator.platform/Developer/usr/lib -F /Users/mdd/zhk/kanpan-coinbase/DerivedData-multi/Build/Products/Debug-iphonesimulator -F /Applications/Xcode.app/Contents/Developer/Platforms/iPhoneSimulator.platform/Developer/Library/Frameworks -F /Applications/Xcode.app/Contents/Developer/Platforms/iPhoneSimulator.platform/Developer/SDKs/iPhoneSimulator26.5.sdk/Developer/Library/Frameworks -c -j10 -disable-batch-mode -incremental -Xcc -ivfsstatcache -Xcc /Users/mdd/zhk/kanpan-coinbase/DerivedData-multi/SDKStatCaches.noindex/iphonesimulator26.5-23F81a-6cfe768891a92b912361537c460fe42b.sdkstatcache -output-file-map /Users/mdd/zhk/kanpan-coinbase/DerivedData-multi/Build/Intermediates.noindex/Kanpan.build/Debug-iphonesimulator/KanpanUITests.build/Objects-normal/arm64/KanpanUITests-OutputFileMap.json -use-frontend-parseable-output -save-temps -no-color-diagnostics -explicit-module-build -module-cache-path /Users/mdd/zhk/kanpan-coinbase/DerivedData-multi/Build/Intermediates.noindex/SwiftExplicitPrecompiledModules -clang-scanner-module-cache-path /Users/mdd/zhk/kanpan-coinbase/DerivedData-multi/ModuleCache.noindex -sdk-module-cache-path /Users/mdd/zhk/kanpan-coinbase/DerivedData-multi/ModuleCache.noindex -serialize-diagnostics -emit-dependencies -emit-module -emit-module-path /Users/mdd/zhk/kanpan-coinbase/DerivedData-multi/Build/Intermediates.noindex/Kanpan.build/Debug-iphonesimulator/KanpanUITests.build/Objects-normal/arm64/KanpanUITests.swiftmodule -validate-clang-modules-once -clang-build-session-file /Users/mdd/zhk/kanpan-coinbase/DerivedData-multi/ModuleCache.noindex/Session.modulevalidation -Xcc -I/Users/mdd/zhk/kanpan-coinbase/DerivedData-multi/Build/Intermediates.noindex/Kanpan.build/Debug-iphonesimulator/KanpanUITests.build/swift-overrides.hmap -emit-const-values -Xfrontend -const-gather-protocols-file -Xfrontend /Users/mdd/zhk/kanpan-coinbase/DerivedData-multi/Build/Intermediates.noindex/Kanpan.build/Debug-iphonesimulator/KanpanUITests.build/Objects-normal/arm64/KanpanUITests_const_extract_protocols.json -Xcc -iquote -Xcc /Users/mdd/zhk/kanpan-coinbase/DerivedData-multi/Build/Intermediates.noindex/Kanpan.build/Debug-iphonesimulator/KanpanUITests.build/KanpanUITests-generated-files.hmap -Xcc -I/Users/mdd/zhk/kanpan-coinbase/DerivedData-multi/Build/Intermediates.noindex/Kanpan.build/Debug-iphonesimulator/KanpanUITests.build/KanpanUITests-own-target-headers.hmap -Xcc -I/Users/mdd/zhk/kanpan-coinbase/DerivedData-multi/Build/Intermediates.noindex/Kanpan.build/Debug-iphonesimulator/KanpanUITests.build/KanpanUITests-all-non-framework-target-headers.hmap -Xcc -ivfsoverlay -Xcc /Users/mdd/zhk/kanpan-coinbase/DerivedData-multi/Build/Intermediates.noindex/Kanpan.build/Debug-iphonesimulator/Kanpan-88f8e4f6458ff7f878983357411ed85c-VFS-iphonesimulator/all-product-headers.yaml -Xcc -iquote -Xcc /Users/mdd/zhk/kanpan-coinbase/DerivedData-multi/Build/Intermediates.noindex/Kanpan.build/Debug-iphonesimulator/KanpanUITests.build/KanpanUITests-project-headers.hmap -Xcc -I/Users/mdd/zhk/kanpan-coinbase/DerivedData-multi/Build/Products/Debug-iphonesimulator/include -Xcc -I/Users/mdd/zhk/kanpan-coinbase/DerivedData-multi/Build/Intermediates.noindex/Kanpan.build/Debug-iphonesimulator/KanpanUITests.build/DerivedSources-normal/arm64 -Xcc -I/Users/mdd/zhk/kanpan-coinbase/DerivedData-multi/Build/Intermediates.noindex/Kanpan.build/Debug-iphonesimulator/KanpanUITests.build/DerivedSources/arm64 -Xcc -I/Users/mdd/zhk/kanpan-coinbase/DerivedData-multi/Build/Intermediates.noindex/Kanpan.build/Debug-iphonesimulator/KanpanUITests.build/DerivedSources -emit-objc-header -emit-objc-header-path /Users/mdd/zhk/kanpan-coinbase/DerivedData-multi/Build/Intermediates.noindex/Kanpan.build/Debug-iphonesimulator/KanpanUITests.build/Objects-normal/arm64/KanpanUITests-Swift.h -working-directory /Users/mdd/zhk/kanpan-coinbase/Kanpan -experimental-emit-module-separately -disable-cmo

CodeSign /Users/mdd/zhk/kanpan-coinbase/DerivedData-multi/Build/Products/Debug-iphonesimulator/Kanpan.app/Kanpan.debug.dylib (in target 'Kanpan' from project 'Kanpan')
    cd /Users/mdd/zhk/kanpan-coinbase/Kanpan
    
    Signing Identity:     "Sign to Run Locally"
    
    /usr/bin/codesign --force --sign - --timestamp\=none --generate-entitlement-der /Users/mdd/zhk/kanpan-coinbase/DerivedData-multi/Build/Products/Debug-iphonesimulator/Kanpan.app/Kanpan.debug.dylib

SwiftEmitModule normal arm64 Emitting\ module\ for\ KanpanUITests (in target 'KanpanUITests' from project 'Kanpan')

EmitSwiftModule normal arm64 (in target 'KanpanUITests' from project 'Kanpan')
    cd /Users/mdd/zhk/kanpan-coinbase/Kanpan
    

SwiftCompile normal arm64 Compiling\ MainScreenUITests.swift /Users/mdd/zhk/kanpan-coinbase/Kanpan/KanpanUITests/MainScreenUITests.swift (in target 'KanpanUITests' from project 'Kanpan')

SwiftCompile normal arm64 /Users/mdd/zhk/kanpan-coinbase/Kanpan/KanpanUITests/MainScreenUITests.swift (in target 'KanpanUITests' from project 'Kanpan')
    cd /Users/mdd/zhk/kanpan-coinbase/Kanpan
    

SwiftDriverJobDiscovery normal arm64 Emitting module for KanpanUITests (in target 'KanpanUITests' from project 'Kanpan')

SwiftDriverJobDiscovery normal arm64 Compiling MainScreenUITests.swift (in target 'KanpanUITests' from project 'Kanpan')

SwiftDriver\ Compilation\ Requirements KanpanUITests normal arm64 com.apple.xcode.tools.swift.compiler (in target 'KanpanUITests' from project 'Kanpan')
    cd /Users/mdd/zhk/kanpan-coinbase/Kanpan
    builtin-Swift-Compilation-Requirements -- /Applications/Xcode.app/Contents/Developer/Toolchains/XcodeDefault.xctoolchain/usr/bin/swiftc -module-name KanpanUITests -Onone @/Users/mdd/zhk/kanpan-coinbase/DerivedData-multi/Build/Intermediates.noindex/Kanpan.build/Debug-iphonesimulator/KanpanUITests.build/Objects-normal/arm64/KanpanUITests.SwiftFileList -DDEBUG -module-alias Testing\=_Testing_Unavailable -plugin-path /Applications/Xcode.app/Contents/Developer/Toolchains/XcodeDefault.xctoolchain/usr/lib/swift/host/plugins/testing -enable-experimental-feature DebugDescriptionMacro -sdk /Applications/Xcode.app/Contents/Developer/Platforms/iPhoneSimulator.platform/Developer/SDKs/iPhoneSimulator26.5.sdk -target arm64-apple-ios26.0-simulator -g -module-cache-path /Users/mdd/zhk/kanpan-coinbase/DerivedData-multi/ModuleCache.noindex -Xfrontend -serialize-debugging-options -enable-testing -index-store-path /Users/mdd/zhk/kanpan-coinbase/DerivedData-multi/Index.noindex/DataStore -Xcc -D_LIBCPP_HARDENING_MODE\=_LIBCPP_HARDENING_MODE_DEBUG -swift-version 6 -I /Users/mdd/zhk/kanpan-coinbase/DerivedData-multi/Build/Products/Debug-iphonesimulator -Isystem /Applications/Xcode.app/Contents/Developer/Platforms/iPhoneSimulator.platform/Developer/usr/lib -F /Users/mdd/zhk/kanpan-coinbase/DerivedData-multi/Build/Products/Debug-iphonesimulator -F /Applications/Xcode.app/Contents/Developer/Platforms/iPhoneSimulator.platform/Developer/Library/Frameworks -F /Applications/Xcode.app/Contents/Developer/Platforms/iPhoneSimulator.platform/Developer/SDKs/iPhoneSimulator26.5.sdk/Developer/Library/Frameworks -c -j10 -disable-batch-mode -incremental -Xcc -ivfsstatcache -Xcc /Users/mdd/zhk/kanpan-coinbase/DerivedData-multi/SDKStatCaches.noindex/iphonesimulator26.5-23F81a-6cfe768891a92b912361537c460fe42b.sdkstatcache -output-file-map /Users/mdd/zhk/kanpan-coinbase/DerivedData-multi/Build/Intermediates.noindex/Kanpan.build/Debug-iphonesimulator/KanpanUITests.build/Objects-normal/arm64/KanpanUITests-OutputFileMap.json -use-frontend-parseable-output -save-temps -no-color-diagnostics -explicit-module-build -module-cache-path /Users/mdd/zhk/kanpan-coinbase/DerivedData-multi/Build/Intermediates.noindex/SwiftExplicitPrecompiledModules -clang-scanner-module-cache-path /Users/mdd/zhk/kanpan-coinbase/DerivedData-multi/ModuleCache.noindex -sdk-module-cache-path /Users/mdd/zhk/kanpan-coinbase/DerivedData-multi/ModuleCache.noindex -serialize-diagnostics -emit-dependencies -emit-module -emit-module-path /Users/mdd/zhk/kanpan-coinbase/DerivedData-multi/Build/Intermediates.noindex/Kanpan.build/Debug-iphonesimulator/KanpanUITests.build/Objects-normal/arm64/KanpanUITests.swiftmodule -validate-clang-modules-once -clang-build-session-file /Users/mdd/zhk/kanpan-coinbase/DerivedData-multi/ModuleCache.noindex/Session.modulevalidation -Xcc -I/Users/mdd/zhk/kanpan-coinbase/DerivedData-multi/Build/Intermediates.noindex/Kanpan.build/Debug-iphonesimulator/KanpanUITests.build/swift-overrides.hmap -emit-const-values -Xfrontend -const-gather-protocols-file -Xfrontend /Users/mdd/zhk/kanpan-coinbase/DerivedData-multi/Build/Intermediates.noindex/Kanpan.build/Debug-iphonesimulator/KanpanUITests.build/Objects-normal/arm64/KanpanUITests_const_extract_protocols.json -Xcc -iquote -Xcc /Users/mdd/zhk/kanpan-coinbase/DerivedData-multi/Build/Intermediates.noindex/Kanpan.build/Debug-iphonesimulator/KanpanUITests.build/KanpanUITests-generated-files.hmap -Xcc -I/Users/mdd/zhk/kanpan-coinbase/DerivedData-multi/Build/Intermediates.noindex/Kanpan.build/Debug-iphonesimulator/KanpanUITests.build/KanpanUITests-own-target-headers.hmap -Xcc -I/Users/mdd/zhk/kanpan-coinbase/DerivedData-multi/Build/Intermediates.noindex/Kanpan.build/Debug-iphonesimulator/KanpanUITests.build/KanpanUITests-all-non-framework-target-headers.hmap -Xcc -ivfsoverlay -Xcc /Users/mdd/zhk/kanpan-coinbase/DerivedData-multi/Build/Intermediates.noindex/Kanpan.build/Debug-iphonesimulator/Kanpan-88f8e4f6458ff7f878983357411ed85c-VFS-iphonesimulator/all-product-headers.yaml -Xcc -iquote -Xcc /Users/mdd/zhk/kanpan-coinbase/DerivedData-multi/Build/Intermediates.noindex/Kanpan.build/Debug-iphonesimulator/KanpanUITests.build/KanpanUITests-project-headers.hmap -Xcc -I/Users/mdd/zhk/kanpan-coinbase/DerivedData-multi/Build/Products/Debug-iphonesimulator/include -Xcc -I/Users/mdd/zhk/kanpan-coinbase/DerivedData-multi/Build/Intermediates.noindex/Kanpan.build/Debug-iphonesimulator/KanpanUITests.build/DerivedSources-normal/arm64 -Xcc -I/Users/mdd/zhk/kanpan-coinbase/DerivedData-multi/Build/Intermediates.noindex/Kanpan.build/Debug-iphonesimulator/KanpanUITests.build/DerivedSources/arm64 -Xcc -I/Users/mdd/zhk/kanpan-coinbase/DerivedData-multi/Build/Intermediates.noindex/Kanpan.build/Debug-iphonesimulator/KanpanUITests.build/DerivedSources -emit-objc-header -emit-objc-header-path /Users/mdd/zhk/kanpan-coinbase/DerivedData-multi/Build/Intermediates.noindex/Kanpan.build/Debug-iphonesimulator/KanpanUITests.build/Objects-normal/arm64/KanpanUITests-Swift.h -working-directory /Users/mdd/zhk/kanpan-coinbase/Kanpan -experimental-emit-module-separately -disable-cmo

SwiftCompile normal arm64 Compiling\ ChartFoundationUITests.swift /Users/mdd/zhk/kanpan-coinbase/Kanpan/KanpanUITests/ChartFoundationUITests.swift (in target 'KanpanUITests' from project 'Kanpan')

SwiftCompile normal arm64 /Users/mdd/zhk/kanpan-coinbase/Kanpan/KanpanUITests/ChartFoundationUITests.swift (in target 'KanpanUITests' from project 'Kanpan')
    cd /Users/mdd/zhk/kanpan-coinbase/Kanpan
    

Copy /Users/mdd/zhk/kanpan-coinbase/DerivedData-multi/Build/Products/Debug-iphonesimulator/KanpanUITests.swiftmodule/arm64-apple-ios-simulator.abi.json /Users/mdd/zhk/kanpan-coinbase/DerivedData-multi/Build/Intermediates.noindex/Kanpan.build/Debug-iphonesimulator/KanpanUITests.build/Objects-normal/arm64/KanpanUITests.abi.json (in target 'KanpanUITests' from project 'Kanpan')
    cd /Users/mdd/zhk/kanpan-coinbase/Kanpan
    builtin-copy -exclude .DS_Store -exclude CVS -exclude .svn -exclude .git -exclude .hg -strip-unsigned-binaries -strip-deterministic -strip-tool /Applications/Xcode.app/Contents/Developer/Toolchains/XcodeDefault.xctoolchain/usr/bin/strip -resolve-src-symlinks -rename /Users/mdd/zhk/kanpan-coinbase/DerivedData-multi/Build/Intermediates.noindex/Kanpan.build/Debug-iphonesimulator/KanpanUITests.build/Objects-normal/arm64/KanpanUITests.abi.json /Users/mdd/zhk/kanpan-coinbase/DerivedData-multi/Build/Products/Debug-iphonesimulator/KanpanUITests.swiftmodule/arm64-apple-ios-simulator.abi.json

SwiftDriverJobDiscovery normal arm64 Compiling ChartFoundationUITests.swift (in target 'KanpanUITests' from project 'Kanpan')

SwiftCompile normal arm64 Compiling\ ChartLayoutPersistenceUITests.swift /Users/mdd/zhk/kanpan-coinbase/Kanpan/KanpanUITests/ChartLayoutPersistenceUITests.swift (in target 'KanpanUITests' from project 'Kanpan')

SwiftCompile normal arm64 /Users/mdd/zhk/kanpan-coinbase/Kanpan/KanpanUITests/ChartLayoutPersistenceUITests.swift (in target 'KanpanUITests' from project 'Kanpan')
    cd /Users/mdd/zhk/kanpan-coinbase/Kanpan
    

SwiftCompile normal arm64 Compiling\ SkinScaleAccessibilityUITests.swift /Users/mdd/zhk/kanpan-coinbase/Kanpan/KanpanUITests/SkinScaleAccessibilityUITests.swift (in target 'KanpanUITests' from project 'Kanpan')

SwiftCompile normal arm64 /Users/mdd/zhk/kanpan-coinbase/Kanpan/KanpanUITests/SkinScaleAccessibilityUITests.swift (in target 'KanpanUITests' from project 'Kanpan')
    cd /Users/mdd/zhk/kanpan-coinbase/Kanpan
    

SwiftDriverJobDiscovery normal arm64 Compiling ChartLayoutPersistenceUITests.swift (in target 'KanpanUITests' from project 'Kanpan')

SwiftCompile normal arm64 Compiling\ ReviewFlowUITests.swift /Users/mdd/zhk/kanpan-coinbase/Kanpan/KanpanUITests/ReviewFlowUITests.swift (in target 'KanpanUITests' from project 'Kanpan')

SwiftCompile normal arm64 /Users/mdd/zhk/kanpan-coinbase/Kanpan/KanpanUITests/ReviewFlowUITests.swift (in target 'KanpanUITests' from project 'Kanpan')
    cd /Users/mdd/zhk/kanpan-coinbase/Kanpan
    

SwiftDriverJobDiscovery normal arm64 Compiling SkinScaleAccessibilityUITests.swift (in target 'KanpanUITests' from project 'Kanpan')

CodeSign /Users/mdd/zhk/kanpan-coinbase/DerivedData-multi/Build/Products/Debug-iphonesimulator/Kanpan.app/__preview.dylib (in target 'Kanpan' from project 'Kanpan')
    cd /Users/mdd/zhk/kanpan-coinbase/Kanpan
    
    Signing Identity:     "Sign to Run Locally"
    
    /usr/bin/codesign --force --sign - --timestamp\=none --generate-entitlement-der /Users/mdd/zhk/kanpan-coinbase/DerivedData-multi/Build/Products/Debug-iphonesimulator/Kanpan.app/__preview.dylib

SwiftDriverJobDiscovery normal arm64 Compiling ReviewFlowUITests.swift (in target 'KanpanUITests' from project 'Kanpan')

SwiftDriver\ Compilation KanpanUITests normal arm64 com.apple.xcode.tools.swift.compiler (in target 'KanpanUITests' from project 'Kanpan')
    cd /Users/mdd/zhk/kanpan-coinbase/Kanpan
    builtin-Swift-Compilation -- /Applications/Xcode.app/Contents/Developer/Toolchains/XcodeDefault.xctoolchain/usr/bin/swiftc -module-name KanpanUITests -Onone @/Users/mdd/zhk/kanpan-coinbase/DerivedData-multi/Build/Intermediates.noindex/Kanpan.build/Debug-iphonesimulator/KanpanUITests.build/Objects-normal/arm64/KanpanUITests.SwiftFileList -DDEBUG -module-alias Testing\=_Testing_Unavailable -plugin-path /Applications/Xcode.app/Contents/Developer/Toolchains/XcodeDefault.xctoolchain/usr/lib/swift/host/plugins/testing -enable-experimental-feature DebugDescriptionMacro -sdk /Applications/Xcode.app/Contents/Developer/Platforms/iPhoneSimulator.platform/Developer/SDKs/iPhoneSimulator26.5.sdk -target arm64-apple-ios26.0-simulator -g -module-cache-path /Users/mdd/zhk/kanpan-coinbase/DerivedData-multi/ModuleCache.noindex -Xfrontend -serialize-debugging-options -enable-testing -index-store-path /Users/mdd/zhk/kanpan-coinbase/DerivedData-multi/Index.noindex/DataStore -Xcc -D_LIBCPP_HARDENING_MODE\=_LIBCPP_HARDENING_MODE_DEBUG -swift-version 6 -I /Users/mdd/zhk/kanpan-coinbase/DerivedData-multi/Build/Products/Debug-iphonesimulator -Isystem /Applications/Xcode.app/Contents/Developer/Platforms/iPhoneSimulator.platform/Developer/usr/lib -F /Users/mdd/zhk/kanpan-coinbase/DerivedData-multi/Build/Products/Debug-iphonesimulator -F /Applications/Xcode.app/Contents/Developer/Platforms/iPhoneSimulator.platform/Developer/Library/Frameworks -F /Applications/Xcode.app/Contents/Developer/Platforms/iPhoneSimulator.platform/Developer/SDKs/iPhoneSimulator26.5.sdk/Developer/Library/Frameworks -c -j10 -disable-batch-mode -incremental -Xcc -ivfsstatcache -Xcc /Users/mdd/zhk/kanpan-coinbase/DerivedData-multi/SDKStatCaches.noindex/iphonesimulator26.5-23F81a-6cfe768891a92b912361537c460fe42b.sdkstatcache -output-file-map /Users/mdd/zhk/kanpan-coinbase/DerivedData-multi/Build/Intermediates.noindex/Kanpan.build/Debug-iphonesimulator/KanpanUITests.build/Objects-normal/arm64/KanpanUITests-OutputFileMap.json -use-frontend-parseable-output -save-temps -no-color-diagnostics -explicit-module-build -module-cache-path /Users/mdd/zhk/kanpan-coinbase/DerivedData-multi/Build/Intermediates.noindex/SwiftExplicitPrecompiledModules -clang-scanner-module-cache-path /Users/mdd/zhk/kanpan-coinbase/DerivedData-multi/ModuleCache.noindex -sdk-module-cache-path /Users/mdd/zhk/kanpan-coinbase/DerivedData-multi/ModuleCache.noindex -serialize-diagnostics -emit-dependencies -emit-module -emit-module-path /Users/mdd/zhk/kanpan-coinbase/DerivedData-multi/Build/Intermediates.noindex/Kanpan.build/Debug-iphonesimulator/KanpanUITests.build/Objects-normal/arm64/KanpanUITests.swiftmodule -validate-clang-modules-once -clang-build-session-file /Users/mdd/zhk/kanpan-coinbase/DerivedData-multi/ModuleCache.noindex/Session.modulevalidation -Xcc -I/Users/mdd/zhk/kanpan-coinbase/DerivedData-multi/Build/Intermediates.noindex/Kanpan.build/Debug-iphonesimulator/KanpanUITests.build/swift-overrides.hmap -emit-const-values -Xfrontend -const-gather-protocols-file -Xfrontend /Users/mdd/zhk/kanpan-coinbase/DerivedData-multi/Build/Intermediates.noindex/Kanpan.build/Debug-iphonesimulator/KanpanUITests.build/Objects-normal/arm64/KanpanUITests_const_extract_protocols.json -Xcc -iquote -Xcc /Users/mdd/zhk/kanpan-coinbase/DerivedData-multi/Build/Intermediates.noindex/Kanpan.build/Debug-iphonesimulator/KanpanUITests.build/KanpanUITests-generated-files.hmap -Xcc -I/Users/mdd/zhk/kanpan-coinbase/DerivedData-multi/Build/Intermediates.noindex/Kanpan.build/Debug-iphonesimulator/KanpanUITests.build/KanpanUITests-own-target-headers.hmap -Xcc -I/Users/mdd/zhk/kanpan-coinbase/DerivedData-multi/Build/Intermediates.noindex/Kanpan.build/Debug-iphonesimulator/KanpanUITests.build/KanpanUITests-all-non-framework-target-headers.hmap -Xcc -ivfsoverlay -Xcc /Users/mdd/zhk/kanpan-coinbase/DerivedData-multi/Build/Intermediates.noindex/Kanpan.build/Debug-iphonesimulator/Kanpan-88f8e4f6458ff7f878983357411ed85c-VFS-iphonesimulator/all-product-headers.yaml -Xcc -iquote -Xcc /Users/mdd/zhk/kanpan-coinbase/DerivedData-multi/Build/Intermediates.noindex/Kanpan.build/Debug-iphonesimulator/KanpanUITests.build/KanpanUITests-project-headers.hmap -Xcc -I/Users/mdd/zhk/kanpan-coinbase/DerivedData-multi/Build/Products/Debug-iphonesimulator/include -Xcc -I/Users/mdd/zhk/kanpan-coinbase/DerivedData-multi/Build/Intermediates.noindex/Kanpan.build/Debug-iphonesimulator/KanpanUITests.build/DerivedSources-normal/arm64 -Xcc -I/Users/mdd/zhk/kanpan-coinbase/DerivedData-multi/Build/Intermediates.noindex/Kanpan.build/Debug-iphonesimulator/KanpanUITests.build/DerivedSources/arm64 -Xcc -I/Users/mdd/zhk/kanpan-coinbase/DerivedData-multi/Build/Intermediates.noindex/Kanpan.build/Debug-iphonesimulator/KanpanUITests.build/DerivedSources -emit-objc-header -emit-objc-header-path /Users/mdd/zhk/kanpan-coinbase/DerivedData-multi/Build/Intermediates.noindex/Kanpan.build/Debug-iphonesimulator/KanpanUITests.build/Objects-normal/arm64/KanpanUITests-Swift.h -working-directory /Users/mdd/zhk/kanpan-coinbase/Kanpan -experimental-emit-module-separately -disable-cmo

CodeSign /Users/mdd/zhk/kanpan-coinbase/DerivedData-multi/Build/Products/Debug-iphonesimulator/Kanpan.app (in target 'Kanpan' from project 'Kanpan')
    cd /Users/mdd/zhk/kanpan-coinbase/Kanpan
    
    Signing Identity:     "Sign to Run Locally"
    
    /usr/bin/codesign --force --sign - --timestamp\=none --generate-entitlement-der /Users/mdd/zhk/kanpan-coinbase/DerivedData-multi/Build/Products/Debug-iphonesimulator/Kanpan.app

Validate /Users/mdd/zhk/kanpan-coinbase/DerivedData-multi/Build/Products/Debug-iphonesimulator/Kanpan.app (in target 'Kanpan' from project 'Kanpan')
    cd /Users/mdd/zhk/kanpan-coinbase/Kanpan
    builtin-validationUtility /Users/mdd/zhk/kanpan-coinbase/DerivedData-multi/Build/Products/Debug-iphonesimulator/Kanpan.app -shallow-bundle -infoplist-subpath Info.plist

Ld /Users/mdd/zhk/kanpan-coinbase/DerivedData-multi/Build/Products/Debug-iphonesimulator/KanpanUITests-Runner.app/PlugIns/KanpanUITests.xctest/KanpanUITests normal (in target 'KanpanUITests' from project 'Kanpan')
    cd /Users/mdd/zhk/kanpan-coinbase/Kanpan
    /Applications/Xcode.app/Contents/Developer/Toolchains/XcodeDefault.xctoolchain/usr/bin/clang -Xlinker -reproducible -target arm64-apple-ios26.0-simulator -bundle -isysroot /Applications/Xcode.app/Contents/Developer/Platforms/iPhoneSimulator.platform/Developer/SDKs/iPhoneSimulator26.5.sdk -O0 -L/Users/mdd/zhk/kanpan-coinbase/DerivedData-multi/Build/Intermediates.noindex/EagerLinkingTBDs/Debug-iphonesimulator -L/Users/mdd/zhk/kanpan-coinbase/DerivedData-multi/Build/Products/Debug-iphonesimulator -L/Applications/Xcode.app/Contents/Developer/Platforms/iPhoneSimulator.platform/Developer/usr/lib -F/Users/mdd/zhk/kanpan-coinbase/DerivedData-multi/Build/Intermediates.noindex/EagerLinkingTBDs/Debug-iphonesimulator -F/Users/mdd/zhk/kanpan-coinbase/DerivedData-multi/Build/Products/Debug-iphonesimulator -iframework /Applications/Xcode.app/Contents/Developer/Platforms/iPhoneSimulator.platform/Developer/Library/Frameworks -iframework /Applications/Xcode.app/Contents/Developer/Platforms/iPhoneSimulator.platform/Developer/SDKs/iPhoneSimulator26.5.sdk/Developer/Library/Frameworks -filelist /Users/mdd/zhk/kanpan-coinbase/DerivedData-multi/Build/Intermediates.noindex/Kanpan.build/Debug-iphonesimulator/KanpanUITests.build/Objects-normal/arm64/KanpanUITests.LinkFileList -Xlinker -rpath -Xlinker @loader_path/Frameworks -Xlinker -dead_strip -Xlinker -object_path_lto -Xlinker /Users/mdd/zhk/kanpan-coinbase/DerivedData-multi/Build/Intermediates.noindex/Kanpan.build/Debug-iphonesimulator/KanpanUITests.build/Objects-normal/arm64/KanpanUITests_lto.o -rdynamic -Xlinker -no_deduplicate -Xlinker -objc_abi_version -Xlinker 2 -Xlinker -dependency_info -Xlinker /Users/mdd/zhk/kanpan-coinbase/DerivedData-multi/Build/Intermediates.noindex/Kanpan.build/Debug-iphonesimulator/KanpanUITests.build/Objects-normal/arm64/KanpanUITests_dependency_info.dat -fobjc-link-runtime -L/Applications/Xcode.app/Contents/Developer/Toolchains/XcodeDefault.xctoolchain/usr/lib/swift/iphonesimulator -L/usr/lib/swift -Xlinker -add_ast_path -Xlinker /Users/mdd/zhk/kanpan-coinbase/DerivedData-multi/Build/Intermediates.noindex/Kanpan.build/Debug-iphonesimulator/KanpanUITests.build/Objects-normal/arm64/KanpanUITests.swiftmodule @/Users/mdd/zhk/kanpan-coinbase/DerivedData-multi/Build/Intermediates.noindex/Kanpan.build/Debug-iphonesimulator/KanpanUITests.build/Objects-normal/arm64/KanpanUITests-linker-args.resp -Xlinker -needed_framework -Xlinker XCTest -framework XCTest -Xlinker -needed-lXCTestSwiftSupport -lXCTestSwiftSupport -Xlinker -sectcreate -Xlinker __TEXT -Xlinker __entitlements -Xlinker /Users/mdd/zhk/kanpan-coinbase/DerivedData-multi/Build/Intermediates.noindex/Kanpan.build/Debug-iphonesimulator/KanpanUITests.build/KanpanUITests.xctest-Simulated.xcent -Xlinker -sectcreate -Xlinker __TEXT -Xlinker __ents_der -Xlinker /Users/mdd/zhk/kanpan-coinbase/DerivedData-multi/Build/Intermediates.noindex/Kanpan.build/Debug-iphonesimulator/KanpanUITests.build/KanpanUITests.xctest-Simulated.xcent.der -Xlinker -no_adhoc_codesign -o /Users/mdd/zhk/kanpan-coinbase/DerivedData-multi/Build/Products/Debug-iphonesimulator/KanpanUITests-Runner.app/PlugIns/KanpanUITests.xctest/KanpanUITests

ProcessInfoPlistFile /Users/mdd/zhk/kanpan-coinbase/DerivedData-multi/Build/Products/Debug-iphonesimulator/KanpanUITests-Runner.app/PlugIns/KanpanUITests.xctest/Info.plist /Users/mdd/zhk/kanpan-coinbase/DerivedData-multi/Build/Intermediates.noindex/Kanpan.build/Debug-iphonesimulator/KanpanUITests.build/empty-KanpanUITests.plist (in target 'KanpanUITests' from project 'Kanpan')
    cd /Users/mdd/zhk/kanpan-coinbase/Kanpan
    builtin-infoPlistUtility /Users/mdd/zhk/kanpan-coinbase/DerivedData-multi/Build/Intermediates.noindex/Kanpan.build/Debug-iphonesimulator/KanpanUITests.build/empty-KanpanUITests.plist -producttype com.apple.product-type.bundle.ui-testing -expandbuildsettings -format binary -platform iphonesimulator -additionalcontentfile /Users/mdd/zhk/kanpan-coinbase/DerivedData-multi/Build/Intermediates.noindex/Kanpan.build/Debug-iphonesimulator/KanpanUITests.build/ProductTypeInfoPlistAdditions.plist -o /Users/mdd/zhk/kanpan-coinbase/DerivedData-multi/Build/Products/Debug-iphonesimulator/KanpanUITests-Runner.app/PlugIns/KanpanUITests.xctest/Info.plist

ExtractAppIntentsMetadata (in target 'KanpanUITests' from project 'Kanpan')
    cd /Users/mdd/zhk/kanpan-coinbase/Kanpan
    /Applications/Xcode.app/Contents/Developer/Toolchains/XcodeDefault.xctoolchain/usr/bin/appintentsmetadataprocessor --toolchain-dir /Applications/Xcode.app/Contents/Developer/Toolchains/XcodeDefault.xctoolchain --module-name KanpanUITests --sdk-root /Applications/Xcode.app/Contents/Developer/Platforms/iPhoneSimulator.platform/Developer/SDKs/iPhoneSimulator26.5.sdk --xcode-version 17F113 --platform-family iOS --deployment-target 26.0 --bundle-identifier com.mdd.kanpan.uitests --output /Users/mdd/zhk/kanpan-coinbase/DerivedData-multi/Build/Products/Debug-iphonesimulator/KanpanUITests-Runner.app/PlugIns/KanpanUITests.xctest --target-triple arm64-apple-ios26.0-simulator --binary-file /Users/mdd/zhk/kanpan-coinbase/DerivedData-multi/Build/Products/Debug-iphonesimulator/KanpanUITests-Runner.app/PlugIns/KanpanUITests.xctest/KanpanUITests --dependency-file /Users/mdd/zhk/kanpan-coinbase/DerivedData-multi/Build/Intermediates.noindex/Kanpan.build/Debug-iphonesimulator/KanpanUITests.build/Objects-normal/arm64/KanpanUITests_dependency_info.dat --stringsdata-file /Users/mdd/zhk/kanpan-coinbase/DerivedData-multi/Build/Intermediates.noindex/Kanpan.build/Debug-iphonesimulator/KanpanUITests.build/Objects-normal/arm64/ExtractedAppShortcutsMetadata.stringsdata --source-file-list /Users/mdd/zhk/kanpan-coinbase/DerivedData-multi/Build/Intermediates.noindex/Kanpan.build/Debug-iphonesimulator/KanpanUITests.build/Objects-normal/arm64/KanpanUITests.SwiftFileList --metadata-file-list /Users/mdd/zhk/kanpan-coinbase/DerivedData-multi/Build/Intermediates.noindex/Kanpan.build/Debug-iphonesimulator/KanpanUITests.build/KanpanUITests.DependencyMetadataFileList --static-metadata-file-list /Users/mdd/zhk/kanpan-coinbase/DerivedData-multi/Build/Intermediates.noindex/Kanpan.build/Debug-iphonesimulator/KanpanUITests.build/KanpanUITests.DependencyStaticMetadataFileList --swift-const-vals-list /Users/mdd/zhk/kanpan-coinbase/DerivedData-multi/Build/Intermediates.noindex/Kanpan.build/Debug-iphonesimulator/KanpanUITests.build/Objects-normal/arm64/KanpanUITests.SwiftConstValuesFileList --compile-time-extraction --deployment-aware-processing --validate-assistant-intents --no-app-shortcuts-localization
2026-09-22 15:05:28.799 appintentsmetadataprocessor[77219:4105815] Starting appintentsmetadataprocessor export
2026-09-22 15:05:28.808 appintentsmetadataprocessor[77219:4105815] warning: Metadata extraction skipped. No AppIntents.framework dependency found.

CopySwiftLibs /Users/mdd/zhk/kanpan-coinbase/DerivedData-multi/Build/Products/Debug-iphonesimulator/KanpanUITests-Runner.app/PlugIns/KanpanUITests.xctest (in target 'KanpanUITests' from project 'Kanpan')
    cd /Users/mdd/zhk/kanpan-coinbase/Kanpan
    builtin-swiftStdLibTool --copy --verbose --sign - --scan-executable /Users/mdd/zhk/kanpan-coinbase/DerivedData-multi/Build/Products/Debug-iphonesimulator/KanpanUITests-Runner.app/PlugIns/KanpanUITests.xctest/KanpanUITests --scan-folder /Users/mdd/zhk/kanpan-coinbase/DerivedData-multi/Build/Products/Debug-iphonesimulator/KanpanUITests-Runner.app/PlugIns/KanpanUITests.xctest/Frameworks --scan-folder /Users/mdd/zhk/kanpan-coinbase/DerivedData-multi/Build/Products/Debug-iphonesimulator/KanpanUITests-Runner.app/PlugIns/KanpanUITests.xctest/PlugIns --scan-folder /Users/mdd/zhk/kanpan-coinbase/DerivedData-multi/Build/Products/Debug-iphonesimulator/KanpanUITests-Runner.app/PlugIns/KanpanUITests.xctest/SystemExtensions --scan-folder /Users/mdd/zhk/kanpan-coinbase/DerivedData-multi/Build/Products/Debug-iphonesimulator/KanpanUITests-Runner.app/PlugIns/KanpanUITests.xctest/Extensions --platform iphonesimulator --toolchain /Applications/Xcode.app/Contents/Developer/Toolchains/XcodeDefault.xctoolchain --destination /Users/mdd/zhk/kanpan-coinbase/DerivedData-multi/Build/Products/Debug-iphonesimulator/KanpanUITests-Runner.app/PlugIns/KanpanUITests.xctest/Frameworks --strip-bitcode --scan-executable /Applications/Xcode.app/Contents/Developer/Platforms/iPhoneSimulator.platform/Developer/usr/lib/libXCTestSwiftSupport.dylib --strip-bitcode-tool /Applications/Xcode.app/Contents/Developer/Toolchains/XcodeDefault.xctoolchain/usr/bin/bitcode_strip --emit-dependency-info /Users/mdd/zhk/kanpan-coinbase/DerivedData-multi/Build/Intermediates.noindex/Kanpan.build/Debug-iphonesimulator/KanpanUITests.build/SwiftStdLibToolInputDependencies.dep --filter-for-swift-os

CodeSign /Users/mdd/zhk/kanpan-coinbase/DerivedData-multi/Build/Products/Debug-iphonesimulator/KanpanUITests-Runner.app/PlugIns/KanpanUITests.xctest (in target 'KanpanUITests' from project 'Kanpan')
    cd /Users/mdd/zhk/kanpan-coinbase/Kanpan
    
    Signing Identity:     "Sign to Run Locally"
    
    /usr/bin/codesign --force --sign - --timestamp\=none --generate-entitlement-der /Users/mdd/zhk/kanpan-coinbase/DerivedData-multi/Build/Products/Debug-iphonesimulator/KanpanUITests-Runner.app/PlugIns/KanpanUITests.xctest

CodeSign /Users/mdd/zhk/kanpan-coinbase/DerivedData-multi/Build/Products/Debug-iphonesimulator/KanpanUITests-Runner.app (in target 'KanpanUITests' from project 'Kanpan')
    cd /Users/mdd/zhk/kanpan-coinbase/Kanpan
    
    Signing Identity:     "Sign to Run Locally"
    
    /usr/bin/codesign --force --sign - --timestamp\=none --generate-entitlement-der /Users/mdd/zhk/kanpan-coinbase/DerivedData-multi/Build/Products/Debug-iphonesimulator/KanpanUITests-Runner.app
/Users/mdd/zhk/kanpan-coinbase/DerivedData-multi/Build/Products/Debug-iphonesimulator/KanpanUITests-Runner.app: replacing existing signature

** TEST BUILD SUCCEEDED **

