Backup: /opt/kanpan-api/backup-ringtone-1-20260922-141014
   Compiling kanpan-api v0.1.0 (/opt/kanpan-api)
    Finished `release` profile [optimized] target(s) in 5m 43s
   Compiling proc-macro2 v1.0.107
   Compiling quote v1.0.47
   Compiling unicode-ident v1.0.24
   Compiling cfg-if v1.0.4
   Compiling libc v0.2.189
   Compiling syn v2.0.119
   Compiling syn v3.0.5
   Compiling version_check v0.9.5
   Compiling zeroize_derive v1.5.0
   Compiling getrandom v0.2.17
   Compiling serde v1.0.229
   Compiling zeroize v1.9.0
   Compiling serde_derive v1.0.229
   Compiling serde_core v1.0.229
   Compiling typenum v1.20.1
   Compiling rand_core v0.6.4
   Compiling subtle v2.6.1
   Compiling generic-array v0.14.7
   Compiling pin-project-lite v0.2.17
   Compiling autocfg v1.5.1
   Compiling synstructure v0.13.2
   Compiling futures-core v0.3.34
   Compiling bytes v1.12.1
   Compiling crypto-common v0.1.7
   Compiling smallvec v1.16.1
   Compiling once_cell v1.21.4
   Compiling parking_lot_core v0.9.12
   Compiling scopeguard v1.2.0
   Compiling itoa v1.0.18
   Compiling zerofrom-derive v0.1.7
   Compiling const-oid v0.9.6
   Compiling yoke-derive v0.8.2
   Compiling zerofrom v0.1.8
   Compiling stable_deref_trait v1.2.1
   Compiling lock_api v0.4.14
   Compiling yoke v0.8.3
   Compiling zerovec-derive v0.11.6
   Compiling displaydoc v0.2.7
   Compiling mio v1.2.3
   Compiling zerovec v0.11.8
   Compiling socket2 v0.6.5
   Compiling memchr v2.8.3
   Compiling block-buffer v0.10.4
   Compiling digest v0.10.7
   Compiling shlex v2.0.1
   Compiling find-msvc-tools v0.1.12
   Compiling cc v1.4.6
   Compiling tinystr v0.8.4
   Compiling litemap v0.8.3
   Compiling equivalent v1.0.2
   Compiling libm v0.2.16
   Compiling writeable v0.6.4
   Compiling icu_locale_core v2.3.0
   Compiling ring v0.17.14
   Compiling potential_utf v0.1.6
   Compiling zerotrie v0.2.5
   Compiling num-traits v0.2.19
   Compiling tracing-attributes v0.1.31
   Compiling icu_normalizer_data v2.3.0
   Compiling utf8_iter v1.0.4
   Compiling log v0.4.34
   Compiling icu_collections v2.3.0
   Compiling parking_lot v0.12.5
   Compiling icu_provider v2.3.1
   Compiling errno v0.3.14
   Compiling hashbrown v0.17.1
   Compiling cpufeatures v0.2.17
   Compiling icu_properties_data v2.3.0
   Compiling signal-hook-registry v1.4.8
   Compiling tokio-macros v2.7.2
   Compiling futures-io v0.3.34
   Compiling futures-task v0.3.34
   Compiling percent-encoding v2.3.2
   Compiling untrusted v0.9.0
   Compiling tokio v1.53.1
   Compiling base64ct v1.8.3
   Compiling futures-sink v0.3.34
   Compiling zmij v1.0.23
   Compiling icu_properties v2.3.0
   Compiling tracing-core v0.1.36
   Compiling serde_json v1.0.151
   Compiling zerocopy v0.8.57
   Compiling rustls v0.23.45
   Compiling slab v0.4.12
   Compiling tracing v0.1.44
   Compiling pem-rfc7468 v0.7.0
   Compiling http v1.5.0
   Compiling thiserror v2.0.20
   Compiling ppv-lite86 v0.2.21
   Compiling der v0.7.10
   Compiling indexmap v2.14.2
   Compiling rustls-pki-types v1.15.1
   Compiling thiserror-impl v2.0.20
   Compiling spki v0.7.3
   Compiling futures-util v0.3.34
   Compiling getrandom v0.4.3
   Compiling rand_core v0.10.1
   Compiling iana-time-zone v0.1.65
   Compiling pkcs8 v0.10.2
   Compiling hmac v0.12.1
   Compiling crossbeam-utils v0.8.23
   Compiling httparse v1.10.1
   Compiling rustls-webpki v0.103.15
   Compiling rand_chacha v0.3.1
   Compiling allocator-api2 v0.2.21
   Compiling simd-adler32 v0.3.10
   Compiling base64 v0.22.1
   Compiling foldhash v0.1.5
   Compiling bitflags v2.13.2
   Compiling hashbrown v0.15.5
   Compiling rand v0.8.8
   Compiling hkdf v0.12.4
   Compiling icu_normalizer v2.3.0
   Compiling http-body v1.1.0
   Compiling form_urlencoded v1.2.2
   Compiling num-integer v0.1.47
   Compiling uuid v1.26.1
   Compiling rustversion v1.0.23
   Compiling crc32fast v1.5.2
   Compiling crc-catalog v2.5.0
   Compiling parking v2.2.1
   Compiling event-listener v5.4.2
   Compiling crc v3.4.0
   Compiling idna_adapter v1.2.2
   Compiling crossbeam-queue v0.3.14
   Compiling hashlink v0.10.0
   Compiling webpki-roots v1.0.9
   Compiling futures-channel v0.3.34
   Compiling sha2 v0.10.9
   Compiling adler2 v2.0.1
   Compiling tower-service v0.3.3
   Compiling tinyvec v1.13.3
   Compiling spin v0.9.9
   Compiling unicode-normalization v0.1.25
   Compiling idna v1.1.0
   Compiling tokio-util v0.7.19
   Compiling signature v2.2.0
   Compiling ff v0.13.1
   Compiling atomic-waker v1.1.2
   Compiling unicode-bidi v0.3.18
   Compiling unicode-properties v0.1.4
   Compiling base16ct v0.2.0
   Compiling fnv v1.0.7
   Compiling try-lock v0.2.5
   Compiling want v0.3.1
   Compiling h2 v0.4.19
   Compiling tokio-stream v0.1.19
   Compiling sec1 v0.7.3
   Compiling stringprep v0.1.5
   Compiling group v0.13.0
   Compiling url v2.5.8
   Compiling webpki-roots v0.26.11
   Compiling futures-intrusive v0.5.0
   Compiling miniz_oxide v0.9.1
   Compiling chrono v0.4.45
   Compiling either v1.18.0
   Compiling sync_wrapper v1.0.2
   Compiling crypto-bigint v0.5.5
   Compiling hybrid-array v0.4.15
   Compiling byteorder v1.5.0
   Compiling hex v0.4.3
   Compiling httpdate v1.0.3
   Compiling zlib-rs v0.6.7
   Compiling dotenvy v0.15.7
   Compiling whoami v1.6.1
   Compiling tower-layer v0.3.3
   Compiling semver v1.0.28
   Compiling home v0.5.12
   Compiling rustc_version v0.4.1
   Compiling sqlx-core v0.8.6
   Compiling flate2 v1.1.10
   Compiling hyper v1.11.1
   Compiling elliptic-curve v0.13.8
   Compiling lazy_static v1.5.0
   Compiling atoi v2.0.0
   Compiling num-bigint v0.4.8
   Compiling http-body-util v0.1.5
   Compiling md-5 v0.10.6
   Compiling siphasher v1.0.3
   Compiling cpufeatures v0.3.1
   Compiling ipnet v2.12.2
   Compiling getrandom v0.3.4
   Compiling sqlx-postgres v0.8.6
   Compiling hyper-util v0.1.20
   Compiling phf_shared v0.12.1
   Compiling curve25519-dalek v4.1.3
   Compiling tower v0.5.3
   Compiling block-buffer v0.12.1
   Compiling crypto-common v0.2.2
   Compiling multiversion-macros v0.9.0
   Compiling encoding_rs v0.8.41
   Compiling miniz_oxide v0.8.9
   Compiling tokio-rustls v0.26.5
   Compiling fdeflate v0.3.7
   Compiling rfc6979 v0.4.0
   Compiling bigdecimal v0.4.10
   Compiling num-conv v0.2.2
   Compiling heck v0.5.0
   Compiling const-oid v0.10.2
   Compiling pxfm v0.1.30
   Compiling time-core v0.1.9
   Compiling byteorder-lite v0.1.0
   Compiling quick-error v2.0.1
   Compiling ryu v1.0.23
   Compiling num-bigint-dig v0.8.6
   Compiling zune-core v0.5.3
   Compiling chrono-tz v0.10.4
   Compiling zune-jpeg v0.5.15
   Compiling serde_urlencoded v0.7.1
   Compiling image-webp v0.2.4
   Compiling moxcms v0.8.1
   Compiling time-macros v0.2.32
   Compiling digest v0.11.3
   Compiling sqlx-macros-core v0.8.6
   Compiling ecdsa v0.16.9
   Compiling png v0.18.1
   Compiling multiversion v0.9.0
   Compiling phf v0.12.1
   Compiling chacha20 v0.10.2
   Compiling primeorder v0.13.6
   Compiling utoipa-gen v5.5.0
   Compiling num-iter v0.1.46
   Compiling inout v0.1.4
   Compiling multer v3.1.0
   Compiling curve25519-dalek-derive v0.1.1
   Compiling powerfmt v0.2.0
   Compiling mime v0.3.17
   Compiling bytemuck v1.25.2
   Compiling deranged v0.5.8
   Compiling simdutf8 v0.1.5
   Compiling multiversion_no_op v1.0.0
   Compiling anyhow v1.0.104
   Compiling regex-syntax v0.8.11
   Compiling core_detect v1.0.0
   Compiling rustix v1.1.4
   Compiling utoipa v5.5.0
   Compiling regex-automata v0.4.18
   Compiling time v0.3.55
   Compiling image v0.25.10
   Compiling cipher v0.4.4
   Compiling rand v0.10.2
   Compiling rand_core v0.9.5
   Compiling sqlx-macros v0.8.6
   Compiling sha1 v0.11.0
   Compiling hyper-rustls v0.27.9
   Compiling tower-http v0.6.11
   Compiling ed25519 v2.2.3
   Compiling pkcs1 v0.7.5
   Compiling universal-hash v0.5.1
   Compiling data-encoding v2.11.1
   Compiling opaque-debug v0.3.1
   Compiling bumpalo v3.20.3
   Compiling linux-raw-sys v0.12.1
   Compiling zopfli v0.8.3
   Compiling poly1305 v0.8.0
   Compiling tungstenite v0.30.0
   Compiling rsa v0.9.10
   Compiling reqwest v0.12.28
   Compiling ed25519-dalek v2.2.0
   Compiling sqlx v0.8.6
   Compiling scorebook-core v0.1.0 (/opt/kanpan-api/vendor/scorebook-core)
   Compiling rand_chacha v0.9.0
   Compiling chacha20 v0.9.1
   Compiling simple_asn1 v0.6.4
   Compiling matchers v0.2.0
   Compiling axum-core v0.5.6
   Compiling p384 v0.13.1
   Compiling p256 v0.13.2
   Compiling sharded-slab v0.1.7
   Compiling pem v3.0.6
   Compiling tracing-log v0.2.0
   Compiling password-hash v0.5.0
   Compiling blake2 v0.10.6
   Compiling serde_path_to_error v0.1.20
   Compiling aead v0.5.2
   Compiling axum-macros v0.5.1
   Compiling thread_local v1.1.10
   Compiling fastrand v2.5.0
   Compiling matchit v0.8.4
   Compiling nu-ansi-term v0.50.3
   Compiling typed-path v0.12.3
   Compiling axum v0.8.9
   Compiling zip v8.6.0
   Compiling tracing-subscriber v0.3.23
   Compiling tempfile v3.27.0
   Compiling chacha20poly1305 v0.10.1
   Compiling argon2 v0.5.3
   Compiling jsonwebtoken v11.1.0
   Compiling scorebook-market v0.1.0 (/opt/kanpan-api/vendor/scorebook-market)
   Compiling rand v0.9.5
   Compiling tokio-tungstenite v0.30.0
   Compiling kanpan-api v0.1.0 (/opt/kanpan-api)
error: couldn't read `src/../../../KanpanCore/Sources/KanpanCore/Model/Interval.swift`: No such file or directory (os error 2)
   --> src/share.rs:127:14
    |
127 |   let source=include_str!("../../../KanpanCore/Sources/KanpanCore/Model/Interval.swift");
    |              ^^^^^^^^^^^^^^^^^^^^^^^^^^^^^^^^^^^^^^^^^^^^^^^^^^^^^^^^^^^^^^^^^^^^^^^^^^^

error: could not compile `kanpan-api` (lib test) due to 1 previous error
Traceback (most recent call last):
  File "<stdin>", line 21, in <module>
  File "/usr/lib/python3.11/subprocess.py", line 571, in run
    raise CalledProcessError(retcode, process.args,
subprocess.CalledProcessError: Command '['cargo', 'test', '--lib', '-j', '2']' returned non-zero exit status 101.
Traceback (most recent call last):
  File "/Users/mdd/zhk/kanpan-ringtone/.build/ringtone/deploy.py", line 49, in <module>
    subprocess.run(['ssh','-o','BatchMode=yes','orderflow-vps','python3 -'],input=script,text=True,check=True)
    ~~~~~~~~~~~~~~^^^^^^^^^^^^^^^^^^^^^^^^^^^^^^^^^^^^^^^^^^^^^^^^^^^^^^^^^^^^^^^^^^^^^^^^^^^^^^^^^^^^^^^^^^^^
  File "/opt/homebrew/Cellar/python@3.14/3.14.7/Frameworks/Python.framework/Versions/3.14/lib/python3.14/subprocess.py", line 578, in run
    raise CalledProcessError(retcode, process.args,
                             output=stdout, stderr=stderr)
subprocess.CalledProcessError: Command '['ssh', '-o', 'BatchMode=yes', 'orderflow-vps', 'python3 -']' returned non-zero exit status 1.
