   Compiling proc-macro2 v1.0.107
   Compiling unicode-ident v1.0.24
   Compiling quote v1.0.47
   Compiling cfg-if v1.0.4
   Compiling libc v0.2.189
   Compiling version_check v0.9.5
   Compiling syn v2.0.119
   Compiling syn v3.0.5
   Compiling getrandom v0.2.17
   Compiling serde v1.0.229
   Compiling zeroize_derive v1.5.0
   Compiling serde_derive v1.0.229
   Compiling zeroize v1.9.0
   Compiling serde_core v1.0.229
   Compiling typenum v1.20.1
   Compiling rand_core v0.6.4
   Compiling subtle v2.6.1
   Compiling generic-array v0.14.7
   Compiling pin-project-lite v0.2.17
   Compiling autocfg v1.5.1
   Compiling synstructure v0.13.2
   Compiling bytes v1.12.1
   Compiling futures-core v0.3.34
   Compiling crypto-common v0.1.7
   Compiling smallvec v1.16.1
   Compiling once_cell v1.21.4
   Compiling itoa v1.0.18
   Compiling scopeguard v1.2.0
   Compiling parking_lot_core v0.9.12
   Compiling zerofrom-derive v0.1.7
   Compiling const-oid v0.9.6
   Compiling yoke-derive v0.8.2
   Compiling zerofrom v0.1.8
   Compiling stable_deref_trait v1.2.1
   Compiling lock_api v0.4.14
   Compiling yoke v0.8.3
   Compiling zerovec-derive v0.11.6
   Compiling displaydoc v0.2.7
   Compiling mio v1.2.3
   Compiling zerovec v0.11.8
   Compiling socket2 v0.6.5
   Compiling memchr v2.8.3
   Compiling block-buffer v0.10.4
   Compiling digest v0.10.7
   Compiling find-msvc-tools v0.1.12
   Compiling shlex v2.0.1
   Compiling cc v1.4.6
   Compiling tinystr v0.8.4
   Compiling errno v0.3.14
   Compiling litemap v0.8.3
   Compiling equivalent v1.0.2
   Compiling writeable v0.6.4
   Compiling libm v0.2.16
   Compiling icu_locale_core v2.3.0
   Compiling ring v0.17.14
   Compiling potential_utf v0.1.6
   Compiling zerotrie v0.2.5
   Compiling num-traits v0.2.19
   Compiling tracing-attributes v0.1.31
   Compiling log v0.4.34
   Compiling icu_normalizer_data v2.3.0
   Compiling utf8_iter v1.0.4
   Compiling icu_collections v2.3.0
   Compiling icu_provider v2.3.1
   Compiling parking_lot v0.12.5
   Compiling hashbrown v0.17.1
   Compiling icu_properties_data v2.3.0
   Compiling signal-hook-registry v1.4.8
   Compiling tokio-macros v2.7.2
   Compiling futures-io v0.3.34
   Compiling futures-task v0.3.34
   Compiling percent-encoding v2.3.2
   Compiling untrusted v0.9.0
   Compiling tokio v1.53.1
   Compiling futures-sink v0.3.34
   Compiling base64ct v1.8.3
   Compiling zmij v1.0.23
   Compiling icu_properties v2.3.0
   Compiling tracing-core v0.1.36
   Compiling zerocopy v0.8.57
   Compiling serde_json v1.0.151
   Compiling rustls v0.23.45
   Compiling slab v0.4.12
   Compiling tracing v0.1.44
   Compiling pem-rfc7468 v0.7.0
   Compiling http v1.5.0
   Compiling cpufeatures v0.2.17
   Compiling thiserror v2.0.20
   Compiling ppv-lite86 v0.2.21
   Compiling der v0.7.10
   Compiling indexmap v2.14.2
   Compiling rustls-pki-types v1.15.1
   Compiling thiserror-impl v2.0.20
   Compiling core-foundation-sys v0.8.7
   Compiling iana-time-zone v0.1.65
   Compiling spki v0.7.3
   Compiling futures-util v0.3.34
   Compiling rand_core v0.10.1
   Compiling getrandom v0.4.3
   Compiling pkcs8 v0.10.2
   Compiling hmac v0.12.1
   Compiling crossbeam-utils v0.8.23
   Compiling httparse v1.10.1
   Compiling rustls-webpki v0.103.15
   Compiling rand_chacha v0.3.1
   Compiling base64 v0.22.1
   Compiling bitflags v2.13.2
   Compiling allocator-api2 v0.2.21
   Compiling foldhash v0.1.5
   Compiling simd-adler32 v0.3.10
   Compiling hashbrown v0.15.5
   Compiling rand v0.8.8
   Compiling hkdf v0.12.4
   Compiling icu_normalizer v2.3.0
   Compiling http-body v1.1.0
   Compiling form_urlencoded v1.2.2
   Compiling num-integer v0.1.47
   Compiling uuid v1.26.1
   Compiling crc-catalog v2.5.0
   Compiling parking v2.2.1
   Compiling crc32fast v1.5.2
   Compiling event-listener v5.4.2
   Compiling crc v3.4.0
   Compiling idna_adapter v1.2.2
   Compiling crossbeam-queue v0.3.14
   Compiling hashlink v0.10.0
   Compiling webpki-roots v1.0.9
   Compiling sha2 v0.10.9
   Compiling futures-channel v0.3.34
   Compiling adler2 v2.0.1
   Compiling tinyvec v1.13.3
   Compiling spin v0.9.9
   Compiling tower-service v0.3.3
   Compiling unicode-normalization v0.1.25
   Compiling idna v1.1.0
   Compiling tokio-util v0.7.19
   Compiling signature v2.2.0
   Compiling ff v0.13.1
   Compiling base16ct v0.2.0
   Compiling fnv v1.0.7
   Compiling atomic-waker v1.1.2
   Compiling try-lock v0.2.5
   Compiling unicode-properties v0.1.4
   Compiling rustversion v1.0.23
   Compiling unicode-bidi v0.3.18
   Compiling tokio-stream v0.1.19
   Compiling stringprep v0.1.5
   Compiling want v0.3.1
   Compiling h2 v0.4.19
   Compiling sec1 v0.7.3
   Compiling group v0.13.0
   Compiling url v2.5.8
   Compiling webpki-roots v0.26.11
   Compiling futures-intrusive v0.5.0
   Compiling miniz_oxide v0.9.1
   Compiling chrono v0.4.45
   Compiling either v1.18.0
   Compiling sync_wrapper v1.0.2
   Compiling crypto-bigint v0.5.5
   Compiling hybrid-array v0.4.15
   Compiling zlib-rs v0.6.7
   Compiling httpdate v1.0.3
   Compiling home v0.5.12
   Compiling byteorder v1.5.0
   Compiling hex v0.4.3
   Compiling dotenvy v0.15.7
   Compiling tower-layer v0.3.3
   Compiling whoami v1.6.1
   Compiling semver v1.0.28
   Compiling rustc_version v0.4.1
   Compiling flate2 v1.1.10
   Compiling sqlx-core v0.8.6
   Compiling hyper v1.11.1
   Compiling elliptic-curve v0.13.8
   Compiling lazy_static v1.5.0
   Compiling atoi v2.0.0
   Compiling num-bigint v0.4.8
   Compiling http-body-util v0.1.5
   Compiling md-5 v0.10.6
   Compiling getrandom v0.3.4
   Compiling ipnet v2.12.2
   Compiling siphasher v1.0.3
   Compiling phf_shared v0.12.1
   Compiling hyper-util v0.1.20
   Compiling sqlx-postgres v0.8.6
   Compiling encoding_rs v0.8.41
   Compiling curve25519-dalek v4.1.3
   Compiling tower v0.5.3
   Compiling crypto-common v0.2.2
   Compiling block-buffer v0.12.1
   Compiling miniz_oxide v0.8.9
   Compiling tokio-rustls v0.26.5
   Compiling fdeflate v0.3.7
   Compiling rfc6979 v0.4.0
   Compiling bigdecimal v0.4.10
   Compiling pxfm v0.1.30
   Compiling byteorder-lite v0.1.0
   Compiling quick-error v2.0.1
   Compiling num-bigint-dig v0.8.6
   Compiling zune-core v0.5.3
   Compiling chrono-tz v0.10.4
   Compiling ryu v1.0.23
   Compiling const-oid v0.10.2
   Compiling heck v0.5.0
   Compiling time-core v0.1.9
   Compiling num-conv v0.2.2
   Compiling time-macros v0.2.32
   Compiling moxcms v0.8.1
   Compiling sqlx-macros-core v0.8.6
   Compiling digest v0.11.3
   Compiling serde_urlencoded v0.7.1
   Compiling zune-jpeg v0.5.15
   Compiling image-webp v0.2.4
   Compiling png v0.18.1
   Compiling ecdsa v0.16.9
   Compiling phf v0.12.1
   Compiling primeorder v0.13.6
   Compiling utoipa-gen v5.5.0
   Compiling num-iter v0.1.46
   Compiling chacha20 v0.10.2
   Compiling inout v0.1.4
   Compiling multer v3.1.0
   Compiling cpufeatures v0.3.1
   Compiling rustix v1.1.4
   Compiling simdutf8 v0.1.5
   Compiling powerfmt v0.2.0
   Compiling deranged v0.5.8
   Compiling anyhow v1.0.104
   Compiling regex-syntax v0.8.11
   Compiling multiversion_no_op v1.0.0
   Compiling mime v0.3.17
   Compiling bytemuck v1.25.2
   Compiling image v0.25.10
   Compiling utoipa v5.5.0
   Compiling regex-automata v0.4.18
   Compiling time v0.3.55
   Compiling sha1 v0.11.0
   Compiling cipher v0.4.4
   Compiling rand v0.10.2
   Compiling rand_core v0.9.5
   Compiling sqlx-macros v0.8.6
   Compiling hyper-rustls v0.27.9
   Compiling tower-http v0.6.11
   Compiling ed25519 v2.2.3
   Compiling pkcs1 v0.7.5
   Compiling universal-hash v0.5.1
   Compiling data-encoding v2.11.1
   Compiling opaque-debug v0.3.1
   Compiling bumpalo v3.20.3
   Compiling zopfli v0.8.3
   Compiling tungstenite v0.30.0
   Compiling poly1305 v0.8.0
   Compiling rsa v0.9.10
   Compiling reqwest v0.12.28
   Compiling ed25519-dalek v2.2.0
   Compiling sqlx v0.8.6
   Compiling scorebook-core v0.1.0 (/Users/mdd/zhk/kanpan-ringtone/Backend/kanpan-api/vendor/scorebook-core)
   Compiling rand_chacha v0.9.0
   Compiling chacha20 v0.9.1
   Compiling simple_asn1 v0.6.4
   Compiling matchers v0.2.0
   Compiling axum-core v0.5.6
   Compiling p384 v0.13.1
   Compiling p256 v0.13.2
   Compiling sharded-slab v0.1.7
   Compiling pem v3.0.6
   Compiling tracing-log v0.2.0
   Compiling password-hash v0.5.0
   Compiling blake2 v0.10.6
   Compiling serde_path_to_error v0.1.20
   Compiling aead v0.5.2
   Compiling axum-macros v0.5.1
   Compiling thread_local v1.1.10
   Compiling nu-ansi-term v0.50.3
   Compiling matchit v0.8.4
   Compiling fastrand v2.5.0
   Compiling typed-path v0.12.3
   Compiling axum v0.8.9
   Compiling zip v8.6.0
   Compiling tempfile v3.27.0
   Compiling tracing-subscriber v0.3.23
   Compiling chacha20poly1305 v0.10.1
   Compiling argon2 v0.5.3
   Compiling jsonwebtoken v11.1.0
   Compiling scorebook-market v0.1.0 (/Users/mdd/zhk/kanpan-ringtone/Backend/kanpan-api/vendor/scorebook-market)
   Compiling rand v0.9.5
   Compiling tokio-tungstenite v0.30.0
   Compiling kanpan-api v0.1.0 (/Users/mdd/zhk/kanpan-ringtone/Backend/kanpan-api)
    Finished `test` profile [unoptimized + debuginfo] target(s) in 17m 17s
     Running unittests src/lib.rs (target/debug/deps/kanpan_api-18d2711f9a25052f)

running 154 tests
test alerts::tests::a_candle_with_impossible_numbers_is_ignored ... ok
test alerts::tests::a_candle_that_opened_before_arming_never_triggers ... ok
test alerts::tests::a_candle_that_straddles_the_line_triggers ... ok
test alerts::tests::a_close_that_crosses_the_line_confirms_it ... ok
test alerts::tests::a_flat_line_is_one_point_extended_both_ways ... ok
test alerts::tests::a_binance_frame_becomes_a_candle ... ok
test alerts::tests::a_close_confirmation_respects_arming_and_bad_numbers ... ok
test alerts::tests::a_polyline_uses_the_segment_the_time_falls_in ... ok
test alerts::tests::a_frame_that_has_not_closed_cannot_confirm_anything ... ok
test alerts::tests::a_ray_extrapolates_on_the_side_it_extends ... ok
test alerts::tests::a_segment_does_not_exist_outside_itself ... ok
test alerts::tests::a_segment_is_interpolated_between_its_points ... ok
test alerts::tests::a_vertical_segment_does_not_divide_by_zero ... ok
test alerts::tests::an_unknown_condition_falls_back_to_touch ... ok
test alerts::tests::any_line_in_the_set_can_be_crossed_on_close ... ok
test alerts::tests::any_line_in_the_set_can_trigger_the_alert ... ok
test alerts::tests::landing_exactly_on_the_line_counts_but_leaving_it_does_not ... ok
test alerts::tests::closes_on_the_same_side_never_confirm ... ok
test alerts::tests::points_out_of_order_still_describe_the_same_line ... ok
test alerts::tests::a_ticker_frame_carries_the_twenty_four_hour_change ... ok
test alerts::tests::the_threshold_is_the_line_price_at_this_bar ... ok
test alerts::tests::the_stream_url_is_the_one_measured_on_the_vps ... ok
test alerts::tests::the_notification_shows_a_readable_price ... ok
test apns::tests::the_environment_picks_the_host ... ok
test live_activity::tests::a_token_apple_says_is_gone_is_dropped ... ok
test auth::tests::only_a_loopback_peer_may_name_the_client ... ok
test live_activity::tests::an_activity_ends_after_eight_hours_and_its_row_goes_with_it ... ok
test binance_gate::tests::only_binance_calls_wait_on_this ... ok
test live_activity::tests::an_alert_that_is_gone_or_fired_ends_its_activity ... ok
test live_activity::tests::the_distance_is_relative_and_signed ... ok
test live_activity::tests::a_value_we_do_not_have_is_null_and_still_present ... ok
test live_activity::tests::the_firing_state_says_fired_and_keeps_the_price ... ok
test live_activity::tests::the_line_shown_is_the_nearest_one_at_this_moment ... ok
test live_activity::tests::the_stale_date_is_one_hundred_and_fifty_seconds_out ... ok
test live_activity::tests::a_heartbeat_carries_the_seven_agreed_keys ... ok
test apns::tests::a_missing_key_is_not_an_error ... ok
test live_activity::tests::the_two_events_are_update_and_end ... ok
test live_activity::tests::only_the_activity_registered_for_this_alert_is_pushed ... ok
test market_meta::tests::a_broken_row_does_not_break_the_table ... ok
test maintenance::tests::a_live_activity_row_cannot_outlive_eight_hours ... ok
test market_meta::tests::a_capitalisation_reads_in_every_spelling_these_pages_use ... ok
test market_meta::tests::a_bundle_binance_itself_lists_is_not_divided_again ... ok
test market_meta::tests::a_bundle_keeps_the_coins_market_cap ... ok
test market_meta::tests::a_depositary_share_needs_no_ratio ... ok
test market_meta::tests::a_figure_nobody_could_refresh_for_a_week_stops_being_published ... ok
test live_activity::tests::without_a_key_everything_but_the_push_still_happens ... ok
test market_meta::tests::a_foreign_name_is_only_ever_read_off_its_own_listing ... ok
test market_meta::tests::a_listings_currency_follows_its_exchange ... ok
test market_meta::tests::a_name_that_merely_starts_with_digits_is_not_a_bundle ... ok
test binance_gate::tests::a_ban_is_one_deadline_for_the_whole_process_and_only_ever_grows ... ok
test market_meta::tests::a_page_about_another_company_publishes_nothing ... ok
test market_meta::tests::a_proven_asset_beats_a_lookalike_on_the_packaged_name ... ok
test market_meta::tests::a_quote_that_is_a_prefix_of_the_base_still_resolves ... ok
test market_meta::tests::a_rate_limited_third_party_does_not_press_the_binance_gate ... ok
test market_meta::tests::a_row_without_an_underlying_type_classifies_as_unknown ... ok
test market_meta::tests::a_split_retires_the_multiplier_even_inside_its_window ... ok
test market_meta::tests::a_stock_is_never_answered_out_of_the_coin_table ... ok
test apns::tests::another_key_does_not_verify_it ... ok
test market_meta::tests::a_cold_request_is_answered_by_the_one_refresh_it_starts ... ok
test market_meta::tests::an_ambiguous_pair_is_read_by_its_declared_base ... ok
test market_meta::tests::an_ambiguous_ticker_is_published_by_nobody ... ok
test market_meta::tests::an_apex_row_without_a_base_asset_is_dropped_instead_of_guessed ... ok
test market_meta::tests::an_equity_we_could_not_price_stays_blank ... ok
test market_meta::tests::a_carried_multiplier_is_dropped_when_the_price_changed_units ... ok
test market_meta::tests::an_etf_page_carries_no_capitalisation ... ok
test market_meta::tests::an_unclassified_symbol_is_answered_with_nothing ... ok
test market_meta::tests::an_unlisted_company_has_no_market_cap_at_all ... ok
test market_meta::tests::an_unpriced_or_unrated_listing_yields_nothing ... ok
test market_meta::tests::apex_rows_parse_and_an_absent_cap_means_unknown ... ok
test market_meta::tests::binance_open_interest_parses_its_coin_amount ... ok
test market_meta::tests::coingecko_fills_the_gap_binance_never_listed ... ok
test apns::tests::a_provider_token_is_a_signed_es256_jwt ... ok
test market_meta::tests::fields_are_never_stitched_across_two_identities ... ok
test market_meta::tests::missing_fields_are_dropped_rather_than_nulled ... ok
test market_meta::tests::oi_payload_drops_an_unknown_notional ... ok
test market_meta::tests::okx_instrument_ids_are_built_from_the_plain_symbol ... ok
test market_meta::tests::okx_swaps_parse_with_their_own_notional ... ok
test market_meta::tests::omitting_symbols_returns_the_whole_table ... ok
test market_meta::tests::only_bundles_lose_their_prefix ... ok
test market_meta::tests::prices_turn_the_amount_into_a_notional ... ok
test market_meta::tests::products_only_fill_what_apex_left_empty ... ok
test market_meta::tests::quote_assets_come_off_the_symbol ... ok
test market_meta::tests::rates_come_out_of_the_fx_feed_with_the_dollar_itself ... ok
test market_meta::tests::symbols_filter_omits_what_we_cannot_resolve ... ok
test market_meta::tests::the_contract_list_says_what_each_symbol_tracks_and_writes_on ... ok
test market_meta::tests::the_listing_page_hides_its_numbers_behind_an_index ... ok
test market_meta::tests::the_underlying_type_truth_table_is_shared_with_the_client ... ok
test market_meta::tests::a_stock_page_that_never_answers_does_not_hold_up_the_table ... ok
test market_meta::tests::two_contracts_on_one_company_report_the_same_market_cap ... ok
test market_meta::tests::the_unfiltered_answer_only_synthesises_symbols_for_proven_coins ... ok
test market_meta::tests::a_request_arriving_during_warm_up_waits_for_it_instead_of_fetching_again ... ok
test migrations::migrations_after_0010_are_lock_free ... ok
test oi_archive::tests::a_missing_column_leaves_the_day_empty_rather_than_guessing ... ok
test market_meta::tests::a_restored_snapshot_keeps_its_age ... ok
test oi_archive::tests::a_settled_missing_day_is_a_permanent_gap_and_is_never_asked_again ... ok
test oi_archive::tests::a_week_bucket_starts_on_monday_for_a_midweek_observation ... ok
test oi_archive::tests::a_recent_missing_day_is_asked_again_once_the_short_ttl_lapses ... ok
test market_meta::tests::without_the_contract_list_the_table_answers_nothing ... ok
test oi_archive::tests::buckets_follow_the_calendar_and_leave_the_finest_intervals_alone ... ok
test oi_archive::tests::day_names_address_the_archive ... ok
test oi_archive::tests::archive_rows_parse_in_time_order_however_the_dump_is_ordered ... ok
test oi_archive::tests::unreadable_rows_are_skipped_not_fatal ... ok
test review_market::tests::a_rate_limited_gateway_is_left_alone_until_the_cooldown_lapses ... ok
test review_market::tests::the_gateway_says_how_long_to_wait_and_we_believe_the_header_first ... ok
test review_worker::tests::exact_trades_choose_first_event_including_equal_timestamp ... ok
test review_worker::tests::gaps_cannot_turn_expiry_into_a_loss ... ok
test review_worker::tests::inclusive_trade_boundary_moves_next_checkpoint_one_millisecond ... ok
test review_worker::tests::missing_trade_id_cannot_prove_an_early_target ... ok
test review_worker::tests::same_bar_two_touches_never_guesses_order ... ok
test review_worker::tests::unclosed_bar_and_submission_bar_cannot_win_bar_close ... ok
test sector_history::tests::a_second_contract_neither_resets_nor_slips_past_the_ban ... ok
test sector_history::tests::only_the_contracts_short_of_yesterday_are_asked_for ... ok
test sector_history::tests::a_told_wait_is_believed_and_other_failures_are_just_one_contract ... ok
test oi_archive::tests::the_entry_ceiling_evicts_the_zero_byte_markers_before_any_real_slice ... ok
test sector_history::tests::only_trading_perpetuals_are_collected ... ok
test sector_history::tests::the_next_run_is_the_next_ten_past_midnight ... ok
test sector_history::tests::the_payload_omits_what_it_does_not_have ... ok
test sector_history::tests::the_payload_windows_move_with_asof ... ok
test sector_history::tests::the_table_takes_a_repeated_sweep_without_growing_or_drifting ... ok
test sector_history::tests::todays_unfinished_candle_is_dropped ... ok
test sector_history::tests::unreadable_rows_are_skipped_not_zeroed ... ok
test sector_history::tests::window_days_are_calendar_days ... ok
test share::tests::intervals_match_native ... ok
test share::tests::bad_drawings_use_sync_validation ... ok
test sync::tests::a_dropped_field_keeps_its_name_in_the_receipt ... ok
test sync::tests::a_malformed_path_is_still_refused ... ok
test sync::tests::a_name_this_server_never_heard_of_loses_the_field_not_the_operation ... ok
test sync::tests::a_value_that_cannot_be_right_is_still_refused ... ok
test sync::tests::alert_sound_is_accepted_and_invalid_values_are_refused ... ok
test sync::tests::every_wire_key_has_a_value_rule ... ok
test sync::tests::pinching_the_chart_now_reaches_the_server ... ok
test sync::tests::the_allowlist_is_what_ios_sends ... ok
test sync_validation::tests::a_caption_travels_with_its_note ... ok
test sync_validation::tests::a_close_confirmation_alert_is_accepted_and_evaluated ... ok
test sync_validation::tests::a_usdc_margined_contract_is_a_real_symbol ... ok
test sync_validation::tests::an_alert_carries_every_field_the_document_names ... ok
test sync_validation::tests::a_many_pointed_pattern_keeps_all_its_anchors ... ok
test sync_validation::tests::clearing_a_caption_is_accepted_in_both_spellings ... ok
test sync_validation::tests::an_alert_must_agree_with_its_own_identity ... ok
test sync::tests::bulk_and_oversized_payloads_are_still_refused ... ok
test sync_validation::tests::every_tool_on_the_panel_can_be_stored ... ok
test sync_validation::tests::re_arming_an_alert_clears_the_fired_marks ... ok
test sync_validation::tests::sixty_characters_of_anything_still_fit ... ok
test sync_validation::tests::every_drawing_tool_is_in_the_contract ... ok
test sync_validation::tests::the_geometry_is_polylines_of_finite_numbers ... ok
test sync_validation::tests::the_new_settings_carry_their_own_limits ... ok
test market_meta::tests::the_snapshot_serves_the_next_start_and_a_broken_file_only_means_no_snapshot ... ok
test sync_validation::tests::the_indicator_vocabulary_is_the_contract_one ... ok
test market_meta::tests::each_way_the_inputs_can_fail_has_its_own_answer ... ok
test market_meta::tests::a_page_we_could_read_decides_between_blank_and_carried ... ok
test market_meta::tests::a_round_with_no_classification_at_all_publishes_nothing_and_fails ... ok
test market_meta::tests::per_symbol_slots_expire_too ... ok
test market_meta::tests::a_cached_value_expires_but_stays_readable ... ok
test oi_archive::tests::a_source_that_keeps_refusing_is_held_off_instead_of_being_asked_for_every_day ... ok

test result: ok. 154 passed; 0 failed; 0 ignored; 0 measured; 0 filtered out; finished in 0.69s

