Command line invocation:
    /Applications/Xcode.app/Contents/Developer/usr/bin/xcodebuild test-without-building -workspace Kanpan.xcworkspace -scheme Kanpan -destination "platform=iOS Simulator,name=iPhone 16 Pro" -derivedDataPath DerivedData-drawing -parallel-testing-enabled NO -resultBundlePath docs/acceptance/drawing-v2/drawing-r7.xcresult "-only-testing:KanpanUITests/ChartFoundationUITests/testDrawingToolsAndPersistentStyles"

Resolve Package Graph


Resolved source packages:
  KanpanCore: /Users/mdd/zhk/kanpan/KanpanCore @ local
  KanpanData: /Users/mdd/zhk/kanpan/KanpanData @ local
  KanpanChart: /Users/mdd/zhk/kanpan/KanpanChart @ local

Writing result bundle at path:
	/Users/mdd/zhk/kanpan/docs/acceptance/drawing-v2/drawing-r7.xcresult

2026-09-15 13:06:24.926519+0800 KanpanUITests-Runner[20998:33547790] [Default] Running tests...
objc[20998]: Class UIAccessibilityLoaderWebShared is implemented in both /Library/Developer/CoreSimulator/Volumes/iOS_23F77/Library/Developer/CoreSimulator/Profiles/Runtimes/iOS 26.5.simruntime/Contents/Resources/RuntimeRoot/System/Library/AccessibilityBundles/WebCore.axbundle/WebCore (0x107158310) and /Library/Developer/CoreSimulator/Volumes/iOS_23F77/Library/Developer/CoreSimulator/Profiles/Runtimes/iOS 26.5.simruntime/Contents/Resources/RuntimeRoot/System/Library/AccessibilityBundles/WebKit.axbundle/WebKit (0x1065a4398). This may cause spurious casting failures and mysterious crashes. One of the duplicates must be removed or renamed.
    t =      nans Interface orientation changed to Portrait
Test Suite 'Selected tests' started at 2026-09-15 13:06:28.161.
Test Suite 'KanpanUITests.xctest' started at 2026-09-15 13:06:28.162.
Test Suite 'ChartFoundationUITests' started at 2026-09-15 13:06:28.162.
Test Case '-[KanpanUITests.ChartFoundationUITests testDrawingToolsAndPersistentStyles]' started.
    t =     0.00s Start Test at 2026-09-15 13:06:28.164
    t =     0.25s Set Up
    t =     0.25s     Setting device orientation to Portrait
    t =     0.26s         Device orientation changed to Portrait
    t =     0.38s         Wait for com.apple.springboard to idle
    t =     0.43s     Open com.mdd.kanpan
    t =     0.43s         Launch com.mdd.kanpan
2026-09-15 13:06:29.019 xcodebuild[20694:33544650] [MT] IDELaunchParametersSnapshot: The operation couldn’t be completed. (DebuggerLLDB.DebuggerVersionStore.StoreError error 0.)
2026-09-15 13:06:29.019 xcodebuild[20694:33544650] [MT] IDELaunchParametersSnapshot: no debugger version
    t =     2.33s             Setting up automation session
    t =     3.25s             Wait for com.mdd.kanpan to idle
    t =     4.87s     Waiting 30.0s for "chart.canvas" Other to exist
    t =     5.90s         Checking `Expect predicate `existsNoRetry == 1` for object "chart.canvas" Other`
    t =     5.91s             Checking existence of `"chart.canvas" Other`
    t =     6.99s     Checking existence of `"chart.canvas" Other`
    t =     7.01s     Find the "chart.canvas" Other
    t =     7.18s Tap "interval.draw" Button
    t =     7.18s     Wait for com.mdd.kanpan to idle
    t =     7.19s     Find the "interval.draw" Button
    t =     7.20s     Check for interrupting elements affecting "interval.draw" Button
    t =     7.22s     Synthesize event
    t =     7.63s     Wait for com.mdd.kanpan to idle
    t =     7.64s Tap "draw.tools" Button
    t =     7.64s     Wait for com.mdd.kanpan to idle
    t =     7.64s     Find the "draw.tools" Button
    t =     7.69s     Check for interrupting elements affecting "draw.tools" Button
    t =     7.71s     Synthesize event
    t =     7.99s     Wait for com.mdd.kanpan to idle
    t =     8.20s Waiting 5.0s for "draw.tool.ray" Button to exist
    t =     9.25s     Checking `Expect predicate `existsNoRetry == 1` for object "draw.tool.ray" Button`
    t =     9.25s         Checking existence of `"draw.tool.ray" Button`
    t =     9.34s Find the Target Application 'com.mdd.kanpan'
    t =     9.46s Added attachment named '画线-工具分类'
    t =     9.46s Tap "draw.tool.ray" Button
    t =     9.46s     Wait for com.mdd.kanpan to idle
    t =     9.47s     Find the "draw.tool.ray" Button
    t =     9.50s     Check for interrupting elements affecting "draw.tool.ray" Button
    t =     9.54s     Synthesize event
    t =     9.84s     Wait for com.mdd.kanpan to idle
    t =    10.21s Tap "chart.canvas" Other[0.00, 0.00] -> (80.0, 100.0)
    t =    10.21s     Wait for com.mdd.kanpan to idle
    t =    10.23s     Find the "chart.canvas" Other
    t =    10.25s     Check for interrupting elements affecting "chart.canvas" Other
    t =    10.27s     Synthesize event
    t =    10.27s         Find the "chart.canvas" Other
    t =    10.30s         Find the "chart.canvas" Other
    t =    10.43s         Find the "chart.canvas" Other
    t =    10.76s     Wait for com.mdd.kanpan to idle
    t =    10.77s Tap "chart.canvas" Other[0.00, 0.00] -> (240.0, 160.0)
    t =    10.77s     Wait for com.mdd.kanpan to idle
    t =    10.77s     Find the "chart.canvas" Other
    t =    10.81s     Check for interrupting elements affecting "chart.canvas" Other
    t =    10.83s     Synthesize event
    t =    10.83s         Find the "chart.canvas" Other
    t =    10.85s         Find the "chart.canvas" Other
    t =    10.88s         Find the "chart.canvas" Other
    t =    11.18s     Wait for com.mdd.kanpan to idle
    t =    12.22s Checking existence of `"chart.canvas" Other`
    t =    12.45s Find the "chart.canvas" Other
    t =    12.53s Checking existence of `"chart.canvas" Other`
    t =    12.58s Find the "chart.canvas" Other
    t =    12.62s Find the "draw.undo" Button
    t =    12.65s Tap "draw.undo" Button
    t =    12.65s     Wait for com.mdd.kanpan to idle
    t =    12.66s     Find the "draw.undo" Button
    t =    12.68s     Check for interrupting elements affecting "draw.undo" Button
    t =    12.71s     Synthesize event
    t =    13.01s     Wait for com.mdd.kanpan to idle
    t =    14.03s Checking existence of `"chart.canvas" Other`
    t =    14.05s Find the "chart.canvas" Other
    t =    14.07s Tap "draw.redo" Button
    t =    14.07s     Wait for com.mdd.kanpan to idle
    t =    14.07s     Find the "draw.redo" Button
    t =    14.09s     Check for interrupting elements affecting "draw.redo" Button
    t =    14.11s     Synthesize event
    t =    14.40s     Wait for com.mdd.kanpan to idle
    t =    15.43s Checking existence of `"chart.canvas" Other`
    t =    15.46s Find the "chart.canvas" Other
    t =    15.48s Tap "chart.canvas" Other[0.00, 0.00] -> (80.0, 100.0)
    t =    15.48s     Wait for com.mdd.kanpan to idle
    t =    15.48s     Find the "chart.canvas" Other
    t =    15.50s     Check for interrupting elements affecting "chart.canvas" Other
    t =    15.52s     Synthesize event
    t =    15.52s         Find the "chart.canvas" Other
    t =    15.54s         Find the "chart.canvas" Other
    t =    15.66s         Find the "chart.canvas" Other
    t =    15.97s     Wait for com.mdd.kanpan to idle
    t =    15.97s Waiting 3.0s for "draw.style" Button to exist
    t =    17.00s     Checking `Expect predicate `existsNoRetry == 1` for object "draw.style" Button`
    t =    17.00s         Checking existence of `"draw.style" Button`
    t =    17.04s Tap "draw.style" Button
    t =    17.04s     Wait for com.mdd.kanpan to idle
    t =    17.04s     Find the "draw.style" Button
    t =    17.08s     Check for interrupting elements affecting "draw.style" Button
    t =    17.10s     Synthesize event
    t =    17.39s     Wait for com.mdd.kanpan to idle
    t =    17.61s Tap "color.#4A90E2" Button
    t =    17.61s     Wait for com.mdd.kanpan to idle
    t =    18.36s     Find the "color.#4A90E2" Button
    t =    18.47s     Check for interrupting elements affecting "color.#4A90E2" Button
    t =    18.51s     Synthesize event
    t =    18.82s     Wait for com.mdd.kanpan to idle
    t =    18.82s Tap "draw.save" Button
    t =    18.82s     Wait for com.mdd.kanpan to idle
    t =    18.83s     Find the "draw.save" Button
    t =    18.89s     Check for interrupting elements affecting "draw.save" Button
    t =    19.01s     Synthesize event
    t =    19.32s     Wait for com.mdd.kanpan to idle
    t =    21.16s Checking existence of `"chart.canvas" Other`
    t =    21.18s Find the "chart.canvas" Other
    t =    21.21s Tap "draw.lock" Button
    t =    21.21s     Wait for com.mdd.kanpan to idle
    t =    21.21s     Find the "draw.lock" Button
    t =    21.23s     Check for interrupting elements affecting "draw.lock" Button
    t =    21.25s     Synthesize event
    t =    21.54s     Wait for com.mdd.kanpan to idle
    t =    22.57s Checking existence of `"chart.canvas" Other`
    t =    22.60s Find the "chart.canvas" Other
    t =    22.63s Checking existence of `"chart.canvas" Other`
    t =    22.65s Find the "chart.canvas" Other
    t =    22.66s Find the Target Application 'com.mdd.kanpan'
    t =    22.76s Added attachment named '画线-射线颜色与锁定'
    t =    22.76s Tap "draw.finish" Button
    t =    22.76s     Wait for com.mdd.kanpan to idle
    t =    22.76s     Find the "draw.finish" Button
    t =    22.78s     Check for interrupting elements affecting "draw.finish" Button
    t =    22.81s     Synthesize event
    t =    23.11s     Wait for com.mdd.kanpan to idle
    t =    23.11s Terminate com.mdd.kanpan:21044
    t =    24.18s Open com.mdd.kanpan
    t =    24.19s     Launch com.mdd.kanpan
2026-09-15 13:06:52.358 xcodebuild[20694:33544650] [MT] IDELaunchParametersSnapshot: The operation couldn’t be completed. (DebuggerLLDB.DebuggerVersionStore.StoreError error 0.)
2026-09-15 13:06:52.358 xcodebuild[20694:33544650] [MT] IDELaunchParametersSnapshot: no debugger version
    t =    24.41s         Setting up automation session
    t =    25.52s         Wait for com.mdd.kanpan to idle
    t =    27.07s Waiting 30.0s for "chart.canvas" Other to exist
    t =    28.10s     Checking `Expect predicate `existsNoRetry == 1` for object "chart.canvas" Other`
    t =    28.10s         Checking existence of `"chart.canvas" Other`
    t =    29.18s Checking existence of `"chart.canvas" Other`
    t =    29.20s Find the "chart.canvas" Other
    t =    29.21s Checking existence of `"chart.canvas" Other`
    t =    29.23s Find the "chart.canvas" Other
    t =    29.24s Checking existence of `"chart.canvas" Other`
    t =    29.25s Find the "chart.canvas" Other
    t =    29.27s Tap "interval.draw" Button
    t =    29.27s     Wait for com.mdd.kanpan to idle
    t =    29.27s     Find the "interval.draw" Button
    t =    29.28s     Check for interrupting elements affecting "interval.draw" Button
    t =    29.30s     Synthesize event
    t =    29.59s     Wait for com.mdd.kanpan to idle
    t =    29.59s Tap "draw.objects.quick" Button
    t =    29.59s     Wait for com.mdd.kanpan to idle
    t =    29.60s     Find the "draw.objects.quick" Button
    t =    29.63s     Check for interrupting elements affecting "draw.objects.quick" Button
    t =    29.64s     Synthesize event
    t =    29.94s     Wait for com.mdd.kanpan to idle
    t =    29.98s Waiting 5.0s for "draw.object.d91E9471C-7B96-4392-941E-804AEAAA7E34" Button to exist
    t =    31.00s     Checking `Expect predicate `existsNoRetry == 1` for object "draw.object.d91E9471C-7B96-4392-941E-804AEAAA7E34" Button`
    t =    31.00s         Checking existence of `"draw.object.d91E9471C-7B96-4392-941E-804AEAAA7E34" Button`
    t =    31.06s Find the Target Application 'com.mdd.kanpan'
    t =    31.17s Added attachment named '画线-重启恢复对象'
    t =    31.17s Tap "隐藏画线" Button
    t =    31.17s     Wait for com.mdd.kanpan to idle
    t =    31.17s     Find the "隐藏画线" Button
    t =    31.20s     Check for interrupting elements affecting "eye" Button
    t =    31.23s     Synthesize event
    t =    31.52s     Wait for com.mdd.kanpan to idle
    t =    32.29s Tap "chart.canvas" Other[0.00, 0.00] -> (150.0, 50.0)
    t =    32.29s     Wait for com.mdd.kanpan to idle
    t =    32.29s     Find the "chart.canvas" Other
    t =    32.33s     Check for interrupting elements affecting "chart.canvas" Other
    t =    32.36s     Synthesize event
    t =    32.36s         Find the "chart.canvas" Other
    t =    32.40s         Find the "chart.canvas" Other
    t =    32.43s         Find the "chart.canvas" Other
    t =    32.74s     Wait for com.mdd.kanpan to idle
    t =    34.10s Checking existence of `"draw.sheet.done" Button`
    t =    34.13s Checking existence of `"chart.canvas" Other`
    t =    34.15s Find the "chart.canvas" Other
    t =    35.20s Checking existence of `"chart.canvas" Other`
    t =    35.23s Find the "chart.canvas" Other
    t =    35.25s Setting device orientation to Landscape Left
    t =    35.25s     Device orientation changed to Landscape Left
    t =    35.32s     Interface orientation changed to Landscape Right
    t =    35.32s     Wait for com.mdd.kanpan to idle
    t =    36.51s Find the "chart.canvas" Other
    t =    36.55s Find the "chart.canvas" Other
    t =    36.56s Find the "draw.tools" Button
    t =    36.58s Tap "draw.tools" Button
    t =    36.58s     Wait for com.mdd.kanpan to idle
    t =    36.59s     Find the "draw.tools" Button
    t =    36.60s     Check for interrupting elements affecting "draw.tools" Button
    t =    36.61s     Synthesize event
    t =    36.90s     Wait for com.mdd.kanpan to idle
    t =    37.59s Waiting 5.0s for "draw.sheet.done" Button to exist
    t =    38.60s     Checking `Expect predicate `existsNoRetry == 1` for object "draw.sheet.done" Button`
    t =    38.60s         Checking existence of `"draw.sheet.done" Button`
    t =    38.66s Checking existence of `"draw.tool.ray" Button`
    t =    38.69s Press CollectionView (First Match)[0.50, 0.80] for 0.1 seconds, then drag to CollectionView (First Match)[0.50, 0.55] with velocity of 250.00 pixels per second, and then hold for 0.1 seconds 
    t =    38.69s     Wait for com.mdd.kanpan to idle
    t =    38.69s     Find the CollectionView (First Match)
    t =    38.72s     Check for interrupting elements affecting CollectionView
    t =    38.75s     Synthesize event
    t =    38.75s         Find the CollectionView at {{0.0, 0.0}, {874.0, 402.0}}
    t =    38.79s         Find the CollectionView at {{0.0, 0.0}, {874.0, 402.0}}
    t =    38.82s         Find the CollectionView at {{0.0, 0.0}, {874.0, 402.0}}
    t =    38.86s         Find the CollectionView at {{0.0, 0.0}, {874.0, 402.0}}
    t =    38.90s         Find the CollectionView at {{0.0, 0.0}, {874.0, 402.0}}
    t =    39.74s     Wait for com.mdd.kanpan to idle
    t =    40.13s Checking existence of `"draw.tool.ray" Button`
    t =    40.17s Find the "draw.tool.ray" Button
    t =    40.21s Press CollectionView (First Match)[0.50, 0.80] for 0.1 seconds, then drag to CollectionView (First Match)[0.50, 0.55] with velocity of 250.00 pixels per second, and then hold for 0.1 seconds 
    t =    40.21s     Wait for com.mdd.kanpan to idle
    t =    40.21s     Find the CollectionView (First Match)
    t =    40.25s     Check for interrupting elements affecting CollectionView
    t =    40.28s     Synthesize event
    t =    40.28s         Find the CollectionView at {{0.0, 0.0}, {874.0, 402.0}}
    t =    40.45s         Find the CollectionView at {{0.0, 0.0}, {874.0, 402.0}}
    t =    40.49s         Find the CollectionView at {{0.0, 0.0}, {874.0, 402.0}}
    t =    40.53s         Find the CollectionView at {{0.0, 0.0}, {874.0, 402.0}}
    t =    40.56s         Find the CollectionView at {{0.0, 0.0}, {874.0, 402.0}}
    t =    41.42s     Wait for com.mdd.kanpan to idle
    t =    41.44s Checking existence of `"draw.tool.ray" Button`
    t =    41.48s Find the "draw.tool.ray" Button
    t =    41.53s Find the "draw.tool.ray" Button
    t =    41.56s Tap "draw.sheet.done" Button
    t =    41.56s     Wait for com.mdd.kanpan to idle
    t =    41.57s     Find the "draw.sheet.done" Button
    t =    41.60s     Check for interrupting elements affecting "draw.sheet.done" Button
    t =    41.63s     Synthesize event
    t =    41.92s     Wait for com.mdd.kanpan to idle
    t =    43.72s Checking existence of `"draw.sheet.done" Button`
    t =    43.75s Find the "draw.tools" Button
    t =    43.85s Added attachment named '画线-横屏工具栏'
    t =    43.85s Setting device orientation to Portrait
    t =    43.85s     Device orientation changed to Portrait
    t =    43.88s     Interface orientation changed to Portrait
    t =    43.88s     Wait for com.mdd.kanpan to idle
    t =    44.00s Terminate com.mdd.kanpan:21121
    t =    45.06s Open com.mdd.kanpan
    t =    45.06s     Launch com.mdd.kanpan
2026-09-15 13:07:13.227 xcodebuild[20694:33544650] [MT] IDELaunchParametersSnapshot: The operation couldn’t be completed. (DebuggerLLDB.DebuggerVersionStore.StoreError error 0.)
2026-09-15 13:07:13.227 xcodebuild[20694:33544650] [MT] IDELaunchParametersSnapshot: no debugger version
    t =    45.27s         Setting up automation session
    t =    45.97s         Wait for com.mdd.kanpan to idle
    t =    47.29s Waiting 30.0s for "chart.canvas" Other to exist
    t =    48.30s     Checking `Expect predicate `existsNoRetry == 1` for object "chart.canvas" Other`
    t =    48.30s         Checking existence of `"chart.canvas" Other`
    t =    49.37s Checking existence of `"chart.canvas" Other`
    t =    49.40s Find the "chart.canvas" Other
    t =    49.41s Tap "interval.draw" Button
    t =    49.41s     Wait for com.mdd.kanpan to idle
    t =    49.41s     Find the "interval.draw" Button
    t =    49.43s     Check for interrupting elements affecting "interval.draw" Button
    t =    49.44s     Synthesize event
    t =    49.73s     Wait for com.mdd.kanpan to idle
    t =    49.74s Tap "draw.objects.quick" Button
    t =    49.74s     Wait for com.mdd.kanpan to idle
    t =    49.74s     Find the "draw.objects.quick" Button
    t =    49.77s     Check for interrupting elements affecting "draw.objects.quick" Button
    t =    49.78s     Synthesize event
    t =    50.08s     Wait for com.mdd.kanpan to idle
    t =    50.53s Tap "draw.object.d91E9471C-7B96-4392-941E-804AEAAA7E34" Button
    t =    50.53s     Wait for com.mdd.kanpan to idle
    t =    50.54s     Find the "draw.object.d91E9471C-7B96-4392-941E-804AEAAA7E34" Button
    t =    50.59s     Check for interrupting elements affecting "draw.object.d91E9471C-7B96-4392-941E-804AEAAA7E34" Button
    t =    50.73s     Synthesize event
    t =    51.01s     Wait for com.mdd.kanpan to idle
    t =    51.43s Waiting 5.0s for "draw.copy" Button to exist
    t =    52.44s     Checking `Expect predicate `existsNoRetry == 1` for object "draw.copy" Button`
    t =    52.44s         Checking existence of `"draw.copy" Button`
    t =    52.46s Tap "draw.copy" Button
    t =    52.46s     Wait for com.mdd.kanpan to idle
    t =    52.46s     Find the "draw.copy" Button
    t =    52.48s     Check for interrupting elements affecting "draw.copy" Button
    t =    52.50s     Synthesize event
    t =    52.79s     Wait for com.mdd.kanpan to idle
    t =    53.80s Checking existence of `"chart.canvas" Other`
    t =    53.82s Find the "chart.canvas" Other
    t =    53.84s Tap "draw.delete" Button
    t =    53.84s     Wait for com.mdd.kanpan to idle
    t =    53.85s     Find the "draw.delete" Button
    t =    53.86s     Check for interrupting elements affecting "draw.delete" Button
    t =    53.88s     Synthesize event
    t =    54.17s     Wait for com.mdd.kanpan to idle
    t =    55.20s Checking existence of `"chart.canvas" Other`
    t =    55.21s Find the "chart.canvas" Other
    t =    55.23s Tap "draw.undo" Button
    t =    55.23s     Wait for com.mdd.kanpan to idle
    t =    55.23s     Find the "draw.undo" Button
    t =    55.25s     Check for interrupting elements affecting "draw.undo" Button
    t =    55.27s     Synthesize event
    t =    55.55s     Wait for com.mdd.kanpan to idle
    t =    56.59s Checking existence of `"chart.canvas" Other`
    t =    56.61s Find the "chart.canvas" Other
    t =    56.63s Tap "draw.redo" Button
    t =    56.63s     Wait for com.mdd.kanpan to idle
    t =    56.63s     Find the "draw.redo" Button
    t =    56.65s     Check for interrupting elements affecting "draw.redo" Button
    t =    56.68s     Synthesize event
    t =    56.98s     Wait for com.mdd.kanpan to idle
    t =    58.01s Checking existence of `"chart.canvas" Other`
    t =    58.03s Find the "chart.canvas" Other
    t =    58.05s Find the Target Application 'com.mdd.kanpan'
    t =    58.14s Added attachment named '画线-只删除选中对象并可撤销'
    t =    58.14s Tap "draw.magnet.quick" Button
    t =    58.14s     Wait for com.mdd.kanpan to idle
    t =    58.14s     Find the "draw.magnet.quick" Button
    t =    58.16s     Check for interrupting elements affecting "draw.magnet.quick" Button
    t =    58.18s     Synthesize event
    t =    58.47s     Wait for com.mdd.kanpan to idle
    t =    58.47s Tap "draw.continuous.quick" Button
    t =    58.47s     Wait for com.mdd.kanpan to idle
    t =    58.47s     Find the "draw.continuous.quick" Button
    t =    58.49s     Check for interrupting elements affecting "draw.continuous.quick" Button
    t =    58.51s     Synthesize event
    t =    58.80s     Wait for com.mdd.kanpan to idle
    t =    58.80s Terminate com.mdd.kanpan:21168
    t =    59.84s Open com.mdd.kanpan
    t =    59.84s     Launch com.mdd.kanpan
2026-09-15 13:07:28.007 xcodebuild[20694:33544650] [MT] IDELaunchParametersSnapshot: The operation couldn’t be completed. (DebuggerLLDB.DebuggerVersionStore.StoreError error 0.)
2026-09-15 13:07:28.007 xcodebuild[20694:33544650] [MT] IDELaunchParametersSnapshot: no debugger version
    t =    60.05s         Setting up automation session
    t =    60.75s         Wait for com.mdd.kanpan to idle
    t =    62.06s Waiting 30.0s for "chart.canvas" Other to exist
    t =    63.07s     Checking `Expect predicate `existsNoRetry == 1` for object "chart.canvas" Other`
    t =    63.07s         Checking existence of `"chart.canvas" Other`
    t =    64.15s Checking existence of `"chart.canvas" Other`
    t =    64.18s Find the "chart.canvas" Other
    t =    64.20s Checking existence of `"chart.canvas" Other`
    t =    64.21s Find the "chart.canvas" Other
    t =    64.23s Checking existence of `"chart.canvas" Other`
    t =    64.24s Find the "chart.canvas" Other
    t =    64.26s Tear Down
    t =    64.26s     Find the Target Application 'com.mdd.kanpan'
    t =    64.35s     Added attachment named 'Screenshot of Target Application 'com.mdd.kanpan'.png'
    t =    64.35s     Terminate com.mdd.kanpan:21192
Test Case '-[KanpanUITests.ChartFoundationUITests testDrawingToolsAndPersistentStyles]' passed (65.511 seconds).
Test Suite 'ChartFoundationUITests' passed at 2026-09-15 13:07:33.676.
	 Executed 1 test, with 0 failures (0 unexpected) in 65.511 (65.514) seconds
Test Suite 'KanpanUITests.xctest' passed at 2026-09-15 13:07:33.677.
	 Executed 1 test, with 0 failures (0 unexpected) in 65.511 (65.515) seconds
Test Suite 'Selected tests' passed at 2026-09-15 13:07:33.677.
	 Executed 1 test, with 0 failures (0 unexpected) in 65.511 (65.516) seconds
2026-09-15 13:07:46.479 xcodebuild[20694:33544650] [MT] IDETestOperationsObserverDebug: 104.455 elapsed -- Testing started completed.
2026-09-15 13:07:46.479 xcodebuild[20694:33544650] [MT] IDETestOperationsObserverDebug: 0.000 sec, +0.000 sec -- start
2026-09-15 13:07:46.479 xcodebuild[20694:33544650] [MT] IDETestOperationsObserverDebug: 104.455 sec, +104.455 sec -- end

Test session results, code coverage, and logs:
	/Users/mdd/zhk/kanpan/docs/acceptance/drawing-v2/drawing-r7.xcresult

** TEST EXECUTE SUCCEEDED **

Testing started
