Command line invocation:
    /Applications/Xcode.app/Contents/Developer/usr/bin/xcodebuild test-without-building -workspace Kanpan.xcworkspace -scheme Kanpan -destination "platform=iOS Simulator,name=iPad mini (A17 Pro)" -derivedDataPath DerivedData-drawing -parallel-testing-enabled NO -resultBundlePath docs/acceptance/drawing-v2/ipad.xcresult "-only-testing:KanpanUITests/ChartFoundationUITests/testDrawingRectangleChannelAndFibonacci" "-only-testing:KanpanUITests/ChartFoundationUITests/testIndicatorColorSaveCancelAndRestart"

Resolve Package Graph


Resolved source packages:
  KanpanCore: /Users/mdd/zhk/kanpan/KanpanCore @ local
  KanpanData: /Users/mdd/zhk/kanpan/KanpanData @ local
  KanpanChart: /Users/mdd/zhk/kanpan/KanpanChart @ local

Writing result bundle at path:
	/Users/mdd/zhk/kanpan/docs/acceptance/drawing-v2/ipad.xcresult

Resolve Package Graph

Resolve Package Graph

Resolve Package Graph

Resolve Package Graph

Resolve Package Graph

Resolve Package Graph

Resolve Package Graph

2026-09-15 12:50:36.595083+0800 KanpanUITests-Runner[17424:33486911] [Default] Running tests...
2026-09-15 12:50:36.641654+0800 KanpanUITests-Runner[17424:33486911] [UIKit App Config] Update the Info.plist: Launch screens will soon be required.
objc[17424]: Class UIAccessibilityLoaderWebShared is implemented in both /Library/Developer/CoreSimulator/Volumes/iOS_23F77/Library/Developer/CoreSimulator/Profiles/Runtimes/iOS 26.5.simruntime/Contents/Resources/RuntimeRoot/System/Library/AccessibilityBundles/WebCore.axbundle/WebCore (0x1094f4310) and /Library/Developer/CoreSimulator/Volumes/iOS_23F77/Library/Developer/CoreSimulator/Profiles/Runtimes/iOS 26.5.simruntime/Contents/Resources/RuntimeRoot/System/Library/AccessibilityBundles/WebKit.axbundle/WebKit (0x109188398). This may cause spurious casting failures and mysterious crashes. One of the duplicates must be removed or renamed.
    t =      nans Interface orientation changed to Portrait
Test Suite 'Selected tests' started at 2026-09-15 12:50:41.852.
Test Suite 'KanpanUITests.xctest' started at 2026-09-15 12:50:41.854.
Test Suite 'ChartFoundationUITests' started at 2026-09-15 12:50:41.854.
Test Case '-[KanpanUITests.ChartFoundationUITests testDrawingRectangleChannelAndFibonacci]' started.
    t =     0.01s Start Test at 2026-09-15 12:50:41.862
    t =     0.44s Set Up
    t =     0.44s     Setting device orientation to Portrait
    t =     0.45s         Device orientation changed to Portrait
    t =     0.51s         Wait for com.apple.DocumentManager.DockFolderViewService to idle
    t =     0.56s         Wait for com.apple.springboard to idle
    t =     0.66s     Open com.mdd.kanpan
    t =     0.66s         Launch com.mdd.kanpan
2026-09-15 12:50:42.992 xcodebuild[17135:33483196] [MT] IDELaunchParametersSnapshot: The operation couldn’t be completed. (DebuggerLLDB.DebuggerVersionStore.StoreError error 0.)
2026-09-15 12:50:42.992 xcodebuild[17135:33483196] [MT] IDELaunchParametersSnapshot: no debugger version
    t =     2.41s             Setting up automation session
    t =     3.43s             Wait for com.mdd.kanpan to idle
    t =     5.10s     Waiting 30.0s for "chart.canvas" Other to exist
    t =     6.14s         Checking `Expect predicate `existsNoRetry == 1` for object "chart.canvas" Other`
    t =     6.15s             Checking existence of `"chart.canvas" Other`
    t =     7.26s     Checking existence of `"chart.canvas" Other`
    t =     7.29s     Find the "chart.canvas" Other
    t =     7.43s Tap "interval.draw" Button
    t =     7.43s     Wait for com.mdd.kanpan to idle
    t =     7.46s     Find the "interval.draw" Button
    t =     7.49s     Check for interrupting elements affecting "interval.draw" Button
    t =     7.52s         Wait for com.apple.springboard to idle
    t =     7.59s     Synthesize event
    t =     8.03s     Wait for com.mdd.kanpan to idle
    t =     8.04s Tap "draw.tools" Button
    t =     8.04s     Wait for com.mdd.kanpan to idle
    t =     8.04s     Find the "draw.tools" Button
    t =     8.08s     Check for interrupting elements affecting "draw.tools" Button
    t =     8.10s         Wait for com.apple.springboard to idle
    t =     8.12s     Synthesize event
    t =     8.41s     Wait for com.mdd.kanpan to idle
    t =     8.66s Checking existence of `"draw.tool.rectangle" Button`
    t =     8.86s Swipe up Target Application 'com.mdd.kanpan'
    t =     8.86s     Wait for com.mdd.kanpan to idle
    t =     9.52s     Find the Target Application 'com.mdd.kanpan'
    t =     9.55s     Check for interrupting elements affecting "Hntcoin" Application
    t =     9.59s         Wait for com.apple.springboard to idle
    t =     9.60s     Synthesize event
    t =    10.03s     Wait for com.mdd.kanpan to idle
    t =    11.29s Checking existence of `"draw.tool.rectangle" Button`
    t =    11.35s Find the "draw.tool.rectangle" Button
    t =    11.40s Find the "draw.tool.rectangle" Button
    t =    11.46s Tap "draw.tool.rectangle" Button
    t =    11.46s     Wait for com.mdd.kanpan to idle
    t =    11.46s     Find the "draw.tool.rectangle" Button
    t =    11.51s     Check for interrupting elements affecting "draw.tool.rectangle" Button
    t =    11.57s         Wait for com.apple.springboard to idle
    t =    11.59s     Synthesize event
    t =    11.95s     Wait for com.mdd.kanpan to idle
    t =    13.43s Checking existence of `"draw.sheet.done" Button`
    t =    13.45s Checking existence of `"chart.canvas" Other`
    t =    13.46s Find the "chart.canvas" Other
    t =    13.51s Tap "chart.canvas" Other[0.00, 0.00] -> (90.0, 279.8)
    t =    13.51s     Wait for com.mdd.kanpan to idle
    t =    13.53s     Find the "chart.canvas" Other
    t =    13.56s     Check for interrupting elements affecting "chart.canvas" Other
    t =    13.58s         Wait for com.apple.springboard to idle
    t =    13.60s     Synthesize event
    t =    13.60s         Find the "chart.canvas" Other
    t =    13.64s         Find the "chart.canvas" Other
    t =    13.67s         Find the "chart.canvas" Other
    t =    13.99s     Wait for com.mdd.kanpan to idle
    t =    14.01s Tap "chart.canvas" Other[0.00, 0.00] -> (245.0, 99.9)
    t =    14.01s     Wait for com.mdd.kanpan to idle
    t =    14.02s     Find the "chart.canvas" Other
    t =    14.06s     Check for interrupting elements affecting "chart.canvas" Other
    t =    14.08s         Wait for com.apple.springboard to idle
    t =    14.10s     Synthesize event
    t =    14.11s         Find the "chart.canvas" Other
    t =    14.14s         Find the "chart.canvas" Other
    t =    14.19s         Find the "chart.canvas" Other
    t =    14.51s     Wait for com.mdd.kanpan to idle
    t =    15.54s Checking existence of `"chart.canvas" Other`
    t =    15.58s Find the "chart.canvas" Other
    t =    15.60s Checking existence of `"chart.canvas" Other`
    t =    15.62s Find the "chart.canvas" Other
    t =    15.65s Find the Target Application 'com.mdd.kanpan'
    t =    15.82s Added attachment named '画线-rectangle'
    t =    15.83s Tap "draw.tools" Button
    t =    15.83s     Wait for com.mdd.kanpan to idle
    t =    15.83s     Find the "draw.tools" Button
    t =    15.86s     Check for interrupting elements affecting "draw.tools" Button
    t =    15.88s         Wait for com.apple.springboard to idle
    t =    15.91s     Synthesize event
    t =    16.22s     Wait for com.mdd.kanpan to idle
    t =    16.90s Checking existence of `"draw.tool.channel" Button`
    t =    16.97s Find the "draw.tool.channel" Button
    t =    17.03s Swipe up Target Application 'com.mdd.kanpan'
    t =    17.03s     Wait for com.mdd.kanpan to idle
    t =    17.04s     Find the Target Application 'com.mdd.kanpan'
    t =    17.06s     Check for interrupting elements affecting "Hntcoin" Application
    t =    17.10s         Wait for com.apple.springboard to idle
    t =    17.12s     Synthesize event
    t =    17.54s     Wait for com.mdd.kanpan to idle
    t =    18.82s Checking existence of `"draw.tool.channel" Button`
    t =    18.88s Find the "draw.tool.channel" Button
    t =    18.95s Find the "draw.tool.channel" Button
    t =    19.01s Tap "draw.tool.channel" Button
    t =    19.01s     Wait for com.mdd.kanpan to idle
    t =    19.01s     Find the "draw.tool.channel" Button
    t =    19.05s     Check for interrupting elements affecting "draw.tool.channel" Button
    t =    19.09s         Wait for com.apple.springboard to idle
    t =    19.10s     Synthesize event
    t =    19.39s     Wait for com.mdd.kanpan to idle
    t =    20.82s Checking existence of `"draw.sheet.done" Button`
    t =    20.87s Checking existence of `"chart.canvas" Other`
    t =    20.89s Find the "chart.canvas" Other
    t =    20.90s Tap "chart.canvas" Other[0.00, 0.00] -> (90.0, 279.8)
    t =    20.90s     Wait for com.mdd.kanpan to idle
    t =    20.91s     Find the "chart.canvas" Other
    t =    20.92s     Check for interrupting elements affecting "chart.canvas" Other
    t =    20.94s         Wait for com.apple.springboard to idle
    t =    20.96s     Synthesize event
    t =    20.96s         Find the "chart.canvas" Other
    t =    20.98s         Find the "chart.canvas" Other
    t =    21.00s         Find the "chart.canvas" Other
    t =    21.30s     Wait for com.mdd.kanpan to idle
    t =    21.30s Tap "chart.canvas" Other[0.00, 0.00] -> (245.0, 99.9)
    t =    21.30s     Wait for com.mdd.kanpan to idle
    t =    21.31s     Find the "chart.canvas" Other
    t =    21.32s     Check for interrupting elements affecting "chart.canvas" Other
    t =    21.34s         Wait for com.apple.springboard to idle
    t =    21.35s     Synthesize event
    t =    21.35s         Find the "chart.canvas" Other
    t =    21.37s         Find the "chart.canvas" Other
    t =    21.39s         Find the "chart.canvas" Other
    t =    21.69s     Wait for com.mdd.kanpan to idle
    t =    21.70s Tap "chart.canvas" Other[0.00, 0.00] -> (160.0, 259.8)
    t =    21.70s     Wait for com.mdd.kanpan to idle
    t =    21.70s     Find the "chart.canvas" Other
    t =    21.73s     Check for interrupting elements affecting "chart.canvas" Other
    t =    21.76s         Wait for com.apple.springboard to idle
    t =    21.77s     Synthesize event
    t =    21.77s         Find the "chart.canvas" Other
    t =    21.80s         Find the "chart.canvas" Other
    t =    21.83s         Find the "chart.canvas" Other
    t =    22.15s     Wait for com.mdd.kanpan to idle
    t =    23.18s Checking existence of `"chart.canvas" Other`
    t =    23.21s Find the "chart.canvas" Other
    t =    23.23s Checking existence of `"chart.canvas" Other`
    t =    23.25s Find the "chart.canvas" Other
    t =    23.27s Find the Target Application 'com.mdd.kanpan'
    t =    23.37s Added attachment named '画线-channel'
    t =    23.37s Tap "draw.tools" Button
    t =    23.37s     Wait for com.mdd.kanpan to idle
    t =    23.37s     Find the "draw.tools" Button
    t =    23.39s     Check for interrupting elements affecting "draw.tools" Button
    t =    23.41s         Wait for com.apple.springboard to idle
    t =    23.42s     Synthesize event
    t =    23.71s     Wait for com.mdd.kanpan to idle
    t =    24.38s Checking existence of `"draw.tool.fibonacci" Button`
    t =    24.43s Swipe up Target Application 'com.mdd.kanpan'
    t =    24.43s     Wait for com.mdd.kanpan to idle
    t =    24.44s     Find the Target Application 'com.mdd.kanpan'
    t =    24.46s     Check for interrupting elements affecting "Hntcoin" Application
    t =    24.49s         Wait for com.apple.springboard to idle
    t =    24.51s     Synthesize event
    t =    24.99s     Wait for com.mdd.kanpan to idle
    t =    26.15s Checking existence of `"draw.tool.fibonacci" Button`
    t =    26.21s Find the "draw.tool.fibonacci" Button
    t =    26.40s Find the "draw.tool.fibonacci" Button
    t =    26.47s Tap "draw.tool.fibonacci" Button
    t =    26.47s     Wait for com.mdd.kanpan to idle
    t =    26.47s     Find the "draw.tool.fibonacci" Button
    t =    26.55s     Check for interrupting elements affecting "draw.tool.fibonacci" Button
    t =    26.66s         Wait for com.apple.springboard to idle
    t =    26.69s     Synthesize event
    t =    27.03s     Wait for com.mdd.kanpan to idle
    t =    28.47s Checking existence of `"draw.sheet.done" Button`
    t =    28.49s Checking existence of `"chart.canvas" Other`
    t =    28.51s Find the "chart.canvas" Other
    t =    28.52s Tap "chart.canvas" Other[0.00, 0.00] -> (90.0, 279.8)
    t =    28.52s     Wait for com.mdd.kanpan to idle
    t =    28.53s     Find the "chart.canvas" Other
    t =    28.54s     Check for interrupting elements affecting "chart.canvas" Other
    t =    28.56s         Wait for com.apple.springboard to idle
    t =    28.57s     Synthesize event
    t =    28.58s         Find the "chart.canvas" Other
    t =    28.60s         Find the "chart.canvas" Other
    t =    28.61s         Find the "chart.canvas" Other
    t =    28.93s     Wait for com.mdd.kanpan to idle
    t =    28.94s Tap "chart.canvas" Other[0.00, 0.00] -> (245.0, 99.9)
    t =    28.94s     Wait for com.mdd.kanpan to idle
    t =    28.96s     Find the "chart.canvas" Other
    t =    28.98s     Check for interrupting elements affecting "chart.canvas" Other
    t =    29.00s         Wait for com.apple.springboard to idle
    t =    29.01s     Synthesize event
    t =    29.02s         Find the "chart.canvas" Other
    t =    29.04s         Find the "chart.canvas" Other
    t =    29.06s         Find the "chart.canvas" Other
    t =    29.36s     Wait for com.mdd.kanpan to idle
    t =    30.38s Checking existence of `"chart.canvas" Other`
    t =    30.40s Find the "chart.canvas" Other
    t =    30.42s Checking existence of `"chart.canvas" Other`
    t =    30.43s Find the "chart.canvas" Other
    t =    30.45s Find the Target Application 'com.mdd.kanpan'
    t =    30.54s Added attachment named '画线-fibonacci'
    t =    30.54s Checking existence of `"chart.canvas" Other`
    t =    30.56s Find the "chart.canvas" Other
    t =    30.58s Tap "draw.finish" Button
    t =    30.58s     Wait for com.mdd.kanpan to idle
    t =    30.58s     Find the "draw.finish" Button
    t =    30.60s     Check for interrupting elements affecting "draw.finish" Button
    t =    30.61s         Wait for com.apple.springboard to idle
    t =    30.63s     Synthesize event
    t =    30.91s     Wait for com.mdd.kanpan to idle
    t =    30.91s Tap "interval.chip.4h" Button
    t =    30.91s     Wait for com.mdd.kanpan to idle
    t =    30.91s     Find the "interval.chip.4h" Button
    t =    30.93s     Check for interrupting elements affecting "interval.chip.4h" Button
    t =    30.94s         Wait for com.apple.springboard to idle
    t =    30.95s     Synthesize event
    t =    31.24s     Wait for com.mdd.kanpan to idle
    t =    32.27s Checking existence of `"chart.canvas" Other`
    t =    32.29s Find the "chart.canvas" Other
    t =    32.31s Checking existence of `"chart.canvas" Other`
    t =    32.32s Find the "chart.canvas" Other
    t =    32.33s Terminate com.mdd.kanpan:17483
    t =    33.41s Open com.mdd.kanpan
    t =    33.41s     Launch com.mdd.kanpan
2026-09-15 12:51:15.272 xcodebuild[17135:33483196] [MT] IDELaunchParametersSnapshot: The operation couldn’t be completed. (DebuggerLLDB.DebuggerVersionStore.StoreError error 0.)
2026-09-15 12:51:15.272 xcodebuild[17135:33483196] [MT] IDELaunchParametersSnapshot: no debugger version
    t =    33.63s         Setting up automation session
    t =    34.35s         Wait for com.mdd.kanpan to idle
    t =    35.70s Waiting 30.0s for "chart.canvas" Other to exist
    t =    36.73s     Checking `Expect predicate `existsNoRetry == 1` for object "chart.canvas" Other`
    t =    36.73s         Checking existence of `"chart.canvas" Other`
    t =    37.79s Checking existence of `"chart.canvas" Other`
    t =    37.82s Find the "chart.canvas" Other
    t =    37.84s Find the Target Application 'com.mdd.kanpan'
    t =    37.97s Added attachment named '画线-多工具跨周期与重启'
    t =    37.97s Tear Down
    t =    37.97s     Find the Target Application 'com.mdd.kanpan'
    t =    38.06s     Added attachment named 'Screenshot of Target Application 'com.mdd.kanpan'.png'
    t =    38.06s     Terminate com.mdd.kanpan:17582
Test Case '-[KanpanUITests.ChartFoundationUITests testDrawingRectangleChannelAndFibonacci]' passed (39.318 seconds).
Test Case '-[KanpanUITests.ChartFoundationUITests testIndicatorColorSaveCancelAndRestart]' started.
    t =     0.00s Start Test at 2026-09-15 12:51:21.177
    t =     0.02s Set Up
2026-09-15 12:51:21.269 xcodebuild[17135:33483196] [MT] IDELaunchParametersSnapshot: The operation couldn’t be completed. (DebuggerLLDB.DebuggerVersionStore.StoreError error 0.)
2026-09-15 12:51:21.269 xcodebuild[17135:33483196] [MT] IDELaunchParametersSnapshot: no debugger version
    t =     0.02s     Setting device orientation to Portrait
    t =     0.03s         Wait for com.apple.DocumentManager.DockFolderViewService to idle
    t =     0.03s         Wait for com.apple.springboard to idle
    t =     0.04s     Open com.mdd.kanpan
    t =     0.04s         Launch com.mdd.kanpan
    t =     0.30s             Setting up automation session
    t =     1.11s             Wait for com.mdd.kanpan to idle
    t =     2.45s     Waiting 30.0s for "chart.canvas" Other to exist
    t =     3.47s         Checking `Expect predicate `existsNoRetry == 1` for object "chart.canvas" Other`
    t =     3.47s             Checking existence of `"chart.canvas" Other`
    t =     4.54s     Checking existence of `"chart.canvas" Other`
    t =     4.56s     Find the "chart.canvas" Other
    t =     4.58s Checking existence of `"chart.canvas" Other`
    t =     4.62s Find the "chart.canvas" Other
    t =     4.65s Tap "bottom.indicator" Button
    t =     4.65s     Wait for com.mdd.kanpan to idle
    t =     4.65s     Find the "bottom.indicator" Button
    t =     4.67s     Check for interrupting elements affecting "bottom.indicator" Button
    t =     4.68s         Wait for com.apple.springboard to idle
    t =     4.70s     Synthesize event
    t =     5.00s     Wait for com.mdd.kanpan to idle
    t =     5.44s Checking existence of `"indicator.edit.MA" Button`
    t =     5.58s Tap "indicator.edit.MA" Button
    t =     5.58s     Wait for com.mdd.kanpan to idle
    t =     5.58s     Find the "indicator.edit.MA" Button
    t =     5.69s     Check for interrupting elements affecting "indicator.edit.MA" Button
    t =     5.77s         Wait for com.apple.springboard to idle
    t =     5.79s     Synthesize event
    t =     6.08s     Wait for com.mdd.kanpan to idle
    t =     7.09s Find the "indicator.color.0.#4A90E2" Button
    t =     8.29s     Find the "indicator.color.0.#4A90E2" Button (retry 1)
    t =     9.52s     Find the "indicator.color.0.#4A90E2" Button (retry 2)
    t =     9.71s Swipe up Target Application 'com.mdd.kanpan'
    t =     9.71s     Wait for com.mdd.kanpan to idle
    t =     9.74s     Find the Target Application 'com.mdd.kanpan'
    t =     9.80s     Check for interrupting elements affecting "Hntcoin" Application
    t =     9.83s         Wait for com.apple.springboard to idle
    t =     9.85s     Synthesize event
    t =    10.28s     Wait for com.mdd.kanpan to idle
    t =    11.75s Find the "indicator.color.0.#4A90E2" Button
    t =    11.87s Find the "indicator.color.0.#4A90E2" Button
    t =    11.99s Tap "indicator.color.0.#4A90E2" Button
    t =    11.99s     Wait for com.mdd.kanpan to idle
    t =    11.99s     Find the "indicator.color.0.#4A90E2" Button
    t =    12.09s     Check for interrupting elements affecting "indicator.color.0.#4A90E2" Button
    t =    12.17s         Wait for com.apple.springboard to idle
    t =    12.19s     Synthesize event
    t =    12.47s     Wait for com.mdd.kanpan to idle
    t =    12.49s Find the Target Application 'com.mdd.kanpan'
    t =    12.61s Added attachment named 'MA-独立颜色编辑'
    t =    12.61s Tap "取消" Button
    t =    12.61s     Wait for com.mdd.kanpan to idle
    t =    12.62s     Find the "取消" Button
    t =    12.67s     Check for interrupting elements affecting "取消" Button
    t =    12.71s         Wait for com.apple.springboard to idle
    t =    12.72s     Synthesize event
    t =    13.01s     Wait for com.mdd.kanpan to idle
    t =    13.78s Waiting 5.0s for "panel.header" StaticText to exist
    t =    14.80s     Checking `Expect predicate `existsNoRetry == 1` for object "panel.header" StaticText`
    t =    14.80s         Checking existence of `"panel.header" StaticText`
    t =    14.84s Press "panel.header" StaticText[0.50, 0.50] for 0.1 seconds, then drag to Window (First Match)[0.50, 0.98] with velocity of 500.00 pixels per second, and then hold for 0.0 seconds 
    t =    14.84s     Wait for com.mdd.kanpan to idle
    t =    14.85s     Find the "panel.header" StaticText
    t =    14.91s     Check for interrupting elements affecting "panel.header" StaticText
    t =    14.99s         Wait for com.apple.springboard to idle
    t =    15.01s     Synthesize event
    t =    15.01s         Find the "panel.header" StaticText
    t =    15.07s         Find the "panel.header" StaticText
    t =    15.11s         Find the Window (First Match)
    t =    15.12s         Find the Window at {{0.0, 0.0}, {744.0, 1133.0}}
    t =    15.14s         Find the "panel.header" StaticText
    t =    16.71s     Wait for com.mdd.kanpan to idle
    t =    18.43s Checking existence of `"panel.header" StaticText`
    t =    18.45s Checking existence of `"chart.canvas" Other`
    t =    18.46s Find the "chart.canvas" Other
    t =    18.47s Tap "bottom.indicator" Button
    t =    18.47s     Wait for com.mdd.kanpan to idle
    t =    18.48s     Find the "bottom.indicator" Button
    t =    18.49s     Check for interrupting elements affecting "bottom.indicator" Button
    t =    18.51s         Wait for com.apple.springboard to idle
    t =    18.52s     Synthesize event
    t =    18.81s     Wait for com.mdd.kanpan to idle
    t =    19.17s Checking existence of `"indicator.edit.MA" Button`
    t =    19.23s Tap "indicator.edit.MA" Button
    t =    19.23s     Wait for com.mdd.kanpan to idle
    t =    19.23s     Find the "indicator.edit.MA" Button
    t =    19.29s     Check for interrupting elements affecting "indicator.edit.MA" Button
    t =    19.34s         Wait for com.apple.springboard to idle
    t =    19.36s     Synthesize event
    t =    19.66s     Wait for com.mdd.kanpan to idle
    t =    20.36s Find the "indicator.color.0.#4A90E2" Button
    t =    21.49s     Find the "indicator.color.0.#4A90E2" Button (retry 1)
    t =    22.59s     Find the "indicator.color.0.#4A90E2" Button (retry 2)
    t =    22.75s Swipe up Target Application 'com.mdd.kanpan'
    t =    22.75s     Wait for com.mdd.kanpan to idle
    t =    22.76s     Find the Target Application 'com.mdd.kanpan'
    t =    22.82s     Check for interrupting elements affecting "Hntcoin" Application
    t =    22.88s         Wait for com.apple.springboard to idle
    t =    22.90s     Synthesize event
    t =    23.31s     Wait for com.mdd.kanpan to idle
    t =    24.73s Find the "indicator.color.0.#4A90E2" Button
    t =    24.83s Find the "indicator.color.0.#4A90E2" Button
    t =    24.97s Tap "indicator.color.0.#4A90E2" Button
    t =    24.97s     Wait for com.mdd.kanpan to idle
    t =    24.99s     Find the "indicator.color.0.#4A90E2" Button
    t =    25.09s     Check for interrupting elements affecting "indicator.color.0.#4A90E2" Button
    t =    25.19s         Wait for com.apple.springboard to idle
    t =    25.21s     Synthesize event
    t =    25.51s     Wait for com.mdd.kanpan to idle
    t =    25.57s Find the Target Application 'com.mdd.kanpan'
    t =    25.71s Added attachment named 'MA-独立颜色编辑'
    t =    25.71s Tap "保存" Button
    t =    25.71s     Wait for com.mdd.kanpan to idle
    t =    25.71s     Find the "保存" Button
    t =    25.76s     Check for interrupting elements affecting "保存" Button
    t =    25.81s         Wait for com.apple.springboard to idle
    t =    25.82s     Synthesize event
    t =    26.12s     Wait for com.mdd.kanpan to idle
    t =    26.91s Waiting 5.0s for "panel.header" StaticText to exist
    t =    27.93s     Checking `Expect predicate `existsNoRetry == 1` for object "panel.header" StaticText`
    t =    27.93s         Checking existence of `"panel.header" StaticText`
    t =    27.97s Press "panel.header" StaticText[0.50, 0.50] for 0.1 seconds, then drag to Window (First Match)[0.50, 0.98] with velocity of 500.00 pixels per second, and then hold for 0.0 seconds 
    t =    27.97s     Wait for com.mdd.kanpan to idle
    t =    27.97s     Find the "panel.header" StaticText
    t =    28.00s     Check for interrupting elements affecting "panel.header" StaticText
    t =    28.03s         Wait for com.apple.springboard to idle
    t =    28.05s     Synthesize event
    t =    28.05s         Find the "panel.header" StaticText
    t =    28.09s         Find the "panel.header" StaticText
    t =    28.13s         Find the Window (First Match)
    t =    28.14s         Find the Window at {{0.0, 0.0}, {744.0, 1133.0}}
    t =    28.14s         Find the "panel.header" StaticText
    t =    29.71s     Wait for com.mdd.kanpan to idle
    t =    31.42s Checking existence of `"panel.header" StaticText`
    t =    32.47s Checking existence of `"chart.canvas" Other`
    t =    32.49s Find the "chart.canvas" Other
    t =    32.50s Tap "bottom.indicator" Button
    t =    32.50s     Wait for com.mdd.kanpan to idle
    t =    32.51s     Find the "bottom.indicator" Button
    t =    32.53s     Check for interrupting elements affecting "bottom.indicator" Button
    t =    32.55s         Wait for com.apple.springboard to idle
    t =    32.57s     Synthesize event
    t =    32.86s     Wait for com.mdd.kanpan to idle
    t =    33.21s Checking existence of `"indicator.edit.EMA" Button`
    t =    33.25s Tap "indicator.switch.EMA" Button
    t =    33.25s     Wait for com.mdd.kanpan to idle
    t =    33.26s     Find the "indicator.switch.EMA" Button
    t =    33.29s     Check for interrupting elements affecting "indicator.switch.EMA" Button
    t =    33.32s         Wait for com.apple.springboard to idle
    t =    33.34s     Synthesize event
    t =    33.64s     Wait for com.mdd.kanpan to idle
    t =    34.36s Tap "indicator.edit.EMA" Button
    t =    34.36s     Wait for com.mdd.kanpan to idle
    t =    34.37s     Find the "indicator.edit.EMA" Button
    t =    34.42s     Check for interrupting elements affecting "indicator.edit.EMA" Button
    t =    34.46s         Wait for com.apple.springboard to idle
    t =    34.48s     Synthesize event
    t =    34.77s     Wait for com.mdd.kanpan to idle
    t =    35.56s Find the "indicator.color.0.#37A78F" Button
    t =    36.72s     Find the "indicator.color.0.#37A78F" Button (retry 1)
    t =    37.83s     Find the "indicator.color.0.#37A78F" Button (retry 2)
    t =    37.96s Swipe up Target Application 'com.mdd.kanpan'
    t =    37.96s     Wait for com.mdd.kanpan to idle
    t =    37.99s     Find the Target Application 'com.mdd.kanpan'
    t =    38.05s     Check for interrupting elements affecting "Hntcoin" Application
    t =    38.11s         Wait for com.apple.springboard to idle
    t =    38.18s     Synthesize event
    t =    38.60s     Wait for com.mdd.kanpan to idle
    t =    39.73s Find the "indicator.color.0.#37A78F" Button
    t =    39.90s Find the "indicator.color.0.#37A78F" Button
    t =    40.00s Tap "indicator.color.0.#37A78F" Button
    t =    40.00s     Wait for com.mdd.kanpan to idle
    t =    40.34s     Find the "indicator.color.0.#37A78F" Button
    t =    40.44s     Check for interrupting elements affecting "indicator.color.0.#37A78F" Button
    t =    40.48s         Wait for com.apple.springboard to idle
    t =    40.50s     Synthesize event
    t =    40.79s     Wait for com.mdd.kanpan to idle
    t =    40.79s Find the Target Application 'com.mdd.kanpan'
    t =    40.93s Added attachment named 'EMA-独立颜色编辑'
    t =    40.93s Tap "保存" Button
    t =    40.93s     Wait for com.mdd.kanpan to idle
    t =    40.93s     Find the "保存" Button
    t =    40.98s     Check for interrupting elements affecting "保存" Button
    t =    41.03s         Wait for com.apple.springboard to idle
    t =    41.05s     Synthesize event
    t =    41.34s     Wait for com.mdd.kanpan to idle
    t =    42.13s Waiting 5.0s for "panel.header" StaticText to exist
    t =    43.13s     Checking `Expect predicate `existsNoRetry == 1` for object "panel.header" StaticText`
    t =    43.13s         Checking existence of `"panel.header" StaticText`
    t =    43.17s Press "panel.header" StaticText[0.50, 0.50] for 0.1 seconds, then drag to Window (First Match)[0.50, 0.98] with velocity of 500.00 pixels per second, and then hold for 0.0 seconds 
    t =    43.17s     Wait for com.mdd.kanpan to idle
    t =    43.17s     Find the "panel.header" StaticText
    t =    43.21s     Check for interrupting elements affecting "panel.header" StaticText
    t =    43.24s         Wait for com.apple.springboard to idle
    t =    43.26s     Synthesize event
    t =    43.26s         Find the "panel.header" StaticText
    t =    43.30s         Find the "panel.header" StaticText
    t =    43.34s         Find the Window (First Match)
    t =    43.35s         Find the Window at {{0.0, 0.0}, {744.0, 1133.0}}
    t =    43.47s         Find the "panel.header" StaticText
    t =    45.04s     Wait for com.mdd.kanpan to idle
    t =    46.75s Checking existence of `"panel.header" StaticText`
    t =    46.77s Checking existence of `"chart.canvas" Other`
    t =    46.78s Find the "chart.canvas" Other
    t =    46.80s Checking existence of `"chart.canvas" Other`
    t =    46.81s Find the "chart.canvas" Other
    t =    46.83s Terminate com.mdd.kanpan:17604
    t =    47.91s Open com.mdd.kanpan
    t =    47.91s     Launch com.mdd.kanpan
2026-09-15 12:52:09.095 xcodebuild[17135:33483196] [MT] IDELaunchParametersSnapshot: The operation couldn’t be completed. (DebuggerLLDB.DebuggerVersionStore.StoreError error 0.)
2026-09-15 12:52:09.095 xcodebuild[17135:33483196] [MT] IDELaunchParametersSnapshot: no debugger version
    t =    48.12s         Setting up automation session
    t =    49.05s         Wait for com.mdd.kanpan to idle
    t =    50.64s Waiting 30.0s for "chart.canvas" Other to exist
    t =    51.67s     Checking `Expect predicate `existsNoRetry == 1` for object "chart.canvas" Other`
    t =    51.67s         Checking existence of `"chart.canvas" Other`
    t =    52.72s Checking existence of `"chart.canvas" Other`
    t =    52.74s Find the "chart.canvas" Other
    t =    52.75s Checking existence of `"chart.canvas" Other`
    t =    52.76s Find the "chart.canvas" Other
    t =    52.78s Find the Target Application 'com.mdd.kanpan'
    t =    52.88s Added attachment named '均线颜色-重启恢复'
    t =    52.88s Tear Down
    t =    52.88s     Find the Target Application 'com.mdd.kanpan'
    t =    52.97s     Added attachment named 'Screenshot of Target Application 'com.mdd.kanpan'.png'
    t =    52.97s     Terminate com.mdd.kanpan:17788
Test Case '-[KanpanUITests.ChartFoundationUITests testIndicatorColorSaveCancelAndRestart]' passed (54.143 seconds).
Test Suite 'ChartFoundationUITests' passed at 2026-09-15 12:52:15.320.
	 Executed 2 tests, with 0 failures (0 unexpected) in 93.461 (93.466) seconds
Test Suite 'KanpanUITests.xctest' passed at 2026-09-15 12:52:15.321.
	 Executed 2 tests, with 0 failures (0 unexpected) in 93.461 (93.467) seconds
Test Suite 'Selected tests' passed at 2026-09-15 12:52:15.322.
	 Executed 2 tests, with 0 failures (0 unexpected) in 93.461 (93.470) seconds
2026-09-15 12:52:28.241 xcodebuild[17135:33483196] [MT] IDETestOperationsObserverDebug: 136.660 elapsed -- Testing started completed.
2026-09-15 12:52:28.241 xcodebuild[17135:33483196] [MT] IDETestOperationsObserverDebug: 0.000 sec, +0.000 sec -- start
2026-09-15 12:52:28.241 xcodebuild[17135:33483196] [MT] IDETestOperationsObserverDebug: 136.660 sec, +136.660 sec -- end

Test session results, code coverage, and logs:
	/Users/mdd/zhk/kanpan/docs/acceptance/drawing-v2/ipad.xcresult

** TEST EXECUTE SUCCEEDED **

Testing started
