Command line invocation:
    /Applications/Xcode.app/Contents/Developer/usr/bin/xcodebuild test-without-building -workspace Kanpan.xcworkspace -scheme Kanpan -destination "platform=iOS Simulator,name=iPhone 16 Pro" -derivedDataPath DerivedData-drawing -parallel-testing-enabled NO -test-iterations 3 -resultBundlePath docs/acceptance/drawing-v2/outside-r4.xcresult "-only-testing:KanpanUITests/ChartFoundationUITests/testOutsideTapOnlyDismissesPanel"

Running tests repeatedly 3 times.

Resolve Package Graph


Resolved source packages:
  KanpanCore: /Users/mdd/zhk/kanpan/KanpanCore @ local
  KanpanData: /Users/mdd/zhk/kanpan/KanpanData @ local
  KanpanChart: /Users/mdd/zhk/kanpan/KanpanChart @ local

Writing result bundle at path:
	/Users/mdd/zhk/kanpan/docs/acceptance/drawing-v2/outside-r4.xcresult

2026-09-15 12:56:49.368444+0800 KanpanUITests-Runner[18504:33507857] [Default] Running tests...
objc[18504]: Class UIAccessibilityLoaderWebShared is implemented in both /Library/Developer/CoreSimulator/Volumes/iOS_23F77/Library/Developer/CoreSimulator/Profiles/Runtimes/iOS 26.5.simruntime/Contents/Resources/RuntimeRoot/System/Library/AccessibilityBundles/WebCore.axbundle/WebCore (0x109d08310) and /Library/Developer/CoreSimulator/Volumes/iOS_23F77/Library/Developer/CoreSimulator/Profiles/Runtimes/iOS 26.5.simruntime/Contents/Resources/RuntimeRoot/System/Library/AccessibilityBundles/WebKit.axbundle/WebKit (0x1091b8398). This may cause spurious casting failures and mysterious crashes. One of the duplicates must be removed or renamed.
    t =      nans Interface orientation changed to Portrait
Test Suite 'Selected tests' started at 2026-09-15 12:56:54.235.
Test Suite 'KanpanUITests.xctest' started at 2026-09-15 12:56:54.236.
Test Suite 'ChartFoundationUITests' started at 2026-09-15 12:56:54.236.
Test Case '-[KanpanUITests.ChartFoundationUITests testOutsideTapOnlyDismissesPanel]' started (Iteration 1 of 3).
    t =     0.00s Start Test at 2026-09-15 12:56:54.237
    t =     0.26s Set Up
    t =     0.26s     Setting device orientation to Portrait
    t =     0.28s         Device orientation changed to Portrait
    t =     0.37s         Wait for com.apple.springboard to idle
    t =     0.41s     Open com.mdd.kanpan
    t =     0.41s         Launch com.mdd.kanpan
2026-09-15 12:56:54.981 xcodebuild[18189:33505016] [MT] IDELaunchParametersSnapshot: The operation couldn’t be completed. (DebuggerLLDB.DebuggerVersionStore.StoreError error 0.)
2026-09-15 12:56:54.982 xcodebuild[18189:33505016] [MT] IDELaunchParametersSnapshot: no debugger version
    t =     2.46s             Setting up automation session
    t =     3.54s             Wait for com.mdd.kanpan to idle
    t =     5.45s     Waiting 30.0s for "chart.canvas" Other to exist
    t =     6.51s         Checking `Expect predicate `existsNoRetry == 1` for object "chart.canvas" Other`
    t =     6.51s             Checking existence of `"chart.canvas" Other`
    t =     7.63s     Checking existence of `"chart.canvas" Other`
    t =     7.67s     Find the "chart.canvas" Other
    t =     7.78s Tap "bottom.indicator" Button
    t =     7.78s     Wait for com.mdd.kanpan to idle
    t =     7.78s     Find the "bottom.indicator" Button
    t =     7.81s     Check for interrupting elements affecting "bottom.indicator" Button
    t =     7.87s     Synthesize event
    t =     8.30s     Wait for com.mdd.kanpan to idle
    t =     8.63s Waiting 5.0s for "panel.header" StaticText to exist
    t =     9.65s     Checking `Expect predicate `existsNoRetry == 1` for object "panel.header" StaticText`
    t =     9.65s         Checking existence of `"panel.header" StaticText`
    t =     9.75s Checking existence of `"chart.canvas" Other`
    t =     9.79s Find the "chart.canvas" Other
    t =     9.83s Tap "chart.canvas" Other[0.00, 0.00] -> (150.0, 130.0)
    t =     9.83s     Wait for com.mdd.kanpan to idle
    t =     9.83s     Find the "chart.canvas" Other
    t =     9.87s     Check for interrupting elements affecting "chart.canvas" Other
    t =     9.91s     Synthesize event
    t =     9.91s         Find the "chart.canvas" Other
    t =     9.96s         Find the "chart.canvas" Other
    t =    10.00s         Find the "chart.canvas" Other
    t =    10.33s     Wait for com.mdd.kanpan to idle
    t =    11.69s Checking existence of `"panel.header" StaticText`
    t =    11.73s Checking existence of `"chart.canvas" Other`
    t =    11.76s Find the "chart.canvas" Other
    t =    11.77s Checking existence of `"chart.canvas" Other`
    t =    11.79s Find the "chart.canvas" Other
    t =    11.82s Tap "chart.canvas" Other[0.00, 0.00] -> (150.0, 130.0)
    t =    11.82s     Wait for com.mdd.kanpan to idle
    t =    11.82s     Find the "chart.canvas" Other
    t =    11.84s     Check for interrupting elements affecting "chart.canvas" Other
    t =    11.87s     Synthesize event
    t =    11.87s         Find the "chart.canvas" Other
    t =    11.89s         Find the "chart.canvas" Other
    t =    11.92s         Find the "chart.canvas" Other
    t =    12.23s     Wait for com.mdd.kanpan to idle
    t =    13.26s Checking existence of `"chart.canvas" Other`
    t =    13.29s Find the "chart.canvas" Other
    t =    13.32s Checking existence of `"chart.canvas" Other`
    t =    13.34s Find the "chart.canvas" Other
    t =    13.40s Tap "chart.canvas" Other[0.00, 0.00] -> (150.0, 130.0)
    t =    13.40s     Wait for com.mdd.kanpan to idle
    t =    13.42s     Find the "chart.canvas" Other
    t =    13.48s     Check for interrupting elements affecting "chart.canvas" Other
    t =    13.51s     Synthesize event
    t =    13.51s         Find the "chart.canvas" Other
    t =    13.55s         Find the "chart.canvas" Other
    t =    13.58s         Find the "chart.canvas" Other
    t =    13.89s     Wait for com.mdd.kanpan to idle
    t =    14.92s Checking existence of `"chart.canvas" Other`
    t =    14.94s Find the "chart.canvas" Other
    t =    14.96s Tap "bottom.settings" Button
    t =    14.96s     Wait for com.mdd.kanpan to idle
    t =    14.96s     Find the "bottom.settings" Button
    t =    14.98s     Check for interrupting elements affecting "bottom.settings" Button
    t =    14.99s     Synthesize event
    t =    15.29s     Wait for com.mdd.kanpan to idle
    t =    15.86s Waiting 5.0s for "panel.header" StaticText to exist
    t =    16.89s     Checking `Expect predicate `existsNoRetry == 1` for object "panel.header" StaticText`
    t =    16.89s         Checking existence of `"panel.header" StaticText`
    t =    17.06s Checking existence of `"chart.canvas" Other`
    t =    17.10s Find the "chart.canvas" Other
    t =    17.14s Tap "chart.canvas" Other[0.00, 0.00] -> (150.0, 130.0)
    t =    17.14s     Wait for com.mdd.kanpan to idle
    t =    17.14s     Find the "chart.canvas" Other
    t =    17.20s     Check for interrupting elements affecting "chart.canvas" Other
    t =    17.24s     Synthesize event
    t =    17.24s         Find the "chart.canvas" Other
    t =    17.28s         Find the "chart.canvas" Other
    t =    17.33s         Find the "chart.canvas" Other
    t =    17.65s     Wait for com.mdd.kanpan to idle
    t =    19.00s Checking existence of `"panel.header" StaticText`
    t =    19.02s Checking existence of `"chart.canvas" Other`
    t =    19.03s Find the "chart.canvas" Other
    t =    19.05s Checking existence of `"chart.canvas" Other`
    t =    19.06s Find the "chart.canvas" Other
    t =    19.07s Tap "chart.canvas" Other[0.00, 0.00] -> (150.0, 130.0)
    t =    19.07s     Wait for com.mdd.kanpan to idle
    t =    19.08s     Find the "chart.canvas" Other
    t =    19.09s     Check for interrupting elements affecting "chart.canvas" Other
    t =    19.11s     Synthesize event
    t =    19.11s         Find the "chart.canvas" Other
    t =    19.13s         Find the "chart.canvas" Other
    t =    19.15s         Find the "chart.canvas" Other
    t =    19.45s     Wait for com.mdd.kanpan to idle
    t =    20.48s Checking existence of `"chart.canvas" Other`
    t =    20.52s Find the "chart.canvas" Other
    t =    20.65s Checking existence of `"chart.canvas" Other`
    t =    20.66s Find the "chart.canvas" Other
    t =    20.68s Tap "chart.canvas" Other[0.00, 0.00] -> (150.0, 130.0)
    t =    20.68s     Wait for com.mdd.kanpan to idle
    t =    20.68s     Find the "chart.canvas" Other
    t =    20.71s     Check for interrupting elements affecting "chart.canvas" Other
    t =    20.74s     Synthesize event
    t =    20.74s         Find the "chart.canvas" Other
    t =    20.77s         Find the "chart.canvas" Other
    t =    20.80s         Find the "chart.canvas" Other
    t =    21.10s     Wait for com.mdd.kanpan to idle
    t =    22.14s Checking existence of `"chart.canvas" Other`
    t =    22.16s Find the "chart.canvas" Other
    t =    22.18s Tap "bottom.style" Button
    t =    22.18s     Wait for com.mdd.kanpan to idle
    t =    22.18s     Find the "bottom.style" Button
    t =    22.20s     Check for interrupting elements affecting "bottom.style" Button
    t =    22.23s     Synthesize event
    t =    22.52s     Wait for com.mdd.kanpan to idle
    t =    22.65s Waiting 5.0s for "panel.header" StaticText to exist
    t =    23.67s     Checking `Expect predicate `existsNoRetry == 1` for object "panel.header" StaticText`
    t =    23.68s         Checking existence of `"panel.header" StaticText`
    t =    23.74s Checking existence of `"chart.canvas" Other`
    t =    23.78s Find the "chart.canvas" Other
    t =    23.83s Tap "chart.canvas" Other[0.00, 0.00] -> (150.0, 130.0)
    t =    23.83s     Wait for com.mdd.kanpan to idle
    t =    23.84s     Find the "chart.canvas" Other
    t =    23.88s     Check for interrupting elements affecting "chart.canvas" Other
    t =    23.91s     Synthesize event
    t =    23.92s         Find the "chart.canvas" Other
    t =    23.96s         Find the "chart.canvas" Other
    t =    24.00s         Find the "chart.canvas" Other
    t =    24.33s     Wait for com.mdd.kanpan to idle
    t =    25.69s Checking existence of `"panel.header" StaticText`
    t =    25.74s Checking existence of `"chart.canvas" Other`
    t =    25.75s Find the "chart.canvas" Other
    t =    25.76s Checking existence of `"chart.canvas" Other`
    t =    25.78s Find the "chart.canvas" Other
    t =    25.79s Tap "chart.canvas" Other[0.00, 0.00] -> (150.0, 130.0)
    t =    25.79s     Wait for com.mdd.kanpan to idle
    t =    25.80s     Find the "chart.canvas" Other
    t =    25.81s     Check for interrupting elements affecting "chart.canvas" Other
    t =    25.83s     Synthesize event
    t =    25.83s         Find the "chart.canvas" Other
    t =    25.85s         Find the "chart.canvas" Other
    t =    25.87s         Find the "chart.canvas" Other
    t =    26.17s     Wait for com.mdd.kanpan to idle
    t =    27.20s Checking existence of `"chart.canvas" Other`
    t =    27.23s Find the "chart.canvas" Other
    t =    27.25s Checking existence of `"chart.canvas" Other`
    t =    27.27s Find the "chart.canvas" Other
    t =    27.28s Tap "chart.canvas" Other[0.00, 0.00] -> (150.0, 130.0)
    t =    27.28s     Wait for com.mdd.kanpan to idle
    t =    27.29s     Find the "chart.canvas" Other
    t =    27.31s     Check for interrupting elements affecting "chart.canvas" Other
    t =    27.33s     Synthesize event
    t =    27.33s         Find the "chart.canvas" Other
    t =    27.35s         Find the "chart.canvas" Other
    t =    27.38s         Find the "chart.canvas" Other
    t =    27.69s     Wait for com.mdd.kanpan to idle
    t =    28.73s Checking existence of `"chart.canvas" Other`
    t =    28.76s Find the "chart.canvas" Other
    t =    28.78s Tap "interval.chart" Button
    t =    28.78s     Wait for com.mdd.kanpan to idle
    t =    28.78s     Find the "interval.chart" Button
    t =    28.79s     Check for interrupting elements affecting "interval.chart" Button
    t =    28.81s     Synthesize event
    t =    29.10s     Wait for com.mdd.kanpan to idle
    t =    29.20s Waiting 5.0s for "panel.header" StaticText to exist
    t =    30.23s     Checking `Expect predicate `existsNoRetry == 1` for object "panel.header" StaticText`
    t =    30.23s         Checking existence of `"panel.header" StaticText`
    t =    30.30s Checking existence of `"chart.canvas" Other`
    t =    30.34s Find the "chart.canvas" Other
    t =    30.39s Tap "chart.canvas" Other[0.00, 0.00] -> (150.0, 130.0)
    t =    30.39s     Wait for com.mdd.kanpan to idle
    t =    30.40s     Find the "chart.canvas" Other
    t =    30.44s     Check for interrupting elements affecting "chart.canvas" Other
    t =    30.48s     Synthesize event
    t =    30.48s         Find the "chart.canvas" Other
    t =    30.53s         Find the "chart.canvas" Other
    t =    30.67s         Find the "chart.canvas" Other
    t =    31.00s     Wait for com.mdd.kanpan to idle
    t =    32.36s Checking existence of `"panel.header" StaticText`
    t =    32.38s Checking existence of `"chart.canvas" Other`
    t =    32.39s Find the "chart.canvas" Other
    t =    32.41s Checking existence of `"chart.canvas" Other`
    t =    32.44s Find the "chart.canvas" Other
    t =    32.46s Tap "chart.canvas" Other[0.00, 0.00] -> (150.0, 130.0)
    t =    32.46s     Wait for com.mdd.kanpan to idle
    t =    32.47s     Find the "chart.canvas" Other
    t =    32.49s     Check for interrupting elements affecting "chart.canvas" Other
    t =    32.52s     Synthesize event
    t =    32.52s         Find the "chart.canvas" Other
    t =    32.55s         Find the "chart.canvas" Other
    t =    32.60s         Find the "chart.canvas" Other
    t =    32.90s     Wait for com.mdd.kanpan to idle
    t =    33.94s Checking existence of `"chart.canvas" Other`
    t =    33.96s Find the "chart.canvas" Other
    t =    33.98s Checking existence of `"chart.canvas" Other`
    t =    33.99s Find the "chart.canvas" Other
    t =    34.02s Tap "chart.canvas" Other[0.00, 0.00] -> (150.0, 130.0)
    t =    34.02s     Wait for com.mdd.kanpan to idle
    t =    34.03s     Find the "chart.canvas" Other
    t =    34.06s     Check for interrupting elements affecting "chart.canvas" Other
    t =    34.08s     Synthesize event
    t =    34.08s         Find the "chart.canvas" Other
    t =    34.11s         Find the "chart.canvas" Other
    t =    34.14s         Find the "chart.canvas" Other
    t =    34.43s     Wait for com.mdd.kanpan to idle
    t =    35.46s Checking existence of `"chart.canvas" Other`
    t =    35.48s Find the "chart.canvas" Other
    t =    35.52s Tap "interval.more" Button
    t =    35.52s     Wait for com.mdd.kanpan to idle
    t =    35.53s     Find the "interval.more" Button
    t =    35.56s     Check for interrupting elements affecting "interval.more" Button
    t =    35.62s     Synthesize event
    t =    35.92s     Wait for com.mdd.kanpan to idle
    t =    36.38s Waiting 5.0s for "panel.header" StaticText to exist
    t =    37.40s     Checking `Expect predicate `existsNoRetry == 1` for object "panel.header" StaticText`
    t =    37.40s         Checking existence of `"panel.header" StaticText`
    t =    37.46s Checking existence of `"chart.canvas" Other`
    t =    37.48s Find the "chart.canvas" Other
    t =    37.51s Tap "chart.canvas" Other[0.00, 0.00] -> (150.0, 130.0)
    t =    37.51s     Wait for com.mdd.kanpan to idle
    t =    37.52s     Find the "chart.canvas" Other
    t =    37.55s     Check for interrupting elements affecting "chart.canvas" Other
    t =    37.57s     Synthesize event
    t =    37.57s         Find the "chart.canvas" Other
    t =    37.61s         Find the "chart.canvas" Other
    t =    37.65s         Find the "chart.canvas" Other
    t =    38.00s     Wait for com.mdd.kanpan to idle
    t =    39.37s Checking existence of `"panel.header" StaticText`
    t =    39.41s Checking existence of `"chart.canvas" Other`
    t =    39.42s Find the "chart.canvas" Other
    t =    39.44s Checking existence of `"chart.canvas" Other`
    t =    39.45s Find the "chart.canvas" Other
    t =    39.46s Tap "chart.canvas" Other[0.00, 0.00] -> (150.0, 130.0)
    t =    39.46s     Wait for com.mdd.kanpan to idle
    t =    39.46s     Find the "chart.canvas" Other
    t =    39.48s     Check for interrupting elements affecting "chart.canvas" Other
    t =    39.49s     Synthesize event
    t =    39.49s         Find the "chart.canvas" Other
    t =    39.51s         Find the "chart.canvas" Other
    t =    39.52s         Find the "chart.canvas" Other
    t =    39.82s     Wait for com.mdd.kanpan to idle
    t =    40.83s Checking existence of `"chart.canvas" Other`
    t =    40.84s Find the "chart.canvas" Other
    t =    40.86s Checking existence of `"chart.canvas" Other`
    t =    40.87s Find the "chart.canvas" Other
    t =    40.90s Tap "chart.canvas" Other[0.00, 0.00] -> (150.0, 130.0)
    t =    40.90s     Wait for com.mdd.kanpan to idle
    t =    40.91s     Find the "chart.canvas" Other
    t =    40.93s     Check for interrupting elements affecting "chart.canvas" Other
    t =    40.95s     Synthesize event
    t =    40.95s         Find the "chart.canvas" Other
    t =    40.97s         Find the "chart.canvas" Other
    t =    41.01s         Find the "chart.canvas" Other
    t =    41.31s     Wait for com.mdd.kanpan to idle
    t =    42.33s Checking existence of `"chart.canvas" Other`
    t =    42.36s Find the "chart.canvas" Other
    t =    42.37s Find the Target Application 'com.mdd.kanpan'
    t =    42.49s Added attachment named '面板外点击-只收起不触发十字线'
    t =    42.49s Tear Down
    t =    42.49s     Find the Target Application 'com.mdd.kanpan'
    t =    42.57s     Added attachment named 'Screenshot of Target Application 'com.mdd.kanpan'.png'
    t =    42.57s     Terminate com.mdd.kanpan:18590
Test Case '-[KanpanUITests.ChartFoundationUITests testOutsideTapOnlyDismissesPanel]' passed (43.723 seconds).
Test Case '-[KanpanUITests.ChartFoundationUITests testOutsideTapOnlyDismissesPanel]' started (Iteration 2 of 3).
    t =     0.00s Start Test at 2026-09-15 12:57:37.963
    t =     0.03s Set Up
    t =     0.03s     Setting device orientation to Portrait
    t =     0.04s         Wait for com.apple.springboard to idle
    t =     0.04s     Open com.mdd.kanpan
    t =     0.04s         Launch com.mdd.kanpan
2026-09-15 12:57:38.016 xcodebuild[18189:33505016] [MT] IDELaunchParametersSnapshot: The operation couldn’t be completed. (DebuggerLLDB.DebuggerVersionStore.StoreError error 0.)
2026-09-15 12:57:38.016 xcodebuild[18189:33505016] [MT] IDELaunchParametersSnapshot: no debugger version
    t =     0.26s             Setting up automation session
    t =     1.03s             Wait for com.mdd.kanpan to idle
    t =     2.39s     Waiting 30.0s for "chart.canvas" Other to exist
    t =     3.41s         Checking `Expect predicate `existsNoRetry == 1` for object "chart.canvas" Other`
    t =     3.41s             Checking existence of `"chart.canvas" Other`
    t =     4.47s     Checking existence of `"chart.canvas" Other`
    t =     4.49s     Find the "chart.canvas" Other
    t =     4.51s Tap "bottom.indicator" Button
    t =     4.51s     Wait for com.mdd.kanpan to idle
    t =     4.51s     Find the "bottom.indicator" Button
    t =     4.53s     Check for interrupting elements affecting "bottom.indicator" Button
    t =     4.54s     Synthesize event
    t =     4.83s     Wait for com.mdd.kanpan to idle
    t =     4.88s Waiting 5.0s for "panel.header" StaticText to exist
    t =     5.90s     Checking `Expect predicate `existsNoRetry == 1` for object "panel.header" StaticText`
    t =     5.90s         Checking existence of `"panel.header" StaticText`
    t =     5.98s Checking existence of `"chart.canvas" Other`
    t =     6.01s Find the "chart.canvas" Other
    t =     6.05s Tap "chart.canvas" Other[0.00, 0.00] -> (150.0, 130.0)
    t =     6.05s     Wait for com.mdd.kanpan to idle
    t =     6.05s     Find the "chart.canvas" Other
    t =     6.08s     Check for interrupting elements affecting "chart.canvas" Other
    t =     6.11s     Synthesize event
    t =     6.11s         Find the "chart.canvas" Other
    t =     6.15s         Find the "chart.canvas" Other
    t =     6.28s         Find the "chart.canvas" Other
    t =     6.60s     Wait for com.mdd.kanpan to idle
    t =     7.94s Checking existence of `"panel.header" StaticText`
    t =     7.95s Checking existence of `"chart.canvas" Other`
    t =     7.96s Find the "chart.canvas" Other
    t =     7.98s Checking existence of `"chart.canvas" Other`
    t =     7.99s Find the "chart.canvas" Other
    t =     8.00s Tap "chart.canvas" Other[0.00, 0.00] -> (150.0, 130.0)
    t =     8.00s     Wait for com.mdd.kanpan to idle
    t =     8.00s     Find the "chart.canvas" Other
    t =     8.02s     Check for interrupting elements affecting "chart.canvas" Other
    t =     8.03s     Synthesize event
    t =     8.03s         Find the "chart.canvas" Other
    t =     8.05s         Find the "chart.canvas" Other
    t =     8.07s         Find the "chart.canvas" Other
    t =     8.36s     Wait for com.mdd.kanpan to idle
    t =     9.38s Checking existence of `"chart.canvas" Other`
    t =     9.39s Find the "chart.canvas" Other
    t =     9.41s Checking existence of `"chart.canvas" Other`
    t =     9.42s Find the "chart.canvas" Other
    t =     9.44s Tap "chart.canvas" Other[0.00, 0.00] -> (150.0, 130.0)
    t =     9.44s     Wait for com.mdd.kanpan to idle
    t =     9.44s     Find the "chart.canvas" Other
    t =     9.46s     Check for interrupting elements affecting "chart.canvas" Other
    t =     9.47s     Synthesize event
    t =     9.47s         Find the "chart.canvas" Other
    t =     9.49s         Find the "chart.canvas" Other
    t =     9.51s         Find the "chart.canvas" Other
    t =     9.81s     Wait for com.mdd.kanpan to idle
    t =    10.82s Checking existence of `"chart.canvas" Other`
    t =    10.85s Find the "chart.canvas" Other
    t =    10.86s Tap "bottom.settings" Button
    t =    10.86s     Wait for com.mdd.kanpan to idle
    t =    10.86s     Find the "bottom.settings" Button
    t =    10.87s     Check for interrupting elements affecting "bottom.settings" Button
    t =    10.88s     Synthesize event
    t =    11.17s     Wait for com.mdd.kanpan to idle
    t =    11.22s Waiting 5.0s for "panel.header" StaticText to exist
    t =    12.24s     Checking `Expect predicate `existsNoRetry == 1` for object "panel.header" StaticText`
    t =    12.24s         Checking existence of `"panel.header" StaticText`
    t =    12.32s Checking existence of `"chart.canvas" Other`
    t =    12.35s Find the "chart.canvas" Other
    t =    12.38s Tap "chart.canvas" Other[0.00, 0.00] -> (150.0, 130.0)
    t =    12.38s     Wait for com.mdd.kanpan to idle
    t =    12.38s     Find the "chart.canvas" Other
    t =    12.41s     Check for interrupting elements affecting "chart.canvas" Other
    t =    12.44s     Synthesize event
    t =    12.44s         Find the "chart.canvas" Other
    t =    12.48s         Find the "chart.canvas" Other
    t =    12.53s         Find the "chart.canvas" Other
    t =    12.85s     Wait for com.mdd.kanpan to idle
    t =    14.20s Checking existence of `"panel.header" StaticText`
    t =    14.22s Checking existence of `"chart.canvas" Other`
    t =    14.23s Find the "chart.canvas" Other
    t =    14.24s Checking existence of `"chart.canvas" Other`
    t =    14.26s Find the "chart.canvas" Other
    t =    14.27s Tap "chart.canvas" Other[0.00, 0.00] -> (150.0, 130.0)
    t =    14.27s     Wait for com.mdd.kanpan to idle
    t =    14.27s     Find the "chart.canvas" Other
    t =    14.29s     Check for interrupting elements affecting "chart.canvas" Other
    t =    14.30s     Synthesize event
    t =    14.30s         Find the "chart.canvas" Other
    t =    14.31s         Find the "chart.canvas" Other
    t =    14.33s         Find the "chart.canvas" Other
    t =    14.63s     Wait for com.mdd.kanpan to idle
    t =    15.65s Checking existence of `"chart.canvas" Other`
    t =    15.68s Find the "chart.canvas" Other
    t =    15.70s Checking existence of `"chart.canvas" Other`
    t =    15.71s Find the "chart.canvas" Other
    t =    15.73s Tap "chart.canvas" Other[0.00, 0.00] -> (150.0, 130.0)
    t =    15.73s     Wait for com.mdd.kanpan to idle
    t =    15.73s     Find the "chart.canvas" Other
    t =    15.74s     Check for interrupting elements affecting "chart.canvas" Other
    t =    15.76s     Synthesize event
    t =    15.76s         Find the "chart.canvas" Other
    t =    15.78s         Find the "chart.canvas" Other
    t =    15.80s         Find the "chart.canvas" Other
    t =    16.09s     Wait for com.mdd.kanpan to idle
    t =    17.11s Checking existence of `"chart.canvas" Other`
    t =    17.14s Find the "chart.canvas" Other
    t =    17.15s Tap "bottom.style" Button
    t =    17.15s     Wait for com.mdd.kanpan to idle
    t =    17.15s     Find the "bottom.style" Button
    t =    17.16s     Check for interrupting elements affecting "bottom.style" Button
    t =    17.18s     Synthesize event
    t =    17.46s     Wait for com.mdd.kanpan to idle
    t =    17.48s Waiting 5.0s for "panel.header" StaticText to exist
    t =    18.49s     Checking `Expect predicate `existsNoRetry == 1` for object "panel.header" StaticText`
    t =    18.49s         Checking existence of `"panel.header" StaticText`
    t =    18.54s Checking existence of `"chart.canvas" Other`
    t =    18.57s Find the "chart.canvas" Other
    t =    18.59s Tap "chart.canvas" Other[0.00, 0.00] -> (150.0, 130.0)
    t =    18.59s     Wait for com.mdd.kanpan to idle
    t =    18.59s     Find the "chart.canvas" Other
    t =    18.62s     Check for interrupting elements affecting "chart.canvas" Other
    t =    18.65s     Synthesize event
    t =    18.65s         Find the "chart.canvas" Other
    t =    18.68s         Find the "chart.canvas" Other
    t =    18.71s         Find the "chart.canvas" Other
    t =    19.02s     Wait for com.mdd.kanpan to idle
    t =    20.37s Checking existence of `"panel.header" StaticText`
    t =    20.40s Checking existence of `"chart.canvas" Other`
    t =    20.41s Find the "chart.canvas" Other
    t =    20.42s Checking existence of `"chart.canvas" Other`
    t =    20.43s Find the "chart.canvas" Other
    t =    20.45s Tap "chart.canvas" Other[0.00, 0.00] -> (150.0, 130.0)
    t =    20.45s     Wait for com.mdd.kanpan to idle
    t =    20.45s     Find the "chart.canvas" Other
    t =    20.46s     Check for interrupting elements affecting "chart.canvas" Other
    t =    20.47s     Synthesize event
    t =    20.47s         Find the "chart.canvas" Other
    t =    20.49s         Find the "chart.canvas" Other
    t =    20.51s         Find the "chart.canvas" Other
    t =    20.80s     Wait for com.mdd.kanpan to idle
    t =    21.83s Checking existence of `"chart.canvas" Other`
    t =    21.85s Find the "chart.canvas" Other
    t =    21.86s Checking existence of `"chart.canvas" Other`
    t =    21.88s Find the "chart.canvas" Other
    t =    21.89s Tap "chart.canvas" Other[0.00, 0.00] -> (150.0, 130.0)
    t =    21.89s     Wait for com.mdd.kanpan to idle
    t =    21.90s     Find the "chart.canvas" Other
    t =    21.91s     Check for interrupting elements affecting "chart.canvas" Other
    t =    21.93s     Synthesize event
    t =    21.93s         Find the "chart.canvas" Other
    t =    21.95s         Find the "chart.canvas" Other
    t =    21.97s         Find the "chart.canvas" Other
    t =    22.26s     Wait for com.mdd.kanpan to idle
    t =    23.29s Checking existence of `"chart.canvas" Other`
    t =    23.31s Find the "chart.canvas" Other
    t =    23.32s Tap "interval.chart" Button
    t =    23.32s     Wait for com.mdd.kanpan to idle
    t =    23.33s     Find the "interval.chart" Button
    t =    23.34s     Check for interrupting elements affecting "interval.chart" Button
    t =    23.35s     Synthesize event
    t =    23.64s     Wait for com.mdd.kanpan to idle
    t =    24.12s Waiting 5.0s for "panel.header" StaticText to exist
    t =    25.13s     Checking `Expect predicate `existsNoRetry == 1` for object "panel.header" StaticText`
    t =    25.13s         Checking existence of `"panel.header" StaticText`
    t =    25.20s Checking existence of `"chart.canvas" Other`
    t =    25.23s Find the "chart.canvas" Other
    t =    25.26s Tap "chart.canvas" Other[0.00, 0.00] -> (150.0, 130.0)
    t =    25.26s     Wait for com.mdd.kanpan to idle
    t =    25.27s     Find the "chart.canvas" Other
    t =    25.30s     Check for interrupting elements affecting "chart.canvas" Other
    t =    25.33s     Synthesize event
    t =    25.33s         Find the "chart.canvas" Other
    t =    25.37s         Find the "chart.canvas" Other
    t =    25.41s         Find the "chart.canvas" Other
    t =    25.73s     Wait for com.mdd.kanpan to idle
    t =    27.07s Checking existence of `"panel.header" StaticText`
    t =    27.10s Checking existence of `"chart.canvas" Other`
    t =    27.11s Find the "chart.canvas" Other
    t =    27.12s Checking existence of `"chart.canvas" Other`
    t =    27.13s Find the "chart.canvas" Other
    t =    27.15s Tap "chart.canvas" Other[0.00, 0.00] -> (150.0, 130.0)
    t =    27.16s     Wait for com.mdd.kanpan to idle
    t =    27.17s     Find the "chart.canvas" Other
    t =    27.18s     Check for interrupting elements affecting "chart.canvas" Other
    t =    27.20s     Synthesize event
    t =    27.20s         Find the "chart.canvas" Other
    t =    27.21s         Find the "chart.canvas" Other
    t =    27.33s         Find the "chart.canvas" Other
    t =    27.63s     Wait for com.mdd.kanpan to idle
    t =    28.66s Checking existence of `"chart.canvas" Other`
    t =    28.69s Find the "chart.canvas" Other
    t =    28.71s Checking existence of `"chart.canvas" Other`
    t =    28.73s Find the "chart.canvas" Other
    t =    28.74s Tap "chart.canvas" Other[0.00, 0.00] -> (150.0, 130.0)
    t =    28.74s     Wait for com.mdd.kanpan to idle
    t =    28.75s     Find the "chart.canvas" Other
    t =    28.76s     Check for interrupting elements affecting "chart.canvas" Other
    t =    28.78s     Synthesize event
    t =    28.78s         Find the "chart.canvas" Other
    t =    28.80s         Find the "chart.canvas" Other
    t =    28.82s         Find the "chart.canvas" Other
    t =    29.12s     Wait for com.mdd.kanpan to idle
    t =    30.15s Checking existence of `"chart.canvas" Other`
    t =    30.17s Find the "chart.canvas" Other
    t =    30.19s Tap "interval.more" Button
    t =    30.19s     Wait for com.mdd.kanpan to idle
    t =    30.19s     Find the "interval.more" Button
    t =    30.20s     Check for interrupting elements affecting "interval.more" Button
    t =    30.22s     Synthesize event
    t =    30.50s     Wait for com.mdd.kanpan to idle
    t =    30.86s Waiting 5.0s for "panel.header" StaticText to exist
    t =    31.87s     Checking `Expect predicate `existsNoRetry == 1` for object "panel.header" StaticText`
    t =    31.87s         Checking existence of `"panel.header" StaticText`
    t =    31.92s Checking existence of `"chart.canvas" Other`
    t =    31.94s Find the "chart.canvas" Other
    t =    31.98s Tap "chart.canvas" Other[0.00, 0.00] -> (150.0, 130.0)
    t =    31.98s     Wait for com.mdd.kanpan to idle
    t =    31.99s     Find the "chart.canvas" Other
    t =    32.02s     Check for interrupting elements affecting "chart.canvas" Other
    t =    32.05s     Synthesize event
    t =    32.05s         Find the "chart.canvas" Other
    t =    32.07s         Find the "chart.canvas" Other
    t =    32.10s         Find the "chart.canvas" Other
    t =    32.42s     Wait for com.mdd.kanpan to idle
    t =    33.77s Checking existence of `"panel.header" StaticText`
    t =    33.80s Checking existence of `"chart.canvas" Other`
    t =    33.81s Find the "chart.canvas" Other
    t =    33.82s Checking existence of `"chart.canvas" Other`
    t =    33.83s Find the "chart.canvas" Other
    t =    33.84s Tap "chart.canvas" Other[0.00, 0.00] -> (150.0, 130.0)
    t =    33.84s     Wait for com.mdd.kanpan to idle
    t =    33.85s     Find the "chart.canvas" Other
    t =    33.86s     Check for interrupting elements affecting "chart.canvas" Other
    t =    33.87s     Synthesize event
    t =    33.87s         Find the "chart.canvas" Other
    t =    33.89s         Find the "chart.canvas" Other
    t =    33.91s         Find the "chart.canvas" Other
    t =    34.20s     Wait for com.mdd.kanpan to idle
    t =    35.21s Checking existence of `"chart.canvas" Other`
    t =    35.24s Find the "chart.canvas" Other
    t =    35.26s Checking existence of `"chart.canvas" Other`
    t =    35.27s Find the "chart.canvas" Other
    t =    35.29s Tap "chart.canvas" Other[0.00, 0.00] -> (150.0, 130.0)
    t =    35.29s     Wait for com.mdd.kanpan to idle
    t =    35.29s     Find the "chart.canvas" Other
    t =    35.31s     Check for interrupting elements affecting "chart.canvas" Other
    t =    35.32s     Synthesize event
    t =    35.32s         Find the "chart.canvas" Other
    t =    35.34s         Find the "chart.canvas" Other
    t =    35.37s         Find the "chart.canvas" Other
    t =    35.66s     Wait for com.mdd.kanpan to idle
    t =    36.69s Checking existence of `"chart.canvas" Other`
    t =    36.71s Find the "chart.canvas" Other
    t =    36.72s Find the Target Application 'com.mdd.kanpan'
    t =    36.80s Added attachment named '面板外点击-只收起不触发十字线'
    t =    36.80s Tear Down
    t =    36.80s     Find the Target Application 'com.mdd.kanpan'
    t =    36.91s     Added attachment named 'Screenshot of Target Application 'com.mdd.kanpan'.png'
    t =    36.91s     Terminate com.mdd.kanpan:18848
Test Case '-[KanpanUITests.ChartFoundationUITests testOutsideTapOnlyDismissesPanel]' passed (37.992 seconds).
Test Case '-[KanpanUITests.ChartFoundationUITests testOutsideTapOnlyDismissesPanel]' started (Iteration 3 of 3).
    t =     0.00s Start Test at 2026-09-15 12:58:15.955
    t =     0.01s Set Up
    t =     0.01s     Setting device orientation to Portrait
    t =     0.02s         Wait for com.apple.springboard to idle
    t =     0.02s     Open com.mdd.kanpan
    t =     0.02s         Launch com.mdd.kanpan
2026-09-15 12:58:15.980 xcodebuild[18189:33505016] [MT] IDELaunchParametersSnapshot: The operation couldn’t be completed. (DebuggerLLDB.DebuggerVersionStore.StoreError error 0.)
2026-09-15 12:58:15.980 xcodebuild[18189:33505016] [MT] IDELaunchParametersSnapshot: no debugger version
    t =     0.23s             Setting up automation session
    t =     0.92s             Wait for com.mdd.kanpan to idle
    t =     2.20s     Waiting 30.0s for "chart.canvas" Other to exist
    t =     3.21s         Checking `Expect predicate `existsNoRetry == 1` for object "chart.canvas" Other`
    t =     3.22s             Checking existence of `"chart.canvas" Other`
    t =     4.29s     Checking existence of `"chart.canvas" Other`
    t =     4.31s     Find the "chart.canvas" Other
    t =     4.33s Tap "bottom.indicator" Button
    t =     4.33s     Wait for com.mdd.kanpan to idle
    t =     4.34s     Find the "bottom.indicator" Button
    t =     4.39s     Check for interrupting elements affecting "bottom.indicator" Button
    t =     4.44s     Synthesize event
    t =     4.75s     Wait for com.mdd.kanpan to idle
    t =     5.17s Waiting 5.0s for "panel.header" StaticText to exist
    t =     6.18s     Checking `Expect predicate `existsNoRetry == 1` for object "panel.header" StaticText`
    t =     6.18s         Checking existence of `"panel.header" StaticText`
    t =     6.25s Checking existence of `"chart.canvas" Other`
    t =     6.30s Find the "chart.canvas" Other
    t =     6.34s Tap "chart.canvas" Other[0.00, 0.00] -> (150.0, 130.0)
    t =     6.34s     Wait for com.mdd.kanpan to idle
    t =     6.35s     Find the "chart.canvas" Other
    t =     6.38s     Check for interrupting elements affecting "chart.canvas" Other
    t =     6.41s     Synthesize event
    t =     6.41s         Find the "chart.canvas" Other
    t =     6.45s         Find the "chart.canvas" Other
    t =     6.48s         Find the "chart.canvas" Other
    t =     6.82s     Wait for com.mdd.kanpan to idle
    t =     8.17s Checking existence of `"panel.header" StaticText`
    t =     8.18s Checking existence of `"chart.canvas" Other`
    t =     8.20s Find the "chart.canvas" Other
    t =     8.21s Checking existence of `"chart.canvas" Other`
    t =     8.23s Find the "chart.canvas" Other
    t =     8.24s Tap "chart.canvas" Other[0.00, 0.00] -> (150.0, 130.0)
    t =     8.24s     Wait for com.mdd.kanpan to idle
    t =     8.24s     Find the "chart.canvas" Other
    t =     8.26s     Check for interrupting elements affecting "chart.canvas" Other
    t =     8.27s     Synthesize event
    t =     8.28s         Find the "chart.canvas" Other
    t =     8.29s         Find the "chart.canvas" Other
    t =     8.31s         Find the "chart.canvas" Other
    t =     8.61s     Wait for com.mdd.kanpan to idle
    t =     9.62s Checking existence of `"chart.canvas" Other`
    t =     9.65s Find the "chart.canvas" Other
    t =     9.67s Checking existence of `"chart.canvas" Other`
    t =     9.68s Find the "chart.canvas" Other
    t =     9.70s Tap "chart.canvas" Other[0.00, 0.00] -> (150.0, 130.0)
    t =     9.70s     Wait for com.mdd.kanpan to idle
    t =     9.70s     Find the "chart.canvas" Other
    t =     9.73s     Check for interrupting elements affecting "chart.canvas" Other
    t =     9.75s     Synthesize event
    t =     9.75s         Find the "chart.canvas" Other
    t =     9.77s         Find the "chart.canvas" Other
    t =     9.80s         Find the "chart.canvas" Other
    t =    10.10s     Wait for com.mdd.kanpan to idle
    t =    11.12s Checking existence of `"chart.canvas" Other`
    t =    11.15s Find the "chart.canvas" Other
    t =    11.17s Tap "bottom.settings" Button
    t =    11.17s     Wait for com.mdd.kanpan to idle
    t =    11.17s     Find the "bottom.settings" Button
    t =    11.19s     Check for interrupting elements affecting "bottom.settings" Button
    t =    11.20s     Synthesize event
    t =    11.49s     Wait for com.mdd.kanpan to idle
    t =    11.93s Waiting 5.0s for "panel.header" StaticText to exist
    t =    12.96s     Checking `Expect predicate `existsNoRetry == 1` for object "panel.header" StaticText`
    t =    12.96s         Checking existence of `"panel.header" StaticText`
    t =    13.08s Checking existence of `"chart.canvas" Other`
    t =    13.16s Find the "chart.canvas" Other
    t =    13.23s Tap "chart.canvas" Other[0.00, 0.00] -> (150.0, 130.0)
    t =    13.23s     Wait for com.mdd.kanpan to idle
    t =    13.23s     Find the "chart.canvas" Other
    t =    13.30s     Check for interrupting elements affecting "chart.canvas" Other
    t =    13.35s     Synthesize event
    t =    13.35s         Find the "chart.canvas" Other
    t =    13.39s         Find the "chart.canvas" Other
    t =    13.44s         Find the "chart.canvas" Other
    t =    13.76s     Wait for com.mdd.kanpan to idle
    t =    15.12s Checking existence of `"panel.header" StaticText`
    t =    15.15s Checking existence of `"chart.canvas" Other`
    t =    15.16s Find the "chart.canvas" Other
    t =    15.18s Checking existence of `"chart.canvas" Other`
    t =    15.19s Find the "chart.canvas" Other
    t =    15.20s Tap "chart.canvas" Other[0.00, 0.00] -> (150.0, 130.0)
    t =    15.20s     Wait for com.mdd.kanpan to idle
    t =    15.21s     Find the "chart.canvas" Other
    t =    15.23s     Check for interrupting elements affecting "chart.canvas" Other
    t =    15.26s     Synthesize event
    t =    15.26s         Find the "chart.canvas" Other
    t =    15.28s         Find the "chart.canvas" Other
    t =    15.30s         Find the "chart.canvas" Other
    t =    15.59s     Wait for com.mdd.kanpan to idle
    t =    16.62s Checking existence of `"chart.canvas" Other`
    t =    16.65s Find the "chart.canvas" Other
    t =    16.68s Checking existence of `"chart.canvas" Other`
    t =    16.69s Find the "chart.canvas" Other
    t =    16.71s Tap "chart.canvas" Other[0.00, 0.00] -> (150.0, 130.0)
    t =    16.71s     Wait for com.mdd.kanpan to idle
    t =    16.72s     Find the "chart.canvas" Other
    t =    16.73s     Check for interrupting elements affecting "chart.canvas" Other
    t =    16.75s     Synthesize event
    t =    16.75s         Find the "chart.canvas" Other
    t =    16.77s         Find the "chart.canvas" Other
    t =    16.80s         Find the "chart.canvas" Other
    t =    17.10s     Wait for com.mdd.kanpan to idle
    t =    18.11s Checking existence of `"chart.canvas" Other`
    t =    18.13s Find the "chart.canvas" Other
    t =    18.15s Tap "bottom.style" Button
    t =    18.15s     Wait for com.mdd.kanpan to idle
    t =    18.15s     Find the "bottom.style" Button
    t =    18.17s     Check for interrupting elements affecting "bottom.style" Button
    t =    18.19s     Synthesize event
    t =    18.48s     Wait for com.mdd.kanpan to idle
    t =    18.95s Waiting 5.0s for "panel.header" StaticText to exist
    t =    19.96s     Checking `Expect predicate `existsNoRetry == 1` for object "panel.header" StaticText`
    t =    19.96s         Checking existence of `"panel.header" StaticText`
    t =    20.02s Checking existence of `"chart.canvas" Other`
    t =    20.05s Find the "chart.canvas" Other
    t =    20.09s Tap "chart.canvas" Other[0.00, 0.00] -> (150.0, 130.0)
    t =    20.09s     Wait for com.mdd.kanpan to idle
    t =    20.09s     Find the "chart.canvas" Other
    t =    20.12s     Check for interrupting elements affecting "chart.canvas" Other
    t =    20.15s     Synthesize event
    t =    20.15s         Find the "chart.canvas" Other
    t =    20.19s         Find the "chart.canvas" Other
    t =    20.23s         Find the "chart.canvas" Other
    t =    20.54s     Wait for com.mdd.kanpan to idle
    t =    21.89s Checking existence of `"panel.header" StaticText`
    t =    21.91s Checking existence of `"chart.canvas" Other`
    t =    21.92s Find the "chart.canvas" Other
    t =    21.94s Checking existence of `"chart.canvas" Other`
    t =    21.95s Find the "chart.canvas" Other
    t =    21.96s Tap "chart.canvas" Other[0.00, 0.00] -> (150.0, 130.0)
    t =    21.96s     Wait for com.mdd.kanpan to idle
    t =    21.96s     Find the "chart.canvas" Other
    t =    21.98s     Check for interrupting elements affecting "chart.canvas" Other
    t =    21.99s     Synthesize event
    t =    21.99s         Find the "chart.canvas" Other
    t =    22.01s         Find the "chart.canvas" Other
    t =    22.14s         Find the "chart.canvas" Other
    t =    22.56s     Wait for com.mdd.kanpan to idle
    t =    23.58s Checking existence of `"chart.canvas" Other`
    t =    23.61s Find the "chart.canvas" Other
    t =    23.63s Checking existence of `"chart.canvas" Other`
    t =    23.64s Find the "chart.canvas" Other
    t =    23.66s Tap "chart.canvas" Other[0.00, 0.00] -> (150.0, 130.0)
    t =    23.66s     Wait for com.mdd.kanpan to idle
    t =    23.66s     Find the "chart.canvas" Other
    t =    23.68s     Check for interrupting elements affecting "chart.canvas" Other
    t =    23.70s     Synthesize event
    t =    23.70s         Find the "chart.canvas" Other
    t =    23.73s         Find the "chart.canvas" Other
    t =    23.75s         Find the "chart.canvas" Other
    t =    24.05s     Wait for com.mdd.kanpan to idle
    t =    25.07s Checking existence of `"chart.canvas" Other`
    t =    25.10s Find the "chart.canvas" Other
    t =    25.11s Tap "interval.chart" Button
    t =    25.11s     Wait for com.mdd.kanpan to idle
    t =    25.11s     Find the "interval.chart" Button
    t =    25.13s     Check for interrupting elements affecting "interval.chart" Button
    t =    25.14s     Synthesize event
    t =    25.43s     Wait for com.mdd.kanpan to idle
    t =    25.81s Waiting 5.0s for "panel.header" StaticText to exist
    t =    26.82s     Checking `Expect predicate `existsNoRetry == 1` for object "panel.header" StaticText`
    t =    26.82s         Checking existence of `"panel.header" StaticText`
    t =    26.88s Checking existence of `"chart.canvas" Other`
    t =    26.91s Find the "chart.canvas" Other
    t =    26.96s Tap "chart.canvas" Other[0.00, 0.00] -> (150.0, 130.0)
    t =    26.96s     Wait for com.mdd.kanpan to idle
    t =    26.97s     Find the "chart.canvas" Other
    t =    27.02s     Check for interrupting elements affecting "chart.canvas" Other
    t =    27.06s     Synthesize event
    t =    27.06s         Find the "chart.canvas" Other
    t =    27.10s         Find the "chart.canvas" Other
    t =    27.24s         Find the "chart.canvas" Other
    t =    27.56s     Wait for com.mdd.kanpan to idle
    t =    28.92s Checking existence of `"panel.header" StaticText`
    t =    28.94s Checking existence of `"chart.canvas" Other`
    t =    28.96s Find the "chart.canvas" Other
    t =    28.97s Checking existence of `"chart.canvas" Other`
    t =    28.98s Find the "chart.canvas" Other
    t =    28.99s Tap "chart.canvas" Other[0.00, 0.00] -> (150.0, 130.0)
    t =    28.99s     Wait for com.mdd.kanpan to idle
    t =    28.99s     Find the "chart.canvas" Other
    t =    29.01s     Check for interrupting elements affecting "chart.canvas" Other
    t =    29.02s     Synthesize event
    t =    29.02s         Find the "chart.canvas" Other
    t =    29.04s         Find the "chart.canvas" Other
    t =    29.05s         Find the "chart.canvas" Other
    t =    29.35s     Wait for com.mdd.kanpan to idle
    t =    30.38s Checking existence of `"chart.canvas" Other`
    t =    30.40s Find the "chart.canvas" Other
    t =    30.42s Checking existence of `"chart.canvas" Other`
    t =    30.43s Find the "chart.canvas" Other
    t =    30.45s Tap "chart.canvas" Other[0.00, 0.00] -> (150.0, 130.0)
    t =    30.45s     Wait for com.mdd.kanpan to idle
    t =    30.45s     Find the "chart.canvas" Other
    t =    30.47s     Check for interrupting elements affecting "chart.canvas" Other
    t =    30.48s     Synthesize event
    t =    30.48s         Find the "chart.canvas" Other
    t =    30.50s         Find the "chart.canvas" Other
    t =    30.52s         Find the "chart.canvas" Other
    t =    30.82s     Wait for com.mdd.kanpan to idle
    t =    31.84s Checking existence of `"chart.canvas" Other`
    t =    31.85s Find the "chart.canvas" Other
    t =    31.86s Tap "interval.more" Button
    t =    31.86s     Wait for com.mdd.kanpan to idle
    t =    31.87s     Find the "interval.more" Button
    t =    31.88s     Check for interrupting elements affecting "interval.more" Button
    t =    31.89s     Synthesize event
    t =    32.18s     Wait for com.mdd.kanpan to idle
    t =    32.53s Waiting 5.0s for "panel.header" StaticText to exist
    t =    33.55s     Checking `Expect predicate `existsNoRetry == 1` for object "panel.header" StaticText`
    t =    33.55s         Checking existence of `"panel.header" StaticText`
    t =    33.61s Checking existence of `"chart.canvas" Other`
    t =    33.64s Find the "chart.canvas" Other
    t =    33.68s Tap "chart.canvas" Other[0.00, 0.00] -> (150.0, 130.0)
    t =    33.68s     Wait for com.mdd.kanpan to idle
    t =    33.68s     Find the "chart.canvas" Other
    t =    33.71s     Check for interrupting elements affecting "chart.canvas" Other
    t =    33.74s     Synthesize event
    t =    33.74s         Find the "chart.canvas" Other
    t =    33.79s         Find the "chart.canvas" Other
    t =    33.84s         Find the "chart.canvas" Other
    t =    34.16s     Wait for com.mdd.kanpan to idle
    t =    35.50s Checking existence of `"panel.header" StaticText`
    t =    35.51s Checking existence of `"chart.canvas" Other`
    t =    35.52s Find the "chart.canvas" Other
    t =    35.53s Checking existence of `"chart.canvas" Other`
    t =    35.55s Find the "chart.canvas" Other
    t =    35.56s Tap "chart.canvas" Other[0.00, 0.00] -> (150.0, 130.0)
    t =    35.56s     Wait for com.mdd.kanpan to idle
    t =    35.56s     Find the "chart.canvas" Other
    t =    35.57s     Check for interrupting elements affecting "chart.canvas" Other
    t =    35.58s     Synthesize event
    t =    35.58s         Find the "chart.canvas" Other
    t =    35.60s         Find the "chart.canvas" Other
    t =    35.61s         Find the "chart.canvas" Other
    t =    35.91s     Wait for com.mdd.kanpan to idle
    t =    36.93s Checking existence of `"chart.canvas" Other`
    t =    36.94s Find the "chart.canvas" Other
    t =    36.96s Checking existence of `"chart.canvas" Other`
    t =    36.98s Find the "chart.canvas" Other
    t =    37.00s Tap "chart.canvas" Other[0.00, 0.00] -> (150.0, 130.0)
    t =    37.00s     Wait for com.mdd.kanpan to idle
    t =    37.00s     Find the "chart.canvas" Other
    t =    37.02s     Check for interrupting elements affecting "chart.canvas" Other
    t =    37.04s     Synthesize event
    t =    37.04s         Find the "chart.canvas" Other
    t =    37.06s         Find the "chart.canvas" Other
    t =    37.09s         Find the "chart.canvas" Other
    t =    37.39s     Wait for com.mdd.kanpan to idle
    t =    38.41s Checking existence of `"chart.canvas" Other`
    t =    38.43s Find the "chart.canvas" Other
    t =    38.44s Find the Target Application 'com.mdd.kanpan'
    t =    38.52s Added attachment named '面板外点击-只收起不触发十字线'
    t =    38.52s Tear Down
    t =    38.52s     Find the Target Application 'com.mdd.kanpan'
    t =    38.60s     Added attachment named 'Screenshot of Target Application 'com.mdd.kanpan'.png'
    t =    38.60s     Terminate com.mdd.kanpan:18949
Test Case '-[KanpanUITests.ChartFoundationUITests testOutsideTapOnlyDismissesPanel]' passed (39.681 seconds).
Test Suite 'ChartFoundationUITests' passed at 2026-09-15 12:58:55.636.
	 Executed 3 tests, with 0 failures (0 unexpected) in 121.395 (121.400) seconds
Test Suite 'KanpanUITests.xctest' passed at 2026-09-15 12:58:55.636.
	 Executed 3 tests, with 0 failures (0 unexpected) in 121.395 (121.401) seconds
Test Suite 'Selected tests' passed at 2026-09-15 12:58:55.637.
	 Executed 3 tests, with 0 failures (0 unexpected) in 121.395 (121.402) seconds
2026-09-15 12:59:07.637 xcodebuild[18189:33505016] [MT] IDETestOperationsObserverDebug: 159.367 elapsed -- Testing started completed.
2026-09-15 12:59:07.637 xcodebuild[18189:33505016] [MT] IDETestOperationsObserverDebug: 0.000 sec, +0.000 sec -- start
2026-09-15 12:59:07.637 xcodebuild[18189:33505016] [MT] IDETestOperationsObserverDebug: 159.367 sec, +159.367 sec -- end

Test session results, code coverage, and logs:
	/Users/mdd/zhk/kanpan/docs/acceptance/drawing-v2/outside-r4.xcresult

** TEST EXECUTE SUCCEEDED **

Testing started
