Command line invocation:
    /Applications/Xcode.app/Contents/Developer/usr/bin/xcodebuild test-without-building -workspace Kanpan.xcworkspace -scheme Kanpan -destination "platform=iOS Simulator,name=iPhone 16 Pro" -derivedDataPath DerivedData-drawing -parallel-testing-enabled NO -resultBundlePath docs/acceptance/drawing-v2/ui-final.xcresult "-only-testing:KanpanUITests/ChartFoundationUITests/testDrawingToolsAndPersistentStyles" "-only-testing:KanpanUITests/ChartFoundationUITests/testIndicatorColorSaveCancelAndRestart" "-only-testing:KanpanUITests/ChartFoundationUITests/testDrawingRectangleChannelAndFibonacci" "-only-testing:KanpanUITests/ChartFoundationUITests/testMAParameterCancelAndSaveOutput" "-only-testing:KanpanUITests/ChartFoundationUITests/testOutsideTapOnlyDismissesPanel"

Resolve Package Graph


Resolved source packages:
  KanpanCore: /Users/mdd/zhk/kanpan/KanpanCore @ local
  KanpanChart: /Users/mdd/zhk/kanpan/KanpanChart @ local
  KanpanData: /Users/mdd/zhk/kanpan/KanpanData @ local

Writing result bundle at path:
	/Users/mdd/zhk/kanpan/docs/acceptance/drawing-v2/ui-final.xcresult

2026-09-15 12:48:44.005685+0800 KanpanUITests-Runner[16600:33477576] [Default] Running tests...
objc[16600]: Class UIAccessibilityLoaderWebShared is implemented in both /Library/Developer/CoreSimulator/Volumes/iOS_23F77/Library/Developer/CoreSimulator/Profiles/Runtimes/iOS 26.5.simruntime/Contents/Resources/RuntimeRoot/System/Library/AccessibilityBundles/WebCore.axbundle/WebCore (0x108e8c310) and /Library/Developer/CoreSimulator/Volumes/iOS_23F77/Library/Developer/CoreSimulator/Profiles/Runtimes/iOS 26.5.simruntime/Contents/Resources/RuntimeRoot/System/Library/AccessibilityBundles/WebKit.axbundle/WebKit (0x1082d4398). This may cause spurious casting failures and mysterious crashes. One of the duplicates must be removed or renamed.
    t =      nans Interface orientation changed to Portrait
Test Suite 'Selected tests' started at 2026-09-15 12:48:47.983.
Test Suite 'KanpanUITests.xctest' started at 2026-09-15 12:48:47.983.
Test Suite 'ChartFoundationUITests' started at 2026-09-15 12:48:47.983.
Test Case '-[KanpanUITests.ChartFoundationUITests testDrawingRectangleChannelAndFibonacci]' started.
    t =     0.00s Start Test at 2026-09-15 12:48:47.985
    t =     0.50s Set Up
    t =     0.50s     Setting device orientation to Portrait
    t =     0.51s         Device orientation changed to Portrait
    t =     0.55s         Wait for com.apple.springboard to idle
    t =     0.60s     Open com.mdd.kanpan
    t =     0.60s         Launch com.mdd.kanpan
2026-09-15 12:48:49.141 xcodebuild[16227:33474412] [MT] IDELaunchParametersSnapshot: The operation couldn’t be completed. (DebuggerLLDB.DebuggerVersionStore.StoreError error 0.)
2026-09-15 12:48:49.142 xcodebuild[16227:33474412] [MT] IDELaunchParametersSnapshot: no debugger version
    t =     3.72s             Setting up automation session
    t =     4.60s             Wait for com.mdd.kanpan to idle
    t =     6.14s     Waiting 30.0s for "chart.canvas" Other to exist
    t =     7.16s         Checking `Expect predicate `existsNoRetry == 1` for object "chart.canvas" Other`
    t =     7.16s             Checking existence of `"chart.canvas" Other`
    t =     8.25s     Checking existence of `"chart.canvas" Other`
    t =     8.27s     Find the "chart.canvas" Other
    t =     8.35s Tap "interval.draw" Button
    t =     8.35s     Wait for com.mdd.kanpan to idle
    t =     8.36s     Find the "interval.draw" Button
    t =     8.38s     Check for interrupting elements affecting "interval.draw" Button
    t =     8.41s     Synthesize event
    t =     8.82s     Wait for com.mdd.kanpan to idle
    t =     8.82s Tap "draw.tools" Button
    t =     8.82s     Wait for com.mdd.kanpan to idle
    t =     8.82s     Find the "draw.tools" Button
    t =     8.87s     Check for interrupting elements affecting "draw.tools" Button
    t =     8.89s     Synthesize event
    t =     9.18s     Wait for com.mdd.kanpan to idle
    t =     9.42s Checking existence of `"draw.tool.rectangle" Button`
    t =     9.53s Swipe up Target Application 'com.mdd.kanpan'
    t =     9.53s     Wait for com.mdd.kanpan to idle
    t =    10.22s     Find the Target Application 'com.mdd.kanpan'
    t =    10.25s     Check for interrupting elements affecting "Hntcoin" Application
    t =    10.29s     Synthesize event
    t =    10.72s     Wait for com.mdd.kanpan to idle
    t =    11.55s Checking existence of `"draw.tool.rectangle" Button`
    t =    11.59s Find the "draw.tool.rectangle" Button
    t =    11.64s Find the "draw.tool.rectangle" Button
    t =    11.69s Tap "draw.tool.rectangle" Button
    t =    11.69s     Wait for com.mdd.kanpan to idle
    t =    11.70s     Find the "draw.tool.rectangle" Button
    t =    11.73s     Check for interrupting elements affecting "draw.tool.rectangle" Button
    t =    11.77s     Synthesize event
    t =    12.09s     Wait for com.mdd.kanpan to idle
    t =    13.45s Checking existence of `"draw.sheet.done" Button`
    t =    13.48s Checking existence of `"chart.canvas" Other`
    t =    13.49s Find the "chart.canvas" Other
    t =    13.52s Tap "chart.canvas" Other[0.00, 0.00] -> (90.0, 174.4)
    t =    13.52s     Wait for com.mdd.kanpan to idle
    t =    13.52s     Find the "chart.canvas" Other
    t =    13.54s     Check for interrupting elements affecting "chart.canvas" Other
    t =    13.56s     Synthesize event
    t =    13.57s         Find the "chart.canvas" Other
    t =    13.59s         Find the "chart.canvas" Other
    t =    13.62s         Find the "chart.canvas" Other
    t =    13.92s     Wait for com.mdd.kanpan to idle
    t =    13.93s Tap "chart.canvas" Other[0.00, 0.00] -> (245.0, 62.3)
    t =    13.93s     Wait for com.mdd.kanpan to idle
    t =    13.93s     Find the "chart.canvas" Other
    t =    13.95s     Check for interrupting elements affecting "chart.canvas" Other
    t =    13.97s     Synthesize event
    t =    13.97s         Find the "chart.canvas" Other
    t =    14.00s         Find the "chart.canvas" Other
    t =    14.02s         Find the "chart.canvas" Other
    t =    14.32s     Wait for com.mdd.kanpan to idle
    t =    15.36s Checking existence of `"chart.canvas" Other`
    t =    15.47s Find the "chart.canvas" Other
    t =    15.51s Checking existence of `"chart.canvas" Other`
    t =    15.53s Find the "chart.canvas" Other
    t =    15.56s Find the Target Application 'com.mdd.kanpan'
    t =    15.67s Added attachment named '画线-rectangle'
    t =    15.67s Tap "draw.tools" Button
    t =    15.67s     Wait for com.mdd.kanpan to idle
    t =    15.68s     Find the "draw.tools" Button
    t =    15.72s     Check for interrupting elements affecting "draw.tools" Button
    t =    15.74s     Synthesize event
    t =    16.06s     Wait for com.mdd.kanpan to idle
    t =    16.71s Checking existence of `"draw.tool.channel" Button`
    t =    16.77s Swipe up Target Application 'com.mdd.kanpan'
    t =    16.77s     Wait for com.mdd.kanpan to idle
    t =    16.77s     Find the Target Application 'com.mdd.kanpan'
    t =    16.80s     Check for interrupting elements affecting "Hntcoin" Application
    t =    16.84s     Synthesize event
    t =    17.26s     Wait for com.mdd.kanpan to idle
    t =    18.06s Checking existence of `"draw.tool.channel" Button`
    t =    18.12s Find the "draw.tool.channel" Button
    t =    18.18s Find the "draw.tool.channel" Button
    t =    18.24s Tap "draw.tool.channel" Button
    t =    18.24s     Wait for com.mdd.kanpan to idle
    t =    18.24s     Find the "draw.tool.channel" Button
    t =    18.29s     Check for interrupting elements affecting "draw.tool.channel" Button
    t =    18.35s     Synthesize event
    t =    18.65s     Wait for com.mdd.kanpan to idle
    t =    20.05s Checking existence of `"draw.sheet.done" Button`
    t =    20.08s Checking existence of `"chart.canvas" Other`
    t =    20.10s Find the "chart.canvas" Other
    t =    20.12s Tap "chart.canvas" Other[0.00, 0.00] -> (90.0, 174.4)
    t =    20.12s     Wait for com.mdd.kanpan to idle
    t =    20.12s     Find the "chart.canvas" Other
    t =    20.14s     Check for interrupting elements affecting "chart.canvas" Other
    t =    20.16s     Synthesize event
    t =    20.16s         Find the "chart.canvas" Other
    t =    20.18s         Find the "chart.canvas" Other
    t =    20.20s         Find the "chart.canvas" Other
    t =    20.51s     Wait for com.mdd.kanpan to idle
    t =    20.51s Tap "chart.canvas" Other[0.00, 0.00] -> (245.0, 62.3)
    t =    20.51s     Wait for com.mdd.kanpan to idle
    t =    20.51s     Find the "chart.canvas" Other
    t =    20.53s     Check for interrupting elements affecting "chart.canvas" Other
    t =    20.55s     Synthesize event
    t =    20.56s         Find the "chart.canvas" Other
    t =    20.58s         Find the "chart.canvas" Other
    t =    20.60s         Find the "chart.canvas" Other
    t =    20.91s     Wait for com.mdd.kanpan to idle
    t =    20.92s Tap "chart.canvas" Other[0.00, 0.00] -> (160.0, 162.0)
    t =    20.92s     Wait for com.mdd.kanpan to idle
    t =    20.92s     Find the "chart.canvas" Other
    t =    20.94s     Check for interrupting elements affecting "chart.canvas" Other
    t =    20.96s     Synthesize event
    t =    20.96s         Find the "chart.canvas" Other
    t =    20.98s         Find the "chart.canvas" Other
    t =    21.00s         Find the "chart.canvas" Other
    t =    21.31s     Wait for com.mdd.kanpan to idle
    t =    22.34s Checking existence of `"chart.canvas" Other`
    t =    22.36s Find the "chart.canvas" Other
    t =    22.39s Checking existence of `"chart.canvas" Other`
    t =    22.40s Find the "chart.canvas" Other
    t =    22.42s Find the Target Application 'com.mdd.kanpan'
    t =    22.51s Added attachment named '画线-channel'
    t =    22.51s Tap "draw.tools" Button
    t =    22.51s     Wait for com.mdd.kanpan to idle
    t =    22.51s     Find the "draw.tools" Button
    t =    22.53s     Check for interrupting elements affecting "draw.tools" Button
    t =    22.55s     Synthesize event
    t =    22.84s     Wait for com.mdd.kanpan to idle
    t =    23.44s Checking existence of `"draw.tool.fibonacci" Button`
    t =    23.49s Swipe up Target Application 'com.mdd.kanpan'
    t =    23.49s     Wait for com.mdd.kanpan to idle
    t =    23.49s     Find the Target Application 'com.mdd.kanpan'
    t =    23.52s     Check for interrupting elements affecting "Hntcoin" Application
    t =    23.55s     Synthesize event
    t =    23.97s     Wait for com.mdd.kanpan to idle
    t =    24.81s Checking existence of `"draw.tool.fibonacci" Button`
    t =    24.88s Find the "draw.tool.fibonacci" Button
    t =    24.93s Find the "draw.tool.fibonacci" Button
    t =    24.97s Tap "draw.tool.fibonacci" Button
    t =    24.97s     Wait for com.mdd.kanpan to idle
    t =    24.97s     Find the "draw.tool.fibonacci" Button
    t =    25.01s     Check for interrupting elements affecting "draw.tool.fibonacci" Button
    t =    25.04s     Synthesize event
    t =    25.33s     Wait for com.mdd.kanpan to idle
    t =    26.71s Checking existence of `"draw.sheet.done" Button`
    t =    26.74s Checking existence of `"chart.canvas" Other`
    t =    26.76s Find the "chart.canvas" Other
    t =    26.77s Tap "chart.canvas" Other[0.00, 0.00] -> (90.0, 174.4)
    t =    26.77s     Wait for com.mdd.kanpan to idle
    t =    26.78s     Find the "chart.canvas" Other
    t =    26.79s     Check for interrupting elements affecting "chart.canvas" Other
    t =    26.81s     Synthesize event
    t =    26.81s         Find the "chart.canvas" Other
    t =    26.83s         Find the "chart.canvas" Other
    t =    26.85s         Find the "chart.canvas" Other
    t =    27.15s     Wait for com.mdd.kanpan to idle
    t =    27.16s Tap "chart.canvas" Other[0.00, 0.00] -> (245.0, 62.3)
    t =    27.16s     Wait for com.mdd.kanpan to idle
    t =    27.16s     Find the "chart.canvas" Other
    t =    27.18s     Check for interrupting elements affecting "chart.canvas" Other
    t =    27.19s     Synthesize event
    t =    27.20s         Find the "chart.canvas" Other
    t =    27.21s         Find the "chart.canvas" Other
    t =    27.23s         Find the "chart.canvas" Other
    t =    27.53s     Wait for com.mdd.kanpan to idle
    t =    28.56s Checking existence of `"chart.canvas" Other`
    t =    28.58s Find the "chart.canvas" Other
    t =    28.60s Checking existence of `"chart.canvas" Other`
    t =    28.62s Find the "chart.canvas" Other
    t =    28.64s Find the Target Application 'com.mdd.kanpan'
    t =    28.75s Added attachment named '画线-fibonacci'
    t =    28.75s Checking existence of `"chart.canvas" Other`
    t =    28.76s Find the "chart.canvas" Other
    t =    28.78s Tap "draw.finish" Button
    t =    28.78s     Wait for com.mdd.kanpan to idle
    t =    28.78s     Find the "draw.finish" Button
    t =    28.80s     Check for interrupting elements affecting "draw.finish" Button
    t =    28.81s     Synthesize event
    t =    29.10s     Wait for com.mdd.kanpan to idle
    t =    29.10s Tap "interval.chip.4h" Button
    t =    29.10s     Wait for com.mdd.kanpan to idle
    t =    29.10s     Find the "interval.chip.4h" Button
    t =    29.11s     Check for interrupting elements affecting "interval.chip.4h" Button
    t =    29.13s     Synthesize event
    t =    29.42s     Wait for com.mdd.kanpan to idle
    t =    30.46s Checking existence of `"chart.canvas" Other`
    t =    30.48s Find the "chart.canvas" Other
    t =    30.50s Checking existence of `"chart.canvas" Other`
    t =    30.51s Find the "chart.canvas" Other
    t =    30.52s Terminate com.mdd.kanpan:16637
    t =    31.56s Open com.mdd.kanpan
    t =    31.57s     Launch com.mdd.kanpan
2026-09-15 12:49:19.555 xcodebuild[16227:33474412] [MT] IDELaunchParametersSnapshot: The operation couldn’t be completed. (DebuggerLLDB.DebuggerVersionStore.StoreError error 0.)
2026-09-15 12:49:19.555 xcodebuild[16227:33474412] [MT] IDELaunchParametersSnapshot: no debugger version
    t =    32.02s         Setting up automation session
    t =    32.75s         Wait for com.mdd.kanpan to idle
    t =    34.15s Waiting 30.0s for "chart.canvas" Other to exist
    t =    35.17s     Checking `Expect predicate `existsNoRetry == 1` for object "chart.canvas" Other`
    t =    35.17s         Checking existence of `"chart.canvas" Other`
    t =    36.25s Checking existence of `"chart.canvas" Other`
    t =    36.27s Find the "chart.canvas" Other
    t =    36.29s Find the Target Application 'com.mdd.kanpan'
    t =    36.37s Added attachment named '画线-多工具跨周期与重启'
    t =    36.37s Tear Down
    t =    36.37s     Find the Target Application 'com.mdd.kanpan'
    t =    36.45s     Added attachment named 'Screenshot of Target Application 'com.mdd.kanpan'.png'
    t =    36.45s     Terminate com.mdd.kanpan:16707
Test Case '-[KanpanUITests.ChartFoundationUITests testDrawingRectangleChannelAndFibonacci]' passed (37.602 seconds).
Test Case '-[KanpanUITests.ChartFoundationUITests testDrawingToolsAndPersistentStyles]' started.
    t =     0.00s Start Test at 2026-09-15 12:49:25.589
    t =     0.03s Set Up
    t =     0.03s     Setting device orientation to Portrait
    t =     0.03s         Wait for com.apple.springboard to idle
    t =     0.03s     Open com.mdd.kanpan
    t =     0.03s         Launch com.mdd.kanpan
2026-09-15 12:49:25.641 xcodebuild[16227:33474412] [MT] IDELaunchParametersSnapshot: The operation couldn’t be completed. (DebuggerLLDB.DebuggerVersionStore.StoreError error 0.)
2026-09-15 12:49:25.641 xcodebuild[16227:33474412] [MT] IDELaunchParametersSnapshot: no debugger version
    t =     0.26s             Setting up automation session
    t =     0.86s             Wait for com.mdd.kanpan to idle
    t =     2.14s     Waiting 30.0s for "chart.canvas" Other to exist
    t =     3.16s         Checking `Expect predicate `existsNoRetry == 1` for object "chart.canvas" Other`
    t =     3.17s             Checking existence of `"chart.canvas" Other`
    t =     4.23s     Checking existence of `"chart.canvas" Other`
    t =     4.25s     Find the "chart.canvas" Other
    t =     4.27s Tap "interval.draw" Button
    t =     4.27s     Wait for com.mdd.kanpan to idle
    t =     4.27s     Find the "interval.draw" Button
    t =     4.28s     Check for interrupting elements affecting "interval.draw" Button
    t =     4.29s     Synthesize event
    t =     4.58s     Wait for com.mdd.kanpan to idle
    t =     4.58s Tap "draw.tools" Button
    t =     4.58s     Wait for com.mdd.kanpan to idle
    t =     4.58s     Find the "draw.tools" Button
    t =     4.61s     Check for interrupting elements affecting "draw.tools" Button
    t =     4.62s     Synthesize event
    t =     4.91s     Wait for com.mdd.kanpan to idle
    t =     5.00s Waiting 5.0s for "draw.tool.ray" Button to exist
    t =     6.03s     Checking `Expect predicate `existsNoRetry == 1` for object "draw.tool.ray" Button`
    t =     6.03s         Checking existence of `"draw.tool.ray" Button`
    t =     6.09s Find the Target Application 'com.mdd.kanpan'
    t =     6.19s Added attachment named '画线-工具分类'
    t =     6.19s Tap "draw.tool.ray" Button
    t =     6.19s     Wait for com.mdd.kanpan to idle
    t =     6.19s     Find the "draw.tool.ray" Button
    t =     6.22s     Check for interrupting elements affecting "draw.tool.ray" Button
    t =     6.26s     Synthesize event
    t =     6.55s     Wait for com.mdd.kanpan to idle
    t =     6.92s Tap "chart.canvas" Other[0.00, 0.00] -> (80.0, 100.0)
    t =     6.92s     Wait for com.mdd.kanpan to idle
    t =     6.93s     Find the "chart.canvas" Other
    t =     6.95s     Check for interrupting elements affecting "chart.canvas" Other
    t =     6.98s     Synthesize event
    t =     6.98s         Find the "chart.canvas" Other
    t =     7.00s         Find the "chart.canvas" Other
    t =     7.02s         Find the "chart.canvas" Other
    t =     7.32s     Wait for com.mdd.kanpan to idle
    t =     7.32s Tap "chart.canvas" Other[0.00, 0.00] -> (240.0, 160.0)
    t =     7.32s     Wait for com.mdd.kanpan to idle
    t =     7.33s     Find the "chart.canvas" Other
    t =     7.34s     Check for interrupting elements affecting "chart.canvas" Other
    t =     7.36s     Synthesize event
    t =     7.36s         Find the "chart.canvas" Other
    t =     7.38s         Find the "chart.canvas" Other
    t =     7.51s         Find the "chart.canvas" Other
    t =     7.81s     Wait for com.mdd.kanpan to idle
    t =     8.83s Checking existence of `"chart.canvas" Other`
    t =     8.85s Find the "chart.canvas" Other
    t =     8.87s Checking existence of `"chart.canvas" Other`
    t =     8.89s Find the "chart.canvas" Other
    t =     8.90s Find the "draw.undo" Button
    t =     8.92s Tap "draw.undo" Button
    t =     8.92s     Wait for com.mdd.kanpan to idle
    t =     8.92s     Find the "draw.undo" Button
    t =     8.94s     Check for interrupting elements affecting "draw.undo" Button
    t =     8.95s     Synthesize event
    t =     9.24s     Wait for com.mdd.kanpan to idle
    t =    10.26s Checking existence of `"chart.canvas" Other`
    t =    10.28s Find the "chart.canvas" Other
    t =    10.30s Tap "draw.redo" Button
    t =    10.30s     Wait for com.mdd.kanpan to idle
    t =    10.30s     Find the "draw.redo" Button
    t =    10.32s     Check for interrupting elements affecting "draw.redo" Button
    t =    10.34s     Synthesize event
    t =    10.63s     Wait for com.mdd.kanpan to idle
    t =    11.64s Checking existence of `"chart.canvas" Other`
    t =    11.67s Find the "chart.canvas" Other
    t =    11.69s Tap "chart.canvas" Other[0.00, 0.00] -> (80.0, 100.0)
    t =    11.69s     Wait for com.mdd.kanpan to idle
    t =    11.69s     Find the "chart.canvas" Other
    t =    11.71s     Check for interrupting elements affecting "chart.canvas" Other
    t =    11.73s     Synthesize event
    t =    11.73s         Find the "chart.canvas" Other
    t =    11.75s         Find the "chart.canvas" Other
    t =    11.78s         Find the "chart.canvas" Other
Resolve Package Graph

Resolve Package Graph

Resolve Package Graph
    t =    12.08s     Wait for com.mdd.kanpan to idle

Resolve Package Graph
    t =    12.08s Waiting 3.0s for "draw.style" Button to exist

Resolve Package Graph

Resolve Package Graph

Resolve Package Graph

Resolve Package Graph

Resolve Package Graph

Resolve Package Graph

Resolve Package Graph

Resolve Package Graph

Resolve Package Graph

Resolve Package Graph

    t =    13.09s     Checking `Expect predicate `existsNoRetry == 1` for object "draw.style" Button`
    t =    13.10s         Checking existence of `"draw.style" Button`
    t =    13.12s Tap "draw.style" Button
    t =    13.12s     Wait for com.mdd.kanpan to idle
    t =    13.13s     Find the "draw.style" Button
    t =    13.14s     Check for interrupting elements affecting "draw.style" Button
    t =    13.16s     Synthesize event
Resolve Package Graph

    t =    13.45s     Wait for com.mdd.kanpan to idle
    t =    13.73s Tap "color.#4A90E2" Button
    t =    13.73s     Wait for com.mdd.kanpan to idle
Resolve Package Graph

    t =    14.58s     Find the "color.#4A90E2" Button
    t =    14.69s     Check for interrupting elements affecting "color.#4A90E2" Button
    t =    14.73s     Synthesize event
    t =    15.02s     Wait for com.mdd.kanpan to idle
    t =    15.03s Tap "draw.save" Button
    t =    15.03s     Wait for com.mdd.kanpan to idle
    t =    15.03s     Find the "draw.save" Button
    t =    15.07s     Check for interrupting elements affecting "draw.save" Button
    t =    15.11s     Synthesize event
Resolve Package Graph

    t =    15.41s     Wait for com.mdd.kanpan to idle
Resolve Package Graph

    t =    17.22s Checking existence of `"chart.canvas" Other`
Resolve Package Graph

Resolve Package Graph
    t =    17.28s Find the "chart.canvas" Other

    t =    17.30s Tap "draw.lock" Button
    t =    17.30s     Wait for com.mdd.kanpan to idle
    t =    17.30s     Find the "draw.lock" Button
    t =    17.33s     Check for interrupting elements affecting "draw.lock" Button
    t =    17.38s     Synthesize event
    t =    17.68s     Wait for com.mdd.kanpan to idle
Resolve Package Graph

Resolve Package Graph

    t =    18.71s Checking existence of `"chart.canvas" Other`
    t =    18.75s Find the "chart.canvas" Other
    t =    18.78s Checking existence of `"chart.canvas" Other`
    t =    18.80s Find the "chart.canvas" Other
    t =    18.84s Find the Target Application 'com.mdd.kanpan'
    t =    18.93s Added attachment named '画线-射线颜色与锁定'
    t =    18.93s Tap "draw.finish" Button
    t =    18.93s     Wait for com.mdd.kanpan to idle
    t =    18.93s     Find the "draw.finish" Button
    t =    18.96s     Check for interrupting elements affecting "draw.finish" Button
    t =    18.98s     Synthesize event
Resolve Package Graph
    t =    19.28s     Wait for com.mdd.kanpan to idle
    t =    19.28s Terminate com.mdd.kanpan:16731

    t =    20.30s Open com.mdd.kanpan
    t =    20.30s     Launch com.mdd.kanpan
2026-09-15 12:49:45.890 xcodebuild[16227:33474412] [MT] IDELaunchParametersSnapshot: The operation couldn’t be completed. (DebuggerLLDB.DebuggerVersionStore.StoreError error 0.)
2026-09-15 12:49:45.890 xcodebuild[16227:33474412] [MT] IDELaunchParametersSnapshot: no debugger version
    t =    20.72s         Setting up automation session
Resolve Package Graph

Resolve Package Graph

    t =    21.66s         Wait for com.mdd.kanpan to idle
Resolve Package Graph

Resolve Package Graph

    t =    23.10s Waiting 30.0s for "chart.canvas" Other to exist
Resolve Package Graph

    t =    24.12s     Checking `Expect predicate `existsNoRetry == 1` for object "chart.canvas" Other`
    t =    24.13s         Checking existence of `"chart.canvas" Other`
    t =    25.28s Checking existence of `"chart.canvas" Other`
    t =    25.30s Find the "chart.canvas" Other
    t =    25.32s Checking existence of `"chart.canvas" Other`
    t =    25.33s Find the "chart.canvas" Other
    t =    25.35s Checking existence of `"chart.canvas" Other`
    t =    25.36s Find the "chart.canvas" Other
    t =    25.38s Tap "interval.draw" Button
    t =    25.38s     Wait for com.mdd.kanpan to idle
    t =    25.38s     Find the "interval.draw" Button
    t =    25.43s     Check for interrupting elements affecting "interval.draw" Button
    t =    25.46s     Synthesize event
    t =    25.77s     Wait for com.mdd.kanpan to idle
    t =    25.78s Tap "draw.objects.quick" Button
    t =    25.79s     Wait for com.mdd.kanpan to idle
    t =    25.79s     Find the "draw.objects.quick" Button
    t =    25.84s     Check for interrupting elements affecting "draw.objects.quick" Button
    t =    25.88s     Synthesize event
    t =    26.19s     Wait for com.mdd.kanpan to idle
    t =    26.43s Waiting 5.0s for "draw.object.d1C801D8B-6328-447B-81C7-3F8FA6C2D478" Button to exist
    t =    27.45s     Checking `Expect predicate `existsNoRetry == 1` for object "draw.object.d1C801D8B-6328-447B-81C7-3F8FA6C2D478" Button`
    t =    27.45s         Checking existence of `"draw.object.d1C801D8B-6328-447B-81C7-3F8FA6C2D478" Button`
    t =    27.51s Find the Target Application 'com.mdd.kanpan'
    t =    27.66s Added attachment named '画线-重启恢复对象'
    t =    27.66s Tap "隐藏画线" Button
    t =    27.66s     Wait for com.mdd.kanpan to idle
    t =    27.67s     Find the "隐藏画线" Button
    t =    27.71s     Check for interrupting elements affecting "eye" Button
    t =    27.75s     Synthesize event
    t =    28.04s     Wait for com.mdd.kanpan to idle
    t =    28.78s Tap "chart.canvas" Other[0.00, 0.00] -> (150.0, 50.0)
    t =    28.78s     Wait for com.mdd.kanpan to idle
    t =    28.79s     Find the "chart.canvas" Other
    t =    28.83s     Check for interrupting elements affecting "chart.canvas" Other
    t =    28.87s     Synthesize event
    t =    28.87s         Find the "chart.canvas" Other
    t =    28.96s         Find the "chart.canvas" Other
    t =    29.00s         Find the "chart.canvas" Other
    t =    29.33s     Wait for com.mdd.kanpan to idle
    t =    30.69s Checking existence of `"draw.sheet.done" Button`
    t =    30.73s Checking existence of `"chart.canvas" Other`
    t =    30.74s Find the "chart.canvas" Other
    t =    31.78s Checking existence of `"chart.canvas" Other`
    t =    31.80s Find the "chart.canvas" Other
    t =    31.82s Setting device orientation to Landscape Left
    t =    31.83s     Device orientation changed to Landscape Left
    t =    31.94s     Interface orientation changed to Landscape Right
    t =    31.94s     Wait for com.mdd.kanpan to idle
    t =    32.06s Waiting 5.0s for "draw.tools" Button to exist
    t =    33.08s     Checking `Expect predicate `existsNoRetry == 1` for object "draw.tools" Button`
    t =    33.08s         Checking existence of `"draw.tools" Button`
    t =    33.10s Find the Target Application 'com.mdd.kanpan'
    t =    33.19s Added attachment named '画线-横屏工具栏'
    t =    33.19s Setting device orientation to Portrait
    t =    33.19s     Device orientation changed to Portrait
    t =    33.22s     Interface orientation changed to Portrait
    t =    33.22s     Wait for com.mdd.kanpan to idle
    t =    33.37s Terminate com.mdd.kanpan:16934
    t =    34.42s Open com.mdd.kanpan
    t =    34.42s     Launch com.mdd.kanpan
2026-09-15 12:50:00.045 xcodebuild[16227:33474412] [MT] IDELaunchParametersSnapshot: The operation couldn’t be completed. (DebuggerLLDB.DebuggerVersionStore.StoreError error 0.)
2026-09-15 12:50:00.045 xcodebuild[16227:33474412] [MT] IDELaunchParametersSnapshot: no debugger version
    t =    34.87s         Setting up automation session
    t =    35.67s         Wait for com.mdd.kanpan to idle
Resolve Package Graph

    t =    37.11s Waiting 30.0s for "chart.canvas" Other to exist
Resolve Package Graph

    t =    38.12s     Checking `Expect predicate `existsNoRetry == 1` for object "chart.canvas" Other`
    t =    38.12s         Checking existence of `"chart.canvas" Other`
Resolve Package Graph

    t =    39.21s Checking existence of `"chart.canvas" Other`
    t =    39.24s Find the "chart.canvas" Other
Resolve Package Graph
    t =    39.28s Tap "interval.draw" Button
    t =    39.28s     Wait for com.mdd.kanpan to idle
    t =    39.28s     Find the "interval.draw" Button

    t =    39.31s     Check for interrupting elements affecting "interval.draw" Button
    t =    39.35s     Synthesize event
    t =    39.66s     Wait for com.mdd.kanpan to idle
    t =    39.66s Tap "draw.objects.quick" Button
    t =    39.67s     Wait for com.mdd.kanpan to idle
    t =    39.67s     Find the "draw.objects.quick" Button
    t =    39.72s     Check for interrupting elements affecting "draw.objects.quick" Button
    t =    39.75s     Synthesize event
    t =    40.06s     Wait for com.mdd.kanpan to idle
Resolve Package Graph
    t =    40.29s Tap "draw.object.d1C801D8B-6328-447B-81C7-3F8FA6C2D478" Button
    t =    40.29s     Wait for com.mdd.kanpan to idle

    t =    40.80s     Find the "draw.object.d1C801D8B-6328-447B-81C7-3F8FA6C2D478" Button
    t =    40.87s     Check for interrupting elements affecting "draw.object.d1C801D8B-6328-447B-81C7-3F8FA6C2D478" Button
    t =    40.90s     Synthesize event
    t =    41.20s     Wait for com.mdd.kanpan to idle
    t =    41.65s Waiting 5.0s for "draw.copy" Button to exist
    t =    42.66s     Checking `Expect predicate `existsNoRetry == 1` for object "draw.copy" Button`
    t =    42.66s         Checking existence of `"draw.copy" Button`
    t =    42.70s Tap "draw.copy" Button
    t =    42.70s     Wait for com.mdd.kanpan to idle
    t =    42.70s     Find the "draw.copy" Button
    t =    42.76s     Check for interrupting elements affecting "draw.copy" Button
    t =    42.79s     Synthesize event
    t =    43.09s     Wait for com.mdd.kanpan to idle
Resolve Package Graph

    t =    44.09s Checking existence of `"chart.canvas" Other`
    t =    44.14s Find the "chart.canvas" Other
    t =    44.16s Tap "draw.delete" Button
    t =    44.16s     Wait for com.mdd.kanpan to idle
    t =    44.17s     Find the "draw.delete" Button
    t =    44.19s     Check for interrupting elements affecting "draw.delete" Button
    t =    44.22s     Synthesize event
    t =    44.52s     Wait for com.mdd.kanpan to idle
Resolve Package Graph

    t =    45.54s Checking existence of `"chart.canvas" Other`
    t =    45.58s Find the "chart.canvas" Other
    t =    45.63s Tap "draw.undo" Button
    t =    45.63s     Wait for com.mdd.kanpan to idle
    t =    45.64s     Find the "draw.undo" Button
    t =    45.67s     Check for interrupting elements affecting "draw.undo" Button
    t =    45.70s     Synthesize event
    t =    46.00s     Wait for com.mdd.kanpan to idle
Resolve Package Graph

    t =    47.02s Checking existence of `"chart.canvas" Other`
    t =    47.05s Find the "chart.canvas" Other
    t =    47.08s Tap "draw.redo" Button
    t =    47.08s     Wait for com.mdd.kanpan to idle
    t =    47.08s     Find the "draw.redo" Button
    t =    47.24s     Check for interrupting elements affecting "draw.redo" Button
    t =    47.35s     Synthesize event
    t =    47.74s     Wait for com.mdd.kanpan to idle
    t =    48.78s Checking existence of `"chart.canvas" Other`
    t =    48.84s Find the "chart.canvas" Other
    t =    48.87s Find the Target Application 'com.mdd.kanpan'
    t =    49.02s Added attachment named '画线-只删除选中对象并可撤销'
    t =    49.02s Tap "draw.magnet.quick" Button
    t =    49.02s     Wait for com.mdd.kanpan to idle
    t =    49.02s     Find the "draw.magnet.quick" Button
    t =    49.05s     Check for interrupting elements affecting "draw.magnet.quick" Button
    t =    49.07s     Synthesize event
    t =    49.37s     Wait for com.mdd.kanpan to idle
    t =    49.38s Tap "draw.continuous.quick" Button
    t =    49.38s     Wait for com.mdd.kanpan to idle
    t =    49.38s     Find the "draw.continuous.quick" Button
    t =    49.40s     Check for interrupting elements affecting "draw.continuous.quick" Button
    t =    49.42s     Synthesize event
    t =    49.72s     Wait for com.mdd.kanpan to idle
    t =    49.72s Terminate com.mdd.kanpan:17088
    t =    50.82s Open com.mdd.kanpan
    t =    50.82s     Launch com.mdd.kanpan
2026-09-15 12:50:16.411 xcodebuild[16227:33474412] [MT] IDELaunchParametersSnapshot: The operation couldn’t be completed. (DebuggerLLDB.DebuggerVersionStore.StoreError error 0.)
2026-09-15 12:50:16.411 xcodebuild[16227:33474412] [MT] IDELaunchParametersSnapshot: no debugger version
    t =    51.24s         Setting up automation session
Resolve Package Graph

    t =    52.20s         Wait for com.mdd.kanpan to idle
Resolve Package Graph

    t =    53.91s Waiting 30.0s for "chart.canvas" Other to exist
Resolve Package Graph

    t =    54.93s     Checking `Expect predicate `existsNoRetry == 1` for object "chart.canvas" Other`
    t =    54.93s         Checking existence of `"chart.canvas" Other`
Resolve Package Graph

Resolve Package Graph

    t =    56.05s Checking existence of `"chart.canvas" Other`
    t =    56.07s Find the "chart.canvas" Other
    t =    56.09s Checking existence of `"chart.canvas" Other`
    t =    56.10s Find the "chart.canvas" Other
    t =    56.11s Checking existence of `"chart.canvas" Other`
    t =    56.13s Find the "chart.canvas" Other
    t =    56.16s Tear Down
    t =    56.16s     Find the Target Application 'com.mdd.kanpan'
    t =    56.29s     Added attachment named 'Screenshot of Target Application 'com.mdd.kanpan'.png'
    t =    56.29s     Terminate com.mdd.kanpan:17262
Test Case '-[KanpanUITests.ChartFoundationUITests testDrawingToolsAndPersistentStyles]' passed (57.723 seconds).
Test Case '-[KanpanUITests.ChartFoundationUITests testIndicatorColorSaveCancelAndRestart]' started.
    t =     0.00s Start Test at 2026-09-15 12:50:23.313
    t =     0.04s Set Up
    t =     0.04s     Setting device orientation to Portrait
    t =     0.05s         Wait for com.apple.springboard to idle
    t =     0.05s     Open com.mdd.kanpan
    t =     0.06s         Launch com.mdd.kanpan
2026-09-15 12:50:23.371 xcodebuild[16227:33474412] [MT] IDELaunchParametersSnapshot: The operation couldn’t be completed. (DebuggerLLDB.DebuggerVersionStore.StoreError error 0.)
2026-09-15 12:50:23.371 xcodebuild[16227:33474412] [MT] IDELaunchParametersSnapshot: no debugger version
    t =     0.53s             Setting up automation session
    t =     1.10s             Wait for com.mdd.kanpan to idle
    t =     2.44s     Waiting 30.0s for "chart.canvas" Other to exist
    t =     3.47s         Checking `Expect predicate `existsNoRetry == 1` for object "chart.canvas" Other`
    t =     3.47s             Checking existence of `"chart.canvas" Other`
    t =     4.53s     Checking existence of `"chart.canvas" Other`
    t =     4.54s     Find the "chart.canvas" Other
    t =     4.56s Checking existence of `"chart.canvas" Other`
    t =     4.60s Find the "chart.canvas" Other
    t =     4.62s Tap "bottom.indicator" Button
    t =     4.62s     Wait for com.mdd.kanpan to idle
    t =     4.62s     Find the "bottom.indicator" Button
    t =     4.63s     Check for interrupting elements affecting "bottom.indicator" Button
    t =     4.65s     Synthesize event
    t =     4.94s     Wait for com.mdd.kanpan to idle
    t =     5.09s Checking existence of `"indicator.edit.MA" Button`
    t =     5.18s Tap "indicator.edit.MA" Button
    t =     5.18s     Wait for com.mdd.kanpan to idle
    t =     5.56s     Find the "indicator.edit.MA" Button
    t =     5.60s     Check for interrupting elements affecting "indicator.edit.MA" Button
    t =     5.63s     Synthesize event
    t =     5.93s     Wait for com.mdd.kanpan to idle
    t =     6.94s Find the "indicator.color.0.#4A90E2" Button
    t =     7.24s Find the "indicator.color.0.#4A90E2" Button
    t =     7.37s Tap "indicator.color.0.#4A90E2" Button
    t =     7.37s     Wait for com.mdd.kanpan to idle
    t =     7.37s     Find the "indicator.color.0.#4A90E2" Button
    t =     7.46s     Check for interrupting elements affecting "indicator.color.0.#4A90E2" Button
    t =     7.51s     Synthesize event
    t =     7.81s     Wait for com.mdd.kanpan to idle
    t =     7.82s Find the Target Application 'com.mdd.kanpan'
    t =     8.00s Added attachment named 'MA-独立颜色编辑'
    t =     8.01s Tap "取消" Button
    t =     8.01s     Wait for com.mdd.kanpan to idle
    t =     8.02s     Find the "取消" Button
    t =     8.15s     Check for interrupting elements affecting "取消" Button
    t =     8.19s     Synthesize event
    t =     8.52s     Wait for com.mdd.kanpan to idle
    t =     9.29s Waiting 5.0s for "panel.header" StaticText to exist
    t =    10.32s     Checking `Expect predicate `existsNoRetry == 1` for object "panel.header" StaticText`
    t =    10.32s         Checking existence of `"panel.header" StaticText`
    t =    10.37s Press "panel.header" StaticText[0.50, 0.50] for 0.1 seconds, then drag to Window (First Match)[0.50, 0.98] with velocity of 500.00 pixels per second, and then hold for 0.0 seconds 
    t =    10.37s     Wait for com.mdd.kanpan to idle
    t =    10.38s     Find the "panel.header" StaticText
    t =    10.41s     Check for interrupting elements affecting "panel.header" StaticText
    t =    10.45s     Synthesize event
    t =    10.45s         Find the "panel.header" StaticText
    t =    10.49s         Find the "panel.header" StaticText
    t =    10.53s         Find the Window (First Match)
    t =    10.55s         Find the Window at {{0.0, 0.0}, {402.0, 874.0}}
    t =    10.55s         Find the "panel.header" StaticText
    t =    11.79s     Wait for com.mdd.kanpan to idle
    t =    13.50s Checking existence of `"panel.header" StaticText`
    t =    13.52s Checking existence of `"chart.canvas" Other`
    t =    13.54s Find the "chart.canvas" Other
    t =    13.56s Tap "bottom.indicator" Button
    t =    13.56s     Wait for com.mdd.kanpan to idle
    t =    13.56s     Find the "bottom.indicator" Button
    t =    13.59s     Check for interrupting elements affecting "bottom.indicator" Button
    t =    13.62s     Synthesize event
    t =    13.93s     Wait for com.mdd.kanpan to idle
    t =    14.26s Checking existence of `"indicator.edit.MA" Button`
    t =    14.32s Tap "indicator.edit.MA" Button
    t =    14.32s     Wait for com.mdd.kanpan to idle
    t =    14.32s     Find the "indicator.edit.MA" Button
    t =    14.36s     Check for interrupting elements affecting "indicator.edit.MA" Button
    t =    14.40s     Synthesize event
    t =    14.71s     Wait for com.mdd.kanpan to idle
    t =    15.61s Find the "indicator.color.0.#4A90E2" Button
    t =    15.76s Find the "indicator.color.0.#4A90E2" Button
    t =    15.93s Tap "indicator.color.0.#4A90E2" Button
    t =    15.93s     Wait for com.mdd.kanpan to idle
    t =    15.93s     Find the "indicator.color.0.#4A90E2" Button
    t =    16.03s     Check for interrupting elements affecting "indicator.color.0.#4A90E2" Button
    t =    16.10s     Synthesize event
    t =    16.45s     Wait for com.mdd.kanpan to idle
    t =    16.45s Find the Target Application 'com.mdd.kanpan'
    t =    16.58s Added attachment named 'MA-独立颜色编辑'
    t =    16.58s Tap "保存" Button
    t =    16.58s     Wait for com.mdd.kanpan to idle
    t =    16.59s     Find the "保存" Button
    t =    16.64s     Check for interrupting elements affecting "保存" Button
    t =    16.70s     Synthesize event
    t =    17.00s     Wait for com.mdd.kanpan to idle
    t =    17.81s Waiting 5.0s for "panel.header" StaticText to exist
    t =    18.82s     Checking `Expect predicate `existsNoRetry == 1` for object "panel.header" StaticText`
    t =    18.82s         Checking existence of `"panel.header" StaticText`
    t =    18.88s Press "panel.header" StaticText[0.50, 0.50] for 0.1 seconds, then drag to Window (First Match)[0.50, 0.98] with velocity of 500.00 pixels per second, and then hold for 0.0 seconds 
    t =    18.88s     Wait for com.mdd.kanpan to idle
    t =    18.89s     Find the "panel.header" StaticText
    t =    18.93s     Check for interrupting elements affecting "panel.header" StaticText
    t =    18.97s     Synthesize event
    t =    18.98s         Find the "panel.header" StaticText
    t =    19.03s         Find the "panel.header" StaticText
    t =    19.07s         Find the Window (First Match)
    t =    19.08s         Find the Window at {{0.0, 0.0}, {402.0, 874.0}}
    t =    19.09s         Find the "panel.header" StaticText
    t =    20.32s     Wait for com.mdd.kanpan to idle
    t =    22.02s Checking existence of `"panel.header" StaticText`
    t =    23.08s Checking existence of `"chart.canvas" Other`
    t =    23.10s Find the "chart.canvas" Other
    t =    23.12s Tap "bottom.indicator" Button
    t =    23.12s     Wait for com.mdd.kanpan to idle
    t =    23.12s     Find the "bottom.indicator" Button
    t =    23.14s     Check for interrupting elements affecting "bottom.indicator" Button
    t =    23.16s     Synthesize event
    t =    23.46s     Wait for com.mdd.kanpan to idle
    t =    23.83s Checking existence of `"indicator.edit.EMA" Button`
    t =    23.90s Tap "indicator.switch.EMA" Button
    t =    23.90s     Wait for com.mdd.kanpan to idle
    t =    23.90s     Find the "indicator.switch.EMA" Button
    t =    23.94s     Check for interrupting elements affecting "indicator.switch.EMA" Button
    t =    23.97s     Synthesize event
    t =    24.27s     Wait for com.mdd.kanpan to idle
    t =    24.99s Tap "indicator.edit.EMA" Button
    t =    24.99s     Wait for com.mdd.kanpan to idle
    t =    25.00s     Find the "indicator.edit.EMA" Button
    t =    25.04s     Check for interrupting elements affecting "indicator.edit.EMA" Button
    t =    25.07s     Synthesize event
    t =    25.38s     Wait for com.mdd.kanpan to idle
    t =    26.14s Find the "indicator.color.0.#37A78F" Button
    t =    26.27s Find the "indicator.color.0.#37A78F" Button
    t =    26.37s Tap "indicator.color.0.#37A78F" Button
    t =    26.37s     Wait for com.mdd.kanpan to idle
    t =    26.37s     Find the "indicator.color.0.#37A78F" Button
    t =    26.45s     Check for interrupting elements affecting "indicator.color.0.#37A78F" Button
    t =    26.51s     Synthesize event
    t =    26.81s     Wait for com.mdd.kanpan to idle
    t =    26.81s Find the Target Application 'com.mdd.kanpan'
    t =    26.97s Added attachment named 'EMA-独立颜色编辑'
    t =    26.97s Tap "保存" Button
    t =    26.97s     Wait for com.mdd.kanpan to idle
    t =    26.97s     Find the "保存" Button
    t =    27.03s     Check for interrupting elements affecting "保存" Button
    t =    27.08s     Synthesize event
    t =    27.39s     Wait for com.mdd.kanpan to idle
    t =    28.19s Waiting 5.0s for "panel.header" StaticText to exist
    t =    29.22s     Checking `Expect predicate `existsNoRetry == 1` for object "panel.header" StaticText`
    t =    29.22s         Checking existence of `"panel.header" StaticText`
    t =    29.34s Press "panel.header" StaticText[0.50, 0.50] for 0.1 seconds, then drag to Window (First Match)[0.50, 0.98] with velocity of 500.00 pixels per second, and then hold for 0.0 seconds 
    t =    29.34s     Wait for com.mdd.kanpan to idle
    t =    29.35s     Find the "panel.header" StaticText
    t =    29.38s     Check for interrupting elements affecting "panel.header" StaticText
    t =    29.45s     Synthesize event
    t =    29.45s         Find the "panel.header" StaticText
    t =    29.51s         Find the "panel.header" StaticText
    t =    29.55s         Find the Window (First Match)
    t =    29.57s         Find the Window at {{0.0, 0.0}, {402.0, 874.0}}
    t =    29.57s         Find the "panel.header" StaticText
    t =    30.82s     Wait for com.mdd.kanpan to idle
    t =    32.52s Checking existence of `"panel.header" StaticText`
    t =    32.55s Checking existence of `"chart.canvas" Other`
    t =    32.56s Find the "chart.canvas" Other
    t =    32.58s Checking existence of `"chart.canvas" Other`
    t =    32.60s Find the "chart.canvas" Other
    t =    32.62s Terminate com.mdd.kanpan:17347
    t =    33.70s Open com.mdd.kanpan
    t =    33.70s     Launch com.mdd.kanpan
2026-09-15 12:50:57.019 xcodebuild[16227:33474412] [MT] IDELaunchParametersSnapshot: The operation couldn’t be completed. (DebuggerLLDB.DebuggerVersionStore.StoreError error 0.)
2026-09-15 12:50:57.019 xcodebuild[16227:33474412] [MT] IDELaunchParametersSnapshot: no debugger version
    t =    33.92s         Setting up automation session
    t =    34.83s         Wait for com.mdd.kanpan to idle
    t =    36.41s Waiting 30.0s for "chart.canvas" Other to exist
    t =    37.43s     Checking `Expect predicate `existsNoRetry == 1` for object "chart.canvas" Other`
    t =    37.44s         Checking existence of `"chart.canvas" Other`
    t =    38.50s Checking existence of `"chart.canvas" Other`
    t =    38.51s Find the "chart.canvas" Other
    t =    38.53s Checking existence of `"chart.canvas" Other`
    t =    38.54s Find the "chart.canvas" Other
    t =    38.55s Find the Target Application 'com.mdd.kanpan'
    t =    38.63s Added attachment named '均线颜色-重启恢复'
    t =    38.64s Tear Down
    t =    38.64s     Find the Target Application 'com.mdd.kanpan'
    t =    38.71s     Added attachment named 'Screenshot of Target Application 'com.mdd.kanpan'.png'
    t =    38.72s     Terminate com.mdd.kanpan:17547
Test Case '-[KanpanUITests.ChartFoundationUITests testIndicatorColorSaveCancelAndRestart]' passed (39.978 seconds).
Test Case '-[KanpanUITests.ChartFoundationUITests testMAParameterCancelAndSaveOutput]' started.
    t =     0.00s Start Test at 2026-09-15 12:51:03.292
    t =     0.06s Set Up
    t =     0.06s     Setting device orientation to Portrait
    t =     0.06s         Wait for com.apple.springboard to idle
    t =     0.07s     Open com.mdd.kanpan
    t =     0.07s         Launch com.mdd.kanpan
2026-09-15 12:51:03.361 xcodebuild[16227:33474412] [MT] IDELaunchParametersSnapshot: The operation couldn’t be completed. (DebuggerLLDB.DebuggerVersionStore.StoreError error 0.)
2026-09-15 12:51:03.361 xcodebuild[16227:33474412] [MT] IDELaunchParametersSnapshot: no debugger version
    t =     0.28s             Setting up automation session
    t =     0.99s             Wait for com.mdd.kanpan to idle
    t =     2.31s     Waiting 30.0s for "chart.canvas" Other to exist
    t =     3.33s         Checking `Expect predicate `existsNoRetry == 1` for object "chart.canvas" Other`
    t =     3.33s             Checking existence of `"chart.canvas" Other`
    t =     4.40s     Checking existence of `"chart.canvas" Other`
    t =     4.43s     Find the "chart.canvas" Other
    t =     4.46s Checking existence of `"chart.canvas" Other`
    t =     4.47s Find the "chart.canvas" Other
    t =     4.49s Tap "bottom.indicator" Button
    t =     4.49s     Wait for com.mdd.kanpan to idle
    t =     4.49s     Find the "bottom.indicator" Button
    t =     4.51s     Check for interrupting elements affecting "bottom.indicator" Button
    t =     4.53s     Synthesize event
    t =     4.83s     Wait for com.mdd.kanpan to idle
    t =     4.96s Tap "indicator.edit.MA" Button
    t =     4.96s     Wait for com.mdd.kanpan to idle
    t =     5.46s     Find the "indicator.edit.MA" Button
    t =     5.54s     Check for interrupting elements affecting "indicator.edit.MA" Button
    t =     5.58s     Synthesize event
    t =     5.87s     Wait for com.mdd.kanpan to idle
    t =     6.88s Waiting 5.0s for "indicator.param.0" Stepper to exist
    t =     7.89s     Checking `Expect predicate `existsNoRetry == 1` for object "indicator.param.0" Stepper`
    t =     7.89s         Checking existence of `"indicator.param.0" Stepper`
    t =     7.97s Tap "indicator.param.0-Increment" Button
    t =     7.97s     Wait for com.mdd.kanpan to idle
    t =     7.97s     Find the "indicator.param.0-Increment" Button
    t =     8.01s     Check for interrupting elements affecting "indicator.param.0-Increment" Button
    t =     8.05s     Synthesize event
    t =     8.34s     Wait for com.mdd.kanpan to idle
    t =     8.34s Tap "取消" Button
    t =     8.34s     Wait for com.mdd.kanpan to idle
    t =     8.34s     Find the "取消" Button
    t =     8.40s     Check for interrupting elements affecting "取消" Button
    t =     8.43s     Synthesize event
    t =     8.72s     Wait for com.mdd.kanpan to idle
    t =     9.51s Waiting 5.0s for "panel.header" StaticText to exist
    t =    10.54s     Checking `Expect predicate `existsNoRetry == 1` for object "panel.header" StaticText`
    t =    10.54s         Checking existence of `"panel.header" StaticText`
    t =    10.59s Press "panel.header" StaticText[0.50, 0.50] for 0.1 seconds, then drag to Window (First Match)[0.50, 0.98] with velocity of 500.00 pixels per second, and then hold for 0.0 seconds 
    t =    10.59s     Wait for com.mdd.kanpan to idle
    t =    10.60s     Find the "panel.header" StaticText
    t =    10.63s     Check for interrupting elements affecting "panel.header" StaticText
    t =    10.67s     Synthesize event
    t =    10.67s         Find the "panel.header" StaticText
    t =    10.71s         Find the "panel.header" StaticText
    t =    10.74s         Find the Window (First Match)
    t =    10.74s         Find the Window at {{0.0, 0.0}, {402.0, 874.0}}
    t =    10.75s         Find the "panel.header" StaticText
    t =    11.99s     Wait for com.mdd.kanpan to idle
    t =    13.70s Checking existence of `"panel.header" StaticText`
    t =    13.72s Checking existence of `"chart.canvas" Other`
    t =    13.74s Find the "chart.canvas" Other
    t =    13.75s Tap "bottom.indicator" Button
    t =    13.75s     Wait for com.mdd.kanpan to idle
    t =    13.76s     Find the "bottom.indicator" Button
    t =    13.77s     Check for interrupting elements affecting "bottom.indicator" Button
    t =    13.80s     Synthesize event
    t =    14.12s     Wait for com.mdd.kanpan to idle
    t =    14.48s Tap "indicator.edit.MA" Button
    t =    14.48s     Wait for com.mdd.kanpan to idle
    t =    14.48s     Find the "indicator.edit.MA" Button
    t =    14.53s     Check for interrupting elements affecting "indicator.edit.MA" Button
    t =    14.56s     Synthesize event
    t =    14.86s     Wait for com.mdd.kanpan to idle
    t =    15.63s Waiting 5.0s for "indicator.output.0" Switch to exist
    t =    16.66s     Checking `Expect predicate `existsNoRetry == 1` for object "indicator.output.0" Switch`
    t =    16.66s         Checking existence of `"indicator.output.0" Switch`
    t =    16.77s Find the "indicator.output.0" Switch
    t =    16.85s Tap "indicator.output.0" Switch[0.93, 0.50]
    t =    16.85s     Wait for com.mdd.kanpan to idle
    t =    16.85s     Find the "indicator.output.0" Switch
    t =    16.90s     Check for interrupting elements affecting "indicator.output.0" Switch
    t =    16.93s     Synthesize event
    t =    16.93s         Find the "indicator.output.0" Switch
    t =    17.02s         Find the "indicator.output.0" Switch
    t =    17.07s         Find the "indicator.output.0" Switch
    t =    17.46s     Wait for com.mdd.kanpan to idle
    t =    19.78s Find the "indicator.output.0" Switch
    t =    19.88s Find the Target Application 'com.mdd.kanpan'
    t =    20.04s Added attachment named 'MA草稿-输出已关闭'
    t =    20.04s Tap "保存" Button
    t =    20.04s     Wait for com.mdd.kanpan to idle
    t =    20.05s     Find the "保存" Button
    t =    20.10s     Check for interrupting elements affecting "保存" Button
    t =    20.15s     Synthesize event
    t =    20.45s     Wait for com.mdd.kanpan to idle
    t =    21.23s Waiting 5.0s for "panel.header" StaticText to exist
    t =    22.26s     Checking `Expect predicate `existsNoRetry == 1` for object "panel.header" StaticText`
    t =    22.26s         Checking existence of `"panel.header" StaticText`
    t =    22.30s Press "panel.header" StaticText[0.50, 0.50] for 0.1 seconds, then drag to Window (First Match)[0.50, 0.98] with velocity of 500.00 pixels per second, and then hold for 0.0 seconds 
    t =    22.30s     Wait for com.mdd.kanpan to idle
    t =    22.32s     Find the "panel.header" StaticText
    t =    22.36s     Check for interrupting elements affecting "panel.header" StaticText
    t =    22.38s     Synthesize event
    t =    22.39s         Find the "panel.header" StaticText
    t =    22.42s         Find the "panel.header" StaticText
    t =    22.48s         Find the Window (First Match)
    t =    22.52s         Find the Window at {{0.0, 0.0}, {402.0, 874.0}}
    t =    22.54s         Find the "panel.header" StaticText
    t =    23.78s     Wait for com.mdd.kanpan to idle
    t =    25.51s Checking existence of `"panel.header" StaticText`
    t =    26.55s Checking existence of `"chart.canvas" Other`
    t =    26.58s Find the "chart.canvas" Other
    t =    26.60s Find the Target Application 'com.mdd.kanpan'
    t =    26.69s Added attachment named 'MA输出关闭-曲线图例同步'
    t =    26.69s Tear Down
    t =    26.69s     Find the Target Application 'com.mdd.kanpan'
    t =    26.79s     Added attachment named 'Screenshot of Target Application 'com.mdd.kanpan'.png'
    t =    26.79s     Terminate com.mdd.kanpan:17554
Test Case '-[KanpanUITests.ChartFoundationUITests testMAParameterCancelAndSaveOutput]' passed (27.967 seconds).
Test Case '-[KanpanUITests.ChartFoundationUITests testOutsideTapOnlyDismissesPanel]' started.
    t =     0.00s Start Test at 2026-09-15 12:51:31.260
    t =     0.03s Set Up
    t =     0.03s     Setting device orientation to Portrait
    t =     0.04s         Wait for com.apple.springboard to idle
    t =     0.04s     Open com.mdd.kanpan
    t =     0.04s         Launch com.mdd.kanpan
2026-09-15 12:51:31.311 xcodebuild[16227:33474412] [MT] IDELaunchParametersSnapshot: The operation couldn’t be completed. (DebuggerLLDB.DebuggerVersionStore.StoreError error 0.)
2026-09-15 12:51:31.311 xcodebuild[16227:33474412] [MT] IDELaunchParametersSnapshot: no debugger version
    t =     0.27s             Setting up automation session
    t =     1.05s             Wait for com.mdd.kanpan to idle
    t =     2.36s     Waiting 30.0s for "chart.canvas" Other to exist
    t =     3.37s         Checking `Expect predicate `existsNoRetry == 1` for object "chart.canvas" Other`
    t =     3.37s             Checking existence of `"chart.canvas" Other`
    t =     4.45s     Checking existence of `"chart.canvas" Other`
    t =     4.48s     Find the "chart.canvas" Other
    t =     4.49s Tap "bottom.indicator" Button
    t =     4.49s     Wait for com.mdd.kanpan to idle
    t =     4.50s     Find the "bottom.indicator" Button
    t =     4.53s     Check for interrupting elements affecting "bottom.indicator" Button
    t =     4.55s     Synthesize event
    t =     4.85s     Wait for com.mdd.kanpan to idle
    t =     5.26s Waiting 5.0s for "panel.header" StaticText to exist
    t =     6.27s     Checking `Expect predicate `existsNoRetry == 1` for object "panel.header" StaticText`
    t =     6.27s         Checking existence of `"panel.header" StaticText`
    t =     6.37s Checking existence of `"chart.canvas" Other`
    t =     6.48s Find the "chart.canvas" Other
    t =     6.55s Tap "chart.canvas" Other[0.00, 0.00] -> (150.0, 130.0)
    t =     6.55s     Wait for com.mdd.kanpan to idle
    t =     6.55s     Find the "chart.canvas" Other
    t =     6.60s     Check for interrupting elements affecting "chart.canvas" Other
    t =     6.65s     Synthesize event
    t =     6.65s         Find the "chart.canvas" Other
    t =     6.69s         Find the "chart.canvas" Other
    t =     6.73s         Find the "chart.canvas" Other
    t =     7.06s     Wait for com.mdd.kanpan to idle
    t =     8.43s Checking existence of `"panel.header" StaticText`
    t =     8.45s Checking existence of `"chart.canvas" Other`
    t =     8.47s Find the "chart.canvas" Other
    t =     8.48s Checking existence of `"chart.canvas" Other`
    t =     8.49s Find the "chart.canvas" Other
    t =     8.51s Tap "chart.canvas" Other[0.00, 0.00] -> (150.0, 130.0)
    t =     8.51s     Wait for com.mdd.kanpan to idle
    t =     8.51s     Find the "chart.canvas" Other
    t =     8.53s     Check for interrupting elements affecting "chart.canvas" Other
    t =     8.55s     Synthesize event
    t =     8.55s         Find the "chart.canvas" Other
    t =     8.58s         Find the "chart.canvas" Other
    t =     8.62s         Find the "chart.canvas" Other
    t =     8.95s     Wait for com.mdd.kanpan to idle
    t =     9.97s Checking existence of `"chart.canvas" Other`
    t =    10.00s Find the "chart.canvas" Other
    t =    11.02s Checking existence of `"chart.canvas" Other`
    t =    11.05s Find the "chart.canvas" Other
    t =    11.95s Checking existence of `"chart.canvas" Other`
    t =    11.98s Find the "chart.canvas" Other
/Users/mdd/zhk/kanpan/Kanpan/KanpanUITests/ChartFoundationUITests.swift:728: error: -[KanpanUITests.ChartFoundationUITests testOutsideTapOnlyDismissesPanel] : XCTAssertTrue failed
    t =    12.27s Tear Down
    t =    12.27s     Find the Target Application 'com.mdd.kanpan'
    t =    12.36s     Added attachment named 'Screenshot of Target Application 'com.mdd.kanpan'.png'
    t =    12.36s     Checking existence of `"chart.canvas" Other`
    t =    12.37s     Find the "chart.canvas" Other
    t =    12.40s     Requesting snapshot of accessibility hierarchy for app with pid 17650
    t =    12.48s     Requesting snapshot of accessibility hierarchy for app with pid 17650
    t =    12.50s     Added attachment of type 'public.plain-text'
    t =    12.50s     Terminate com.mdd.kanpan:17650
Test Case '-[KanpanUITests.ChartFoundationUITests testOutsideTapOnlyDismissesPanel]' failed (13.552 seconds).
2026-09-15 12:51:44.811388+0800 KanpanUITests-Runner[16600:33477576] [Default] Flushing outgoing messages to the IDE with timeout 600.00s
2026-09-15 12:51:44.814262+0800 KanpanUITests-Runner[16600:33481682] [Default] Received confirmation that IDE processed remaining outgoing messages
2026-09-15 12:51:45.743457+0800 KanpanUITests-Runner[17705:33490646] [Default] Running tests...
    t =      nans Interface orientation changed to Portrait

Restarting after unexpected exit, crash, or test timeout; summary will include totals from previous launches.

Test Suite 'Selected tests' started at 2026-09-15 12:51:46.388.
Test Suite 'KanpanUITests.xctest' started at 2026-09-15 12:51:46.388.
Test Suite 'KanpanUITests.xctest' passed at 2026-09-15 12:51:46.388.
	 Executed 0 tests, with 0 failures (0 unexpected) in 0.000 (0.000) seconds
Test Suite 'Selected tests' passed at 2026-09-15 12:51:46.388.
	 Executed 0 tests, with 0 failures (0 unexpected) in 0.000 (0.001) seconds
2026-09-15 12:52:03.519 xcodebuild[16227:33474412] [MT] IDETestOperationsObserverDebug: 226.057 elapsed -- Testing started completed.
2026-09-15 12:52:03.519 xcodebuild[16227:33474412] [MT] IDETestOperationsObserverDebug: 0.000 sec, +0.000 sec -- start
2026-09-15 12:52:03.519 xcodebuild[16227:33474412] [MT] IDETestOperationsObserverDebug: 226.057 sec, +226.057 sec -- end

Test session results, code coverage, and logs:
	/Users/mdd/zhk/kanpan/docs/acceptance/drawing-v2/ui-final.xcresult

Failing tests:
	ChartFoundationUITests.testOutsideTapOnlyDismissesPanel()

** TEST EXECUTE FAILED **

Testing started
