Command line invocation:
    /Applications/Xcode.app/Contents/Developer/usr/bin/xcodebuild build -workspace Kanpan.xcworkspace -scheme Kanpan -destination "generic/platform=iOS Simulator" -derivedDataPath /tmp/kanpan-p1-dd CODE_SIGNING_ALLOWED=NO

Build settings from command line:
    CODE_SIGNING_ALLOWED = NO

Resolve Package Graph


Resolved source packages:
  KanpanNetwork: /Users/mdd/zhk/kanpan/KanpanNetwork @ local
  KanpanReview: /Users/mdd/zhk/kanpan/KanpanReview @ local
  KanpanCore: /Users/mdd/zhk/kanpan/KanpanCore @ local
  KanpanAccount: /Users/mdd/zhk/kanpan/KanpanAccount @ local
  KanpanChart: /Users/mdd/zhk/kanpan/KanpanChart @ local
  KanpanData: /Users/mdd/zhk/kanpan/KanpanData @ local

ComputePackagePrebuildTargetDependencyGraph

Prepare packages

CreateBuildRequest

SendProjectDescription

CreateBuildOperation

ComputeTargetDependencyGraph
note: Building targets in dependency order
note: Target dependency graph (15 targets)
    Target 'Kanpan' in project 'Kanpan'
        ➜ Explicit dependency on target 'KanpanCore' in project 'KanpanCore'
        ➜ Explicit dependency on target 'KanpanChart' in project 'KanpanChart'
        ➜ Explicit dependency on target 'KanpanData' in project 'KanpanData'
        ➜ Explicit dependency on target 'KanpanReview' in project 'KanpanReview'
        ➜ Explicit dependency on target 'KanpanAccount' in project 'KanpanAccount'
    Target 'KanpanAccount' in project 'KanpanAccount'
        ➜ Explicit dependency on target 'KanpanAccount' in project 'KanpanAccount'
    Target 'KanpanAccount' in project 'KanpanAccount' (no dependencies)
    Target 'KanpanReview' in project 'KanpanReview'
        ➜ Explicit dependency on target 'ReviewDomain' in project 'KanpanReview'
        ➜ Explicit dependency on target 'ReviewData' in project 'KanpanReview'
        ➜ Explicit dependency on target 'ReviewUI' in project 'KanpanReview'
        ➜ Explicit dependency on target 'KanpanCore' in project 'KanpanCore'
    Target 'ReviewUI' in project 'KanpanReview'
        ➜ Explicit dependency on target 'ReviewDomain' in project 'KanpanReview'
        ➜ Explicit dependency on target 'ReviewData' in project 'KanpanReview'
        ➜ Explicit dependency on target 'KanpanCore' in project 'KanpanCore'
    Target 'ReviewData' in project 'KanpanReview'
        ➜ Explicit dependency on target 'ReviewDomain' in project 'KanpanReview'
    Target 'ReviewDomain' in project 'KanpanReview' (no dependencies)
    Target 'KanpanData' in project 'KanpanData'
        ➜ Explicit dependency on target 'KanpanData' in project 'KanpanData'
        ➜ Explicit dependency on target 'KanpanCore' in project 'KanpanCore'
        ➜ Explicit dependency on target 'KanpanNetwork' in project 'KanpanNetwork'
    Target 'KanpanData' in project 'KanpanData'
        ➜ Explicit dependency on target 'KanpanCore' in project 'KanpanCore'
        ➜ Explicit dependency on target 'KanpanNetwork' in project 'KanpanNetwork'
    Target 'KanpanNetwork' in project 'KanpanNetwork'
        ➜ Explicit dependency on target 'KanpanNetwork' in project 'KanpanNetwork'
        ➜ Explicit dependency on target 'KanpanCore' in project 'KanpanCore'
    Target 'KanpanNetwork' in project 'KanpanNetwork'
        ➜ Explicit dependency on target 'KanpanCore' in project 'KanpanCore'
    Target 'KanpanChart' in project 'KanpanChart'
        ➜ Explicit dependency on target 'KanpanChart' in project 'KanpanChart'
        ➜ Explicit dependency on target 'KanpanCore' in project 'KanpanCore'
    Target 'KanpanChart' in project 'KanpanChart'
        ➜ Explicit dependency on target 'KanpanCore' in project 'KanpanCore'
    Target 'KanpanCore' in project 'KanpanCore'
        ➜ Explicit dependency on target 'KanpanCore' in project 'KanpanCore'
    Target 'KanpanCore' in project 'KanpanCore' (no dependencies)

GatherProvisioningInputs

CreateBuildDescription

ExecuteExternalTool /Applications/Xcode.app/Contents/Developer/Toolchains/XcodeDefault.xctoolchain/usr/bin/swiftc --version

ExecuteExternalTool /Applications/Xcode.app/Contents/Developer/Toolchains/XcodeDefault.xctoolchain/usr/bin/clang -v -E -dM -isysroot /Applications/Xcode.app/Contents/Developer/Platforms/iPhoneSimulator.platform/Developer/SDKs/iPhoneSimulator26.5.sdk -x c -c /dev/null

ExecuteExternalTool /Applications/Xcode.app/Contents/Developer/usr/bin/actool --print-asset-tag-combinations --output-format xml1 /Users/mdd/zhk/kanpan/Kanpan/Kanpan/Assets.xcassets

ExecuteExternalTool /Applications/Xcode.app/Contents/Developer/Toolchains/XcodeDefault.xctoolchain/usr/bin/ld -version_details

ExecuteExternalTool /Applications/Xcode.app/Contents/Developer/usr/bin/actool --version --output-format xml1

Build description signature: 437d2a32f6f498cc5c0604a4e266cec8
Build description path: /tmp/kanpan-p1-dd/Build/Intermediates.noindex/XCBuildData/437d2a32f6f498cc5c0604a4e266cec8.xcbuilddata
ClangStatCache /Applications/Xcode.app/Contents/Developer/Toolchains/XcodeDefault.xctoolchain/usr/bin/clang-stat-cache /Applications/Xcode.app/Contents/Developer/Platforms/iPhoneSimulator.platform/Developer/SDKs/iPhoneSimulator26.5.sdk /tmp/kanpan-p1-dd/SDKStatCaches.noindex/iphonesimulator26.5-23F81a-6cfe768891a92b912361537c460fe42b.sdkstatcache
    cd /Users/mdd/zhk/kanpan
    /Applications/Xcode.app/Contents/Developer/Toolchains/XcodeDefault.xctoolchain/usr/bin/clang-stat-cache /Applications/Xcode.app/Contents/Developer/Platforms/iPhoneSimulator.platform/Developer/SDKs/iPhoneSimulator26.5.sdk -o /tmp/kanpan-p1-dd/SDKStatCaches.noindex/iphonesimulator26.5-23F81a-6cfe768891a92b912361537c460fe42b.sdkstatcache

Ld /tmp/kanpan-p1-dd/Build/Intermediates.noindex/Kanpan.build/Debug-iphonesimulator/Kanpan.build/Objects-normal/x86_64/Binary/__preview.dylib normal x86_64 (in target 'Kanpan' from project 'Kanpan')
    cd /Users/mdd/zhk/kanpan/Kanpan
    /Applications/Xcode.app/Contents/Developer/Toolchains/XcodeDefault.xctoolchain/usr/bin/clang -Xlinker -reproducible -target x86_64-apple-ios26.0-simulator -dynamiclib -isysroot /Applications/Xcode.app/Contents/Developer/Platforms/iPhoneSimulator.platform/Developer/SDKs/iPhoneSimulator26.5.sdk -O0 -L/tmp/kanpan-p1-dd/Build/Products/Debug-iphonesimulator -F/tmp/kanpan-p1-dd/Build/Products/Debug-iphonesimulator/PackageFrameworks -F/tmp/kanpan-p1-dd/Build/Products/Debug-iphonesimulator/PackageFrameworks -F/tmp/kanpan-p1-dd/Build/Products/Debug-iphonesimulator/PackageFrameworks -F/tmp/kanpan-p1-dd/Build/Products/Debug-iphonesimulator/PackageFrameworks -F/tmp/kanpan-p1-dd/Build/Products/Debug-iphonesimulator/PackageFrameworks -F/tmp/kanpan-p1-dd/Build/Products/Debug-iphonesimulator/PackageFrameworks -F/tmp/kanpan-p1-dd/Build/Products/Debug-iphonesimulator/PackageFrameworks -F/tmp/kanpan-p1-dd/Build/Products/Debug-iphonesimulator/PackageFrameworks -F/tmp/kanpan-p1-dd/Build/Products/Debug-iphonesimulator -install_name @rpath/Kanpan.debug.dylib -Xlinker -dead_strip -rdynamic -Xlinker -no_deduplicate -Xlinker -objc_abi_version -Xlinker 2 -Xlinker -dependency_info -Xlinker /tmp/kanpan-p1-dd/Build/Intermediates.noindex/Kanpan.build/Debug-iphonesimulator/Kanpan.build/Objects-normal/x86_64/Kanpan_dependency_info.dat -o /tmp/kanpan-p1-dd/Build/Intermediates.noindex/Kanpan.build/Debug-iphonesimulator/Kanpan.build/Objects-normal/x86_64/Binary/__preview.dylib

Ld /tmp/kanpan-p1-dd/Build/Intermediates.noindex/Kanpan.build/Debug-iphonesimulator/Kanpan.build/Objects-normal/x86_64/Binary/Kanpan.debug.dylib normal x86_64 (in target 'Kanpan' from project 'Kanpan')
    cd /Users/mdd/zhk/kanpan/Kanpan
    /Applications/Xcode.app/Contents/Developer/Toolchains/XcodeDefault.xctoolchain/usr/bin/clang -Xlinker -reproducible -target x86_64-apple-ios26.0-simulator -dynamiclib -isysroot /Applications/Xcode.app/Contents/Developer/Platforms/iPhoneSimulator.platform/Developer/SDKs/iPhoneSimulator26.5.sdk -O0 -L/tmp/kanpan-p1-dd/Build/Intermediates.noindex/EagerLinkingTBDs/Debug-iphonesimulator -L/tmp/kanpan-p1-dd/Build/Products/Debug-iphonesimulator -F/tmp/kanpan-p1-dd/Build/Intermediates.noindex/EagerLinkingTBDs/Debug-iphonesimulator -F/tmp/kanpan-p1-dd/Build/Products/Debug-iphonesimulator/PackageFrameworks -F/tmp/kanpan-p1-dd/Build/Products/Debug-iphonesimulator/PackageFrameworks -F/tmp/kanpan-p1-dd/Build/Products/Debug-iphonesimulator/PackageFrameworks -F/tmp/kanpan-p1-dd/Build/Products/Debug-iphonesimulator/PackageFrameworks -F/tmp/kanpan-p1-dd/Build/Products/Debug-iphonesimulator/PackageFrameworks -F/tmp/kanpan-p1-dd/Build/Products/Debug-iphonesimulator/PackageFrameworks -F/tmp/kanpan-p1-dd/Build/Products/Debug-iphonesimulator/PackageFrameworks -F/tmp/kanpan-p1-dd/Build/Products/Debug-iphonesimulator/PackageFrameworks -F/tmp/kanpan-p1-dd/Build/Products/Debug-iphonesimulator -filelist /tmp/kanpan-p1-dd/Build/Intermediates.noindex/Kanpan.build/Debug-iphonesimulator/Kanpan.build/Objects-normal/x86_64/Kanpan.LinkFileList -install_name @rpath/Kanpan.debug.dylib -Xlinker -rpath -Xlinker /tmp/kanpan-p1-dd/Build/Products/Debug-iphonesimulator/PackageFrameworks -Xlinker -rpath -Xlinker @executable_path/Frameworks -Xlinker -dead_strip -Xlinker -object_path_lto -Xlinker /tmp/kanpan-p1-dd/Build/Intermediates.noindex/Kanpan.build/Debug-iphonesimulator/Kanpan.build/Objects-normal/x86_64/Kanpan_lto.o -rdynamic -Xlinker -no_deduplicate -Xlinker -objc_abi_version -Xlinker 2 -Xlinker -dependency_info -Xlinker /tmp/kanpan-p1-dd/Build/Intermediates.noindex/Kanpan.build/Debug-iphonesimulator/Kanpan.build/Objects-normal/x86_64/Kanpan_dependency_info.dat -fobjc-link-runtime -L/Applications/Xcode.app/Contents/Developer/Toolchains/XcodeDefault.xctoolchain/usr/lib/swift/iphonesimulator -L/usr/lib/swift -Xlinker -add_ast_path -Xlinker /tmp/kanpan-p1-dd/Build/Intermediates.noindex/Kanpan.build/Debug-iphonesimulator/Kanpan.build/Objects-normal/x86_64/Kanpan.swiftmodule @/tmp/kanpan-p1-dd/Build/Intermediates.noindex/Kanpan.build/Debug-iphonesimulator/Kanpan.build/Objects-normal/x86_64/Kanpan-linker-args.resp -Wl,-no_warn_duplicate_libraries -Wl,-no_warn_duplicate_libraries -Wl,-no_warn_duplicate_libraries -Wl,-no_warn_duplicate_libraries -Wl,-no_warn_duplicate_libraries -Wl,-no_warn_duplicate_libraries -Wl,-no_warn_duplicate_libraries -Wl,-no_warn_duplicate_libraries -Xlinker -alias -Xlinker _main -Xlinker ___debug_main_executable_dylib_entry_point -o /tmp/kanpan-p1-dd/Build/Intermediates.noindex/Kanpan.build/Debug-iphonesimulator/Kanpan.build/Objects-normal/x86_64/Binary/Kanpan.debug.dylib -Xlinker -add_ast_path -Xlinker /tmp/kanpan-p1-dd/Build/Intermediates.noindex/KanpanCore.build/Debug-iphonesimulator/KanpanCore.build/Objects-normal/x86_64/KanpanCore.swiftmodule @/tmp/kanpan-p1-dd/Build/Intermediates.noindex/KanpanCore.build/Debug-iphonesimulator/KanpanCore.build/Objects-normal/x86_64/KanpanCore-linker-args.resp -Xlinker -add_ast_path -Xlinker /tmp/kanpan-p1-dd/Build/Intermediates.noindex/KanpanChart.build/Debug-iphonesimulator/KanpanChart.build/Objects-normal/x86_64/KanpanChart.swiftmodule @/tmp/kanpan-p1-dd/Build/Intermediates.noindex/KanpanChart.build/Debug-iphonesimulator/KanpanChart.build/Objects-normal/x86_64/KanpanChart-linker-args.resp -Xlinker -add_ast_path -Xlinker /tmp/kanpan-p1-dd/Build/Intermediates.noindex/KanpanData.build/Debug-iphonesimulator/KanpanData.build/Objects-normal/x86_64/KanpanData.swiftmodule @/tmp/kanpan-p1-dd/Build/Intermediates.noindex/KanpanData.build/Debug-iphonesimulator/KanpanData.build/Objects-normal/x86_64/KanpanData-linker-args.resp -Xlinker -add_ast_path -Xlinker /tmp/kanpan-p1-dd/Build/Intermediates.noindex/KanpanNetwork.build/Debug-iphonesimulator/KanpanNetwork.build/Objects-normal/x86_64/KanpanNetwork.swiftmodule @/tmp/kanpan-p1-dd/Build/Intermediates.noindex/KanpanNetwork.build/Debug-iphonesimulator/KanpanNetwork.build/Objects-normal/x86_64/KanpanNetwork-linker-args.resp -Xlinker -add_ast_path -Xlinker /tmp/kanpan-p1-dd/Build/Intermediates.noindex/KanpanReview.build/Debug-iphonesimulator/ReviewDomain.build/Objects-normal/x86_64/ReviewDomain.swiftmodule @/tmp/kanpan-p1-dd/Build/Intermediates.noindex/KanpanReview.build/Debug-iphonesimulator/ReviewDomain.build/Objects-normal/x86_64/ReviewDomain-linker-args.resp -Xlinker -add_ast_path -Xlinker /tmp/kanpan-p1-dd/Build/Intermediates.noindex/KanpanReview.build/Debug-iphonesimulator/ReviewData.build/Objects-normal/x86_64/ReviewData.swiftmodule @/tmp/kanpan-p1-dd/Build/Intermediates.noindex/KanpanReview.build/Debug-iphonesimulator/ReviewData.build/Objects-normal/x86_64/ReviewData-linker-args.resp -Xlinker -add_ast_path -Xlinker /tmp/kanpan-p1-dd/Build/Intermediates.noindex/KanpanReview.build/Debug-iphonesimulator/ReviewUI.build/Objects-normal/x86_64/ReviewUI.swiftmodule @/tmp/kanpan-p1-dd/Build/Intermediates.noindex/KanpanReview.build/Debug-iphonesimulator/ReviewUI.build/Objects-normal/x86_64/ReviewUI-linker-args.resp -Xlinker -add_ast_path -Xlinker /tmp/kanpan-p1-dd/Build/Intermediates.noindex/KanpanAccount.build/Debug-iphonesimulator/KanpanAccount.build/Objects-normal/x86_64/KanpanAccount.swiftmodule @/tmp/kanpan-p1-dd/Build/Intermediates.noindex/KanpanAccount.build/Debug-iphonesimulator/KanpanAccount.build/Objects-normal/x86_64/KanpanAccount-linker-args.resp

Ld /tmp/kanpan-p1-dd/Build/Intermediates.noindex/Kanpan.build/Debug-iphonesimulator/Kanpan.build/Objects-normal/arm64/Binary/__preview.dylib normal arm64 (in target 'Kanpan' from project 'Kanpan')
    cd /Users/mdd/zhk/kanpan/Kanpan
    /Applications/Xcode.app/Contents/Developer/Toolchains/XcodeDefault.xctoolchain/usr/bin/clang -Xlinker -reproducible -target arm64-apple-ios26.0-simulator -dynamiclib -isysroot /Applications/Xcode.app/Contents/Developer/Platforms/iPhoneSimulator.platform/Developer/SDKs/iPhoneSimulator26.5.sdk -O0 -L/tmp/kanpan-p1-dd/Build/Products/Debug-iphonesimulator -F/tmp/kanpan-p1-dd/Build/Products/Debug-iphonesimulator/PackageFrameworks -F/tmp/kanpan-p1-dd/Build/Products/Debug-iphonesimulator/PackageFrameworks -F/tmp/kanpan-p1-dd/Build/Products/Debug-iphonesimulator/PackageFrameworks -F/tmp/kanpan-p1-dd/Build/Products/Debug-iphonesimulator/PackageFrameworks -F/tmp/kanpan-p1-dd/Build/Products/Debug-iphonesimulator/PackageFrameworks -F/tmp/kanpan-p1-dd/Build/Products/Debug-iphonesimulator/PackageFrameworks -F/tmp/kanpan-p1-dd/Build/Products/Debug-iphonesimulator/PackageFrameworks -F/tmp/kanpan-p1-dd/Build/Products/Debug-iphonesimulator/PackageFrameworks -F/tmp/kanpan-p1-dd/Build/Products/Debug-iphonesimulator -install_name @rpath/Kanpan.debug.dylib -Xlinker -dead_strip -rdynamic -Xlinker -no_deduplicate -Xlinker -objc_abi_version -Xlinker 2 -Xlinker -dependency_info -Xlinker /tmp/kanpan-p1-dd/Build/Intermediates.noindex/Kanpan.build/Debug-iphonesimulator/Kanpan.build/Objects-normal/arm64/Kanpan_dependency_info.dat -o /tmp/kanpan-p1-dd/Build/Intermediates.noindex/Kanpan.build/Debug-iphonesimulator/Kanpan.build/Objects-normal/arm64/Binary/__preview.dylib

Ld /tmp/kanpan-p1-dd/Build/Intermediates.noindex/Kanpan.build/Debug-iphonesimulator/Kanpan.build/Objects-normal/arm64/Binary/Kanpan.debug.dylib normal arm64 (in target 'Kanpan' from project 'Kanpan')
    cd /Users/mdd/zhk/kanpan/Kanpan
    /Applications/Xcode.app/Contents/Developer/Toolchains/XcodeDefault.xctoolchain/usr/bin/clang -Xlinker -reproducible -target arm64-apple-ios26.0-simulator -dynamiclib -isysroot /Applications/Xcode.app/Contents/Developer/Platforms/iPhoneSimulator.platform/Developer/SDKs/iPhoneSimulator26.5.sdk -O0 -L/tmp/kanpan-p1-dd/Build/Intermediates.noindex/EagerLinkingTBDs/Debug-iphonesimulator -L/tmp/kanpan-p1-dd/Build/Products/Debug-iphonesimulator -F/tmp/kanpan-p1-dd/Build/Intermediates.noindex/EagerLinkingTBDs/Debug-iphonesimulator -F/tmp/kanpan-p1-dd/Build/Products/Debug-iphonesimulator/PackageFrameworks -F/tmp/kanpan-p1-dd/Build/Products/Debug-iphonesimulator/PackageFrameworks -F/tmp/kanpan-p1-dd/Build/Products/Debug-iphonesimulator/PackageFrameworks -F/tmp/kanpan-p1-dd/Build/Products/Debug-iphonesimulator/PackageFrameworks -F/tmp/kanpan-p1-dd/Build/Products/Debug-iphonesimulator/PackageFrameworks -F/tmp/kanpan-p1-dd/Build/Products/Debug-iphonesimulator/PackageFrameworks -F/tmp/kanpan-p1-dd/Build/Products/Debug-iphonesimulator/PackageFrameworks -F/tmp/kanpan-p1-dd/Build/Products/Debug-iphonesimulator/PackageFrameworks -F/tmp/kanpan-p1-dd/Build/Products/Debug-iphonesimulator -filelist /tmp/kanpan-p1-dd/Build/Intermediates.noindex/Kanpan.build/Debug-iphonesimulator/Kanpan.build/Objects-normal/arm64/Kanpan.LinkFileList -install_name @rpath/Kanpan.debug.dylib -Xlinker -rpath -Xlinker /tmp/kanpan-p1-dd/Build/Products/Debug-iphonesimulator/PackageFrameworks -Xlinker -rpath -Xlinker @executable_path/Frameworks -Xlinker -dead_strip -Xlinker -object_path_lto -Xlinker /tmp/kanpan-p1-dd/Build/Intermediates.noindex/Kanpan.build/Debug-iphonesimulator/Kanpan.build/Objects-normal/arm64/Kanpan_lto.o -rdynamic -Xlinker -no_deduplicate -Xlinker -objc_abi_version -Xlinker 2 -Xlinker -dependency_info -Xlinker /tmp/kanpan-p1-dd/Build/Intermediates.noindex/Kanpan.build/Debug-iphonesimulator/Kanpan.build/Objects-normal/arm64/Kanpan_dependency_info.dat -fobjc-link-runtime -L/Applications/Xcode.app/Contents/Developer/Toolchains/XcodeDefault.xctoolchain/usr/lib/swift/iphonesimulator -L/usr/lib/swift -Xlinker -add_ast_path -Xlinker /tmp/kanpan-p1-dd/Build/Intermediates.noindex/Kanpan.build/Debug-iphonesimulator/Kanpan.build/Objects-normal/arm64/Kanpan.swiftmodule @/tmp/kanpan-p1-dd/Build/Intermediates.noindex/Kanpan.build/Debug-iphonesimulator/Kanpan.build/Objects-normal/arm64/Kanpan-linker-args.resp -Wl,-no_warn_duplicate_libraries -Wl,-no_warn_duplicate_libraries -Wl,-no_warn_duplicate_libraries -Wl,-no_warn_duplicate_libraries -Wl,-no_warn_duplicate_libraries -Wl,-no_warn_duplicate_libraries -Wl,-no_warn_duplicate_libraries -Wl,-no_warn_duplicate_libraries -Xlinker -alias -Xlinker _main -Xlinker ___debug_main_executable_dylib_entry_point -o /tmp/kanpan-p1-dd/Build/Intermediates.noindex/Kanpan.build/Debug-iphonesimulator/Kanpan.build/Objects-normal/arm64/Binary/Kanpan.debug.dylib -Xlinker -add_ast_path -Xlinker /tmp/kanpan-p1-dd/Build/Intermediates.noindex/KanpanCore.build/Debug-iphonesimulator/KanpanCore.build/Objects-normal/arm64/KanpanCore.swiftmodule @/tmp/kanpan-p1-dd/Build/Intermediates.noindex/KanpanCore.build/Debug-iphonesimulator/KanpanCore.build/Objects-normal/arm64/KanpanCore-linker-args.resp -Xlinker -add_ast_path -Xlinker /tmp/kanpan-p1-dd/Build/Intermediates.noindex/KanpanChart.build/Debug-iphonesimulator/KanpanChart.build/Objects-normal/arm64/KanpanChart.swiftmodule @/tmp/kanpan-p1-dd/Build/Intermediates.noindex/KanpanChart.build/Debug-iphonesimulator/KanpanChart.build/Objects-normal/arm64/KanpanChart-linker-args.resp -Xlinker -add_ast_path -Xlinker /tmp/kanpan-p1-dd/Build/Intermediates.noindex/KanpanData.build/Debug-iphonesimulator/KanpanData.build/Objects-normal/arm64/KanpanData.swiftmodule @/tmp/kanpan-p1-dd/Build/Intermediates.noindex/KanpanData.build/Debug-iphonesimulator/KanpanData.build/Objects-normal/arm64/KanpanData-linker-args.resp -Xlinker -add_ast_path -Xlinker /tmp/kanpan-p1-dd/Build/Intermediates.noindex/KanpanNetwork.build/Debug-iphonesimulator/KanpanNetwork.build/Objects-normal/arm64/KanpanNetwork.swiftmodule @/tmp/kanpan-p1-dd/Build/Intermediates.noindex/KanpanNetwork.build/Debug-iphonesimulator/KanpanNetwork.build/Objects-normal/arm64/KanpanNetwork-linker-args.resp -Xlinker -add_ast_path -Xlinker /tmp/kanpan-p1-dd/Build/Intermediates.noindex/KanpanReview.build/Debug-iphonesimulator/ReviewDomain.build/Objects-normal/arm64/ReviewDomain.swiftmodule @/tmp/kanpan-p1-dd/Build/Intermediates.noindex/KanpanReview.build/Debug-iphonesimulator/ReviewDomain.build/Objects-normal/arm64/ReviewDomain-linker-args.resp -Xlinker -add_ast_path -Xlinker /tmp/kanpan-p1-dd/Build/Intermediates.noindex/KanpanReview.build/Debug-iphonesimulator/ReviewData.build/Objects-normal/arm64/ReviewData.swiftmodule @/tmp/kanpan-p1-dd/Build/Intermediates.noindex/KanpanReview.build/Debug-iphonesimulator/ReviewData.build/Objects-normal/arm64/ReviewData-linker-args.resp -Xlinker -add_ast_path -Xlinker /tmp/kanpan-p1-dd/Build/Intermediates.noindex/KanpanReview.build/Debug-iphonesimulator/ReviewUI.build/Objects-normal/arm64/ReviewUI.swiftmodule @/tmp/kanpan-p1-dd/Build/Intermediates.noindex/KanpanReview.build/Debug-iphonesimulator/ReviewUI.build/Objects-normal/arm64/ReviewUI-linker-args.resp -Xlinker -add_ast_path -Xlinker /tmp/kanpan-p1-dd/Build/Intermediates.noindex/KanpanAccount.build/Debug-iphonesimulator/KanpanAccount.build/Objects-normal/arm64/KanpanAccount.swiftmodule @/tmp/kanpan-p1-dd/Build/Intermediates.noindex/KanpanAccount.build/Debug-iphonesimulator/KanpanAccount.build/Objects-normal/arm64/KanpanAccount-linker-args.resp

ProcessInfoPlistFile /tmp/kanpan-p1-dd/Build/Products/Debug-iphonesimulator/Kanpan.app/Info.plist /Users/mdd/zhk/kanpan/Kanpan/Config/Info.plist (in target 'Kanpan' from project 'Kanpan')
    cd /Users/mdd/zhk/kanpan/Kanpan
    builtin-infoPlistUtility /Users/mdd/zhk/kanpan/Kanpan/Config/Info.plist -producttype com.apple.product-type.application -genpkginfo /tmp/kanpan-p1-dd/Build/Products/Debug-iphonesimulator/Kanpan.app/PkgInfo -expandbuildsettings -format binary -platform iphonesimulator -additionalcontentfile /tmp/kanpan-p1-dd/Build/Intermediates.noindex/Kanpan.build/Debug-iphonesimulator/Kanpan.build/assetcatalog_generated_info.plist -o /tmp/kanpan-p1-dd/Build/Products/Debug-iphonesimulator/Kanpan.app/Info.plist

CreateUniversalBinary /tmp/kanpan-p1-dd/Build/Products/Debug-iphonesimulator/Kanpan.app/__preview.dylib normal arm64\ x86_64 (in target 'Kanpan' from project 'Kanpan')
    cd /Users/mdd/zhk/kanpan/Kanpan
    /Applications/Xcode.app/Contents/Developer/Toolchains/XcodeDefault.xctoolchain/usr/bin/lipo -create /tmp/kanpan-p1-dd/Build/Intermediates.noindex/Kanpan.build/Debug-iphonesimulator/Kanpan.build/Objects-normal/arm64/Binary/__preview.dylib /tmp/kanpan-p1-dd/Build/Intermediates.noindex/Kanpan.build/Debug-iphonesimulator/Kanpan.build/Objects-normal/x86_64/Binary/__preview.dylib -output /tmp/kanpan-p1-dd/Build/Products/Debug-iphonesimulator/Kanpan.app/__preview.dylib

ConstructStubExecutorLinkFileList /tmp/kanpan-p1-dd/Build/Intermediates.noindex/Kanpan.build/Debug-iphonesimulator/Kanpan.build/Kanpan-ExecutorLinkFileList-normal-arm64.txt (in target 'Kanpan' from project 'Kanpan')
    cd /Users/mdd/zhk/kanpan/Kanpan
    construct-stub-executor-link-file-list /tmp/kanpan-p1-dd/Build/Intermediates.noindex/Kanpan.build/Debug-iphonesimulator/Kanpan.build/Objects-normal/arm64/Binary/Kanpan.debug.dylib /Applications/Xcode.app/Contents/Developer/Platforms/iPhoneSimulator.platform/Developer/usr/lib/libPreviewsJITStubExecutor_no_swift_entry_point.a /Applications/Xcode.app/Contents/Developer/Platforms/iPhoneSimulator.platform/Developer/usr/lib/libPreviewsJITStubExecutor.a --output /tmp/kanpan-p1-dd/Build/Intermediates.noindex/Kanpan.build/Debug-iphonesimulator/Kanpan.build/Kanpan-ExecutorLinkFileList-normal-arm64.txt
note: Using stub executor library with Swift entry point. (in target 'Kanpan' from project 'Kanpan')

CreateUniversalBinary /tmp/kanpan-p1-dd/Build/Products/Debug-iphonesimulator/Kanpan.app/Kanpan.debug.dylib normal arm64\ x86_64 (in target 'Kanpan' from project 'Kanpan')
    cd /Users/mdd/zhk/kanpan/Kanpan
    /Applications/Xcode.app/Contents/Developer/Toolchains/XcodeDefault.xctoolchain/usr/bin/lipo -create /tmp/kanpan-p1-dd/Build/Intermediates.noindex/Kanpan.build/Debug-iphonesimulator/Kanpan.build/Objects-normal/arm64/Binary/Kanpan.debug.dylib /tmp/kanpan-p1-dd/Build/Intermediates.noindex/Kanpan.build/Debug-iphonesimulator/Kanpan.build/Objects-normal/x86_64/Binary/Kanpan.debug.dylib -output /tmp/kanpan-p1-dd/Build/Products/Debug-iphonesimulator/Kanpan.app/Kanpan.debug.dylib

ConstructStubExecutorLinkFileList /tmp/kanpan-p1-dd/Build/Intermediates.noindex/Kanpan.build/Debug-iphonesimulator/Kanpan.build/Kanpan-ExecutorLinkFileList-normal-x86_64.txt (in target 'Kanpan' from project 'Kanpan')
    cd /Users/mdd/zhk/kanpan/Kanpan
    construct-stub-executor-link-file-list /tmp/kanpan-p1-dd/Build/Intermediates.noindex/Kanpan.build/Debug-iphonesimulator/Kanpan.build/Objects-normal/x86_64/Binary/Kanpan.debug.dylib /Applications/Xcode.app/Contents/Developer/Platforms/iPhoneSimulator.platform/Developer/usr/lib/libPreviewsJITStubExecutor_no_swift_entry_point.a /Applications/Xcode.app/Contents/Developer/Platforms/iPhoneSimulator.platform/Developer/usr/lib/libPreviewsJITStubExecutor.a --output /tmp/kanpan-p1-dd/Build/Intermediates.noindex/Kanpan.build/Debug-iphonesimulator/Kanpan.build/Kanpan-ExecutorLinkFileList-normal-x86_64.txt
note: Using stub executor library with Swift entry point. (in target 'Kanpan' from project 'Kanpan')

Ld /tmp/kanpan-p1-dd/Build/Intermediates.noindex/Kanpan.build/Debug-iphonesimulator/Kanpan.build/Objects-normal/arm64/Binary/Kanpan normal arm64 (in target 'Kanpan' from project 'Kanpan')
    cd /Users/mdd/zhk/kanpan/Kanpan
    /Applications/Xcode.app/Contents/Developer/Toolchains/XcodeDefault.xctoolchain/usr/bin/clang -Xlinker -reproducible -target arm64-apple-ios26.0-simulator -isysroot /Applications/Xcode.app/Contents/Developer/Platforms/iPhoneSimulator.platform/Developer/SDKs/iPhoneSimulator26.5.sdk -O0 -L/tmp/kanpan-p1-dd/Build/Products/Debug-iphonesimulator -F/tmp/kanpan-p1-dd/Build/Products/Debug-iphonesimulator/PackageFrameworks -F/tmp/kanpan-p1-dd/Build/Products/Debug-iphonesimulator/PackageFrameworks -F/tmp/kanpan-p1-dd/Build/Products/Debug-iphonesimulator/PackageFrameworks -F/tmp/kanpan-p1-dd/Build/Products/Debug-iphonesimulator/PackageFrameworks -F/tmp/kanpan-p1-dd/Build/Products/Debug-iphonesimulator/PackageFrameworks -F/tmp/kanpan-p1-dd/Build/Products/Debug-iphonesimulator/PackageFrameworks -F/tmp/kanpan-p1-dd/Build/Products/Debug-iphonesimulator/PackageFrameworks -F/tmp/kanpan-p1-dd/Build/Products/Debug-iphonesimulator/PackageFrameworks -F/tmp/kanpan-p1-dd/Build/Products/Debug-iphonesimulator -Xlinker -rpath -Xlinker @executable_path -Xlinker -rpath -Xlinker /tmp/kanpan-p1-dd/Build/Products/Debug-iphonesimulator/PackageFrameworks -Xlinker -rpath -Xlinker @executable_path/Frameworks -rdynamic -Xlinker -no_deduplicate -Xlinker -objc_abi_version -Xlinker 2 -e ___debug_blank_executor_main -Xlinker -sectcreate -Xlinker __TEXT -Xlinker __debug_dylib -Xlinker /tmp/kanpan-p1-dd/Build/Intermediates.noindex/Kanpan.build/Debug-iphonesimulator/Kanpan.build/Kanpan-DebugDylibPath-normal-arm64.txt -Xlinker -sectcreate -Xlinker __TEXT -Xlinker __debug_instlnm -Xlinker /tmp/kanpan-p1-dd/Build/Intermediates.noindex/Kanpan.build/Debug-iphonesimulator/Kanpan.build/Kanpan-DebugDylibInstallName-normal-arm64.txt -Xlinker -filelist -Xlinker /tmp/kanpan-p1-dd/Build/Intermediates.noindex/Kanpan.build/Debug-iphonesimulator/Kanpan.build/Kanpan-ExecutorLinkFileList-normal-arm64.txt /tmp/kanpan-p1-dd/Build/Intermediates.noindex/Kanpan.build/Debug-iphonesimulator/Kanpan.build/Objects-normal/arm64/Binary/Kanpan.debug.dylib -o /tmp/kanpan-p1-dd/Build/Intermediates.noindex/Kanpan.build/Debug-iphonesimulator/Kanpan.build/Objects-normal/arm64/Binary/Kanpan

Ld /tmp/kanpan-p1-dd/Build/Intermediates.noindex/Kanpan.build/Debug-iphonesimulator/Kanpan.build/Objects-normal/x86_64/Binary/Kanpan normal x86_64 (in target 'Kanpan' from project 'Kanpan')
    cd /Users/mdd/zhk/kanpan/Kanpan
    /Applications/Xcode.app/Contents/Developer/Toolchains/XcodeDefault.xctoolchain/usr/bin/clang -Xlinker -reproducible -target x86_64-apple-ios26.0-simulator -isysroot /Applications/Xcode.app/Contents/Developer/Platforms/iPhoneSimulator.platform/Developer/SDKs/iPhoneSimulator26.5.sdk -O0 -L/tmp/kanpan-p1-dd/Build/Products/Debug-iphonesimulator -F/tmp/kanpan-p1-dd/Build/Products/Debug-iphonesimulator/PackageFrameworks -F/tmp/kanpan-p1-dd/Build/Products/Debug-iphonesimulator/PackageFrameworks -F/tmp/kanpan-p1-dd/Build/Products/Debug-iphonesimulator/PackageFrameworks -F/tmp/kanpan-p1-dd/Build/Products/Debug-iphonesimulator/PackageFrameworks -F/tmp/kanpan-p1-dd/Build/Products/Debug-iphonesimulator/PackageFrameworks -F/tmp/kanpan-p1-dd/Build/Products/Debug-iphonesimulator/PackageFrameworks -F/tmp/kanpan-p1-dd/Build/Products/Debug-iphonesimulator/PackageFrameworks -F/tmp/kanpan-p1-dd/Build/Products/Debug-iphonesimulator/PackageFrameworks -F/tmp/kanpan-p1-dd/Build/Products/Debug-iphonesimulator -Xlinker -rpath -Xlinker @executable_path -Xlinker -rpath -Xlinker /tmp/kanpan-p1-dd/Build/Products/Debug-iphonesimulator/PackageFrameworks -Xlinker -rpath -Xlinker @executable_path/Frameworks -rdynamic -Xlinker -no_deduplicate -Xlinker -objc_abi_version -Xlinker 2 -e ___debug_blank_executor_main -Xlinker -sectcreate -Xlinker __TEXT -Xlinker __debug_dylib -Xlinker /tmp/kanpan-p1-dd/Build/Intermediates.noindex/Kanpan.build/Debug-iphonesimulator/Kanpan.build/Kanpan-DebugDylibPath-normal-x86_64.txt -Xlinker -sectcreate -Xlinker __TEXT -Xlinker __debug_instlnm -Xlinker /tmp/kanpan-p1-dd/Build/Intermediates.noindex/Kanpan.build/Debug-iphonesimulator/Kanpan.build/Kanpan-DebugDylibInstallName-normal-x86_64.txt -Xlinker -filelist -Xlinker /tmp/kanpan-p1-dd/Build/Intermediates.noindex/Kanpan.build/Debug-iphonesimulator/Kanpan.build/Kanpan-ExecutorLinkFileList-normal-x86_64.txt /tmp/kanpan-p1-dd/Build/Intermediates.noindex/Kanpan.build/Debug-iphonesimulator/Kanpan.build/Objects-normal/x86_64/Binary/Kanpan.debug.dylib -o /tmp/kanpan-p1-dd/Build/Intermediates.noindex/Kanpan.build/Debug-iphonesimulator/Kanpan.build/Objects-normal/x86_64/Binary/Kanpan

CreateUniversalBinary /tmp/kanpan-p1-dd/Build/Products/Debug-iphonesimulator/Kanpan.app/Kanpan normal arm64\ x86_64 (in target 'Kanpan' from project 'Kanpan')
    cd /Users/mdd/zhk/kanpan/Kanpan
    /Applications/Xcode.app/Contents/Developer/Toolchains/XcodeDefault.xctoolchain/usr/bin/lipo -create /tmp/kanpan-p1-dd/Build/Intermediates.noindex/Kanpan.build/Debug-iphonesimulator/Kanpan.build/Objects-normal/arm64/Binary/Kanpan /tmp/kanpan-p1-dd/Build/Intermediates.noindex/Kanpan.build/Debug-iphonesimulator/Kanpan.build/Objects-normal/x86_64/Binary/Kanpan -output /tmp/kanpan-p1-dd/Build/Products/Debug-iphonesimulator/Kanpan.app/Kanpan

CopySwiftLibs /tmp/kanpan-p1-dd/Build/Products/Debug-iphonesimulator/Kanpan.app (in target 'Kanpan' from project 'Kanpan')
    cd /Users/mdd/zhk/kanpan/Kanpan
    builtin-swiftStdLibTool --copy --verbose --scan-executable /tmp/kanpan-p1-dd/Build/Products/Debug-iphonesimulator/Kanpan.app/Kanpan.debug.dylib --scan-folder /tmp/kanpan-p1-dd/Build/Products/Debug-iphonesimulator/Kanpan.app/Frameworks --scan-folder /tmp/kanpan-p1-dd/Build/Products/Debug-iphonesimulator/Kanpan.app/PlugIns --scan-folder /tmp/kanpan-p1-dd/Build/Products/Debug-iphonesimulator/Kanpan.app/SystemExtensions --scan-folder /tmp/kanpan-p1-dd/Build/Products/Debug-iphonesimulator/Kanpan.app/Extensions --platform iphonesimulator --toolchain /Applications/Xcode.app/Contents/Developer/Toolchains/XcodeDefault.xctoolchain --destination /tmp/kanpan-p1-dd/Build/Products/Debug-iphonesimulator/Kanpan.app/Frameworks --strip-bitcode --strip-bitcode-tool /Applications/Xcode.app/Contents/Developer/Toolchains/XcodeDefault.xctoolchain/usr/bin/bitcode_strip --emit-dependency-info /tmp/kanpan-p1-dd/Build/Intermediates.noindex/Kanpan.build/Debug-iphonesimulator/Kanpan.build/SwiftStdLibToolInputDependencies.dep --filter-for-swift-os
Ignoring --strip-bitcode because --sign was not passed

ExtractAppIntentsMetadata (in target 'Kanpan' from project 'Kanpan')
    cd /Users/mdd/zhk/kanpan/Kanpan
    /Applications/Xcode.app/Contents/Developer/Toolchains/XcodeDefault.xctoolchain/usr/bin/appintentsmetadataprocessor --toolchain-dir /Applications/Xcode.app/Contents/Developer/Toolchains/XcodeDefault.xctoolchain --module-name Kanpan --sdk-root /Applications/Xcode.app/Contents/Developer/Platforms/iPhoneSimulator.platform/Developer/SDKs/iPhoneSimulator26.5.sdk --xcode-version 17F113 --platform-family iOS --deployment-target 26.0 --bundle-identifier com.mdd.kanpan --output /tmp/kanpan-p1-dd/Build/Products/Debug-iphonesimulator/Kanpan.app --target-triple arm64-apple-ios26.0-simulator --target-triple x86_64-apple-ios26.0-simulator --binary-file /tmp/kanpan-p1-dd/Build/Products/Debug-iphonesimulator/Kanpan.app/Kanpan --dependency-file /tmp/kanpan-p1-dd/Build/Intermediates.noindex/Kanpan.build/Debug-iphonesimulator/Kanpan.build/Objects-normal/arm64/Kanpan_dependency_info.dat --dependency-file /tmp/kanpan-p1-dd/Build/Intermediates.noindex/Kanpan.build/Debug-iphonesimulator/Kanpan.build/Objects-normal/x86_64/Kanpan_dependency_info.dat --stringsdata-file /tmp/kanpan-p1-dd/Build/Intermediates.noindex/Kanpan.build/Debug-iphonesimulator/Kanpan.build/Objects-normal/arm64/ExtractedAppShortcutsMetadata.stringsdata --stringsdata-file /tmp/kanpan-p1-dd/Build/Intermediates.noindex/Kanpan.build/Debug-iphonesimulator/Kanpan.build/Objects-normal/x86_64/ExtractedAppShortcutsMetadata.stringsdata --source-file-list /tmp/kanpan-p1-dd/Build/Intermediates.noindex/Kanpan.build/Debug-iphonesimulator/Kanpan.build/Objects-normal/arm64/Kanpan.SwiftFileList --source-file-list /tmp/kanpan-p1-dd/Build/Intermediates.noindex/Kanpan.build/Debug-iphonesimulator/Kanpan.build/Objects-normal/x86_64/Kanpan.SwiftFileList --metadata-file-list /tmp/kanpan-p1-dd/Build/Intermediates.noindex/Kanpan.build/Debug-iphonesimulator/Kanpan.build/Kanpan.DependencyMetadataFileList --static-metadata-file-list /tmp/kanpan-p1-dd/Build/Intermediates.noindex/Kanpan.build/Debug-iphonesimulator/Kanpan.build/Kanpan.DependencyStaticMetadataFileList --swift-const-vals-list /tmp/kanpan-p1-dd/Build/Intermediates.noindex/Kanpan.build/Debug-iphonesimulator/Kanpan.build/Objects-normal/arm64/Kanpan.SwiftConstValuesFileList --swift-const-vals-list /tmp/kanpan-p1-dd/Build/Intermediates.noindex/Kanpan.build/Debug-iphonesimulator/Kanpan.build/Objects-normal/x86_64/Kanpan.SwiftConstValuesFileList --compile-time-extraction --deployment-aware-processing --validate-assistant-intents --no-app-shortcuts-localization
2026-09-22 15:45:13.948 appintentsmetadataprocessor[95248:4303407] Starting appintentsmetadataprocessor export
2026-09-22 15:45:13.960 appintentsmetadataprocessor[95248:4303407] warning: Metadata extraction skipped. No AppIntents.framework dependency found.

Validate /tmp/kanpan-p1-dd/Build/Products/Debug-iphonesimulator/Kanpan.app (in target 'Kanpan' from project 'Kanpan')
    cd /Users/mdd/zhk/kanpan/Kanpan
    builtin-validationUtility /tmp/kanpan-p1-dd/Build/Products/Debug-iphonesimulator/Kanpan.app -shallow-bundle -infoplist-subpath Info.plist

note: Removed stale file '/tmp/kanpan-p1-dd/Build/Intermediates.noindex/Kanpan.build/Debug-iphonesimulator/Kanpan.build/DerivedSources/Entitlements-Simulated.plist'

note: Removed stale file '/tmp/kanpan-p1-dd/Build/Intermediates.noindex/Kanpan.build/Debug-iphonesimulator/Kanpan.build/Kanpan.app-Simulated.xcent'

note: Removed stale file '/tmp/kanpan-p1-dd/Build/Intermediates.noindex/Kanpan.build/Debug-iphonesimulator/Kanpan.build/Kanpan.app-Simulated.xcent.der'

note: Removed stale file '/tmp/kanpan-p1-dd/Build/Products/Debug-iphonesimulator/Kanpan.app/_CodeSignature'

** BUILD SUCCEEDED **

