Command line invocation:
    /Applications/Xcode.app/Contents/Developer/usr/bin/xcodebuild build -workspace Kanpan.xcworkspace -scheme Kanpan -destination "generic/platform=iOS Simulator" -derivedDataPath /tmp/kanpan-p1-dd

Resolve Package Graph


Resolved source packages:
  KanpanChart: /Users/mdd/zhk/kanpan/KanpanChart @ local
  KanpanData: /Users/mdd/zhk/kanpan/KanpanData @ local
  KanpanNetwork: /Users/mdd/zhk/kanpan/KanpanNetwork @ local
  KanpanReview: /Users/mdd/zhk/kanpan/KanpanReview @ local
  KanpanAccount: /Users/mdd/zhk/kanpan/KanpanAccount @ local
  KanpanCore: /Users/mdd/zhk/kanpan/KanpanCore @ local

ComputePackagePrebuildTargetDependencyGraph

Prepare packages

CreateBuildRequest

SendProjectDescription

CreateBuildOperation

ComputeTargetDependencyGraph
note: Building targets in dependency order
note: Target dependency graph (15 targets)
    Target 'Kanpan' in project 'Kanpan'
        ➜ Explicit dependency on target 'KanpanCore' in project 'KanpanCore'
        ➜ Explicit dependency on target 'KanpanChart' in project 'KanpanChart'
        ➜ Explicit dependency on target 'KanpanData' in project 'KanpanData'
        ➜ Explicit dependency on target 'KanpanReview' in project 'KanpanReview'
        ➜ Explicit dependency on target 'KanpanAccount' in project 'KanpanAccount'
    Target 'KanpanAccount' in project 'KanpanAccount'
        ➜ Explicit dependency on target 'KanpanAccount' in project 'KanpanAccount'
    Target 'KanpanAccount' in project 'KanpanAccount' (no dependencies)
    Target 'KanpanReview' in project 'KanpanReview'
        ➜ Explicit dependency on target 'ReviewDomain' in project 'KanpanReview'
        ➜ Explicit dependency on target 'ReviewData' in project 'KanpanReview'
        ➜ Explicit dependency on target 'ReviewUI' in project 'KanpanReview'
        ➜ Explicit dependency on target 'KanpanCore' in project 'KanpanCore'
    Target 'ReviewUI' in project 'KanpanReview'
        ➜ Explicit dependency on target 'ReviewDomain' in project 'KanpanReview'
        ➜ Explicit dependency on target 'ReviewData' in project 'KanpanReview'
        ➜ Explicit dependency on target 'KanpanCore' in project 'KanpanCore'
    Target 'ReviewData' in project 'KanpanReview'
        ➜ Explicit dependency on target 'ReviewDomain' in project 'KanpanReview'
    Target 'ReviewDomain' in project 'KanpanReview' (no dependencies)
    Target 'KanpanData' in project 'KanpanData'
        ➜ Explicit dependency on target 'KanpanData' in project 'KanpanData'
        ➜ Explicit dependency on target 'KanpanCore' in project 'KanpanCore'
        ➜ Explicit dependency on target 'KanpanNetwork' in project 'KanpanNetwork'
    Target 'KanpanData' in project 'KanpanData'
        ➜ Explicit dependency on target 'KanpanCore' in project 'KanpanCore'
        ➜ Explicit dependency on target 'KanpanNetwork' in project 'KanpanNetwork'
    Target 'KanpanNetwork' in project 'KanpanNetwork'
        ➜ Explicit dependency on target 'KanpanNetwork' in project 'KanpanNetwork'
        ➜ Explicit dependency on target 'KanpanCore' in project 'KanpanCore'
    Target 'KanpanNetwork' in project 'KanpanNetwork'
        ➜ Explicit dependency on target 'KanpanCore' in project 'KanpanCore'
    Target 'KanpanChart' in project 'KanpanChart'
        ➜ Explicit dependency on target 'KanpanChart' in project 'KanpanChart'
        ➜ Explicit dependency on target 'KanpanCore' in project 'KanpanCore'
    Target 'KanpanChart' in project 'KanpanChart'
        ➜ Explicit dependency on target 'KanpanCore' in project 'KanpanCore'
    Target 'KanpanCore' in project 'KanpanCore'
        ➜ Explicit dependency on target 'KanpanCore' in project 'KanpanCore'
    Target 'KanpanCore' in project 'KanpanCore' (no dependencies)

GatherProvisioningInputs

CreateBuildDescription

ExecuteExternalTool /Applications/Xcode.app/Contents/Developer/Toolchains/XcodeDefault.xctoolchain/usr/bin/swiftc --version

ExecuteExternalTool /Applications/Xcode.app/Contents/Developer/Toolchains/XcodeDefault.xctoolchain/usr/bin/clang -v -E -dM -isysroot /Applications/Xcode.app/Contents/Developer/Platforms/iPhoneSimulator.platform/Developer/SDKs/iPhoneSimulator26.5.sdk -x c -c /dev/null

ExecuteExternalTool /Applications/Xcode.app/Contents/Developer/usr/bin/actool --print-asset-tag-combinations --output-format xml1 /Users/mdd/zhk/kanpan/Kanpan/Kanpan/Assets.xcassets

ExecuteExternalTool /Applications/Xcode.app/Contents/Developer/usr/bin/actool --version --output-format xml1

ExecuteExternalTool /Applications/Xcode.app/Contents/Developer/Toolchains/XcodeDefault.xctoolchain/usr/bin/ld -version_details

Build description signature: ca19ab24a116f9f309287f89461682a9
Build description path: /tmp/kanpan-p1-dd/Build/Intermediates.noindex/XCBuildData/ca19ab24a116f9f309287f89461682a9.xcbuilddata
ClangStatCache /Applications/Xcode.app/Contents/Developer/Toolchains/XcodeDefault.xctoolchain/usr/bin/clang-stat-cache /Applications/Xcode.app/Contents/Developer/Platforms/iPhoneSimulator.platform/Developer/SDKs/iPhoneSimulator26.5.sdk /tmp/kanpan-p1-dd/SDKStatCaches.noindex/iphonesimulator26.5-23F81a-6cfe768891a92b912361537c460fe42b.sdkstatcache
    cd /Users/mdd/zhk/kanpan
    /Applications/Xcode.app/Contents/Developer/Toolchains/XcodeDefault.xctoolchain/usr/bin/clang-stat-cache /Applications/Xcode.app/Contents/Developer/Platforms/iPhoneSimulator.platform/Developer/SDKs/iPhoneSimulator26.5.sdk -o /tmp/kanpan-p1-dd/SDKStatCaches.noindex/iphonesimulator26.5-23F81a-6cfe768891a92b912361537c460fe42b.sdkstatcache

WriteAuxiliaryFile /tmp/kanpan-p1-dd/Build/Intermediates.noindex/Kanpan.build/Debug-iphonesimulator/Kanpan.build/Objects-normal/x86_64/Kanpan.SwiftFileList (in target 'Kanpan' from project 'Kanpan')
    cd /Users/mdd/zhk/kanpan/Kanpan
    write-file /tmp/kanpan-p1-dd/Build/Intermediates.noindex/Kanpan.build/Debug-iphonesimulator/Kanpan.build/Objects-normal/x86_64/Kanpan.SwiftFileList

WriteAuxiliaryFile /tmp/kanpan-p1-dd/Build/Intermediates.noindex/Kanpan.build/Debug-iphonesimulator/Kanpan.build/Objects-normal/x86_64/Kanpan.SwiftConstValuesFileList (in target 'Kanpan' from project 'Kanpan')
    cd /Users/mdd/zhk/kanpan/Kanpan
    write-file /tmp/kanpan-p1-dd/Build/Intermediates.noindex/Kanpan.build/Debug-iphonesimulator/Kanpan.build/Objects-normal/x86_64/Kanpan.SwiftConstValuesFileList

WriteAuxiliaryFile /tmp/kanpan-p1-dd/Build/Intermediates.noindex/Kanpan.build/Debug-iphonesimulator/Kanpan.build/Objects-normal/x86_64/Kanpan.LinkFileList (in target 'Kanpan' from project 'Kanpan')
    cd /Users/mdd/zhk/kanpan/Kanpan
    write-file /tmp/kanpan-p1-dd/Build/Intermediates.noindex/Kanpan.build/Debug-iphonesimulator/Kanpan.build/Objects-normal/x86_64/Kanpan.LinkFileList

WriteAuxiliaryFile /tmp/kanpan-p1-dd/Build/Intermediates.noindex/Kanpan.build/Debug-iphonesimulator/Kanpan.build/Objects-normal/x86_64/Kanpan-OutputFileMap.json (in target 'Kanpan' from project 'Kanpan')
    cd /Users/mdd/zhk/kanpan/Kanpan
    write-file /tmp/kanpan-p1-dd/Build/Intermediates.noindex/Kanpan.build/Debug-iphonesimulator/Kanpan.build/Objects-normal/x86_64/Kanpan-OutputFileMap.json

WriteAuxiliaryFile /tmp/kanpan-p1-dd/Build/Intermediates.noindex/Kanpan.build/Debug-iphonesimulator/Kanpan.build/Objects-normal/arm64/Kanpan.SwiftFileList (in target 'Kanpan' from project 'Kanpan')
    cd /Users/mdd/zhk/kanpan/Kanpan
    write-file /tmp/kanpan-p1-dd/Build/Intermediates.noindex/Kanpan.build/Debug-iphonesimulator/Kanpan.build/Objects-normal/arm64/Kanpan.SwiftFileList

WriteAuxiliaryFile /tmp/kanpan-p1-dd/Build/Intermediates.noindex/Kanpan.build/Debug-iphonesimulator/Kanpan.build/Objects-normal/arm64/Kanpan.SwiftConstValuesFileList (in target 'Kanpan' from project 'Kanpan')
    cd /Users/mdd/zhk/kanpan/Kanpan
    write-file /tmp/kanpan-p1-dd/Build/Intermediates.noindex/Kanpan.build/Debug-iphonesimulator/Kanpan.build/Objects-normal/arm64/Kanpan.SwiftConstValuesFileList

WriteAuxiliaryFile /tmp/kanpan-p1-dd/Build/Intermediates.noindex/Kanpan.build/Debug-iphonesimulator/Kanpan.build/Objects-normal/arm64/Kanpan.LinkFileList (in target 'Kanpan' from project 'Kanpan')
    cd /Users/mdd/zhk/kanpan/Kanpan
    write-file /tmp/kanpan-p1-dd/Build/Intermediates.noindex/Kanpan.build/Debug-iphonesimulator/Kanpan.build/Objects-normal/arm64/Kanpan.LinkFileList

WriteAuxiliaryFile /tmp/kanpan-p1-dd/Build/Intermediates.noindex/Kanpan.build/Debug-iphonesimulator/Kanpan.build/Objects-normal/arm64/Kanpan-OutputFileMap.json (in target 'Kanpan' from project 'Kanpan')
    cd /Users/mdd/zhk/kanpan/Kanpan
    write-file /tmp/kanpan-p1-dd/Build/Intermediates.noindex/Kanpan.build/Debug-iphonesimulator/Kanpan.build/Objects-normal/arm64/Kanpan-OutputFileMap.json

ProcessInfoPlistFile /tmp/kanpan-p1-dd/Build/Products/Debug-iphonesimulator/Kanpan.app/Info.plist /Users/mdd/zhk/kanpan/Kanpan/Config/Info.plist (in target 'Kanpan' from project 'Kanpan')
    cd /Users/mdd/zhk/kanpan/Kanpan
    builtin-infoPlistUtility /Users/mdd/zhk/kanpan/Kanpan/Config/Info.plist -producttype com.apple.product-type.application -genpkginfo /tmp/kanpan-p1-dd/Build/Products/Debug-iphonesimulator/Kanpan.app/PkgInfo -expandbuildsettings -format binary -platform iphonesimulator -additionalcontentfile /tmp/kanpan-p1-dd/Build/Intermediates.noindex/Kanpan.build/Debug-iphonesimulator/Kanpan.build/assetcatalog_generated_info.plist -o /tmp/kanpan-p1-dd/Build/Products/Debug-iphonesimulator/Kanpan.app/Info.plist

SwiftDriver Kanpan normal x86_64 com.apple.xcode.tools.swift.compiler (in target 'Kanpan' from project 'Kanpan')
    cd /Users/mdd/zhk/kanpan/Kanpan
    builtin-SwiftDriver -- /Applications/Xcode.app/Contents/Developer/Toolchains/XcodeDefault.xctoolchain/usr/bin/swiftc -module-name Kanpan -Onone @/tmp/kanpan-p1-dd/Build/Intermediates.noindex/Kanpan.build/Debug-iphonesimulator/Kanpan.build/Objects-normal/x86_64/Kanpan.SwiftFileList -DDEBUG -enable-experimental-feature DebugDescriptionMacro -sdk /Applications/Xcode.app/Contents/Developer/Platforms/iPhoneSimulator.platform/Developer/SDKs/iPhoneSimulator26.5.sdk -target x86_64-apple-ios26.0-simulator -g -module-cache-path /tmp/kanpan-p1-dd/ModuleCache.noindex -Xfrontend -serialize-debugging-options -enable-testing -index-store-path /tmp/kanpan-p1-dd/Index.noindex/DataStore -Xcc -D_LIBCPP_HARDENING_MODE\=_LIBCPP_HARDENING_MODE_DEBUG -swift-version 6 -I /tmp/kanpan-p1-dd/Build/Products/Debug-iphonesimulator -F /tmp/kanpan-p1-dd/Build/Products/Debug-iphonesimulator/PackageFrameworks -F /tmp/kanpan-p1-dd/Build/Products/Debug-iphonesimulator/PackageFrameworks -F /tmp/kanpan-p1-dd/Build/Products/Debug-iphonesimulator/PackageFrameworks -F /tmp/kanpan-p1-dd/Build/Products/Debug-iphonesimulator/PackageFrameworks -F /tmp/kanpan-p1-dd/Build/Products/Debug-iphonesimulator/PackageFrameworks -F /tmp/kanpan-p1-dd/Build/Products/Debug-iphonesimulator/PackageFrameworks -F /tmp/kanpan-p1-dd/Build/Products/Debug-iphonesimulator/PackageFrameworks -F /tmp/kanpan-p1-dd/Build/Products/Debug-iphonesimulator/PackageFrameworks -F /tmp/kanpan-p1-dd/Build/Products/Debug-iphonesimulator -emit-localized-strings -emit-localized-strings-path /tmp/kanpan-p1-dd/Build/Intermediates.noindex/Kanpan.build/Debug-iphonesimulator/Kanpan.build/Objects-normal/x86_64 -c -j10 -enable-batch-mode -incremental -Xcc -ivfsstatcache -Xcc /tmp/kanpan-p1-dd/SDKStatCaches.noindex/iphonesimulator26.5-23F81a-6cfe768891a92b912361537c460fe42b.sdkstatcache -output-file-map /tmp/kanpan-p1-dd/Build/Intermediates.noindex/Kanpan.build/Debug-iphonesimulator/Kanpan.build/Objects-normal/x86_64/Kanpan-OutputFileMap.json -use-frontend-parseable-output -save-temps -no-color-diagnostics -explicit-module-build -module-cache-path /tmp/kanpan-p1-dd/Build/Intermediates.noindex/SwiftExplicitPrecompiledModules -clang-scanner-module-cache-path /tmp/kanpan-p1-dd/ModuleCache.noindex -sdk-module-cache-path /tmp/kanpan-p1-dd/ModuleCache.noindex -serialize-diagnostics -emit-dependencies -emit-module -emit-module-path /tmp/kanpan-p1-dd/Build/Intermediates.noindex/Kanpan.build/Debug-iphonesimulator/Kanpan.build/Objects-normal/x86_64/Kanpan.swiftmodule -validate-clang-modules-once -clang-build-session-file /tmp/kanpan-p1-dd/ModuleCache.noindex/Session.modulevalidation -Xcc -I/tmp/kanpan-p1-dd/Build/Intermediates.noindex/Kanpan.build/Debug-iphonesimulator/Kanpan.build/swift-overrides.hmap -emit-const-values -Xfrontend -const-gather-protocols-file -Xfrontend /tmp/kanpan-p1-dd/Build/Intermediates.noindex/Kanpan.build/Debug-iphonesimulator/Kanpan.build/Objects-normal/x86_64/Kanpan_const_extract_protocols.json -Xcc -iquote -Xcc /tmp/kanpan-p1-dd/Build/Intermediates.noindex/Kanpan.build/Debug-iphonesimulator/Kanpan.build/Kanpan-generated-files.hmap -Xcc -I/tmp/kanpan-p1-dd/Build/Intermediates.noindex/Kanpan.build/Debug-iphonesimulator/Kanpan.build/Kanpan-own-target-headers.hmap -Xcc -I/tmp/kanpan-p1-dd/Build/Intermediates.noindex/Kanpan.build/Debug-iphonesimulator/Kanpan.build/Kanpan-all-non-framework-target-headers.hmap -Xcc -ivfsoverlay -Xcc /tmp/kanpan-p1-dd/Build/Intermediates.noindex/Kanpan.build/Debug-iphonesimulator/Kanpan-88f8e4f6458ff7f878983357411ed85c-VFS-iphonesimulator/all-product-headers.yaml -Xcc -iquote -Xcc /tmp/kanpan-p1-dd/Build/Intermediates.noindex/Kanpan.build/Debug-iphonesimulator/Kanpan.build/Kanpan-project-headers.hmap -Xcc -I/tmp/kanpan-p1-dd/Build/Products/Debug-iphonesimulator/include -Xcc -I/tmp/kanpan-p1-dd/Build/Intermediates.noindex/Kanpan.build/Debug-iphonesimulator/Kanpan.build/DerivedSources-normal/x86_64 -Xcc -I/tmp/kanpan-p1-dd/Build/Intermediates.noindex/Kanpan.build/Debug-iphonesimulator/Kanpan.build/DerivedSources/x86_64 -Xcc -I/tmp/kanpan-p1-dd/Build/Intermediates.noindex/Kanpan.build/Debug-iphonesimulator/Kanpan.build/DerivedSources -emit-objc-header -emit-objc-header-path /tmp/kanpan-p1-dd/Build/Intermediates.noindex/Kanpan.build/Debug-iphonesimulator/Kanpan.build/Objects-normal/x86_64/Kanpan-Swift.h -working-directory /Users/mdd/zhk/kanpan/Kanpan -experimental-emit-module-separately -disable-cmo

SwiftDriver Kanpan normal arm64 com.apple.xcode.tools.swift.compiler (in target 'Kanpan' from project 'Kanpan')
    cd /Users/mdd/zhk/kanpan/Kanpan
    builtin-SwiftDriver -- /Applications/Xcode.app/Contents/Developer/Toolchains/XcodeDefault.xctoolchain/usr/bin/swiftc -module-name Kanpan -Onone @/tmp/kanpan-p1-dd/Build/Intermediates.noindex/Kanpan.build/Debug-iphonesimulator/Kanpan.build/Objects-normal/arm64/Kanpan.SwiftFileList -DDEBUG -enable-experimental-feature DebugDescriptionMacro -sdk /Applications/Xcode.app/Contents/Developer/Platforms/iPhoneSimulator.platform/Developer/SDKs/iPhoneSimulator26.5.sdk -target arm64-apple-ios26.0-simulator -g -module-cache-path /tmp/kanpan-p1-dd/ModuleCache.noindex -Xfrontend -serialize-debugging-options -enable-testing -index-store-path /tmp/kanpan-p1-dd/Index.noindex/DataStore -Xcc -D_LIBCPP_HARDENING_MODE\=_LIBCPP_HARDENING_MODE_DEBUG -swift-version 6 -I /tmp/kanpan-p1-dd/Build/Products/Debug-iphonesimulator -F /tmp/kanpan-p1-dd/Build/Products/Debug-iphonesimulator/PackageFrameworks -F /tmp/kanpan-p1-dd/Build/Products/Debug-iphonesimulator/PackageFrameworks -F /tmp/kanpan-p1-dd/Build/Products/Debug-iphonesimulator/PackageFrameworks -F /tmp/kanpan-p1-dd/Build/Products/Debug-iphonesimulator/PackageFrameworks -F /tmp/kanpan-p1-dd/Build/Products/Debug-iphonesimulator/PackageFrameworks -F /tmp/kanpan-p1-dd/Build/Products/Debug-iphonesimulator/PackageFrameworks -F /tmp/kanpan-p1-dd/Build/Products/Debug-iphonesimulator/PackageFrameworks -F /tmp/kanpan-p1-dd/Build/Products/Debug-iphonesimulator/PackageFrameworks -F /tmp/kanpan-p1-dd/Build/Products/Debug-iphonesimulator -emit-localized-strings -emit-localized-strings-path /tmp/kanpan-p1-dd/Build/Intermediates.noindex/Kanpan.build/Debug-iphonesimulator/Kanpan.build/Objects-normal/arm64 -c -j10 -enable-batch-mode -incremental -Xcc -ivfsstatcache -Xcc /tmp/kanpan-p1-dd/SDKStatCaches.noindex/iphonesimulator26.5-23F81a-6cfe768891a92b912361537c460fe42b.sdkstatcache -output-file-map /tmp/kanpan-p1-dd/Build/Intermediates.noindex/Kanpan.build/Debug-iphonesimulator/Kanpan.build/Objects-normal/arm64/Kanpan-OutputFileMap.json -use-frontend-parseable-output -save-temps -no-color-diagnostics -explicit-module-build -module-cache-path /tmp/kanpan-p1-dd/Build/Intermediates.noindex/SwiftExplicitPrecompiledModules -clang-scanner-module-cache-path /tmp/kanpan-p1-dd/ModuleCache.noindex -sdk-module-cache-path /tmp/kanpan-p1-dd/ModuleCache.noindex -serialize-diagnostics -emit-dependencies -emit-module -emit-module-path /tmp/kanpan-p1-dd/Build/Intermediates.noindex/Kanpan.build/Debug-iphonesimulator/Kanpan.build/Objects-normal/arm64/Kanpan.swiftmodule -validate-clang-modules-once -clang-build-session-file /tmp/kanpan-p1-dd/ModuleCache.noindex/Session.modulevalidation -Xcc -I/tmp/kanpan-p1-dd/Build/Intermediates.noindex/Kanpan.build/Debug-iphonesimulator/Kanpan.build/swift-overrides.hmap -emit-const-values -Xfrontend -const-gather-protocols-file -Xfrontend /tmp/kanpan-p1-dd/Build/Intermediates.noindex/Kanpan.build/Debug-iphonesimulator/Kanpan.build/Objects-normal/arm64/Kanpan_const_extract_protocols.json -Xcc -iquote -Xcc /tmp/kanpan-p1-dd/Build/Intermediates.noindex/Kanpan.build/Debug-iphonesimulator/Kanpan.build/Kanpan-generated-files.hmap -Xcc -I/tmp/kanpan-p1-dd/Build/Intermediates.noindex/Kanpan.build/Debug-iphonesimulator/Kanpan.build/Kanpan-own-target-headers.hmap -Xcc -I/tmp/kanpan-p1-dd/Build/Intermediates.noindex/Kanpan.build/Debug-iphonesimulator/Kanpan.build/Kanpan-all-non-framework-target-headers.hmap -Xcc -ivfsoverlay -Xcc /tmp/kanpan-p1-dd/Build/Intermediates.noindex/Kanpan.build/Debug-iphonesimulator/Kanpan-88f8e4f6458ff7f878983357411ed85c-VFS-iphonesimulator/all-product-headers.yaml -Xcc -iquote -Xcc /tmp/kanpan-p1-dd/Build/Intermediates.noindex/Kanpan.build/Debug-iphonesimulator/Kanpan.build/Kanpan-project-headers.hmap -Xcc -I/tmp/kanpan-p1-dd/Build/Products/Debug-iphonesimulator/include -Xcc -I/tmp/kanpan-p1-dd/Build/Intermediates.noindex/Kanpan.build/Debug-iphonesimulator/Kanpan.build/DerivedSources-normal/arm64 -Xcc -I/tmp/kanpan-p1-dd/Build/Intermediates.noindex/Kanpan.build/Debug-iphonesimulator/Kanpan.build/DerivedSources/arm64 -Xcc -I/tmp/kanpan-p1-dd/Build/Intermediates.noindex/Kanpan.build/Debug-iphonesimulator/Kanpan.build/DerivedSources -emit-objc-header -emit-objc-header-path /tmp/kanpan-p1-dd/Build/Intermediates.noindex/Kanpan.build/Debug-iphonesimulator/Kanpan.build/Objects-normal/arm64/Kanpan-Swift.h -working-directory /Users/mdd/zhk/kanpan/Kanpan -experimental-emit-module-separately -disable-cmo

SwiftExplicitDependencyGeneratePcm arm64 /tmp/kanpan-p1-dd/ModuleCache.noindex/CoreMIDI-45PCSS9DTCJOUXIOP7NY0UIX4.pcm

SwiftExplicitDependencyGeneratePcm arm64 /tmp/kanpan-p1-dd/ModuleCache.noindex/CoreAudioTypes-12KKB07KDDRRVZR89680B70WC.pcm

SwiftExplicitDependencyGeneratePcm x86_64 /tmp/kanpan-p1-dd/ModuleCache.noindex/CoreAudioTypes-CCECVFKA4I9009EKXUYAJPU73.pcm

SwiftExplicitDependencyGeneratePcm x86_64 /tmp/kanpan-p1-dd/ModuleCache.noindex/CoreMIDI-B3NS8KS9LDUWITNJ73FX9O7W7.pcm

SwiftExplicitDependencyGeneratePcm x86_64 /tmp/kanpan-p1-dd/ModuleCache.noindex/CoreAudio-937A16AA00DQLZBY0ZEFHCBPF.pcm

SwiftExplicitDependencyGeneratePcm arm64 /tmp/kanpan-p1-dd/ModuleCache.noindex/CoreAudio-9B20QDVBYMESXZMHXNMQXFYAV.pcm

SwiftExplicitDependencyGeneratePcm x86_64 /tmp/kanpan-p1-dd/ModuleCache.noindex/AudioToolbox-25DMNGXP3OKFTD2PJM3X27PW4.pcm

SwiftExplicitDependencyGeneratePcm arm64 /tmp/kanpan-p1-dd/ModuleCache.noindex/AudioToolbox-1GI89K8HV394DXIGOZAU3TPSU.pcm

SwiftExplicitDependencyGeneratePcm x86_64 /tmp/kanpan-p1-dd/ModuleCache.noindex/CoreMedia-DN0TABGSFCBXHVQK34SWDG06K.pcm

SwiftExplicitDependencyGeneratePcm arm64 /tmp/kanpan-p1-dd/ModuleCache.noindex/CoreMedia-2YJR71CL5G4UG7WDD9HCA4NUW.pcm

SwiftExplicitDependencyGeneratePcm x86_64 /tmp/kanpan-p1-dd/ModuleCache.noindex/AVFAudio-9V1RQWHZX3X7H1I4TFZCHUKXY.pcm

SwiftExplicitDependencyGeneratePcm arm64 /tmp/kanpan-p1-dd/ModuleCache.noindex/AVFAudio-5CL2HYKFOJXSHCJKK3V2A6O01.pcm

SwiftCompile normal x86_64 Compiling\ AlertNotifications.swift /Users/mdd/zhk/kanpan/Kanpan/Kanpan/Alerts/AlertNotifications.swift (in target 'Kanpan' from project 'Kanpan')

SwiftCompile normal x86_64 /Users/mdd/zhk/kanpan/Kanpan/Kanpan/Alerts/AlertNotifications.swift (in target 'Kanpan' from project 'Kanpan')
    cd /Users/mdd/zhk/kanpan/Kanpan
    

SwiftCompile normal x86_64 Compiling\ AlertListPage.swift /Users/mdd/zhk/kanpan/Kanpan/Kanpan/Alerts/AlertListPage.swift (in target 'Kanpan' from project 'Kanpan')
SwiftCompile normal x86_64 /Users/mdd/zhk/kanpan/Kanpan/Kanpan/Alerts/AlertListPage.swift (in target 'Kanpan' from project 'Kanpan')
    cd /Users/mdd/zhk/kanpan/Kanpan
    

SwiftCompile normal arm64 Compiling\ MainScreen.swift /Users/mdd/zhk/kanpan/Kanpan/Kanpan/Main/MainScreen.swift (in target 'Kanpan' from project 'Kanpan')
SwiftCompile normal arm64 /Users/mdd/zhk/kanpan/Kanpan/Kanpan/Main/MainScreen.swift (in target 'Kanpan' from project 'Kanpan')
    cd /Users/mdd/zhk/kanpan/Kanpan
    

SwiftCompile normal x86_64 Compiling\ MainScreen.swift /Users/mdd/zhk/kanpan/Kanpan/Kanpan/Main/MainScreen.swift (in target 'Kanpan' from project 'Kanpan')
SwiftCompile normal x86_64 /Users/mdd/zhk/kanpan/Kanpan/Kanpan/Main/MainScreen.swift (in target 'Kanpan' from project 'Kanpan')
    cd /Users/mdd/zhk/kanpan/Kanpan
    

SwiftCompile normal arm64 Compiling\ AlertNotifications.swift /Users/mdd/zhk/kanpan/Kanpan/Kanpan/Alerts/AlertNotifications.swift (in target 'Kanpan' from project 'Kanpan')

SwiftCompile normal arm64 /Users/mdd/zhk/kanpan/Kanpan/Kanpan/Alerts/AlertNotifications.swift (in target 'Kanpan' from project 'Kanpan')
    cd /Users/mdd/zhk/kanpan/Kanpan
    

SwiftEmitModule normal x86_64 Emitting\ module\ for\ Kanpan (in target 'Kanpan' from project 'Kanpan')

EmitSwiftModule normal x86_64 (in target 'Kanpan' from project 'Kanpan')
    cd /Users/mdd/zhk/kanpan/Kanpan
    

SwiftEmitModule normal arm64 Emitting\ module\ for\ Kanpan (in target 'Kanpan' from project 'Kanpan')

EmitSwiftModule normal arm64 (in target 'Kanpan' from project 'Kanpan')
    cd /Users/mdd/zhk/kanpan/Kanpan
    

SwiftCompile normal arm64 Compiling\ AlertListPage.swift /Users/mdd/zhk/kanpan/Kanpan/Kanpan/Alerts/AlertListPage.swift (in target 'Kanpan' from project 'Kanpan')

SwiftCompile normal arm64 /Users/mdd/zhk/kanpan/Kanpan/Kanpan/Alerts/AlertListPage.swift (in target 'Kanpan' from project 'Kanpan')
    cd /Users/mdd/zhk/kanpan/Kanpan
    

SwiftCompile normal arm64 Compiling\ AlertSoundPage.swift /Users/mdd/zhk/kanpan/Kanpan/Kanpan/Alerts/AlertSoundPage.swift (in target 'Kanpan' from project 'Kanpan')

SwiftCompile normal arm64 /Users/mdd/zhk/kanpan/Kanpan/Kanpan/Alerts/AlertSoundPage.swift (in target 'Kanpan' from project 'Kanpan')
    cd /Users/mdd/zhk/kanpan/Kanpan
    

SwiftCompile normal x86_64 Compiling\ AlertWatcher.swift /Users/mdd/zhk/kanpan/Kanpan/Kanpan/Alerts/AlertWatcher.swift (in target 'Kanpan' from project 'Kanpan')

SwiftCompile normal x86_64 /Users/mdd/zhk/kanpan/Kanpan/Kanpan/Alerts/AlertWatcher.swift (in target 'Kanpan' from project 'Kanpan')
    cd /Users/mdd/zhk/kanpan/Kanpan
    

SwiftCompile normal arm64 Compiling\ AlertWatcher.swift /Users/mdd/zhk/kanpan/Kanpan/Kanpan/Alerts/AlertWatcher.swift (in target 'Kanpan' from project 'Kanpan')

SwiftCompile normal arm64 /Users/mdd/zhk/kanpan/Kanpan/Kanpan/Alerts/AlertWatcher.swift (in target 'Kanpan' from project 'Kanpan')
    cd /Users/mdd/zhk/kanpan/Kanpan
    

SwiftDriverJobDiscovery normal x86_64 Compiling AlertWatcher.swift (in target 'Kanpan' from project 'Kanpan')

SwiftCompile normal x86_64 Compiling\ AlertSoundPage.swift /Users/mdd/zhk/kanpan/Kanpan/Kanpan/Alerts/AlertSoundPage.swift (in target 'Kanpan' from project 'Kanpan')

SwiftCompile normal x86_64 /Users/mdd/zhk/kanpan/Kanpan/Kanpan/Alerts/AlertSoundPage.swift (in target 'Kanpan' from project 'Kanpan')
    cd /Users/mdd/zhk/kanpan/Kanpan
    

SwiftCompile normal x86_64 Compiling\ KanpanApp.swift /Users/mdd/zhk/kanpan/Kanpan/Kanpan/KanpanApp.swift (in target 'Kanpan' from project 'Kanpan')

SwiftCompile normal x86_64 /Users/mdd/zhk/kanpan/Kanpan/Kanpan/KanpanApp.swift (in target 'Kanpan' from project 'Kanpan')
    cd /Users/mdd/zhk/kanpan/Kanpan
    

SwiftDriverJobDiscovery normal arm64 Compiling AlertNotifications.swift (in target 'Kanpan' from project 'Kanpan')

SwiftDriverJobDiscovery normal x86_64 Compiling AlertNotifications.swift (in target 'Kanpan' from project 'Kanpan')

SwiftCompile normal x86_64 Compiling\ ReviewDueNotifications.swift /Users/mdd/zhk/kanpan/Kanpan/Kanpan/Alerts/ReviewDueNotifications.swift (in target 'Kanpan' from project 'Kanpan')

SwiftCompile normal x86_64 /Users/mdd/zhk/kanpan/Kanpan/Kanpan/Alerts/ReviewDueNotifications.swift (in target 'Kanpan' from project 'Kanpan')
    cd /Users/mdd/zhk/kanpan/Kanpan
    

SwiftDriverJobDiscovery normal arm64 Compiling AlertWatcher.swift (in target 'Kanpan' from project 'Kanpan')

SwiftCompile normal arm64 Compiling\ KanpanApp.swift /Users/mdd/zhk/kanpan/Kanpan/Kanpan/KanpanApp.swift (in target 'Kanpan' from project 'Kanpan')

SwiftCompile normal arm64 /Users/mdd/zhk/kanpan/Kanpan/Kanpan/KanpanApp.swift (in target 'Kanpan' from project 'Kanpan')
    cd /Users/mdd/zhk/kanpan/Kanpan
    

SwiftCompile normal arm64 Compiling\ ReviewDueNotifications.swift /Users/mdd/zhk/kanpan/Kanpan/Kanpan/Alerts/ReviewDueNotifications.swift (in target 'Kanpan' from project 'Kanpan')

SwiftCompile normal arm64 /Users/mdd/zhk/kanpan/Kanpan/Kanpan/Alerts/ReviewDueNotifications.swift (in target 'Kanpan' from project 'Kanpan')
    cd /Users/mdd/zhk/kanpan/Kanpan
    

SwiftDriverJobDiscovery normal arm64 Compiling AlertListPage.swift (in target 'Kanpan' from project 'Kanpan')

SwiftDriverJobDiscovery normal arm64 Compiling AlertSoundPage.swift (in target 'Kanpan' from project 'Kanpan')

SwiftDriverJobDiscovery normal x86_64 Compiling AlertListPage.swift (in target 'Kanpan' from project 'Kanpan')

SwiftDriverJobDiscovery normal arm64 Compiling ReviewDueNotifications.swift (in target 'Kanpan' from project 'Kanpan')

SwiftDriverJobDiscovery normal x86_64 Compiling ReviewDueNotifications.swift (in target 'Kanpan' from project 'Kanpan')

SwiftDriverJobDiscovery normal x86_64 Compiling AlertSoundPage.swift (in target 'Kanpan' from project 'Kanpan')

SwiftDriverJobDiscovery normal x86_64 Compiling KanpanApp.swift (in target 'Kanpan' from project 'Kanpan')

SwiftDriverJobDiscovery normal arm64 Compiling KanpanApp.swift (in target 'Kanpan' from project 'Kanpan')

SwiftDriverJobDiscovery normal x86_64 Emitting module for Kanpan (in target 'Kanpan' from project 'Kanpan')

SwiftDriverJobDiscovery normal arm64 Emitting module for Kanpan (in target 'Kanpan' from project 'Kanpan')

SwiftDriver\ Compilation\ Requirements Kanpan normal arm64 com.apple.xcode.tools.swift.compiler (in target 'Kanpan' from project 'Kanpan')
    cd /Users/mdd/zhk/kanpan/Kanpan
    builtin-Swift-Compilation-Requirements -- /Applications/Xcode.app/Contents/Developer/Toolchains/XcodeDefault.xctoolchain/usr/bin/swiftc -module-name Kanpan -Onone @/tmp/kanpan-p1-dd/Build/Intermediates.noindex/Kanpan.build/Debug-iphonesimulator/Kanpan.build/Objects-normal/arm64/Kanpan.SwiftFileList -DDEBUG -enable-experimental-feature DebugDescriptionMacro -sdk /Applications/Xcode.app/Contents/Developer/Platforms/iPhoneSimulator.platform/Developer/SDKs/iPhoneSimulator26.5.sdk -target arm64-apple-ios26.0-simulator -g -module-cache-path /tmp/kanpan-p1-dd/ModuleCache.noindex -Xfrontend -serialize-debugging-options -enable-testing -index-store-path /tmp/kanpan-p1-dd/Index.noindex/DataStore -Xcc -D_LIBCPP_HARDENING_MODE\=_LIBCPP_HARDENING_MODE_DEBUG -swift-version 6 -I /tmp/kanpan-p1-dd/Build/Products/Debug-iphonesimulator -F /tmp/kanpan-p1-dd/Build/Products/Debug-iphonesimulator/PackageFrameworks -F /tmp/kanpan-p1-dd/Build/Products/Debug-iphonesimulator/PackageFrameworks -F /tmp/kanpan-p1-dd/Build/Products/Debug-iphonesimulator/PackageFrameworks -F /tmp/kanpan-p1-dd/Build/Products/Debug-iphonesimulator/PackageFrameworks -F /tmp/kanpan-p1-dd/Build/Products/Debug-iphonesimulator/PackageFrameworks -F /tmp/kanpan-p1-dd/Build/Products/Debug-iphonesimulator/PackageFrameworks -F /tmp/kanpan-p1-dd/Build/Products/Debug-iphonesimulator/PackageFrameworks -F /tmp/kanpan-p1-dd/Build/Products/Debug-iphonesimulator/PackageFrameworks -F /tmp/kanpan-p1-dd/Build/Products/Debug-iphonesimulator -emit-localized-strings -emit-localized-strings-path /tmp/kanpan-p1-dd/Build/Intermediates.noindex/Kanpan.build/Debug-iphonesimulator/Kanpan.build/Objects-normal/arm64 -c -j10 -enable-batch-mode -incremental -Xcc -ivfsstatcache -Xcc /tmp/kanpan-p1-dd/SDKStatCaches.noindex/iphonesimulator26.5-23F81a-6cfe768891a92b912361537c460fe42b.sdkstatcache -output-file-map /tmp/kanpan-p1-dd/Build/Intermediates.noindex/Kanpan.build/Debug-iphonesimulator/Kanpan.build/Objects-normal/arm64/Kanpan-OutputFileMap.json -use-frontend-parseable-output -save-temps -no-color-diagnostics -explicit-module-build -module-cache-path /tmp/kanpan-p1-dd/Build/Intermediates.noindex/SwiftExplicitPrecompiledModules -clang-scanner-module-cache-path /tmp/kanpan-p1-dd/ModuleCache.noindex -sdk-module-cache-path /tmp/kanpan-p1-dd/ModuleCache.noindex -serialize-diagnostics -emit-dependencies -emit-module -emit-module-path /tmp/kanpan-p1-dd/Build/Intermediates.noindex/Kanpan.build/Debug-iphonesimulator/Kanpan.build/Objects-normal/arm64/Kanpan.swiftmodule -validate-clang-modules-once -clang-build-session-file /tmp/kanpan-p1-dd/ModuleCache.noindex/Session.modulevalidation -Xcc -I/tmp/kanpan-p1-dd/Build/Intermediates.noindex/Kanpan.build/Debug-iphonesimulator/Kanpan.build/swift-overrides.hmap -emit-const-values -Xfrontend -const-gather-protocols-file -Xfrontend /tmp/kanpan-p1-dd/Build/Intermediates.noindex/Kanpan.build/Debug-iphonesimulator/Kanpan.build/Objects-normal/arm64/Kanpan_const_extract_protocols.json -Xcc -iquote -Xcc /tmp/kanpan-p1-dd/Build/Intermediates.noindex/Kanpan.build/Debug-iphonesimulator/Kanpan.build/Kanpan-generated-files.hmap -Xcc -I/tmp/kanpan-p1-dd/Build/Intermediates.noindex/Kanpan.build/Debug-iphonesimulator/Kanpan.build/Kanpan-own-target-headers.hmap -Xcc -I/tmp/kanpan-p1-dd/Build/Intermediates.noindex/Kanpan.build/Debug-iphonesimulator/Kanpan.build/Kanpan-all-non-framework-target-headers.hmap -Xcc -ivfsoverlay -Xcc /tmp/kanpan-p1-dd/Build/Intermediates.noindex/Kanpan.build/Debug-iphonesimulator/Kanpan-88f8e4f6458ff7f878983357411ed85c-VFS-iphonesimulator/all-product-headers.yaml -Xcc -iquote -Xcc /tmp/kanpan-p1-dd/Build/Intermediates.noindex/Kanpan.build/Debug-iphonesimulator/Kanpan.build/Kanpan-project-headers.hmap -Xcc -I/tmp/kanpan-p1-dd/Build/Products/Debug-iphonesimulator/include -Xcc -I/tmp/kanpan-p1-dd/Build/Intermediates.noindex/Kanpan.build/Debug-iphonesimulator/Kanpan.build/DerivedSources-normal/arm64 -Xcc -I/tmp/kanpan-p1-dd/Build/Intermediates.noindex/Kanpan.build/Debug-iphonesimulator/Kanpan.build/DerivedSources/arm64 -Xcc -I/tmp/kanpan-p1-dd/Build/Intermediates.noindex/Kanpan.build/Debug-iphonesimulator/Kanpan.build/DerivedSources -emit-objc-header -emit-objc-header-path /tmp/kanpan-p1-dd/Build/Intermediates.noindex/Kanpan.build/Debug-iphonesimulator/Kanpan.build/Objects-normal/arm64/Kanpan-Swift.h -working-directory /Users/mdd/zhk/kanpan/Kanpan -experimental-emit-module-separately -disable-cmo

SwiftDriver\ Compilation\ Requirements Kanpan normal x86_64 com.apple.xcode.tools.swift.compiler (in target 'Kanpan' from project 'Kanpan')
    cd /Users/mdd/zhk/kanpan/Kanpan
    builtin-Swift-Compilation-Requirements -- /Applications/Xcode.app/Contents/Developer/Toolchains/XcodeDefault.xctoolchain/usr/bin/swiftc -module-name Kanpan -Onone @/tmp/kanpan-p1-dd/Build/Intermediates.noindex/Kanpan.build/Debug-iphonesimulator/Kanpan.build/Objects-normal/x86_64/Kanpan.SwiftFileList -DDEBUG -enable-experimental-feature DebugDescriptionMacro -sdk /Applications/Xcode.app/Contents/Developer/Platforms/iPhoneSimulator.platform/Developer/SDKs/iPhoneSimulator26.5.sdk -target x86_64-apple-ios26.0-simulator -g -module-cache-path /tmp/kanpan-p1-dd/ModuleCache.noindex -Xfrontend -serialize-debugging-options -enable-testing -index-store-path /tmp/kanpan-p1-dd/Index.noindex/DataStore -Xcc -D_LIBCPP_HARDENING_MODE\=_LIBCPP_HARDENING_MODE_DEBUG -swift-version 6 -I /tmp/kanpan-p1-dd/Build/Products/Debug-iphonesimulator -F /tmp/kanpan-p1-dd/Build/Products/Debug-iphonesimulator/PackageFrameworks -F /tmp/kanpan-p1-dd/Build/Products/Debug-iphonesimulator/PackageFrameworks -F /tmp/kanpan-p1-dd/Build/Products/Debug-iphonesimulator/PackageFrameworks -F /tmp/kanpan-p1-dd/Build/Products/Debug-iphonesimulator/PackageFrameworks -F /tmp/kanpan-p1-dd/Build/Products/Debug-iphonesimulator/PackageFrameworks -F /tmp/kanpan-p1-dd/Build/Products/Debug-iphonesimulator/PackageFrameworks -F /tmp/kanpan-p1-dd/Build/Products/Debug-iphonesimulator/PackageFrameworks -F /tmp/kanpan-p1-dd/Build/Products/Debug-iphonesimulator/PackageFrameworks -F /tmp/kanpan-p1-dd/Build/Products/Debug-iphonesimulator -emit-localized-strings -emit-localized-strings-path /tmp/kanpan-p1-dd/Build/Intermediates.noindex/Kanpan.build/Debug-iphonesimulator/Kanpan.build/Objects-normal/x86_64 -c -j10 -enable-batch-mode -incremental -Xcc -ivfsstatcache -Xcc /tmp/kanpan-p1-dd/SDKStatCaches.noindex/iphonesimulator26.5-23F81a-6cfe768891a92b912361537c460fe42b.sdkstatcache -output-file-map /tmp/kanpan-p1-dd/Build/Intermediates.noindex/Kanpan.build/Debug-iphonesimulator/Kanpan.build/Objects-normal/x86_64/Kanpan-OutputFileMap.json -use-frontend-parseable-output -save-temps -no-color-diagnostics -explicit-module-build -module-cache-path /tmp/kanpan-p1-dd/Build/Intermediates.noindex/SwiftExplicitPrecompiledModules -clang-scanner-module-cache-path /tmp/kanpan-p1-dd/ModuleCache.noindex -sdk-module-cache-path /tmp/kanpan-p1-dd/ModuleCache.noindex -serialize-diagnostics -emit-dependencies -emit-module -emit-module-path /tmp/kanpan-p1-dd/Build/Intermediates.noindex/Kanpan.build/Debug-iphonesimulator/Kanpan.build/Objects-normal/x86_64/Kanpan.swiftmodule -validate-clang-modules-once -clang-build-session-file /tmp/kanpan-p1-dd/ModuleCache.noindex/Session.modulevalidation -Xcc -I/tmp/kanpan-p1-dd/Build/Intermediates.noindex/Kanpan.build/Debug-iphonesimulator/Kanpan.build/swift-overrides.hmap -emit-const-values -Xfrontend -const-gather-protocols-file -Xfrontend /tmp/kanpan-p1-dd/Build/Intermediates.noindex/Kanpan.build/Debug-iphonesimulator/Kanpan.build/Objects-normal/x86_64/Kanpan_const_extract_protocols.json -Xcc -iquote -Xcc /tmp/kanpan-p1-dd/Build/Intermediates.noindex/Kanpan.build/Debug-iphonesimulator/Kanpan.build/Kanpan-generated-files.hmap -Xcc -I/tmp/kanpan-p1-dd/Build/Intermediates.noindex/Kanpan.build/Debug-iphonesimulator/Kanpan.build/Kanpan-own-target-headers.hmap -Xcc -I/tmp/kanpan-p1-dd/Build/Intermediates.noindex/Kanpan.build/Debug-iphonesimulator/Kanpan.build/Kanpan-all-non-framework-target-headers.hmap -Xcc -ivfsoverlay -Xcc /tmp/kanpan-p1-dd/Build/Intermediates.noindex/Kanpan.build/Debug-iphonesimulator/Kanpan-88f8e4f6458ff7f878983357411ed85c-VFS-iphonesimulator/all-product-headers.yaml -Xcc -iquote -Xcc /tmp/kanpan-p1-dd/Build/Intermediates.noindex/Kanpan.build/Debug-iphonesimulator/Kanpan.build/Kanpan-project-headers.hmap -Xcc -I/tmp/kanpan-p1-dd/Build/Products/Debug-iphonesimulator/include -Xcc -I/tmp/kanpan-p1-dd/Build/Intermediates.noindex/Kanpan.build/Debug-iphonesimulator/Kanpan.build/DerivedSources-normal/x86_64 -Xcc -I/tmp/kanpan-p1-dd/Build/Intermediates.noindex/Kanpan.build/Debug-iphonesimulator/Kanpan.build/DerivedSources/x86_64 -Xcc -I/tmp/kanpan-p1-dd/Build/Intermediates.noindex/Kanpan.build/Debug-iphonesimulator/Kanpan.build/DerivedSources -emit-objc-header -emit-objc-header-path /tmp/kanpan-p1-dd/Build/Intermediates.noindex/Kanpan.build/Debug-iphonesimulator/Kanpan.build/Objects-normal/x86_64/Kanpan-Swift.h -working-directory /Users/mdd/zhk/kanpan/Kanpan -experimental-emit-module-separately -disable-cmo

Copy /tmp/kanpan-p1-dd/Build/Products/Debug-iphonesimulator/Kanpan.swiftmodule/x86_64-apple-ios-simulator.swiftmodule /tmp/kanpan-p1-dd/Build/Intermediates.noindex/Kanpan.build/Debug-iphonesimulator/Kanpan.build/Objects-normal/x86_64/Kanpan.swiftmodule (in target 'Kanpan' from project 'Kanpan')
    cd /Users/mdd/zhk/kanpan/Kanpan
    builtin-copy -exclude .DS_Store -exclude CVS -exclude .svn -exclude .git -exclude .hg -strip-unsigned-binaries -strip-deterministic -strip-tool /Applications/Xcode.app/Contents/Developer/Toolchains/XcodeDefault.xctoolchain/usr/bin/strip -resolve-src-symlinks -rename /tmp/kanpan-p1-dd/Build/Intermediates.noindex/Kanpan.build/Debug-iphonesimulator/Kanpan.build/Objects-normal/x86_64/Kanpan.swiftmodule /tmp/kanpan-p1-dd/Build/Products/Debug-iphonesimulator/Kanpan.swiftmodule/x86_64-apple-ios-simulator.swiftmodule

Copy /tmp/kanpan-p1-dd/Build/Products/Debug-iphonesimulator/Kanpan.swiftmodule/x86_64-apple-ios-simulator.swiftdoc /tmp/kanpan-p1-dd/Build/Intermediates.noindex/Kanpan.build/Debug-iphonesimulator/Kanpan.build/Objects-normal/x86_64/Kanpan.swiftdoc (in target 'Kanpan' from project 'Kanpan')
    cd /Users/mdd/zhk/kanpan/Kanpan
    builtin-copy -exclude .DS_Store -exclude CVS -exclude .svn -exclude .git -exclude .hg -strip-unsigned-binaries -strip-deterministic -strip-tool /Applications/Xcode.app/Contents/Developer/Toolchains/XcodeDefault.xctoolchain/usr/bin/strip -resolve-src-symlinks -rename /tmp/kanpan-p1-dd/Build/Intermediates.noindex/Kanpan.build/Debug-iphonesimulator/Kanpan.build/Objects-normal/x86_64/Kanpan.swiftdoc /tmp/kanpan-p1-dd/Build/Products/Debug-iphonesimulator/Kanpan.swiftmodule/x86_64-apple-ios-simulator.swiftdoc

Copy /tmp/kanpan-p1-dd/Build/Products/Debug-iphonesimulator/Kanpan.swiftmodule/x86_64-apple-ios-simulator.abi.json /tmp/kanpan-p1-dd/Build/Intermediates.noindex/Kanpan.build/Debug-iphonesimulator/Kanpan.build/Objects-normal/x86_64/Kanpan.abi.json (in target 'Kanpan' from project 'Kanpan')
    cd /Users/mdd/zhk/kanpan/Kanpan
    builtin-copy -exclude .DS_Store -exclude CVS -exclude .svn -exclude .git -exclude .hg -strip-unsigned-binaries -strip-deterministic -strip-tool /Applications/Xcode.app/Contents/Developer/Toolchains/XcodeDefault.xctoolchain/usr/bin/strip -resolve-src-symlinks -rename /tmp/kanpan-p1-dd/Build/Intermediates.noindex/Kanpan.build/Debug-iphonesimulator/Kanpan.build/Objects-normal/x86_64/Kanpan.abi.json /tmp/kanpan-p1-dd/Build/Products/Debug-iphonesimulator/Kanpan.swiftmodule/x86_64-apple-ios-simulator.abi.json

Copy /tmp/kanpan-p1-dd/Build/Products/Debug-iphonesimulator/Kanpan.swiftmodule/arm64-apple-ios-simulator.swiftmodule /tmp/kanpan-p1-dd/Build/Intermediates.noindex/Kanpan.build/Debug-iphonesimulator/Kanpan.build/Objects-normal/arm64/Kanpan.swiftmodule (in target 'Kanpan' from project 'Kanpan')
    cd /Users/mdd/zhk/kanpan/Kanpan
    builtin-copy -exclude .DS_Store -exclude CVS -exclude .svn -exclude .git -exclude .hg -strip-unsigned-binaries -strip-deterministic -strip-tool /Applications/Xcode.app/Contents/Developer/Toolchains/XcodeDefault.xctoolchain/usr/bin/strip -resolve-src-symlinks -rename /tmp/kanpan-p1-dd/Build/Intermediates.noindex/Kanpan.build/Debug-iphonesimulator/Kanpan.build/Objects-normal/arm64/Kanpan.swiftmodule /tmp/kanpan-p1-dd/Build/Products/Debug-iphonesimulator/Kanpan.swiftmodule/arm64-apple-ios-simulator.swiftmodule

Copy /tmp/kanpan-p1-dd/Build/Products/Debug-iphonesimulator/Kanpan.swiftmodule/arm64-apple-ios-simulator.swiftdoc /tmp/kanpan-p1-dd/Build/Intermediates.noindex/Kanpan.build/Debug-iphonesimulator/Kanpan.build/Objects-normal/arm64/Kanpan.swiftdoc (in target 'Kanpan' from project 'Kanpan')
    cd /Users/mdd/zhk/kanpan/Kanpan
    builtin-copy -exclude .DS_Store -exclude CVS -exclude .svn -exclude .git -exclude .hg -strip-unsigned-binaries -strip-deterministic -strip-tool /Applications/Xcode.app/Contents/Developer/Toolchains/XcodeDefault.xctoolchain/usr/bin/strip -resolve-src-symlinks -rename /tmp/kanpan-p1-dd/Build/Intermediates.noindex/Kanpan.build/Debug-iphonesimulator/Kanpan.build/Objects-normal/arm64/Kanpan.swiftdoc /tmp/kanpan-p1-dd/Build/Products/Debug-iphonesimulator/Kanpan.swiftmodule/arm64-apple-ios-simulator.swiftdoc

Copy /tmp/kanpan-p1-dd/Build/Products/Debug-iphonesimulator/Kanpan.swiftmodule/arm64-apple-ios-simulator.abi.json /tmp/kanpan-p1-dd/Build/Intermediates.noindex/Kanpan.build/Debug-iphonesimulator/Kanpan.build/Objects-normal/arm64/Kanpan.abi.json (in target 'Kanpan' from project 'Kanpan')
    cd /Users/mdd/zhk/kanpan/Kanpan
    builtin-copy -exclude .DS_Store -exclude CVS -exclude .svn -exclude .git -exclude .hg -strip-unsigned-binaries -strip-deterministic -strip-tool /Applications/Xcode.app/Contents/Developer/Toolchains/XcodeDefault.xctoolchain/usr/bin/strip -resolve-src-symlinks -rename /tmp/kanpan-p1-dd/Build/Intermediates.noindex/Kanpan.build/Debug-iphonesimulator/Kanpan.build/Objects-normal/arm64/Kanpan.abi.json /tmp/kanpan-p1-dd/Build/Products/Debug-iphonesimulator/Kanpan.swiftmodule/arm64-apple-ios-simulator.abi.json

Copy /tmp/kanpan-p1-dd/Build/Products/Debug-iphonesimulator/Kanpan.swiftmodule/Project/x86_64-apple-ios-simulator.swiftsourceinfo /tmp/kanpan-p1-dd/Build/Intermediates.noindex/Kanpan.build/Debug-iphonesimulator/Kanpan.build/Objects-normal/x86_64/Kanpan.swiftsourceinfo (in target 'Kanpan' from project 'Kanpan')
    cd /Users/mdd/zhk/kanpan/Kanpan
    builtin-copy -exclude .DS_Store -exclude CVS -exclude .svn -exclude .git -exclude .hg -strip-unsigned-binaries -strip-deterministic -strip-tool /Applications/Xcode.app/Contents/Developer/Toolchains/XcodeDefault.xctoolchain/usr/bin/strip -resolve-src-symlinks -rename /tmp/kanpan-p1-dd/Build/Intermediates.noindex/Kanpan.build/Debug-iphonesimulator/Kanpan.build/Objects-normal/x86_64/Kanpan.swiftsourceinfo /tmp/kanpan-p1-dd/Build/Products/Debug-iphonesimulator/Kanpan.swiftmodule/Project/x86_64-apple-ios-simulator.swiftsourceinfo

Copy /tmp/kanpan-p1-dd/Build/Products/Debug-iphonesimulator/Kanpan.swiftmodule/Project/arm64-apple-ios-simulator.swiftsourceinfo /tmp/kanpan-p1-dd/Build/Intermediates.noindex/Kanpan.build/Debug-iphonesimulator/Kanpan.build/Objects-normal/arm64/Kanpan.swiftsourceinfo (in target 'Kanpan' from project 'Kanpan')
    cd /Users/mdd/zhk/kanpan/Kanpan
    builtin-copy -exclude .DS_Store -exclude CVS -exclude .svn -exclude .git -exclude .hg -strip-unsigned-binaries -strip-deterministic -strip-tool /Applications/Xcode.app/Contents/Developer/Toolchains/XcodeDefault.xctoolchain/usr/bin/strip -resolve-src-symlinks -rename /tmp/kanpan-p1-dd/Build/Intermediates.noindex/Kanpan.build/Debug-iphonesimulator/Kanpan.build/Objects-normal/arm64/Kanpan.swiftsourceinfo /tmp/kanpan-p1-dd/Build/Products/Debug-iphonesimulator/Kanpan.swiftmodule/Project/arm64-apple-ios-simulator.swiftsourceinfo

SwiftDriverJobDiscovery normal arm64 Compiling MainScreen.swift (in target 'Kanpan' from project 'Kanpan')

SwiftDriver\ Compilation Kanpan normal arm64 com.apple.xcode.tools.swift.compiler (in target 'Kanpan' from project 'Kanpan')
    cd /Users/mdd/zhk/kanpan/Kanpan
    builtin-Swift-Compilation -- /Applications/Xcode.app/Contents/Developer/Toolchains/XcodeDefault.xctoolchain/usr/bin/swiftc -module-name Kanpan -Onone @/tmp/kanpan-p1-dd/Build/Intermediates.noindex/Kanpan.build/Debug-iphonesimulator/Kanpan.build/Objects-normal/arm64/Kanpan.SwiftFileList -DDEBUG -enable-experimental-feature DebugDescriptionMacro -sdk /Applications/Xcode.app/Contents/Developer/Platforms/iPhoneSimulator.platform/Developer/SDKs/iPhoneSimulator26.5.sdk -target arm64-apple-ios26.0-simulator -g -module-cache-path /tmp/kanpan-p1-dd/ModuleCache.noindex -Xfrontend -serialize-debugging-options -enable-testing -index-store-path /tmp/kanpan-p1-dd/Index.noindex/DataStore -Xcc -D_LIBCPP_HARDENING_MODE\=_LIBCPP_HARDENING_MODE_DEBUG -swift-version 6 -I /tmp/kanpan-p1-dd/Build/Products/Debug-iphonesimulator -F /tmp/kanpan-p1-dd/Build/Products/Debug-iphonesimulator/PackageFrameworks -F /tmp/kanpan-p1-dd/Build/Products/Debug-iphonesimulator/PackageFrameworks -F /tmp/kanpan-p1-dd/Build/Products/Debug-iphonesimulator/PackageFrameworks -F /tmp/kanpan-p1-dd/Build/Products/Debug-iphonesimulator/PackageFrameworks -F /tmp/kanpan-p1-dd/Build/Products/Debug-iphonesimulator/PackageFrameworks -F /tmp/kanpan-p1-dd/Build/Products/Debug-iphonesimulator/PackageFrameworks -F /tmp/kanpan-p1-dd/Build/Products/Debug-iphonesimulator/PackageFrameworks -F /tmp/kanpan-p1-dd/Build/Products/Debug-iphonesimulator/PackageFrameworks -F /tmp/kanpan-p1-dd/Build/Products/Debug-iphonesimulator -emit-localized-strings -emit-localized-strings-path /tmp/kanpan-p1-dd/Build/Intermediates.noindex/Kanpan.build/Debug-iphonesimulator/Kanpan.build/Objects-normal/arm64 -c -j10 -enable-batch-mode -incremental -Xcc -ivfsstatcache -Xcc /tmp/kanpan-p1-dd/SDKStatCaches.noindex/iphonesimulator26.5-23F81a-6cfe768891a92b912361537c460fe42b.sdkstatcache -output-file-map /tmp/kanpan-p1-dd/Build/Intermediates.noindex/Kanpan.build/Debug-iphonesimulator/Kanpan.build/Objects-normal/arm64/Kanpan-OutputFileMap.json -use-frontend-parseable-output -save-temps -no-color-diagnostics -explicit-module-build -module-cache-path /tmp/kanpan-p1-dd/Build/Intermediates.noindex/SwiftExplicitPrecompiledModules -clang-scanner-module-cache-path /tmp/kanpan-p1-dd/ModuleCache.noindex -sdk-module-cache-path /tmp/kanpan-p1-dd/ModuleCache.noindex -serialize-diagnostics -emit-dependencies -emit-module -emit-module-path /tmp/kanpan-p1-dd/Build/Intermediates.noindex/Kanpan.build/Debug-iphonesimulator/Kanpan.build/Objects-normal/arm64/Kanpan.swiftmodule -validate-clang-modules-once -clang-build-session-file /tmp/kanpan-p1-dd/ModuleCache.noindex/Session.modulevalidation -Xcc -I/tmp/kanpan-p1-dd/Build/Intermediates.noindex/Kanpan.build/Debug-iphonesimulator/Kanpan.build/swift-overrides.hmap -emit-const-values -Xfrontend -const-gather-protocols-file -Xfrontend /tmp/kanpan-p1-dd/Build/Intermediates.noindex/Kanpan.build/Debug-iphonesimulator/Kanpan.build/Objects-normal/arm64/Kanpan_const_extract_protocols.json -Xcc -iquote -Xcc /tmp/kanpan-p1-dd/Build/Intermediates.noindex/Kanpan.build/Debug-iphonesimulator/Kanpan.build/Kanpan-generated-files.hmap -Xcc -I/tmp/kanpan-p1-dd/Build/Intermediates.noindex/Kanpan.build/Debug-iphonesimulator/Kanpan.build/Kanpan-own-target-headers.hmap -Xcc -I/tmp/kanpan-p1-dd/Build/Intermediates.noindex/Kanpan.build/Debug-iphonesimulator/Kanpan.build/Kanpan-all-non-framework-target-headers.hmap -Xcc -ivfsoverlay -Xcc /tmp/kanpan-p1-dd/Build/Intermediates.noindex/Kanpan.build/Debug-iphonesimulator/Kanpan-88f8e4f6458ff7f878983357411ed85c-VFS-iphonesimulator/all-product-headers.yaml -Xcc -iquote -Xcc /tmp/kanpan-p1-dd/Build/Intermediates.noindex/Kanpan.build/Debug-iphonesimulator/Kanpan.build/Kanpan-project-headers.hmap -Xcc -I/tmp/kanpan-p1-dd/Build/Products/Debug-iphonesimulator/include -Xcc -I/tmp/kanpan-p1-dd/Build/Intermediates.noindex/Kanpan.build/Debug-iphonesimulator/Kanpan.build/DerivedSources-normal/arm64 -Xcc -I/tmp/kanpan-p1-dd/Build/Intermediates.noindex/Kanpan.build/Debug-iphonesimulator/Kanpan.build/DerivedSources/arm64 -Xcc -I/tmp/kanpan-p1-dd/Build/Intermediates.noindex/Kanpan.build/Debug-iphonesimulator/Kanpan.build/DerivedSources -emit-objc-header -emit-objc-header-path /tmp/kanpan-p1-dd/Build/Intermediates.noindex/Kanpan.build/Debug-iphonesimulator/Kanpan.build/Objects-normal/arm64/Kanpan-Swift.h -working-directory /Users/mdd/zhk/kanpan/Kanpan -experimental-emit-module-separately -disable-cmo

Ld /tmp/kanpan-p1-dd/Build/Intermediates.noindex/Kanpan.build/Debug-iphonesimulator/Kanpan.build/Objects-normal/arm64/Binary/Kanpan.debug.dylib normal arm64 (in target 'Kanpan' from project 'Kanpan')
    cd /Users/mdd/zhk/kanpan/Kanpan
    /Applications/Xcode.app/Contents/Developer/Toolchains/XcodeDefault.xctoolchain/usr/bin/clang -Xlinker -reproducible -target arm64-apple-ios26.0-simulator -dynamiclib -isysroot /Applications/Xcode.app/Contents/Developer/Platforms/iPhoneSimulator.platform/Developer/SDKs/iPhoneSimulator26.5.sdk -O0 -L/tmp/kanpan-p1-dd/Build/Intermediates.noindex/EagerLinkingTBDs/Debug-iphonesimulator -L/tmp/kanpan-p1-dd/Build/Products/Debug-iphonesimulator -F/tmp/kanpan-p1-dd/Build/Intermediates.noindex/EagerLinkingTBDs/Debug-iphonesimulator -F/tmp/kanpan-p1-dd/Build/Products/Debug-iphonesimulator/PackageFrameworks -F/tmp/kanpan-p1-dd/Build/Products/Debug-iphonesimulator/PackageFrameworks -F/tmp/kanpan-p1-dd/Build/Products/Debug-iphonesimulator/PackageFrameworks -F/tmp/kanpan-p1-dd/Build/Products/Debug-iphonesimulator/PackageFrameworks -F/tmp/kanpan-p1-dd/Build/Products/Debug-iphonesimulator/PackageFrameworks -F/tmp/kanpan-p1-dd/Build/Products/Debug-iphonesimulator/PackageFrameworks -F/tmp/kanpan-p1-dd/Build/Products/Debug-iphonesimulator/PackageFrameworks -F/tmp/kanpan-p1-dd/Build/Products/Debug-iphonesimulator/PackageFrameworks -F/tmp/kanpan-p1-dd/Build/Products/Debug-iphonesimulator -filelist /tmp/kanpan-p1-dd/Build/Intermediates.noindex/Kanpan.build/Debug-iphonesimulator/Kanpan.build/Objects-normal/arm64/Kanpan.LinkFileList -install_name @rpath/Kanpan.debug.dylib -Xlinker -rpath -Xlinker /tmp/kanpan-p1-dd/Build/Products/Debug-iphonesimulator/PackageFrameworks -Xlinker -rpath -Xlinker @executable_path/Frameworks -Xlinker -dead_strip -Xlinker -object_path_lto -Xlinker /tmp/kanpan-p1-dd/Build/Intermediates.noindex/Kanpan.build/Debug-iphonesimulator/Kanpan.build/Objects-normal/arm64/Kanpan_lto.o -rdynamic -Xlinker -no_deduplicate -Xlinker -objc_abi_version -Xlinker 2 -Xlinker -dependency_info -Xlinker /tmp/kanpan-p1-dd/Build/Intermediates.noindex/Kanpan.build/Debug-iphonesimulator/Kanpan.build/Objects-normal/arm64/Kanpan_dependency_info.dat -fobjc-link-runtime -L/Applications/Xcode.app/Contents/Developer/Toolchains/XcodeDefault.xctoolchain/usr/lib/swift/iphonesimulator -L/usr/lib/swift -Xlinker -add_ast_path -Xlinker /tmp/kanpan-p1-dd/Build/Intermediates.noindex/Kanpan.build/Debug-iphonesimulator/Kanpan.build/Objects-normal/arm64/Kanpan.swiftmodule @/tmp/kanpan-p1-dd/Build/Intermediates.noindex/Kanpan.build/Debug-iphonesimulator/Kanpan.build/Objects-normal/arm64/Kanpan-linker-args.resp -Wl,-no_warn_duplicate_libraries -Wl,-no_warn_duplicate_libraries -Wl,-no_warn_duplicate_libraries -Wl,-no_warn_duplicate_libraries -Wl,-no_warn_duplicate_libraries -Wl,-no_warn_duplicate_libraries -Wl,-no_warn_duplicate_libraries -Wl,-no_warn_duplicate_libraries -Xlinker -alias -Xlinker _main -Xlinker ___debug_main_executable_dylib_entry_point -Xlinker -no_adhoc_codesign -o /tmp/kanpan-p1-dd/Build/Intermediates.noindex/Kanpan.build/Debug-iphonesimulator/Kanpan.build/Objects-normal/arm64/Binary/Kanpan.debug.dylib -Xlinker -add_ast_path -Xlinker /tmp/kanpan-p1-dd/Build/Intermediates.noindex/KanpanCore.build/Debug-iphonesimulator/KanpanCore.build/Objects-normal/arm64/KanpanCore.swiftmodule @/tmp/kanpan-p1-dd/Build/Intermediates.noindex/KanpanCore.build/Debug-iphonesimulator/KanpanCore.build/Objects-normal/arm64/KanpanCore-linker-args.resp -Xlinker -add_ast_path -Xlinker /tmp/kanpan-p1-dd/Build/Intermediates.noindex/KanpanChart.build/Debug-iphonesimulator/KanpanChart.build/Objects-normal/arm64/KanpanChart.swiftmodule @/tmp/kanpan-p1-dd/Build/Intermediates.noindex/KanpanChart.build/Debug-iphonesimulator/KanpanChart.build/Objects-normal/arm64/KanpanChart-linker-args.resp -Xlinker -add_ast_path -Xlinker /tmp/kanpan-p1-dd/Build/Intermediates.noindex/KanpanData.build/Debug-iphonesimulator/KanpanData.build/Objects-normal/arm64/KanpanData.swiftmodule @/tmp/kanpan-p1-dd/Build/Intermediates.noindex/KanpanData.build/Debug-iphonesimulator/KanpanData.build/Objects-normal/arm64/KanpanData-linker-args.resp -Xlinker -add_ast_path -Xlinker /tmp/kanpan-p1-dd/Build/Intermediates.noindex/KanpanNetwork.build/Debug-iphonesimulator/KanpanNetwork.build/Objects-normal/arm64/KanpanNetwork.swiftmodule @/tmp/kanpan-p1-dd/Build/Intermediates.noindex/KanpanNetwork.build/Debug-iphonesimulator/KanpanNetwork.build/Objects-normal/arm64/KanpanNetwork-linker-args.resp -Xlinker -add_ast_path -Xlinker /tmp/kanpan-p1-dd/Build/Intermediates.noindex/KanpanReview.build/Debug-iphonesimulator/ReviewDomain.build/Objects-normal/arm64/ReviewDomain.swiftmodule @/tmp/kanpan-p1-dd/Build/Intermediates.noindex/KanpanReview.build/Debug-iphonesimulator/ReviewDomain.build/Objects-normal/arm64/ReviewDomain-linker-args.resp -Xlinker -add_ast_path -Xlinker /tmp/kanpan-p1-dd/Build/Intermediates.noindex/KanpanReview.build/Debug-iphonesimulator/ReviewData.build/Objects-normal/arm64/ReviewData.swiftmodule @/tmp/kanpan-p1-dd/Build/Intermediates.noindex/KanpanReview.build/Debug-iphonesimulator/ReviewData.build/Objects-normal/arm64/ReviewData-linker-args.resp -Xlinker -add_ast_path -Xlinker /tmp/kanpan-p1-dd/Build/Intermediates.noindex/KanpanReview.build/Debug-iphonesimulator/ReviewUI.build/Objects-normal/arm64/ReviewUI.swiftmodule @/tmp/kanpan-p1-dd/Build/Intermediates.noindex/KanpanReview.build/Debug-iphonesimulator/ReviewUI.build/Objects-normal/arm64/ReviewUI-linker-args.resp -Xlinker -add_ast_path -Xlinker /tmp/kanpan-p1-dd/Build/Intermediates.noindex/KanpanAccount.build/Debug-iphonesimulator/KanpanAccount.build/Objects-normal/arm64/KanpanAccount.swiftmodule @/tmp/kanpan-p1-dd/Build/Intermediates.noindex/KanpanAccount.build/Debug-iphonesimulator/KanpanAccount.build/Objects-normal/arm64/KanpanAccount-linker-args.resp

ConstructStubExecutorLinkFileList /tmp/kanpan-p1-dd/Build/Intermediates.noindex/Kanpan.build/Debug-iphonesimulator/Kanpan.build/Kanpan-ExecutorLinkFileList-normal-arm64.txt (in target 'Kanpan' from project 'Kanpan')
    cd /Users/mdd/zhk/kanpan/Kanpan
    construct-stub-executor-link-file-list /tmp/kanpan-p1-dd/Build/Intermediates.noindex/Kanpan.build/Debug-iphonesimulator/Kanpan.build/Objects-normal/arm64/Binary/Kanpan.debug.dylib /Applications/Xcode.app/Contents/Developer/Platforms/iPhoneSimulator.platform/Developer/usr/lib/libPreviewsJITStubExecutor_no_swift_entry_point.a /Applications/Xcode.app/Contents/Developer/Platforms/iPhoneSimulator.platform/Developer/usr/lib/libPreviewsJITStubExecutor.a --output /tmp/kanpan-p1-dd/Build/Intermediates.noindex/Kanpan.build/Debug-iphonesimulator/Kanpan.build/Kanpan-ExecutorLinkFileList-normal-arm64.txt
note: Using stub executor library with Swift entry point. (in target 'Kanpan' from project 'Kanpan')

Ld /tmp/kanpan-p1-dd/Build/Intermediates.noindex/Kanpan.build/Debug-iphonesimulator/Kanpan.build/Objects-normal/arm64/Binary/Kanpan normal arm64 (in target 'Kanpan' from project 'Kanpan')
    cd /Users/mdd/zhk/kanpan/Kanpan
    /Applications/Xcode.app/Contents/Developer/Toolchains/XcodeDefault.xctoolchain/usr/bin/clang -Xlinker -reproducible -target arm64-apple-ios26.0-simulator -isysroot /Applications/Xcode.app/Contents/Developer/Platforms/iPhoneSimulator.platform/Developer/SDKs/iPhoneSimulator26.5.sdk -O0 -L/tmp/kanpan-p1-dd/Build/Products/Debug-iphonesimulator -F/tmp/kanpan-p1-dd/Build/Products/Debug-iphonesimulator/PackageFrameworks -F/tmp/kanpan-p1-dd/Build/Products/Debug-iphonesimulator/PackageFrameworks -F/tmp/kanpan-p1-dd/Build/Products/Debug-iphonesimulator/PackageFrameworks -F/tmp/kanpan-p1-dd/Build/Products/Debug-iphonesimulator/PackageFrameworks -F/tmp/kanpan-p1-dd/Build/Products/Debug-iphonesimulator/PackageFrameworks -F/tmp/kanpan-p1-dd/Build/Products/Debug-iphonesimulator/PackageFrameworks -F/tmp/kanpan-p1-dd/Build/Products/Debug-iphonesimulator/PackageFrameworks -F/tmp/kanpan-p1-dd/Build/Products/Debug-iphonesimulator/PackageFrameworks -F/tmp/kanpan-p1-dd/Build/Products/Debug-iphonesimulator -Xlinker -rpath -Xlinker @executable_path -Xlinker -rpath -Xlinker /tmp/kanpan-p1-dd/Build/Products/Debug-iphonesimulator/PackageFrameworks -Xlinker -rpath -Xlinker @executable_path/Frameworks -rdynamic -Xlinker -no_deduplicate -Xlinker -objc_abi_version -Xlinker 2 -e ___debug_blank_executor_main -Xlinker -sectcreate -Xlinker __TEXT -Xlinker __debug_dylib -Xlinker /tmp/kanpan-p1-dd/Build/Intermediates.noindex/Kanpan.build/Debug-iphonesimulator/Kanpan.build/Kanpan-DebugDylibPath-normal-arm64.txt -Xlinker -sectcreate -Xlinker __TEXT -Xlinker __debug_instlnm -Xlinker /tmp/kanpan-p1-dd/Build/Intermediates.noindex/Kanpan.build/Debug-iphonesimulator/Kanpan.build/Kanpan-DebugDylibInstallName-normal-arm64.txt -Xlinker -filelist -Xlinker /tmp/kanpan-p1-dd/Build/Intermediates.noindex/Kanpan.build/Debug-iphonesimulator/Kanpan.build/Kanpan-ExecutorLinkFileList-normal-arm64.txt -Xlinker -sectcreate -Xlinker __TEXT -Xlinker __entitlements -Xlinker /tmp/kanpan-p1-dd/Build/Intermediates.noindex/Kanpan.build/Debug-iphonesimulator/Kanpan.build/Kanpan.app-Simulated.xcent -Xlinker -sectcreate -Xlinker __TEXT -Xlinker __ents_der -Xlinker /tmp/kanpan-p1-dd/Build/Intermediates.noindex/Kanpan.build/Debug-iphonesimulator/Kanpan.build/Kanpan.app-Simulated.xcent.der /tmp/kanpan-p1-dd/Build/Intermediates.noindex/Kanpan.build/Debug-iphonesimulator/Kanpan.build/Objects-normal/arm64/Binary/Kanpan.debug.dylib -Xlinker -no_adhoc_codesign -o /tmp/kanpan-p1-dd/Build/Intermediates.noindex/Kanpan.build/Debug-iphonesimulator/Kanpan.build/Objects-normal/arm64/Binary/Kanpan

SwiftDriverJobDiscovery normal x86_64 Compiling MainScreen.swift (in target 'Kanpan' from project 'Kanpan')

SwiftDriver\ Compilation Kanpan normal x86_64 com.apple.xcode.tools.swift.compiler (in target 'Kanpan' from project 'Kanpan')
    cd /Users/mdd/zhk/kanpan/Kanpan
    builtin-Swift-Compilation -- /Applications/Xcode.app/Contents/Developer/Toolchains/XcodeDefault.xctoolchain/usr/bin/swiftc -module-name Kanpan -Onone @/tmp/kanpan-p1-dd/Build/Intermediates.noindex/Kanpan.build/Debug-iphonesimulator/Kanpan.build/Objects-normal/x86_64/Kanpan.SwiftFileList -DDEBUG -enable-experimental-feature DebugDescriptionMacro -sdk /Applications/Xcode.app/Contents/Developer/Platforms/iPhoneSimulator.platform/Developer/SDKs/iPhoneSimulator26.5.sdk -target x86_64-apple-ios26.0-simulator -g -module-cache-path /tmp/kanpan-p1-dd/ModuleCache.noindex -Xfrontend -serialize-debugging-options -enable-testing -index-store-path /tmp/kanpan-p1-dd/Index.noindex/DataStore -Xcc -D_LIBCPP_HARDENING_MODE\=_LIBCPP_HARDENING_MODE_DEBUG -swift-version 6 -I /tmp/kanpan-p1-dd/Build/Products/Debug-iphonesimulator -F /tmp/kanpan-p1-dd/Build/Products/Debug-iphonesimulator/PackageFrameworks -F /tmp/kanpan-p1-dd/Build/Products/Debug-iphonesimulator/PackageFrameworks -F /tmp/kanpan-p1-dd/Build/Products/Debug-iphonesimulator/PackageFrameworks -F /tmp/kanpan-p1-dd/Build/Products/Debug-iphonesimulator/PackageFrameworks -F /tmp/kanpan-p1-dd/Build/Products/Debug-iphonesimulator/PackageFrameworks -F /tmp/kanpan-p1-dd/Build/Products/Debug-iphonesimulator/PackageFrameworks -F /tmp/kanpan-p1-dd/Build/Products/Debug-iphonesimulator/PackageFrameworks -F /tmp/kanpan-p1-dd/Build/Products/Debug-iphonesimulator/PackageFrameworks -F /tmp/kanpan-p1-dd/Build/Products/Debug-iphonesimulator -emit-localized-strings -emit-localized-strings-path /tmp/kanpan-p1-dd/Build/Intermediates.noindex/Kanpan.build/Debug-iphonesimulator/Kanpan.build/Objects-normal/x86_64 -c -j10 -enable-batch-mode -incremental -Xcc -ivfsstatcache -Xcc /tmp/kanpan-p1-dd/SDKStatCaches.noindex/iphonesimulator26.5-23F81a-6cfe768891a92b912361537c460fe42b.sdkstatcache -output-file-map /tmp/kanpan-p1-dd/Build/Intermediates.noindex/Kanpan.build/Debug-iphonesimulator/Kanpan.build/Objects-normal/x86_64/Kanpan-OutputFileMap.json -use-frontend-parseable-output -save-temps -no-color-diagnostics -explicit-module-build -module-cache-path /tmp/kanpan-p1-dd/Build/Intermediates.noindex/SwiftExplicitPrecompiledModules -clang-scanner-module-cache-path /tmp/kanpan-p1-dd/ModuleCache.noindex -sdk-module-cache-path /tmp/kanpan-p1-dd/ModuleCache.noindex -serialize-diagnostics -emit-dependencies -emit-module -emit-module-path /tmp/kanpan-p1-dd/Build/Intermediates.noindex/Kanpan.build/Debug-iphonesimulator/Kanpan.build/Objects-normal/x86_64/Kanpan.swiftmodule -validate-clang-modules-once -clang-build-session-file /tmp/kanpan-p1-dd/ModuleCache.noindex/Session.modulevalidation -Xcc -I/tmp/kanpan-p1-dd/Build/Intermediates.noindex/Kanpan.build/Debug-iphonesimulator/Kanpan.build/swift-overrides.hmap -emit-const-values -Xfrontend -const-gather-protocols-file -Xfrontend /tmp/kanpan-p1-dd/Build/Intermediates.noindex/Kanpan.build/Debug-iphonesimulator/Kanpan.build/Objects-normal/x86_64/Kanpan_const_extract_protocols.json -Xcc -iquote -Xcc /tmp/kanpan-p1-dd/Build/Intermediates.noindex/Kanpan.build/Debug-iphonesimulator/Kanpan.build/Kanpan-generated-files.hmap -Xcc -I/tmp/kanpan-p1-dd/Build/Intermediates.noindex/Kanpan.build/Debug-iphonesimulator/Kanpan.build/Kanpan-own-target-headers.hmap -Xcc -I/tmp/kanpan-p1-dd/Build/Intermediates.noindex/Kanpan.build/Debug-iphonesimulator/Kanpan.build/Kanpan-all-non-framework-target-headers.hmap -Xcc -ivfsoverlay -Xcc /tmp/kanpan-p1-dd/Build/Intermediates.noindex/Kanpan.build/Debug-iphonesimulator/Kanpan-88f8e4f6458ff7f878983357411ed85c-VFS-iphonesimulator/all-product-headers.yaml -Xcc -iquote -Xcc /tmp/kanpan-p1-dd/Build/Intermediates.noindex/Kanpan.build/Debug-iphonesimulator/Kanpan.build/Kanpan-project-headers.hmap -Xcc -I/tmp/kanpan-p1-dd/Build/Products/Debug-iphonesimulator/include -Xcc -I/tmp/kanpan-p1-dd/Build/Intermediates.noindex/Kanpan.build/Debug-iphonesimulator/Kanpan.build/DerivedSources-normal/x86_64 -Xcc -I/tmp/kanpan-p1-dd/Build/Intermediates.noindex/Kanpan.build/Debug-iphonesimulator/Kanpan.build/DerivedSources/x86_64 -Xcc -I/tmp/kanpan-p1-dd/Build/Intermediates.noindex/Kanpan.build/Debug-iphonesimulator/Kanpan.build/DerivedSources -emit-objc-header -emit-objc-header-path /tmp/kanpan-p1-dd/Build/Intermediates.noindex/Kanpan.build/Debug-iphonesimulator/Kanpan.build/Objects-normal/x86_64/Kanpan-Swift.h -working-directory /Users/mdd/zhk/kanpan/Kanpan -experimental-emit-module-separately -disable-cmo

Ld /tmp/kanpan-p1-dd/Build/Intermediates.noindex/Kanpan.build/Debug-iphonesimulator/Kanpan.build/Objects-normal/x86_64/Binary/Kanpan.debug.dylib normal x86_64 (in target 'Kanpan' from project 'Kanpan')
    cd /Users/mdd/zhk/kanpan/Kanpan
    /Applications/Xcode.app/Contents/Developer/Toolchains/XcodeDefault.xctoolchain/usr/bin/clang -Xlinker -reproducible -target x86_64-apple-ios26.0-simulator -dynamiclib -isysroot /Applications/Xcode.app/Contents/Developer/Platforms/iPhoneSimulator.platform/Developer/SDKs/iPhoneSimulator26.5.sdk -O0 -L/tmp/kanpan-p1-dd/Build/Intermediates.noindex/EagerLinkingTBDs/Debug-iphonesimulator -L/tmp/kanpan-p1-dd/Build/Products/Debug-iphonesimulator -F/tmp/kanpan-p1-dd/Build/Intermediates.noindex/EagerLinkingTBDs/Debug-iphonesimulator -F/tmp/kanpan-p1-dd/Build/Products/Debug-iphonesimulator/PackageFrameworks -F/tmp/kanpan-p1-dd/Build/Products/Debug-iphonesimulator/PackageFrameworks -F/tmp/kanpan-p1-dd/Build/Products/Debug-iphonesimulator/PackageFrameworks -F/tmp/kanpan-p1-dd/Build/Products/Debug-iphonesimulator/PackageFrameworks -F/tmp/kanpan-p1-dd/Build/Products/Debug-iphonesimulator/PackageFrameworks -F/tmp/kanpan-p1-dd/Build/Products/Debug-iphonesimulator/PackageFrameworks -F/tmp/kanpan-p1-dd/Build/Products/Debug-iphonesimulator/PackageFrameworks -F/tmp/kanpan-p1-dd/Build/Products/Debug-iphonesimulator/PackageFrameworks -F/tmp/kanpan-p1-dd/Build/Products/Debug-iphonesimulator -filelist /tmp/kanpan-p1-dd/Build/Intermediates.noindex/Kanpan.build/Debug-iphonesimulator/Kanpan.build/Objects-normal/x86_64/Kanpan.LinkFileList -install_name @rpath/Kanpan.debug.dylib -Xlinker -rpath -Xlinker /tmp/kanpan-p1-dd/Build/Products/Debug-iphonesimulator/PackageFrameworks -Xlinker -rpath -Xlinker @executable_path/Frameworks -Xlinker -dead_strip -Xlinker -object_path_lto -Xlinker /tmp/kanpan-p1-dd/Build/Intermediates.noindex/Kanpan.build/Debug-iphonesimulator/Kanpan.build/Objects-normal/x86_64/Kanpan_lto.o -rdynamic -Xlinker -no_deduplicate -Xlinker -objc_abi_version -Xlinker 2 -Xlinker -dependency_info -Xlinker /tmp/kanpan-p1-dd/Build/Intermediates.noindex/Kanpan.build/Debug-iphonesimulator/Kanpan.build/Objects-normal/x86_64/Kanpan_dependency_info.dat -fobjc-link-runtime -L/Applications/Xcode.app/Contents/Developer/Toolchains/XcodeDefault.xctoolchain/usr/lib/swift/iphonesimulator -L/usr/lib/swift -Xlinker -add_ast_path -Xlinker /tmp/kanpan-p1-dd/Build/Intermediates.noindex/Kanpan.build/Debug-iphonesimulator/Kanpan.build/Objects-normal/x86_64/Kanpan.swiftmodule @/tmp/kanpan-p1-dd/Build/Intermediates.noindex/Kanpan.build/Debug-iphonesimulator/Kanpan.build/Objects-normal/x86_64/Kanpan-linker-args.resp -Wl,-no_warn_duplicate_libraries -Wl,-no_warn_duplicate_libraries -Wl,-no_warn_duplicate_libraries -Wl,-no_warn_duplicate_libraries -Wl,-no_warn_duplicate_libraries -Wl,-no_warn_duplicate_libraries -Wl,-no_warn_duplicate_libraries -Wl,-no_warn_duplicate_libraries -Xlinker -alias -Xlinker _main -Xlinker ___debug_main_executable_dylib_entry_point -Xlinker -no_adhoc_codesign -o /tmp/kanpan-p1-dd/Build/Intermediates.noindex/Kanpan.build/Debug-iphonesimulator/Kanpan.build/Objects-normal/x86_64/Binary/Kanpan.debug.dylib -Xlinker -add_ast_path -Xlinker /tmp/kanpan-p1-dd/Build/Intermediates.noindex/KanpanCore.build/Debug-iphonesimulator/KanpanCore.build/Objects-normal/x86_64/KanpanCore.swiftmodule @/tmp/kanpan-p1-dd/Build/Intermediates.noindex/KanpanCore.build/Debug-iphonesimulator/KanpanCore.build/Objects-normal/x86_64/KanpanCore-linker-args.resp -Xlinker -add_ast_path -Xlinker /tmp/kanpan-p1-dd/Build/Intermediates.noindex/KanpanChart.build/Debug-iphonesimulator/KanpanChart.build/Objects-normal/x86_64/KanpanChart.swiftmodule @/tmp/kanpan-p1-dd/Build/Intermediates.noindex/KanpanChart.build/Debug-iphonesimulator/KanpanChart.build/Objects-normal/x86_64/KanpanChart-linker-args.resp -Xlinker -add_ast_path -Xlinker /tmp/kanpan-p1-dd/Build/Intermediates.noindex/KanpanData.build/Debug-iphonesimulator/KanpanData.build/Objects-normal/x86_64/KanpanData.swiftmodule @/tmp/kanpan-p1-dd/Build/Intermediates.noindex/KanpanData.build/Debug-iphonesimulator/KanpanData.build/Objects-normal/x86_64/KanpanData-linker-args.resp -Xlinker -add_ast_path -Xlinker /tmp/kanpan-p1-dd/Build/Intermediates.noindex/KanpanNetwork.build/Debug-iphonesimulator/KanpanNetwork.build/Objects-normal/x86_64/KanpanNetwork.swiftmodule @/tmp/kanpan-p1-dd/Build/Intermediates.noindex/KanpanNetwork.build/Debug-iphonesimulator/KanpanNetwork.build/Objects-normal/x86_64/KanpanNetwork-linker-args.resp -Xlinker -add_ast_path -Xlinker /tmp/kanpan-p1-dd/Build/Intermediates.noindex/KanpanReview.build/Debug-iphonesimulator/ReviewDomain.build/Objects-normal/x86_64/ReviewDomain.swiftmodule @/tmp/kanpan-p1-dd/Build/Intermediates.noindex/KanpanReview.build/Debug-iphonesimulator/ReviewDomain.build/Objects-normal/x86_64/ReviewDomain-linker-args.resp -Xlinker -add_ast_path -Xlinker /tmp/kanpan-p1-dd/Build/Intermediates.noindex/KanpanReview.build/Debug-iphonesimulator/ReviewData.build/Objects-normal/x86_64/ReviewData.swiftmodule @/tmp/kanpan-p1-dd/Build/Intermediates.noindex/KanpanReview.build/Debug-iphonesimulator/ReviewData.build/Objects-normal/x86_64/ReviewData-linker-args.resp -Xlinker -add_ast_path -Xlinker /tmp/kanpan-p1-dd/Build/Intermediates.noindex/KanpanReview.build/Debug-iphonesimulator/ReviewUI.build/Objects-normal/x86_64/ReviewUI.swiftmodule @/tmp/kanpan-p1-dd/Build/Intermediates.noindex/KanpanReview.build/Debug-iphonesimulator/ReviewUI.build/Objects-normal/x86_64/ReviewUI-linker-args.resp -Xlinker -add_ast_path -Xlinker /tmp/kanpan-p1-dd/Build/Intermediates.noindex/KanpanAccount.build/Debug-iphonesimulator/KanpanAccount.build/Objects-normal/x86_64/KanpanAccount.swiftmodule @/tmp/kanpan-p1-dd/Build/Intermediates.noindex/KanpanAccount.build/Debug-iphonesimulator/KanpanAccount.build/Objects-normal/x86_64/KanpanAccount-linker-args.resp

CreateUniversalBinary /tmp/kanpan-p1-dd/Build/Products/Debug-iphonesimulator/Kanpan.app/Kanpan.debug.dylib normal arm64\ x86_64 (in target 'Kanpan' from project 'Kanpan')
    cd /Users/mdd/zhk/kanpan/Kanpan
    /Applications/Xcode.app/Contents/Developer/Toolchains/XcodeDefault.xctoolchain/usr/bin/lipo -create /tmp/kanpan-p1-dd/Build/Intermediates.noindex/Kanpan.build/Debug-iphonesimulator/Kanpan.build/Objects-normal/arm64/Binary/Kanpan.debug.dylib /tmp/kanpan-p1-dd/Build/Intermediates.noindex/Kanpan.build/Debug-iphonesimulator/Kanpan.build/Objects-normal/x86_64/Binary/Kanpan.debug.dylib -output /tmp/kanpan-p1-dd/Build/Products/Debug-iphonesimulator/Kanpan.app/Kanpan.debug.dylib

ConstructStubExecutorLinkFileList /tmp/kanpan-p1-dd/Build/Intermediates.noindex/Kanpan.build/Debug-iphonesimulator/Kanpan.build/Kanpan-ExecutorLinkFileList-normal-x86_64.txt (in target 'Kanpan' from project 'Kanpan')
    cd /Users/mdd/zhk/kanpan/Kanpan
    construct-stub-executor-link-file-list /tmp/kanpan-p1-dd/Build/Intermediates.noindex/Kanpan.build/Debug-iphonesimulator/Kanpan.build/Objects-normal/x86_64/Binary/Kanpan.debug.dylib /Applications/Xcode.app/Contents/Developer/Platforms/iPhoneSimulator.platform/Developer/usr/lib/libPreviewsJITStubExecutor_no_swift_entry_point.a /Applications/Xcode.app/Contents/Developer/Platforms/iPhoneSimulator.platform/Developer/usr/lib/libPreviewsJITStubExecutor.a --output /tmp/kanpan-p1-dd/Build/Intermediates.noindex/Kanpan.build/Debug-iphonesimulator/Kanpan.build/Kanpan-ExecutorLinkFileList-normal-x86_64.txt
note: Using stub executor library with Swift entry point. (in target 'Kanpan' from project 'Kanpan')

Ld /tmp/kanpan-p1-dd/Build/Intermediates.noindex/Kanpan.build/Debug-iphonesimulator/Kanpan.build/Objects-normal/x86_64/Binary/Kanpan normal x86_64 (in target 'Kanpan' from project 'Kanpan')
    cd /Users/mdd/zhk/kanpan/Kanpan
    /Applications/Xcode.app/Contents/Developer/Toolchains/XcodeDefault.xctoolchain/usr/bin/clang -Xlinker -reproducible -target x86_64-apple-ios26.0-simulator -isysroot /Applications/Xcode.app/Contents/Developer/Platforms/iPhoneSimulator.platform/Developer/SDKs/iPhoneSimulator26.5.sdk -O0 -L/tmp/kanpan-p1-dd/Build/Products/Debug-iphonesimulator -F/tmp/kanpan-p1-dd/Build/Products/Debug-iphonesimulator/PackageFrameworks -F/tmp/kanpan-p1-dd/Build/Products/Debug-iphonesimulator/PackageFrameworks -F/tmp/kanpan-p1-dd/Build/Products/Debug-iphonesimulator/PackageFrameworks -F/tmp/kanpan-p1-dd/Build/Products/Debug-iphonesimulator/PackageFrameworks -F/tmp/kanpan-p1-dd/Build/Products/Debug-iphonesimulator/PackageFrameworks -F/tmp/kanpan-p1-dd/Build/Products/Debug-iphonesimulator/PackageFrameworks -F/tmp/kanpan-p1-dd/Build/Products/Debug-iphonesimulator/PackageFrameworks -F/tmp/kanpan-p1-dd/Build/Products/Debug-iphonesimulator/PackageFrameworks -F/tmp/kanpan-p1-dd/Build/Products/Debug-iphonesimulator -Xlinker -rpath -Xlinker @executable_path -Xlinker -rpath -Xlinker /tmp/kanpan-p1-dd/Build/Products/Debug-iphonesimulator/PackageFrameworks -Xlinker -rpath -Xlinker @executable_path/Frameworks -rdynamic -Xlinker -no_deduplicate -Xlinker -objc_abi_version -Xlinker 2 -e ___debug_blank_executor_main -Xlinker -sectcreate -Xlinker __TEXT -Xlinker __debug_dylib -Xlinker /tmp/kanpan-p1-dd/Build/Intermediates.noindex/Kanpan.build/Debug-iphonesimulator/Kanpan.build/Kanpan-DebugDylibPath-normal-x86_64.txt -Xlinker -sectcreate -Xlinker __TEXT -Xlinker __debug_instlnm -Xlinker /tmp/kanpan-p1-dd/Build/Intermediates.noindex/Kanpan.build/Debug-iphonesimulator/Kanpan.build/Kanpan-DebugDylibInstallName-normal-x86_64.txt -Xlinker -filelist -Xlinker /tmp/kanpan-p1-dd/Build/Intermediates.noindex/Kanpan.build/Debug-iphonesimulator/Kanpan.build/Kanpan-ExecutorLinkFileList-normal-x86_64.txt -Xlinker -sectcreate -Xlinker __TEXT -Xlinker __entitlements -Xlinker /tmp/kanpan-p1-dd/Build/Intermediates.noindex/Kanpan.build/Debug-iphonesimulator/Kanpan.build/Kanpan.app-Simulated.xcent -Xlinker -sectcreate -Xlinker __TEXT -Xlinker __ents_der -Xlinker /tmp/kanpan-p1-dd/Build/Intermediates.noindex/Kanpan.build/Debug-iphonesimulator/Kanpan.build/Kanpan.app-Simulated.xcent.der /tmp/kanpan-p1-dd/Build/Intermediates.noindex/Kanpan.build/Debug-iphonesimulator/Kanpan.build/Objects-normal/x86_64/Binary/Kanpan.debug.dylib -Xlinker -no_adhoc_codesign -o /tmp/kanpan-p1-dd/Build/Intermediates.noindex/Kanpan.build/Debug-iphonesimulator/Kanpan.build/Objects-normal/x86_64/Binary/Kanpan

CreateUniversalBinary /tmp/kanpan-p1-dd/Build/Products/Debug-iphonesimulator/Kanpan.app/Kanpan normal arm64\ x86_64 (in target 'Kanpan' from project 'Kanpan')
    cd /Users/mdd/zhk/kanpan/Kanpan
    /Applications/Xcode.app/Contents/Developer/Toolchains/XcodeDefault.xctoolchain/usr/bin/lipo -create /tmp/kanpan-p1-dd/Build/Intermediates.noindex/Kanpan.build/Debug-iphonesimulator/Kanpan.build/Objects-normal/arm64/Binary/Kanpan /tmp/kanpan-p1-dd/Build/Intermediates.noindex/Kanpan.build/Debug-iphonesimulator/Kanpan.build/Objects-normal/x86_64/Binary/Kanpan -output /tmp/kanpan-p1-dd/Build/Products/Debug-iphonesimulator/Kanpan.app/Kanpan

CopySwiftLibs /tmp/kanpan-p1-dd/Build/Products/Debug-iphonesimulator/Kanpan.app (in target 'Kanpan' from project 'Kanpan')
    cd /Users/mdd/zhk/kanpan/Kanpan
    builtin-swiftStdLibTool --copy --verbose --sign - --scan-executable /tmp/kanpan-p1-dd/Build/Products/Debug-iphonesimulator/Kanpan.app/Kanpan.debug.dylib --scan-folder /tmp/kanpan-p1-dd/Build/Products/Debug-iphonesimulator/Kanpan.app/Frameworks --scan-folder /tmp/kanpan-p1-dd/Build/Products/Debug-iphonesimulator/Kanpan.app/PlugIns --scan-folder /tmp/kanpan-p1-dd/Build/Products/Debug-iphonesimulator/Kanpan.app/SystemExtensions --scan-folder /tmp/kanpan-p1-dd/Build/Products/Debug-iphonesimulator/Kanpan.app/Extensions --platform iphonesimulator --toolchain /Applications/Xcode.app/Contents/Developer/Toolchains/XcodeDefault.xctoolchain --destination /tmp/kanpan-p1-dd/Build/Products/Debug-iphonesimulator/Kanpan.app/Frameworks --strip-bitcode --strip-bitcode-tool /Applications/Xcode.app/Contents/Developer/Toolchains/XcodeDefault.xctoolchain/usr/bin/bitcode_strip --emit-dependency-info /tmp/kanpan-p1-dd/Build/Intermediates.noindex/Kanpan.build/Debug-iphonesimulator/Kanpan.build/SwiftStdLibToolInputDependencies.dep --filter-for-swift-os

ExtractAppIntentsMetadata (in target 'Kanpan' from project 'Kanpan')
    cd /Users/mdd/zhk/kanpan/Kanpan
    /Applications/Xcode.app/Contents/Developer/Toolchains/XcodeDefault.xctoolchain/usr/bin/appintentsmetadataprocessor --toolchain-dir /Applications/Xcode.app/Contents/Developer/Toolchains/XcodeDefault.xctoolchain --module-name Kanpan --sdk-root /Applications/Xcode.app/Contents/Developer/Platforms/iPhoneSimulator.platform/Developer/SDKs/iPhoneSimulator26.5.sdk --xcode-version 17F113 --platform-family iOS --deployment-target 26.0 --bundle-identifier com.mdd.kanpan --output /tmp/kanpan-p1-dd/Build/Products/Debug-iphonesimulator/Kanpan.app --target-triple arm64-apple-ios26.0-simulator --target-triple x86_64-apple-ios26.0-simulator --binary-file /tmp/kanpan-p1-dd/Build/Products/Debug-iphonesimulator/Kanpan.app/Kanpan --dependency-file /tmp/kanpan-p1-dd/Build/Intermediates.noindex/Kanpan.build/Debug-iphonesimulator/Kanpan.build/Objects-normal/arm64/Kanpan_dependency_info.dat --dependency-file /tmp/kanpan-p1-dd/Build/Intermediates.noindex/Kanpan.build/Debug-iphonesimulator/Kanpan.build/Objects-normal/x86_64/Kanpan_dependency_info.dat --stringsdata-file /tmp/kanpan-p1-dd/Build/Intermediates.noindex/Kanpan.build/Debug-iphonesimulator/Kanpan.build/Objects-normal/arm64/ExtractedAppShortcutsMetadata.stringsdata --stringsdata-file /tmp/kanpan-p1-dd/Build/Intermediates.noindex/Kanpan.build/Debug-iphonesimulator/Kanpan.build/Objects-normal/x86_64/ExtractedAppShortcutsMetadata.stringsdata --source-file-list /tmp/kanpan-p1-dd/Build/Intermediates.noindex/Kanpan.build/Debug-iphonesimulator/Kanpan.build/Objects-normal/arm64/Kanpan.SwiftFileList --source-file-list /tmp/kanpan-p1-dd/Build/Intermediates.noindex/Kanpan.build/Debug-iphonesimulator/Kanpan.build/Objects-normal/x86_64/Kanpan.SwiftFileList --metadata-file-list /tmp/kanpan-p1-dd/Build/Intermediates.noindex/Kanpan.build/Debug-iphonesimulator/Kanpan.build/Kanpan.DependencyMetadataFileList --static-metadata-file-list /tmp/kanpan-p1-dd/Build/Intermediates.noindex/Kanpan.build/Debug-iphonesimulator/Kanpan.build/Kanpan.DependencyStaticMetadataFileList --swift-const-vals-list /tmp/kanpan-p1-dd/Build/Intermediates.noindex/Kanpan.build/Debug-iphonesimulator/Kanpan.build/Objects-normal/arm64/Kanpan.SwiftConstValuesFileList --swift-const-vals-list /tmp/kanpan-p1-dd/Build/Intermediates.noindex/Kanpan.build/Debug-iphonesimulator/Kanpan.build/Objects-normal/x86_64/Kanpan.SwiftConstValuesFileList --compile-time-extraction --deployment-aware-processing --validate-assistant-intents --no-app-shortcuts-localization
2026-09-22 15:28:27.988 appintentsmetadataprocessor[88430:4236336] Starting appintentsmetadataprocessor export
2026-09-22 15:28:28.000 appintentsmetadataprocessor[88430:4236336] warning: Metadata extraction skipped. No AppIntents.framework dependency found.

CodeSign /tmp/kanpan-p1-dd/Build/Products/Debug-iphonesimulator/Kanpan.app/Kanpan.debug.dylib (in target 'Kanpan' from project 'Kanpan')
    cd /Users/mdd/zhk/kanpan/Kanpan
    
    Signing Identity:     "Sign to Run Locally"
    
    /usr/bin/codesign --force --sign - --timestamp\=none --generate-entitlement-der /tmp/kanpan-p1-dd/Build/Products/Debug-iphonesimulator/Kanpan.app/Kanpan.debug.dylib

CodeSign /tmp/kanpan-p1-dd/Build/Products/Debug-iphonesimulator/Kanpan.app/__preview.dylib (in target 'Kanpan' from project 'Kanpan')
    cd /Users/mdd/zhk/kanpan/Kanpan
    
    Signing Identity:     "Sign to Run Locally"
    
    /usr/bin/codesign --force --sign - --timestamp\=none --generate-entitlement-der /tmp/kanpan-p1-dd/Build/Products/Debug-iphonesimulator/Kanpan.app/__preview.dylib
/tmp/kanpan-p1-dd/Build/Products/Debug-iphonesimulator/Kanpan.app/__preview.dylib: replacing existing signature

CodeSign /tmp/kanpan-p1-dd/Build/Products/Debug-iphonesimulator/Kanpan.app (in target 'Kanpan' from project 'Kanpan')
    cd /Users/mdd/zhk/kanpan/Kanpan
    
    Signing Identity:     "Sign to Run Locally"
    
    /usr/bin/codesign --force --sign - --timestamp\=none --generate-entitlement-der /tmp/kanpan-p1-dd/Build/Products/Debug-iphonesimulator/Kanpan.app

Validate /tmp/kanpan-p1-dd/Build/Products/Debug-iphonesimulator/Kanpan.app (in target 'Kanpan' from project 'Kanpan')
    cd /Users/mdd/zhk/kanpan/Kanpan
    builtin-validationUtility /tmp/kanpan-p1-dd/Build/Products/Debug-iphonesimulator/Kanpan.app -shallow-bundle -infoplist-subpath Info.plist

** BUILD SUCCEEDED **

