Building for debugging...
[0/16] Write sources
[1/16] Write kanpan-feed-entitlement.plist
[5/16] Write sources
[7/16] Copying Fixtures
[7/16] /private/tmp/p2bt/KanpanData/.build/arm64-apple-macosx/debug/KanpanDataPackageTests.derived/runner.swift
[9/16] Write sources
[10/16] Write swift-version--58304C5D6DBC2206.txt
[12/59] Compiling KanpanCore MarketSector.swift
[13/59] Compiling KanpanCore SymbolClassification.swift
[14/59] Compiling KanpanCore SymbolInfo.swift
[15/59] Compiling KanpanCore SectorAggregate.swift
[16/63] Compiling KanpanCore BarSeries.swift
[17/63] Compiling KanpanCore ChangeBasis.swift
[18/63] Compiling KanpanCore ExternalSeries.swift
[19/63] Compiling KanpanCore HeikinAshi.swift
[20/63] Compiling KanpanCore Interval.swift
[21/63] Compiling KanpanCore LatestQuote.swift
[22/63] Compiling KanpanCore MarkPriceTick.swift
[23/63] Compiling KanpanCore MarketMicrostructure.swift
[24/63] Compiling KanpanCore Indicators.swift
[25/63] Compiling KanpanCore Math.swift
[26/63] Compiling KanpanCore OINotice.swift
[27/63] Compiling KanpanCore Aggregator.swift
[28/63] Compiling KanpanCore Bar.swift
[29/63] Compiling KanpanCore Constants.swift
[30/63] Compiling KanpanCore Fling.swift
[31/63] Compiling KanpanCore Layout.swift
[32/63] Compiling KanpanCore PriceScale.swift
[33/63] Compiling KanpanCore Ticks.swift
[34/63] Compiling KanpanCore ViewTransition.swift
[35/63] Compiling KanpanCore ViewWindow.swift
[36/63] Compiling KanpanCore IncrementalLines.swift
[37/63] Compiling KanpanCore IndicatorEngine.swift
[38/63] Compiling KanpanCore IndicatorID.swift
[39/63] Compiling KanpanCore Drawing.swift
[40/63] Compiling KanpanCore Format.swift
[41/63] Compiling KanpanCore ReviewLabels.swift
[42/63] Compiling KanpanCore CandleWidths.swift
[43/63] Compiling KanpanCore Clamp.swift
[44/63] Compiling KanpanCore Alert.swift
[45/63] Compiling KanpanCore AlertEvaluator.swift
[46/63] Compiling KanpanCore AlertGeometry.swift
[47/63] Compiling KanpanCore AICoinBehavior.swift
[48/63] Compiling KanpanCore ChartOptions.swift
[49/63] Compiling KanpanCore DrawEdit.swift
[50/63] Compiling KanpanCore DrawGeometry.swift
[51/63] Compiling KanpanCore DrawRegression.swift
[52/63] Compiling KanpanCore DrawStore.swift
[53/63] Compiling KanpanCore DrawVolume.swift
[54/63] Emitting module KanpanCore
[55/63] Compiling KanpanCore SectorCatalog.swift
[56/63] Compiling KanpanCore SectorSelection.swift
[57/63] Compiling KanpanCore CandleStyle.swift
[58/63] Compiling KanpanCore Palette.swift
[59/77] Compiling KanpanNetwork Pacer.swift
[60/78] Compiling KanpanNetwork WSSocket.swift
[61/78] Compiling KanpanNetwork HTTPTransport.swift
[62/78] Compiling KanpanNetwork MarketSocketRouter.swift
[63/78] Compiling KanpanNetwork Backoff.swift
[64/78] Compiling KanpanNetwork DTO.swift
[65/78] Compiling KanpanNetwork Endpoints.swift
[66/78] Compiling KanpanNetwork GatewayEnvelope.swift
[67/78] Compiling KanpanNetwork MarketRoutePolicy.swift
[68/78] Emitting module KanpanNetwork
[69/78] Compiling KanpanNetwork Errors.swift
[70/78] Compiling KanpanNetwork RESTClient.swift
[71/78] Compiling KanpanNetwork RateLimiter.swift
[72/78] Compiling KanpanNetwork WSClient.swift
[73/78] Compiling KanpanNetwork MarketSource.swift
[74/95] Emitting module KanpanNetworkTestSupport
[75/95] Compiling KanpanData SymbolCatalog.swift
[76/96] Compiling KanpanData Snapshot.swift
[77/96] Compiling KanpanData QuoteSnapshot.swift
[78/96] Compiling KanpanData OIStore.swift
[79/96] Compiling KanpanData Paths.swift
[80/96] Compiling KanpanData SeriesStore.swift
[81/96] Compiling KanpanNetworkTestSupport NetworkFakes.swift
[82/96] Compiling KanpanData Network.swift
[83/96] Compiling KanpanData BarCache.swift
[84/96] Compiling KanpanData BaselineSnapshot.swift
[85/96] Compiling KanpanData OIArchive.swift
[86/96] Compiling KanpanData Zip.swift
[87/96] Compiling KanpanData OISource.swift
[88/96] Compiling KanpanData RoutedMarketFeed.swift
[89/96] Emitting module KanpanData
[90/96] Compiling KanpanData FeedComposer.swift
[91/96] Compiling KanpanData MarketFeed.swift
[92/129] Compiling kanpan_feed main.swift
[93/129] Emitting module kanpan_feed
[93/129] Write Objects.LinkFileList
[94/129] Linking kanpan-feed
[95/129] Applying kanpan-feed
[97/129] Compiling KanpanDataTests FeedTailIntegrityTests.swift
[98/129] Compiling KanpanDataTests FirstFillRetryTests.swift
[99/129] Compiling KanpanDataTests LiveQuoteWithoutHistoryTests.swift
[100/129] Compiling KanpanDataTests LiveRoutingTests.swift
[101/129] Compiling KanpanDataTests MarketRoutePolicyTests.swift
[102/129] Compiling KanpanDataTests MarketSocketRouterTests.swift
[103/132] Compiling KanpanDataTests BaselineSnapshotTests.swift
[104/132] Compiling KanpanDataTests BlankChartTests.swift
[105/132] Compiling KanpanDataTests CacheBoundaryTests.swift
[106/132] Compiling KanpanDataTests CacheLayerTests.swift
[107/132] Compiling KanpanDataTests TickFoldTests.swift
[108/132] Compiling KanpanDataTests TwoStageFetchTests.swift
[109/132] Compiling KanpanDataTests resource_bundle_accessor.swift
[110/132] Compiling KanpanDataTests SeriesGapMergeTests.swift
[111/132] Compiling KanpanDataTests SeriesStoreTests.swift
[112/132] Compiling KanpanDataTests SnapshotFormatTests.swift
[113/132] Emitting module KanpanDataTests
[114/132] Compiling KanpanDataTests FeedConvergenceTests.swift
/private/tmp/p2bt/KanpanData/Tests/KanpanDataTests/FeedLifecycleTests.swift:59:30: warning: trailing closure in this context is confusable with the body of the statement; pass as a parenthesized argument to silence this warning
 57 |       // 抛错，缺口就永远欠着——启动期那一发补缺（`.connected` 排在首屏之后被处理时
 58 |       // 派的）一失手，后面所有「稳态」判据都等不到。
 59 |       if let start = q.first { $0.name == "startTime" }?.value.flatMap(Int64.init) {
    |                              `- warning: trailing closure in this context is confusable with the body of the statement; pass as a parenthesized argument to silence this warning
 60 |         let span = FeedLifecycleTests.lastOpen - start
 61 |         guard span >= 0 else { return json("[]") }
[115/132] Compiling KanpanDataTests FeedLifecycleTests.swift
/private/tmp/p2bt/KanpanData/Tests/KanpanDataTests/FeedLifecycleTests.swift:59:30: warning: trailing closure in this context is confusable with the body of the statement; pass as a parenthesized argument to silence this warning
 57 |       // 抛错，缺口就永远欠着——启动期那一发补缺（`.connected` 排在首屏之后被处理时
 58 |       // 派的）一失手，后面所有「稳态」判据都等不到。
 59 |       if let start = q.first { $0.name == "startTime" }?.value.flatMap(Int64.init) {
    |                              `- warning: trailing closure in this context is confusable with the body of the statement; pass as a parenthesized argument to silence this warning
 60 |         let span = FeedLifecycleTests.lastOpen - start
 61 |         guard span >= 0 else { return json("[]") }
[116/132] Compiling KanpanDataTests FeedReplayTests.swift
/private/tmp/p2bt/KanpanData/Tests/KanpanDataTests/FeedLifecycleTests.swift:59:30: warning: trailing closure in this context is confusable with the body of the statement; pass as a parenthesized argument to silence this warning
 57 |       // 抛错，缺口就永远欠着——启动期那一发补缺（`.connected` 排在首屏之后被处理时
 58 |       // 派的）一失手，后面所有「稳态」判据都等不到。
 59 |       if let start = q.first { $0.name == "startTime" }?.value.flatMap(Int64.init) {
    |                              `- warning: trailing closure in this context is confusable with the body of the statement; pass as a parenthesized argument to silence this warning
 60 |         let span = FeedLifecycleTests.lastOpen - start
 61 |         guard span >= 0 else { return json("[]") }
[117/132] Compiling KanpanDataTests FeedSilenceWindowTests.swift
/private/tmp/p2bt/KanpanData/Tests/KanpanDataTests/FeedLifecycleTests.swift:59:30: warning: trailing closure in this context is confusable with the body of the statement; pass as a parenthesized argument to silence this warning
 57 |       // 抛错，缺口就永远欠着——启动期那一发补缺（`.connected` 排在首屏之后被处理时
 58 |       // 派的）一失手，后面所有「稳态」判据都等不到。
 59 |       if let start = q.first { $0.name == "startTime" }?.value.flatMap(Int64.init) {
    |                              `- warning: trailing closure in this context is confusable with the body of the statement; pass as a parenthesized argument to silence this warning
 60 |         let span = FeedLifecycleTests.lastOpen - start
 61 |         guard span >= 0 else { return json("[]") }
[118/132] Compiling KanpanDataTests MicrostructureSubscriptionTests.swift
[119/132] Compiling KanpanDataTests OIIntervalCoverageTests.swift
[120/132] Compiling KanpanDataTests OITests.swift
[121/132] Compiling KanpanDataTests PerfBenchmarkTests.swift
[122/132] Compiling KanpanDataTests QuoteSnapshotTests.swift
[123/132] Compiling KanpanDataTests RESTTests.swift
[124/132] Compiling KanpanDataTests CatalogStatusTests.swift
[125/132] Compiling KanpanDataTests DataIntegrityTests.swift
[126/132] Compiling KanpanDataTests ExternalArchiveTests.swift
[127/132] Compiling KanpanDataTests FeedBlockedRetryTests.swift
[128/132] Compiling KanpanDataTests StoreTests.swift
[129/132] Compiling KanpanDataTests Fakes.swift
[130/132] Compiling KanpanDataTests TickCoalesceTests.swift
[131/134] Compiling KanpanDataPackageTests runner.swift
[132/134] Emitting module KanpanDataPackageTests
[132/134] Write Objects.LinkFileList
[133/134] Linking KanpanDataPackageTests
Build complete! (2381.00s)
Test Suite 'Selected tests' started at 2026-09-23 04:46:16.907.
Test Suite 'KanpanDataPackageTests.xctest' started at 2026-09-23 04:46:17.000.
Test Suite 'KanpanDataPackageTests.xctest' passed at 2026-09-23 04:46:17.000.
	 Executed 0 tests, with 0 failures (0 unexpected) in 0.000 (0.000) seconds
Test Suite 'Selected tests' passed at 2026-09-23 04:46:17.000.
	 Executed 0 tests, with 0 failures (0 unexpected) in 0.000 (0.093) seconds
◇ Test run started.
↳ Testing Library Version: 1902
↳ Target Platform: arm64e-apple-macos14.0
◇ Suite "BT-06 网络切换与后台/stop 交错：连接数最终收敛到 1 或 0" started.
◇ Suite "BT-08 取消唯一消费者（MarketFeed）：iterator 退出，连接只听 owner 的" started.
◇ Test "BT-06a online#1 卡在关旧连接 → owner stop() → 放行：迟到的那次切换不许重新连上（收敛到 0）" started.
◇ Test "BT-08 取消 feed.events() 的唯一消费者 → 循环退出；WS 照旧连着不抖；owner stop() 才掐 socket" started.
✘ Test "BT-06a online#1 卡在关旧连接 → owner stop() → 放行：迟到的那次切换不许重新连上（收敛到 0）" recorded an issue at FeedConvergenceTests.swift:122:5: Expectation failed: !(await r.feed.isWSRunningForTests)
↳ stop() 之后 feed 不许再挂着 WS 任务
✘ Test "BT-06a online#1 卡在关旧连接 → owner stop() → 放行：迟到的那次切换不许重新连上（收敛到 0）" recorded an issue at FeedConvergenceTests.swift:123:5: Expectation failed: await noNewConnection(r.bench, beyond: 1)
↳ stop() 之后迟到的网络切换重新拨了连接
✘ Test "BT-06a online#1 卡在关旧连接 → owner stop() → 放行：迟到的那次切换不许重新连上（收敛到 0）" recorded an issue at FeedConvergenceTests.swift:124:5: Expectation failed: await r.bench.live() == 0
↳ stop() 之后必须一条活连接都不剩
✘ Test "BT-06a online#1 卡在关旧连接 → owner stop() → 放行：迟到的那次切换不许重新连上（收敛到 0）" failed after 0.226 seconds with 3 issues.
◇ Test "BT-06b online#1 卡住 → online#2 完成 → stop() → 放行 online#1：收敛到 0" started.
✔ Test "BT-08 取消 feed.events() 的唯一消费者 → 循环退出；WS 照旧连着不抖；owner stop() 才掐 socket" passed after 0.529 seconds.
✔ Suite "BT-08 取消唯一消费者（MarketFeed）：iterator 退出，连接只听 owner 的" passed after 0.530 seconds.
✔ Test "BT-06b online#1 卡住 → online#2 完成 → stop() → 放行 online#1：收敛到 0" passed after 0.569 seconds.
◇ Test "BT-06c online#1 卡住 → online#2 完成 → 放行 online#1：迟到的旧切换不许再重连一次（收敛到 1）" started.
✔ Test "BT-06c online#1 卡住 → online#2 完成 → 放行 online#1：迟到的旧切换不许再重连一次（收敛到 1）" passed after 0.975 seconds.
◇ Test "BT-06d online#1 卡住 → 进后台、25 秒闹钟响 → 放行：后台里不许被迟到的切换重新连上（收敛到 0）" started.
✘ Test "BT-06d online#1 卡住 → 进后台、25 秒闹钟响 → 放行：后台里不许被迟到的切换重新连上（收敛到 0）" recorded an issue at FeedConvergenceTests.swift:176:5: Expectation failed: !(await r.feed.isWSRunningForTests)
↳ 后台闹钟已经挂起了 WS，迟到的切换不许把它拉起来
✘ Test "BT-06d online#1 卡住 → 进后台、25 秒闹钟响 → 放行：后台里不许被迟到的切换重新连上（收敛到 0）" recorded an issue at FeedConvergenceTests.swift:177:5: Expectation failed: await noNewConnection(r.bench, beyond: 1)
✘ Test "BT-06d online#1 卡住 → 进后台、25 秒闹钟响 → 放行：后台里不许被迟到的切换重新连上（收敛到 0）" recorded an issue at FeedConvergenceTests.swift:178:5: Expectation failed: await r.bench.live() == 0
✘ Test "BT-06d online#1 卡住 → 进后台、25 秒闹钟响 → 放行：后台里不许被迟到的切换重新连上（收敛到 0）" failed after 0.208 seconds with 3 issues.
◇ Test "BT-06e 后台闹钟已挂起 WS 之后再来一次 online：后台不许起连接，回前台恰好一条" started.
✘ Test "BT-06e 后台闹钟已挂起 WS 之后再来一次 online：后台不许起连接，回前台恰好一条" recorded an issue at FeedConvergenceTests.swift:195:5: Expectation failed: !(await r.feed.isWSRunningForTests)
↳ 后台里网络恢复不该把 WS 拉起来
✘ Test "BT-06e 后台闹钟已挂起 WS 之后再来一次 online：后台不许起连接，回前台恰好一条" recorded an issue at FeedConvergenceTests.swift:196:5: Expectation failed: await noNewConnection(r.bench, beyond: 1)
✘ Test "BT-06e 后台闹钟已挂起 WS 之后再来一次 online：后台不许起连接，回前台恰好一条" recorded an issue at FeedConvergenceTests.swift:197:5: Expectation failed: await r.bench.live() == 0
✘ Test "BT-06e 后台闹钟已挂起 WS 之后再来一次 online：后台不许起连接，回前台恰好一条" failed after 0.463 seconds with 3 issues.
◇ Test "BT-06f online#1 卡住 → 后台 → 回前台（重连 2 号）→ 放行：恰好一条活连接，不多拨、不报离线" started.
✘ Test "BT-06f online#1 卡住 → 后台 → 回前台（重连 2 号）→ 放行：恰好一条活连接，不多拨、不报离线" recorded an issue at FeedConvergenceTests.swift:223:5: Expectation failed: await noNewConnection(r.bench, beyond: 2)
↳ 迟到的切换把刚回前台连上的 2 号又换掉了
✘ Test "BT-06f online#1 卡住 → 后台 → 回前台（重连 2 号）→ 放行：恰好一条活连接，不多拨、不报离线" failed after 0.257 seconds with 1 issue.
✘ Suite "BT-06 网络切换与后台/stop 交错：连接数最终收敛到 1 或 0" failed after 2.713 seconds with 10 issues.
✘ Test run with 7 tests in 2 suites failed after 2.714 seconds with 10 issues.
EXIT 1
